ARM GAS  C:\Users\hoangp\AppData\Local\Temp\ccC4Rpw4.s 			page 1


   1              		.syntax unified
   2              		.cpu cortex-m3
   3              		.fpu softvfp
   4              		.eabi_attribute 20, 1
   5              		.eabi_attribute 21, 1
   6              		.eabi_attribute 23, 3
   7              		.eabi_attribute 24, 1
   8              		.eabi_attribute 25, 1
   9              		.eabi_attribute 26, 1
  10              		.eabi_attribute 30, 6
  11              		.eabi_attribute 18, 4
  12              		.thumb
  13              		.file	"ADC_DelSig_V_INT.c"
  14              		.section	.debug_abbrev,"",%progbits
  15              	.Ldebug_abbrev0:
  16              		.section	.debug_info,"",%progbits
  17              	.Ldebug_info0:
  18              		.section	.debug_line,"",%progbits
  19              	.Ldebug_line0:
  20 0000 BB000000 		.text
  20      02006900 
  20      00000201 
  20      FB0E0D00 
  20      01010101 
  21              	.Ltext0:
  22              		.cfi_sections	.debug_frame
  23              		.section	.text.ADC_DelSig_V_ISR1,"ax",%progbits
  24              		.align	2
  25              		.global	ADC_DelSig_V_ISR1
  26              		.thumb
  27              		.thumb_func
  28              		.type	ADC_DelSig_V_ISR1, %function
  29              	ADC_DelSig_V_ISR1:
  30              	.LFB0:
  31              		.file 1 ".\\Generated_Source\\PSoC5\\ADC_DelSig_V_INT.c"
   1:.\Generated_Source\PSoC5/ADC_DelSig_V_INT.c **** /*******************************************************************************
   2:.\Generated_Source\PSoC5/ADC_DelSig_V_INT.c **** * File Name: ADC_DelSig_V_INT.c  
   3:.\Generated_Source\PSoC5/ADC_DelSig_V_INT.c **** * Version 2.30
   4:.\Generated_Source\PSoC5/ADC_DelSig_V_INT.c **** *
   5:.\Generated_Source\PSoC5/ADC_DelSig_V_INT.c **** * Description:
   6:.\Generated_Source\PSoC5/ADC_DelSig_V_INT.c **** *  This file contains the code that operates during the ADC_DelSig interrupt 
   7:.\Generated_Source\PSoC5/ADC_DelSig_V_INT.c **** *  service routine.  
   8:.\Generated_Source\PSoC5/ADC_DelSig_V_INT.c **** *
   9:.\Generated_Source\PSoC5/ADC_DelSig_V_INT.c **** * Note:
  10:.\Generated_Source\PSoC5/ADC_DelSig_V_INT.c **** *
  11:.\Generated_Source\PSoC5/ADC_DelSig_V_INT.c **** *******************************************************************************
  12:.\Generated_Source\PSoC5/ADC_DelSig_V_INT.c **** * Copyright 2008-2012, Cypress Semiconductor Corporation.  All rights reserved.
  13:.\Generated_Source\PSoC5/ADC_DelSig_V_INT.c **** * You may use this file only in accordance with the license, terms, conditions, 
  14:.\Generated_Source\PSoC5/ADC_DelSig_V_INT.c **** * disclaimers, and limitations in the end user license agreement accompanying 
  15:.\Generated_Source\PSoC5/ADC_DelSig_V_INT.c **** * the software package with which this file was provided.
  16:.\Generated_Source\PSoC5/ADC_DelSig_V_INT.c **** ********************************************************************************/
  17:.\Generated_Source\PSoC5/ADC_DelSig_V_INT.c **** 
  18:.\Generated_Source\PSoC5/ADC_DelSig_V_INT.c **** #include "ADC_DelSig_V.h"  
  19:.\Generated_Source\PSoC5/ADC_DelSig_V_INT.c **** 
  20:.\Generated_Source\PSoC5/ADC_DelSig_V_INT.c **** 
  21:.\Generated_Source\PSoC5/ADC_DelSig_V_INT.c **** /*******************************************************************************
  22:.\Generated_Source\PSoC5/ADC_DelSig_V_INT.c **** * Custom Declarations and Variables
ARM GAS  C:\Users\hoangp\AppData\Local\Temp\ccC4Rpw4.s 			page 2


  23:.\Generated_Source\PSoC5/ADC_DelSig_V_INT.c **** * - add user inlcude files, prototypes and variables between the following 
  24:.\Generated_Source\PSoC5/ADC_DelSig_V_INT.c **** *   #START and #END tags
  25:.\Generated_Source\PSoC5/ADC_DelSig_V_INT.c **** *******************************************************************************/
  26:.\Generated_Source\PSoC5/ADC_DelSig_V_INT.c **** /* `#START ADC_SYS_VAR`  */
  27:.\Generated_Source\PSoC5/ADC_DelSig_V_INT.c **** extern int16 buffvolt;
  28:.\Generated_Source\PSoC5/ADC_DelSig_V_INT.c **** extern uint8 dataReady;
  29:.\Generated_Source\PSoC5/ADC_DelSig_V_INT.c **** /* `#END`  */
  30:.\Generated_Source\PSoC5/ADC_DelSig_V_INT.c **** 
  31:.\Generated_Source\PSoC5/ADC_DelSig_V_INT.c **** 
  32:.\Generated_Source\PSoC5/ADC_DelSig_V_INT.c **** /*****************************************************************************
  33:.\Generated_Source\PSoC5/ADC_DelSig_V_INT.c **** * Function Name: ADC_DelSig_V_ISR1
  34:.\Generated_Source\PSoC5/ADC_DelSig_V_INT.c **** ******************************************************************************
  35:.\Generated_Source\PSoC5/ADC_DelSig_V_INT.c **** *
  36:.\Generated_Source\PSoC5/ADC_DelSig_V_INT.c **** * Summary:
  37:.\Generated_Source\PSoC5/ADC_DelSig_V_INT.c **** *  Handle Interrupt Service Routine.  
  38:.\Generated_Source\PSoC5/ADC_DelSig_V_INT.c **** *
  39:.\Generated_Source\PSoC5/ADC_DelSig_V_INT.c **** * Parameters:  
  40:.\Generated_Source\PSoC5/ADC_DelSig_V_INT.c **** *  void
  41:.\Generated_Source\PSoC5/ADC_DelSig_V_INT.c **** *
  42:.\Generated_Source\PSoC5/ADC_DelSig_V_INT.c **** * Return: 
  43:.\Generated_Source\PSoC5/ADC_DelSig_V_INT.c **** *  void 
  44:.\Generated_Source\PSoC5/ADC_DelSig_V_INT.c **** *
  45:.\Generated_Source\PSoC5/ADC_DelSig_V_INT.c **** * Reentrant: 
  46:.\Generated_Source\PSoC5/ADC_DelSig_V_INT.c **** *  No
  47:.\Generated_Source\PSoC5/ADC_DelSig_V_INT.c **** *
  48:.\Generated_Source\PSoC5/ADC_DelSig_V_INT.c **** *****************************************************************************/
  49:.\Generated_Source\PSoC5/ADC_DelSig_V_INT.c **** CY_ISR( ADC_DelSig_V_ISR1)
  50:.\Generated_Source\PSoC5/ADC_DelSig_V_INT.c **** {
  32              		.loc 1 50 0
  33              		.cfi_startproc
  34              		@ args = 0, pretend = 0, frame = 0
  35              		@ frame_needed = 1, uses_anonymous_args = 0
  36 0000 80B5     		push	{r7, lr}
  37              	.LCFI0:
  38              		.cfi_def_cfa_offset 8
  39 0002 00AF     		add	r7, sp, #0
  40              		.cfi_offset 14, -4
  41              		.cfi_offset 7, -8
  42              	.LCFI1:
  43              		.cfi_def_cfa_register 7
  51:.\Generated_Source\PSoC5/ADC_DelSig_V_INT.c ****     /***************************************************************************
  52:.\Generated_Source\PSoC5/ADC_DelSig_V_INT.c ****     *  Custom Code
  53:.\Generated_Source\PSoC5/ADC_DelSig_V_INT.c ****     *  - add user ISR code between the following #START and #END tags
  54:.\Generated_Source\PSoC5/ADC_DelSig_V_INT.c ****     **************************************************************************/
  55:.\Generated_Source\PSoC5/ADC_DelSig_V_INT.c ****     /* `#START MAIN_ADC_ISR1`  */
  56:.\Generated_Source\PSoC5/ADC_DelSig_V_INT.c ****     buffvolt=ADC_DelSig_V_GetResult16();
  44              		.loc 1 56 0
  45 0004 FFF7FEFF 		bl	ADC_DelSig_V_GetResult16
  46 0008 0346     		mov	r3, r0
  47 000a 9AB2     		uxth	r2, r3
  48 000c 40F20003 		movw	r3, #:lower16:buffvolt
  49 0010 C0F20003 		movt	r3, #:upper16:buffvolt
  50 0014 1A80     		strh	r2, [r3, #0]	@ movhi
  57:.\Generated_Source\PSoC5/ADC_DelSig_V_INT.c ****     /* `#END`  */
  58:.\Generated_Source\PSoC5/ADC_DelSig_V_INT.c ****     
  59:.\Generated_Source\PSoC5/ADC_DelSig_V_INT.c ****     /* Stop the conversion if conversion mode is single sample and resolution
  60:.\Generated_Source\PSoC5/ADC_DelSig_V_INT.c ****        is above 16 bits. 
ARM GAS  C:\Users\hoangp\AppData\Local\Temp\ccC4Rpw4.s 			page 3


  61:.\Generated_Source\PSoC5/ADC_DelSig_V_INT.c ****     */
  62:.\Generated_Source\PSoC5/ADC_DelSig_V_INT.c ****     #if(ADC_DelSig_V_CFG1_RESOLUTION > 16 && \
  63:.\Generated_Source\PSoC5/ADC_DelSig_V_INT.c ****         ADC_DelSig_V_CFG1_CONV_MODE == ADC_DelSig_V_MODE_SINGLE_SAMPLE) 
  64:.\Generated_Source\PSoC5/ADC_DelSig_V_INT.c ****         ADC_DelSig_V_StopConvert(); 
  65:.\Generated_Source\PSoC5/ADC_DelSig_V_INT.c ****     #endif /* Single sample conversion mode with resolution above 16 bits */         
  66:.\Generated_Source\PSoC5/ADC_DelSig_V_INT.c ****         
  67:.\Generated_Source\PSoC5/ADC_DelSig_V_INT.c **** }
  51              		.loc 1 67 0
  52 0016 80BD     		pop	{r7, pc}
  53              		.cfi_endproc
  54              	.LFE0:
  55              		.size	ADC_DelSig_V_ISR1, .-ADC_DelSig_V_ISR1
  56              		.section	.text.ADC_DelSig_V_ISR2,"ax",%progbits
  57              		.align	2
  58              		.global	ADC_DelSig_V_ISR2
  59              		.thumb
  60              		.thumb_func
  61              		.type	ADC_DelSig_V_ISR2, %function
  62              	ADC_DelSig_V_ISR2:
  63              	.LFB1:
  68:.\Generated_Source\PSoC5/ADC_DelSig_V_INT.c **** 
  69:.\Generated_Source\PSoC5/ADC_DelSig_V_INT.c **** 
  70:.\Generated_Source\PSoC5/ADC_DelSig_V_INT.c **** /*****************************************************************************
  71:.\Generated_Source\PSoC5/ADC_DelSig_V_INT.c **** * Function Name: ADC_DelSig_V_ISR2
  72:.\Generated_Source\PSoC5/ADC_DelSig_V_INT.c **** ******************************************************************************
  73:.\Generated_Source\PSoC5/ADC_DelSig_V_INT.c **** *
  74:.\Generated_Source\PSoC5/ADC_DelSig_V_INT.c **** * Summary:
  75:.\Generated_Source\PSoC5/ADC_DelSig_V_INT.c **** *  Handle Interrupt Service Routine.  
  76:.\Generated_Source\PSoC5/ADC_DelSig_V_INT.c **** *
  77:.\Generated_Source\PSoC5/ADC_DelSig_V_INT.c **** * Parameters:  
  78:.\Generated_Source\PSoC5/ADC_DelSig_V_INT.c **** *  void
  79:.\Generated_Source\PSoC5/ADC_DelSig_V_INT.c **** *
  80:.\Generated_Source\PSoC5/ADC_DelSig_V_INT.c **** * Return: 
  81:.\Generated_Source\PSoC5/ADC_DelSig_V_INT.c **** *  void 
  82:.\Generated_Source\PSoC5/ADC_DelSig_V_INT.c **** *
  83:.\Generated_Source\PSoC5/ADC_DelSig_V_INT.c **** * Reentrant: 
  84:.\Generated_Source\PSoC5/ADC_DelSig_V_INT.c **** *  No
  85:.\Generated_Source\PSoC5/ADC_DelSig_V_INT.c **** *
  86:.\Generated_Source\PSoC5/ADC_DelSig_V_INT.c **** *****************************************************************************/
  87:.\Generated_Source\PSoC5/ADC_DelSig_V_INT.c **** CY_ISR( ADC_DelSig_V_ISR2)
  88:.\Generated_Source\PSoC5/ADC_DelSig_V_INT.c **** {
  64              		.loc 1 88 0
  65              		.cfi_startproc
  66              		@ args = 0, pretend = 0, frame = 0
  67              		@ frame_needed = 1, uses_anonymous_args = 0
  68              		@ link register save eliminated.
  69 0000 80B4     		push	{r7}
  70              	.LCFI2:
  71              		.cfi_def_cfa_offset 4
  72 0002 00AF     		add	r7, sp, #0
  73              		.cfi_offset 7, -4
  74              	.LCFI3:
  75              		.cfi_def_cfa_register 7
  89:.\Generated_Source\PSoC5/ADC_DelSig_V_INT.c ****     /***************************************************************************
  90:.\Generated_Source\PSoC5/ADC_DelSig_V_INT.c ****     *  Custom Code
  91:.\Generated_Source\PSoC5/ADC_DelSig_V_INT.c ****     *  - add user ISR code between the following #START and #END tags
  92:.\Generated_Source\PSoC5/ADC_DelSig_V_INT.c ****     **************************************************************************/
ARM GAS  C:\Users\hoangp\AppData\Local\Temp\ccC4Rpw4.s 			page 4


  93:.\Generated_Source\PSoC5/ADC_DelSig_V_INT.c ****     /* `#START MAIN_ADC_ISR2`  */
  94:.\Generated_Source\PSoC5/ADC_DelSig_V_INT.c **** 
  95:.\Generated_Source\PSoC5/ADC_DelSig_V_INT.c ****     /* `#END`  */
  96:.\Generated_Source\PSoC5/ADC_DelSig_V_INT.c ****     
  97:.\Generated_Source\PSoC5/ADC_DelSig_V_INT.c ****     /* Stop the conversion conversion mode is single sample and resolution
  98:.\Generated_Source\PSoC5/ADC_DelSig_V_INT.c ****        is above 16 bits.
  99:.\Generated_Source\PSoC5/ADC_DelSig_V_INT.c ****     */
 100:.\Generated_Source\PSoC5/ADC_DelSig_V_INT.c ****     #if(ADC_DelSig_V_CFG2_RESOLUTION > 16 && \
 101:.\Generated_Source\PSoC5/ADC_DelSig_V_INT.c ****         ADC_DelSig_V_CFG2_CONVMODE == ADC_DelSig_V_MODE_SINGLE_SAMPLE) 
 102:.\Generated_Source\PSoC5/ADC_DelSig_V_INT.c ****         ADC_DelSig_V_StopConvert(); 
 103:.\Generated_Source\PSoC5/ADC_DelSig_V_INT.c ****     #endif /* Single sample conversion mode with resolution above 16 bits */
 104:.\Generated_Source\PSoC5/ADC_DelSig_V_INT.c ****     
 105:.\Generated_Source\PSoC5/ADC_DelSig_V_INT.c **** }
  76              		.loc 1 105 0
  77 0004 BD46     		mov	sp, r7
  78 0006 80BC     		pop	{r7}
  79 0008 7047     		bx	lr
  80              		.cfi_endproc
  81              	.LFE1:
  82              		.size	ADC_DelSig_V_ISR2, .-ADC_DelSig_V_ISR2
  83 000a 00BF     		.section	.text.ADC_DelSig_V_ISR3,"ax",%progbits
  84              		.align	2
  85              		.global	ADC_DelSig_V_ISR3
  86              		.thumb
  87              		.thumb_func
  88              		.type	ADC_DelSig_V_ISR3, %function
  89              	ADC_DelSig_V_ISR3:
  90              	.LFB2:
 106:.\Generated_Source\PSoC5/ADC_DelSig_V_INT.c **** 
 107:.\Generated_Source\PSoC5/ADC_DelSig_V_INT.c **** 
 108:.\Generated_Source\PSoC5/ADC_DelSig_V_INT.c **** /*****************************************************************************
 109:.\Generated_Source\PSoC5/ADC_DelSig_V_INT.c **** * Function Name: ADC_DelSig_V_ISR3
 110:.\Generated_Source\PSoC5/ADC_DelSig_V_INT.c **** ******************************************************************************
 111:.\Generated_Source\PSoC5/ADC_DelSig_V_INT.c **** *
 112:.\Generated_Source\PSoC5/ADC_DelSig_V_INT.c **** * Summary:
 113:.\Generated_Source\PSoC5/ADC_DelSig_V_INT.c **** *  Handle Interrupt Service Routine.  
 114:.\Generated_Source\PSoC5/ADC_DelSig_V_INT.c **** *
 115:.\Generated_Source\PSoC5/ADC_DelSig_V_INT.c **** * Parameters:  
 116:.\Generated_Source\PSoC5/ADC_DelSig_V_INT.c **** *  void
 117:.\Generated_Source\PSoC5/ADC_DelSig_V_INT.c **** *
 118:.\Generated_Source\PSoC5/ADC_DelSig_V_INT.c **** * Return: 
 119:.\Generated_Source\PSoC5/ADC_DelSig_V_INT.c **** *  void 
 120:.\Generated_Source\PSoC5/ADC_DelSig_V_INT.c **** *
 121:.\Generated_Source\PSoC5/ADC_DelSig_V_INT.c **** * Reentrant: 
 122:.\Generated_Source\PSoC5/ADC_DelSig_V_INT.c **** *  No
 123:.\Generated_Source\PSoC5/ADC_DelSig_V_INT.c **** *
 124:.\Generated_Source\PSoC5/ADC_DelSig_V_INT.c **** *****************************************************************************/
 125:.\Generated_Source\PSoC5/ADC_DelSig_V_INT.c **** CY_ISR( ADC_DelSig_V_ISR3)
 126:.\Generated_Source\PSoC5/ADC_DelSig_V_INT.c **** {
  91              		.loc 1 126 0
  92              		.cfi_startproc
  93              		@ args = 0, pretend = 0, frame = 0
  94              		@ frame_needed = 1, uses_anonymous_args = 0
  95              		@ link register save eliminated.
  96 0000 80B4     		push	{r7}
  97              	.LCFI4:
  98              		.cfi_def_cfa_offset 4
ARM GAS  C:\Users\hoangp\AppData\Local\Temp\ccC4Rpw4.s 			page 5


  99 0002 00AF     		add	r7, sp, #0
 100              		.cfi_offset 7, -4
 101              	.LCFI5:
 102              		.cfi_def_cfa_register 7
 127:.\Generated_Source\PSoC5/ADC_DelSig_V_INT.c ****     /***************************************************************************
 128:.\Generated_Source\PSoC5/ADC_DelSig_V_INT.c ****     *  Custom Code
 129:.\Generated_Source\PSoC5/ADC_DelSig_V_INT.c ****     *  - add user ISR code between the following #START and #END tags
 130:.\Generated_Source\PSoC5/ADC_DelSig_V_INT.c ****     **************************************************************************/
 131:.\Generated_Source\PSoC5/ADC_DelSig_V_INT.c ****     /* `#START MAIN_ADC_ISR3`  */
 132:.\Generated_Source\PSoC5/ADC_DelSig_V_INT.c **** 
 133:.\Generated_Source\PSoC5/ADC_DelSig_V_INT.c ****     /* `#END`  */
 134:.\Generated_Source\PSoC5/ADC_DelSig_V_INT.c **** 
 135:.\Generated_Source\PSoC5/ADC_DelSig_V_INT.c ****     /* Stop the conversion if conversion mode is set to single sample and 
 136:.\Generated_Source\PSoC5/ADC_DelSig_V_INT.c ****        resolution is above 16 bits. 
 137:.\Generated_Source\PSoC5/ADC_DelSig_V_INT.c ****     */
 138:.\Generated_Source\PSoC5/ADC_DelSig_V_INT.c ****     #if(ADC_DelSig_V_CFG3_RESOLUTION > 16 && \
 139:.\Generated_Source\PSoC5/ADC_DelSig_V_INT.c ****         ADC_DelSig_V_CFG3_CONVMODE == ADC_DelSig_V_MODE_SINGLE_SAMPLE) 
 140:.\Generated_Source\PSoC5/ADC_DelSig_V_INT.c ****         ADC_DelSig_V_StopConvert(); 
 141:.\Generated_Source\PSoC5/ADC_DelSig_V_INT.c ****     #endif /* Single sample conversion mode with resolution above 16 bits */  
 142:.\Generated_Source\PSoC5/ADC_DelSig_V_INT.c **** }
 103              		.loc 1 142 0
 104 0004 BD46     		mov	sp, r7
 105 0006 80BC     		pop	{r7}
 106 0008 7047     		bx	lr
 107              		.cfi_endproc
 108              	.LFE2:
 109              		.size	ADC_DelSig_V_ISR3, .-ADC_DelSig_V_ISR3
 110 000a 00BF     		.section	.text.ADC_DelSig_V_ISR4,"ax",%progbits
 111              		.align	2
 112              		.global	ADC_DelSig_V_ISR4
 113              		.thumb
 114              		.thumb_func
 115              		.type	ADC_DelSig_V_ISR4, %function
 116              	ADC_DelSig_V_ISR4:
 117              	.LFB3:
 143:.\Generated_Source\PSoC5/ADC_DelSig_V_INT.c **** 
 144:.\Generated_Source\PSoC5/ADC_DelSig_V_INT.c **** 
 145:.\Generated_Source\PSoC5/ADC_DelSig_V_INT.c **** /*****************************************************************************
 146:.\Generated_Source\PSoC5/ADC_DelSig_V_INT.c **** * Function Name: ADC_DelSig_V_ISR4
 147:.\Generated_Source\PSoC5/ADC_DelSig_V_INT.c **** ******************************************************************************
 148:.\Generated_Source\PSoC5/ADC_DelSig_V_INT.c **** *
 149:.\Generated_Source\PSoC5/ADC_DelSig_V_INT.c **** * Summary:
 150:.\Generated_Source\PSoC5/ADC_DelSig_V_INT.c **** *  Handle Interrupt Service Routine.  
 151:.\Generated_Source\PSoC5/ADC_DelSig_V_INT.c **** *
 152:.\Generated_Source\PSoC5/ADC_DelSig_V_INT.c **** * Parameters:  
 153:.\Generated_Source\PSoC5/ADC_DelSig_V_INT.c **** *  void
 154:.\Generated_Source\PSoC5/ADC_DelSig_V_INT.c **** *
 155:.\Generated_Source\PSoC5/ADC_DelSig_V_INT.c **** * Return: 
 156:.\Generated_Source\PSoC5/ADC_DelSig_V_INT.c **** *  void 
 157:.\Generated_Source\PSoC5/ADC_DelSig_V_INT.c **** *
 158:.\Generated_Source\PSoC5/ADC_DelSig_V_INT.c **** * Reentrant: 
 159:.\Generated_Source\PSoC5/ADC_DelSig_V_INT.c **** *  No
 160:.\Generated_Source\PSoC5/ADC_DelSig_V_INT.c **** *
 161:.\Generated_Source\PSoC5/ADC_DelSig_V_INT.c **** *****************************************************************************/
 162:.\Generated_Source\PSoC5/ADC_DelSig_V_INT.c **** CY_ISR( ADC_DelSig_V_ISR4)
 163:.\Generated_Source\PSoC5/ADC_DelSig_V_INT.c **** {
 118              		.loc 1 163 0
ARM GAS  C:\Users\hoangp\AppData\Local\Temp\ccC4Rpw4.s 			page 6


 119              		.cfi_startproc
 120              		@ args = 0, pretend = 0, frame = 0
 121              		@ frame_needed = 1, uses_anonymous_args = 0
 122              		@ link register save eliminated.
 123 0000 80B4     		push	{r7}
 124              	.LCFI6:
 125              		.cfi_def_cfa_offset 4
 126 0002 00AF     		add	r7, sp, #0
 127              		.cfi_offset 7, -4
 128              	.LCFI7:
 129              		.cfi_def_cfa_register 7
 164:.\Generated_Source\PSoC5/ADC_DelSig_V_INT.c ****     /***************************************************************************
 165:.\Generated_Source\PSoC5/ADC_DelSig_V_INT.c ****     *  Custom Code
 166:.\Generated_Source\PSoC5/ADC_DelSig_V_INT.c ****     *  - add user ISR code between the following #START and #END tags
 167:.\Generated_Source\PSoC5/ADC_DelSig_V_INT.c ****     **************************************************************************/
 168:.\Generated_Source\PSoC5/ADC_DelSig_V_INT.c ****     /* `#START MAIN_ADC_ISR4`  */
 169:.\Generated_Source\PSoC5/ADC_DelSig_V_INT.c **** 
 170:.\Generated_Source\PSoC5/ADC_DelSig_V_INT.c ****     /* `#END`  */
 171:.\Generated_Source\PSoC5/ADC_DelSig_V_INT.c ****     
 172:.\Generated_Source\PSoC5/ADC_DelSig_V_INT.c ****     /* Stop the conversion if conversion mode is set to single sample and 
 173:.\Generated_Source\PSoC5/ADC_DelSig_V_INT.c ****        resolution is above 16 bits. 
 174:.\Generated_Source\PSoC5/ADC_DelSig_V_INT.c ****     */
 175:.\Generated_Source\PSoC5/ADC_DelSig_V_INT.c ****     #if(ADC_DelSig_V_CFG4_RESOLUTION > 16 && \
 176:.\Generated_Source\PSoC5/ADC_DelSig_V_INT.c ****         ADC_DelSig_V_CFG4_CONVMODE == ADC_DelSig_V_MODE_SINGLE_SAMPLE) 
 177:.\Generated_Source\PSoC5/ADC_DelSig_V_INT.c ****         ADC_DelSig_V_StopConvert(); 
 178:.\Generated_Source\PSoC5/ADC_DelSig_V_INT.c ****     #endif /* Single sample conversion mode with resolution above 16 bits */
 179:.\Generated_Source\PSoC5/ADC_DelSig_V_INT.c **** }
 130              		.loc 1 179 0
 131 0004 BD46     		mov	sp, r7
 132 0006 80BC     		pop	{r7}
 133 0008 7047     		bx	lr
 134              		.cfi_endproc
 135              	.LFE3:
 136              		.size	ADC_DelSig_V_ISR4, .-ADC_DelSig_V_ISR4
 137 000a 00BF     		.text
 138              	.Letext0:
 139              		.section	.debug_loc,"",%progbits
 140              	.Ldebug_loc0:
 141              	.LLST0:
 142 0000 00000000 		.4byte	.LFB0
 143 0004 02000000 		.4byte	.LCFI0
 144 0008 0100     		.2byte	0x1
 145 000a 5D       		.byte	0x5d
 146 000b 02000000 		.4byte	.LCFI0
 147 000f 04000000 		.4byte	.LCFI1
 148 0013 0200     		.2byte	0x2
 149 0015 7D       		.byte	0x7d
 150 0016 08       		.sleb128 8
 151 0017 04000000 		.4byte	.LCFI1
 152 001b 18000000 		.4byte	.LFE0
 153 001f 0200     		.2byte	0x2
 154 0021 77       		.byte	0x77
 155 0022 08       		.sleb128 8
 156 0023 00000000 		.4byte	0x0
 157 0027 00000000 		.4byte	0x0
 158              	.LLST1:
 159 002b 00000000 		.4byte	.LFB1
ARM GAS  C:\Users\hoangp\AppData\Local\Temp\ccC4Rpw4.s 			page 7


 160 002f 02000000 		.4byte	.LCFI2
 161 0033 0100     		.2byte	0x1
 162 0035 5D       		.byte	0x5d
 163 0036 02000000 		.4byte	.LCFI2
 164 003a 04000000 		.4byte	.LCFI3
 165 003e 0200     		.2byte	0x2
 166 0040 7D       		.byte	0x7d
 167 0041 04       		.sleb128 4
 168 0042 04000000 		.4byte	.LCFI3
 169 0046 0A000000 		.4byte	.LFE1
 170 004a 0200     		.2byte	0x2
 171 004c 77       		.byte	0x77
 172 004d 04       		.sleb128 4
 173 004e 00000000 		.4byte	0x0
 174 0052 00000000 		.4byte	0x0
 175              	.LLST2:
 176 0056 00000000 		.4byte	.LFB2
 177 005a 02000000 		.4byte	.LCFI4
 178 005e 0100     		.2byte	0x1
 179 0060 5D       		.byte	0x5d
 180 0061 02000000 		.4byte	.LCFI4
 181 0065 04000000 		.4byte	.LCFI5
 182 0069 0200     		.2byte	0x2
 183 006b 7D       		.byte	0x7d
 184 006c 04       		.sleb128 4
 185 006d 04000000 		.4byte	.LCFI5
 186 0071 0A000000 		.4byte	.LFE2
 187 0075 0200     		.2byte	0x2
 188 0077 77       		.byte	0x77
 189 0078 04       		.sleb128 4
 190 0079 00000000 		.4byte	0x0
 191 007d 00000000 		.4byte	0x0
 192              	.LLST3:
 193 0081 00000000 		.4byte	.LFB3
 194 0085 02000000 		.4byte	.LCFI6
 195 0089 0100     		.2byte	0x1
 196 008b 5D       		.byte	0x5d
 197 008c 02000000 		.4byte	.LCFI6
 198 0090 04000000 		.4byte	.LCFI7
 199 0094 0200     		.2byte	0x2
 200 0096 7D       		.byte	0x7d
 201 0097 04       		.sleb128 4
 202 0098 04000000 		.4byte	.LCFI7
 203 009c 0A000000 		.4byte	.LFE3
 204 00a0 0200     		.2byte	0x2
 205 00a2 77       		.byte	0x77
 206 00a3 04       		.sleb128 4
 207 00a4 00000000 		.4byte	0x0
 208 00a8 00000000 		.4byte	0x0
 209              		.file 2 ".\\Generated_Source\\PSoC5\\/cytypes.h"
 210              		.section	.debug_info
 211 0000 F0000000 		.4byte	0xf0
 212 0004 0200     		.2byte	0x2
 213 0006 00000000 		.4byte	.Ldebug_abbrev0
 214 000a 04       		.byte	0x4
 215 000b 01       		.uleb128 0x1
 216 000c 8C000000 		.4byte	.LASF16
ARM GAS  C:\Users\hoangp\AppData\Local\Temp\ccC4Rpw4.s 			page 8


 217 0010 01       		.byte	0x1
 218 0011 37000000 		.4byte	.LASF17
 219 0015 25010000 		.4byte	.LASF18
 220 0019 00000000 		.4byte	0x0
 221 001d 00000000 		.4byte	0x0
 222 0021 00000000 		.4byte	.Ldebug_ranges0+0x0
 223 0025 00000000 		.4byte	.Ldebug_line0
 224 0029 02       		.uleb128 0x2
 225 002a 01       		.byte	0x1
 226 002b 06       		.byte	0x6
 227 002c 03010000 		.4byte	.LASF0
 228 0030 02       		.uleb128 0x2
 229 0031 01       		.byte	0x1
 230 0032 08       		.byte	0x8
 231 0033 98000000 		.4byte	.LASF1
 232 0037 02       		.uleb128 0x2
 233 0038 02       		.byte	0x2
 234 0039 05       		.byte	0x5
 235 003a 1B010000 		.4byte	.LASF2
 236 003e 02       		.uleb128 0x2
 237 003f 02       		.byte	0x2
 238 0040 07       		.byte	0x7
 239 0041 0E000000 		.4byte	.LASF3
 240 0045 02       		.uleb128 0x2
 241 0046 04       		.byte	0x4
 242 0047 05       		.byte	0x5
 243 0048 AB000000 		.4byte	.LASF4
 244 004c 02       		.uleb128 0x2
 245 004d 04       		.byte	0x4
 246 004e 07       		.byte	0x7
 247 004f 63000000 		.4byte	.LASF5
 248 0053 02       		.uleb128 0x2
 249 0054 08       		.byte	0x8
 250 0055 05       		.byte	0x5
 251 0056 00000000 		.4byte	.LASF6
 252 005a 02       		.uleb128 0x2
 253 005b 08       		.byte	0x8
 254 005c 07       		.byte	0x7
 255 005d 75000000 		.4byte	.LASF7
 256 0061 03       		.uleb128 0x3
 257 0062 04       		.byte	0x4
 258 0063 05       		.byte	0x5
 259 0064 696E7400 		.ascii	"int\000"
 260 0068 02       		.uleb128 0x2
 261 0069 04       		.byte	0x4
 262 006a 07       		.byte	0x7
 263 006b 21000000 		.4byte	.LASF8
 264 006f 04       		.uleb128 0x4
 265 0070 15010000 		.4byte	.LASF19
 266 0074 02       		.byte	0x2
 267 0075 50       		.byte	0x50
 268 0076 37000000 		.4byte	0x37
 269 007a 02       		.uleb128 0x2
 270 007b 04       		.byte	0x4
 271 007c 04       		.byte	0x4
 272 007d 0F010000 		.4byte	.LASF9
 273 0081 02       		.uleb128 0x2
ARM GAS  C:\Users\hoangp\AppData\Local\Temp\ccC4Rpw4.s 			page 9


 274 0082 08       		.byte	0x8
 275 0083 04       		.byte	0x4
 276 0084 B4000000 		.4byte	.LASF10
 277 0088 02       		.uleb128 0x2
 278 0089 01       		.byte	0x1
 279 008a 08       		.byte	0x8
 280 008b A6000000 		.4byte	.LASF11
 281 008f 05       		.uleb128 0x5
 282 0090 04       		.byte	0x4
 283 0091 07       		.byte	0x7
 284 0092 06       		.uleb128 0x6
 285 0093 01       		.byte	0x1
 286 0094 BB000000 		.4byte	.LASF12
 287 0098 01       		.byte	0x1
 288 0099 31       		.byte	0x31
 289 009a 01       		.byte	0x1
 290 009b 00000000 		.4byte	.LFB0
 291 009f 18000000 		.4byte	.LFE0
 292 00a3 00000000 		.4byte	.LLST0
 293 00a7 06       		.uleb128 0x6
 294 00a8 01       		.byte	0x1
 295 00a9 CD000000 		.4byte	.LASF13
 296 00ad 01       		.byte	0x1
 297 00ae 57       		.byte	0x57
 298 00af 01       		.byte	0x1
 299 00b0 00000000 		.4byte	.LFB1
 300 00b4 0A000000 		.4byte	.LFE1
 301 00b8 2B000000 		.4byte	.LLST1
 302 00bc 06       		.uleb128 0x6
 303 00bd 01       		.byte	0x1
 304 00be DF000000 		.4byte	.LASF14
 305 00c2 01       		.byte	0x1
 306 00c3 7D       		.byte	0x7d
 307 00c4 01       		.byte	0x1
 308 00c5 00000000 		.4byte	.LFB2
 309 00c9 0A000000 		.4byte	.LFE2
 310 00cd 56000000 		.4byte	.LLST2
 311 00d1 06       		.uleb128 0x6
 312 00d2 01       		.byte	0x1
 313 00d3 F1000000 		.4byte	.LASF15
 314 00d7 01       		.byte	0x1
 315 00d8 A2       		.byte	0xa2
 316 00d9 01       		.byte	0x1
 317 00da 00000000 		.4byte	.LFB3
 318 00de 0A000000 		.4byte	.LFE3
 319 00e2 81000000 		.4byte	.LLST3
 320 00e6 07       		.uleb128 0x7
 321 00e7 2E000000 		.4byte	.LASF20
 322 00eb 01       		.byte	0x1
 323 00ec 1B       		.byte	0x1b
 324 00ed 6F000000 		.4byte	0x6f
 325 00f1 01       		.byte	0x1
 326 00f2 01       		.byte	0x1
 327 00f3 00       		.byte	0x0
 328              		.section	.debug_abbrev
 329 0000 01       		.uleb128 0x1
 330 0001 11       		.uleb128 0x11
ARM GAS  C:\Users\hoangp\AppData\Local\Temp\ccC4Rpw4.s 			page 10


 331 0002 01       		.byte	0x1
 332 0003 25       		.uleb128 0x25
 333 0004 0E       		.uleb128 0xe
 334 0005 13       		.uleb128 0x13
 335 0006 0B       		.uleb128 0xb
 336 0007 03       		.uleb128 0x3
 337 0008 0E       		.uleb128 0xe
 338 0009 1B       		.uleb128 0x1b
 339 000a 0E       		.uleb128 0xe
 340 000b 11       		.uleb128 0x11
 341 000c 01       		.uleb128 0x1
 342 000d 52       		.uleb128 0x52
 343 000e 01       		.uleb128 0x1
 344 000f 55       		.uleb128 0x55
 345 0010 06       		.uleb128 0x6
 346 0011 10       		.uleb128 0x10
 347 0012 06       		.uleb128 0x6
 348 0013 00       		.byte	0x0
 349 0014 00       		.byte	0x0
 350 0015 02       		.uleb128 0x2
 351 0016 24       		.uleb128 0x24
 352 0017 00       		.byte	0x0
 353 0018 0B       		.uleb128 0xb
 354 0019 0B       		.uleb128 0xb
 355 001a 3E       		.uleb128 0x3e
 356 001b 0B       		.uleb128 0xb
 357 001c 03       		.uleb128 0x3
 358 001d 0E       		.uleb128 0xe
 359 001e 00       		.byte	0x0
 360 001f 00       		.byte	0x0
 361 0020 03       		.uleb128 0x3
 362 0021 24       		.uleb128 0x24
 363 0022 00       		.byte	0x0
 364 0023 0B       		.uleb128 0xb
 365 0024 0B       		.uleb128 0xb
 366 0025 3E       		.uleb128 0x3e
 367 0026 0B       		.uleb128 0xb
 368 0027 03       		.uleb128 0x3
 369 0028 08       		.uleb128 0x8
 370 0029 00       		.byte	0x0
 371 002a 00       		.byte	0x0
 372 002b 04       		.uleb128 0x4
 373 002c 16       		.uleb128 0x16
 374 002d 00       		.byte	0x0
 375 002e 03       		.uleb128 0x3
 376 002f 0E       		.uleb128 0xe
 377 0030 3A       		.uleb128 0x3a
 378 0031 0B       		.uleb128 0xb
 379 0032 3B       		.uleb128 0x3b
 380 0033 0B       		.uleb128 0xb
 381 0034 49       		.uleb128 0x49
 382 0035 13       		.uleb128 0x13
 383 0036 00       		.byte	0x0
 384 0037 00       		.byte	0x0
 385 0038 05       		.uleb128 0x5
 386 0039 24       		.uleb128 0x24
 387 003a 00       		.byte	0x0
ARM GAS  C:\Users\hoangp\AppData\Local\Temp\ccC4Rpw4.s 			page 11


 388 003b 0B       		.uleb128 0xb
 389 003c 0B       		.uleb128 0xb
 390 003d 3E       		.uleb128 0x3e
 391 003e 0B       		.uleb128 0xb
 392 003f 00       		.byte	0x0
 393 0040 00       		.byte	0x0
 394 0041 06       		.uleb128 0x6
 395 0042 2E       		.uleb128 0x2e
 396 0043 00       		.byte	0x0
 397 0044 3F       		.uleb128 0x3f
 398 0045 0C       		.uleb128 0xc
 399 0046 03       		.uleb128 0x3
 400 0047 0E       		.uleb128 0xe
 401 0048 3A       		.uleb128 0x3a
 402 0049 0B       		.uleb128 0xb
 403 004a 3B       		.uleb128 0x3b
 404 004b 0B       		.uleb128 0xb
 405 004c 27       		.uleb128 0x27
 406 004d 0C       		.uleb128 0xc
 407 004e 11       		.uleb128 0x11
 408 004f 01       		.uleb128 0x1
 409 0050 12       		.uleb128 0x12
 410 0051 01       		.uleb128 0x1
 411 0052 40       		.uleb128 0x40
 412 0053 06       		.uleb128 0x6
 413 0054 00       		.byte	0x0
 414 0055 00       		.byte	0x0
 415 0056 07       		.uleb128 0x7
 416 0057 34       		.uleb128 0x34
 417 0058 00       		.byte	0x0
 418 0059 03       		.uleb128 0x3
 419 005a 0E       		.uleb128 0xe
 420 005b 3A       		.uleb128 0x3a
 421 005c 0B       		.uleb128 0xb
 422 005d 3B       		.uleb128 0x3b
 423 005e 0B       		.uleb128 0xb
 424 005f 49       		.uleb128 0x49
 425 0060 13       		.uleb128 0x13
 426 0061 3F       		.uleb128 0x3f
 427 0062 0C       		.uleb128 0xc
 428 0063 3C       		.uleb128 0x3c
 429 0064 0C       		.uleb128 0xc
 430 0065 00       		.byte	0x0
 431 0066 00       		.byte	0x0
 432 0067 00       		.byte	0x0
 433              		.section	.debug_pubnames,"",%progbits
 434 0000 66000000 		.4byte	0x66
 435 0004 0200     		.2byte	0x2
 436 0006 00000000 		.4byte	.Ldebug_info0
 437 000a F4000000 		.4byte	0xf4
 438 000e 92000000 		.4byte	0x92
 439 0012 4144435F 		.ascii	"ADC_DelSig_V_ISR1\000"
 439      44656C53 
 439      69675F56 
 439      5F495352 
 439      3100
 440 0024 A7000000 		.4byte	0xa7
ARM GAS  C:\Users\hoangp\AppData\Local\Temp\ccC4Rpw4.s 			page 12


 441 0028 4144435F 		.ascii	"ADC_DelSig_V_ISR2\000"
 441      44656C53 
 441      69675F56 
 441      5F495352 
 441      3200
 442 003a BC000000 		.4byte	0xbc
 443 003e 4144435F 		.ascii	"ADC_DelSig_V_ISR3\000"
 443      44656C53 
 443      69675F56 
 443      5F495352 
 443      3300
 444 0050 D1000000 		.4byte	0xd1
 445 0054 4144435F 		.ascii	"ADC_DelSig_V_ISR4\000"
 445      44656C53 
 445      69675F56 
 445      5F495352 
 445      3400
 446 0066 00000000 		.4byte	0x0
 447              		.section	.debug_aranges,"",%progbits
 448 0000 34000000 		.4byte	0x34
 449 0004 0200     		.2byte	0x2
 450 0006 00000000 		.4byte	.Ldebug_info0
 451 000a 04       		.byte	0x4
 452 000b 00       		.byte	0x0
 453 000c 0000     		.2byte	0x0
 454 000e 0000     		.2byte	0x0
 455 0010 00000000 		.4byte	.LFB0
 456 0014 18000000 		.4byte	.LFE0-.LFB0
 457 0018 00000000 		.4byte	.LFB1
 458 001c 0A000000 		.4byte	.LFE1-.LFB1
 459 0020 00000000 		.4byte	.LFB2
 460 0024 0A000000 		.4byte	.LFE2-.LFB2
 461 0028 00000000 		.4byte	.LFB3
 462 002c 0A000000 		.4byte	.LFE3-.LFB3
 463 0030 00000000 		.4byte	0x0
 464 0034 00000000 		.4byte	0x0
 465              		.section	.debug_ranges,"",%progbits
 466              	.Ldebug_ranges0:
 467 0000 00000000 		.4byte	.Ltext0
 468 0004 00000000 		.4byte	.Letext0
 469 0008 00000000 		.4byte	.LFB0
 470 000c 18000000 		.4byte	.LFE0
 471 0010 00000000 		.4byte	.LFB1
 472 0014 0A000000 		.4byte	.LFE1
 473 0018 00000000 		.4byte	.LFB2
 474 001c 0A000000 		.4byte	.LFE2
 475 0020 00000000 		.4byte	.LFB3
 476 0024 0A000000 		.4byte	.LFE3
 477 0028 00000000 		.4byte	0x0
 478 002c 00000000 		.4byte	0x0
 479              		.section	.debug_str,"MS",%progbits,1
 480              	.LASF6:
 481 0000 6C6F6E67 		.ascii	"long long int\000"
 481      206C6F6E 
 481      6720696E 
 481      7400
 482              	.LASF3:
ARM GAS  C:\Users\hoangp\AppData\Local\Temp\ccC4Rpw4.s 			page 13


 483 000e 73686F72 		.ascii	"short unsigned int\000"
 483      7420756E 
 483      7369676E 
 483      65642069 
 483      6E7400
 484              	.LASF8:
 485 0021 756E7369 		.ascii	"unsigned int\000"
 485      676E6564 
 485      20696E74 
 485      00
 486              	.LASF20:
 487 002e 62756666 		.ascii	"buffvolt\000"
 487      766F6C74 
 487      00
 488              	.LASF17:
 489 0037 2E5C4765 		.ascii	".\\Generated_Source\\PSoC5\\ADC_DelSig_V_INT.c\000"
 489      6E657261 
 489      7465645F 
 489      536F7572 
 489      63655C50 
 490              	.LASF5:
 491 0063 6C6F6E67 		.ascii	"long unsigned int\000"
 491      20756E73 
 491      69676E65 
 491      6420696E 
 491      7400
 492              	.LASF7:
 493 0075 6C6F6E67 		.ascii	"long long unsigned int\000"
 493      206C6F6E 
 493      6720756E 
 493      7369676E 
 493      65642069 
 494              	.LASF16:
 495 008c 474E5520 		.ascii	"GNU C 4.4.1\000"
 495      4320342E 
 495      342E3100 
 496              	.LASF1:
 497 0098 756E7369 		.ascii	"unsigned char\000"
 497      676E6564 
 497      20636861 
 497      7200
 498              	.LASF11:
 499 00a6 63686172 		.ascii	"char\000"
 499      00
 500              	.LASF4:
 501 00ab 6C6F6E67 		.ascii	"long int\000"
 501      20696E74 
 501      00
 502              	.LASF10:
 503 00b4 646F7562 		.ascii	"double\000"
 503      6C6500
 504              	.LASF12:
 505 00bb 4144435F 		.ascii	"ADC_DelSig_V_ISR1\000"
 505      44656C53 
 505      69675F56 
 505      5F495352 
 505      3100
ARM GAS  C:\Users\hoangp\AppData\Local\Temp\ccC4Rpw4.s 			page 14


 506              	.LASF13:
 507 00cd 4144435F 		.ascii	"ADC_DelSig_V_ISR2\000"
 507      44656C53 
 507      69675F56 
 507      5F495352 
 507      3200
 508              	.LASF14:
 509 00df 4144435F 		.ascii	"ADC_DelSig_V_ISR3\000"
 509      44656C53 
 509      69675F56 
 509      5F495352 
 509      3300
 510              	.LASF15:
 511 00f1 4144435F 		.ascii	"ADC_DelSig_V_ISR4\000"
 511      44656C53 
 511      69675F56 
 511      5F495352 
 511      3400
 512              	.LASF0:
 513 0103 7369676E 		.ascii	"signed char\000"
 513      65642063 
 513      68617200 
 514              	.LASF9:
 515 010f 666C6F61 		.ascii	"float\000"
 515      7400
 516              	.LASF19:
 517 0115 696E7431 		.ascii	"int16\000"
 517      3600
 518              	.LASF2:
 519 011b 73686F72 		.ascii	"short int\000"
 519      7420696E 
 519      7400
 520              	.LASF18:
 521 0125 433A5C55 		.ascii	"C:\\Users\\hoangp\\Documents\\GitHub\\EE542\\firmwa"
 521      73657273 
 521      5C686F61 
 521      6E67705C 
 521      446F6375 
 522 0152 72655C69 		.ascii	"re\\invert\\invert.cydsn\000"
 522      6E766572 
 522      745C696E 
 522      76657274 
 522      2E637964 
 523              		.ident	"GCC: (Sourcery G++ Lite 2010q1-188) 4.4.1"
