ARM GAS  C:\Users\hoangp\AppData\Local\Temp\ccKZ2aZE.s 			page 1


   1              		.syntax unified
   2              		.cpu cortex-m3
   3              		.fpu softvfp
   4              		.eabi_attribute 20, 1
   5              		.eabi_attribute 21, 1
   6              		.eabi_attribute 23, 3
   7              		.eabi_attribute 24, 1
   8              		.eabi_attribute 25, 1
   9              		.eabi_attribute 26, 1
  10              		.eabi_attribute 30, 6
  11              		.eabi_attribute 18, 4
  12              		.thumb
  13              		.file	"ADC_SAR_V_INT.c"
  14              		.section	.debug_abbrev,"",%progbits
  15              	.Ldebug_abbrev0:
  16              		.section	.debug_info,"",%progbits
  17              	.Ldebug_info0:
  18              		.section	.debug_line,"",%progbits
  19              	.Ldebug_line0:
  20 0000 80000000 		.text
  20      02006600 
  20      00000201 
  20      FB0E0D00 
  20      01010101 
  21              	.Ltext0:
  22              		.cfi_sections	.debug_frame
  23              		.section	.text.ADC_SAR_V_ISR,"ax",%progbits
  24              		.align	2
  25              		.global	ADC_SAR_V_ISR
  26              		.thumb
  27              		.thumb_func
  28              		.type	ADC_SAR_V_ISR, %function
  29              	ADC_SAR_V_ISR:
  30              	.LFB0:
  31              		.file 1 ".\\Generated_Source\\PSoC5\\ADC_SAR_V_INT.c"
   1:.\Generated_Source\PSoC5/ADC_SAR_V_INT.c **** /*******************************************************************************
   2:.\Generated_Source\PSoC5/ADC_SAR_V_INT.c **** * File Name: ADC_SAR_V_INT.c
   3:.\Generated_Source\PSoC5/ADC_SAR_V_INT.c **** * Version 2.0
   4:.\Generated_Source\PSoC5/ADC_SAR_V_INT.c **** *
   5:.\Generated_Source\PSoC5/ADC_SAR_V_INT.c **** *  Description:
   6:.\Generated_Source\PSoC5/ADC_SAR_V_INT.c **** *    This file contains the code that operates during the ADC_SAR interrupt
   7:.\Generated_Source\PSoC5/ADC_SAR_V_INT.c **** *    service routine.
   8:.\Generated_Source\PSoC5/ADC_SAR_V_INT.c **** *
   9:.\Generated_Source\PSoC5/ADC_SAR_V_INT.c **** *   Note:
  10:.\Generated_Source\PSoC5/ADC_SAR_V_INT.c **** *
  11:.\Generated_Source\PSoC5/ADC_SAR_V_INT.c **** ********************************************************************************
  12:.\Generated_Source\PSoC5/ADC_SAR_V_INT.c **** * Copyright 2008-2012, Cypress Semiconductor Corporation.  All rights reserved.
  13:.\Generated_Source\PSoC5/ADC_SAR_V_INT.c **** * You may use this file only in accordance with the license, terms, conditions,
  14:.\Generated_Source\PSoC5/ADC_SAR_V_INT.c **** * disclaimers, and limitations in the end user license agreement accompanying
  15:.\Generated_Source\PSoC5/ADC_SAR_V_INT.c **** * the software package with which this file was provided.
  16:.\Generated_Source\PSoC5/ADC_SAR_V_INT.c **** *******************************************************************************/
  17:.\Generated_Source\PSoC5/ADC_SAR_V_INT.c **** 
  18:.\Generated_Source\PSoC5/ADC_SAR_V_INT.c **** #include "ADC_SAR_V.h"
  19:.\Generated_Source\PSoC5/ADC_SAR_V_INT.c **** 
  20:.\Generated_Source\PSoC5/ADC_SAR_V_INT.c **** 
  21:.\Generated_Source\PSoC5/ADC_SAR_V_INT.c **** /******************************************************************************
  22:.\Generated_Source\PSoC5/ADC_SAR_V_INT.c **** * Custom Declarations and Variables
ARM GAS  C:\Users\hoangp\AppData\Local\Temp\ccKZ2aZE.s 			page 2


  23:.\Generated_Source\PSoC5/ADC_SAR_V_INT.c **** * - add user inlcude files, prototypes and variables between the following
  24:.\Generated_Source\PSoC5/ADC_SAR_V_INT.c **** *   #START and #END tags
  25:.\Generated_Source\PSoC5/ADC_SAR_V_INT.c **** ******************************************************************************/
  26:.\Generated_Source\PSoC5/ADC_SAR_V_INT.c **** /* `#START ADC_SYS_VAR`  */
  27:.\Generated_Source\PSoC5/ADC_SAR_V_INT.c **** extern int16 buffvolt;
  28:.\Generated_Source\PSoC5/ADC_SAR_V_INT.c **** extern uint8 dataReady;
  29:.\Generated_Source\PSoC5/ADC_SAR_V_INT.c **** /* `#END`  */
  30:.\Generated_Source\PSoC5/ADC_SAR_V_INT.c **** 
  31:.\Generated_Source\PSoC5/ADC_SAR_V_INT.c **** 
  32:.\Generated_Source\PSoC5/ADC_SAR_V_INT.c **** #if(ADC_SAR_V_IRQ_REMOVE == 0u)
  33:.\Generated_Source\PSoC5/ADC_SAR_V_INT.c **** 
  34:.\Generated_Source\PSoC5/ADC_SAR_V_INT.c **** 
  35:.\Generated_Source\PSoC5/ADC_SAR_V_INT.c ****     /******************************************************************************
  36:.\Generated_Source\PSoC5/ADC_SAR_V_INT.c ****     * Function Name: ADC_SAR_V_ISR
  37:.\Generated_Source\PSoC5/ADC_SAR_V_INT.c ****     *******************************************************************************
  38:.\Generated_Source\PSoC5/ADC_SAR_V_INT.c ****     *
  39:.\Generated_Source\PSoC5/ADC_SAR_V_INT.c ****     * Summary:
  40:.\Generated_Source\PSoC5/ADC_SAR_V_INT.c ****     *  Handle Interrupt Service Routine.
  41:.\Generated_Source\PSoC5/ADC_SAR_V_INT.c ****     *
  42:.\Generated_Source\PSoC5/ADC_SAR_V_INT.c ****     * Parameters:
  43:.\Generated_Source\PSoC5/ADC_SAR_V_INT.c ****     *  None.
  44:.\Generated_Source\PSoC5/ADC_SAR_V_INT.c ****     *
  45:.\Generated_Source\PSoC5/ADC_SAR_V_INT.c ****     * Return:
  46:.\Generated_Source\PSoC5/ADC_SAR_V_INT.c ****     *  None.
  47:.\Generated_Source\PSoC5/ADC_SAR_V_INT.c ****     *
  48:.\Generated_Source\PSoC5/ADC_SAR_V_INT.c ****     * Reentrant:
  49:.\Generated_Source\PSoC5/ADC_SAR_V_INT.c ****     *  No.
  50:.\Generated_Source\PSoC5/ADC_SAR_V_INT.c ****     *
  51:.\Generated_Source\PSoC5/ADC_SAR_V_INT.c ****     ******************************************************************************/
  52:.\Generated_Source\PSoC5/ADC_SAR_V_INT.c ****     CY_ISR( ADC_SAR_V_ISR )
  53:.\Generated_Source\PSoC5/ADC_SAR_V_INT.c ****     {
  32              		.loc 1 53 0
  33              		.cfi_startproc
  34              		@ args = 0, pretend = 0, frame = 0
  35              		@ frame_needed = 1, uses_anonymous_args = 0
  36 0000 80B5     		push	{r7, lr}
  37              	.LCFI0:
  38              		.cfi_def_cfa_offset 8
  39 0002 00AF     		add	r7, sp, #0
  40              		.cfi_offset 14, -4
  41              		.cfi_offset 7, -8
  42              	.LCFI1:
  43              		.cfi_def_cfa_register 7
  54:.\Generated_Source\PSoC5/ADC_SAR_V_INT.c ****         /************************************************************************
  55:.\Generated_Source\PSoC5/ADC_SAR_V_INT.c ****         *  Custom Code
  56:.\Generated_Source\PSoC5/ADC_SAR_V_INT.c ****         *  - add user ISR code between the following #START and #END tags
  57:.\Generated_Source\PSoC5/ADC_SAR_V_INT.c ****         *************************************************************************/
  58:.\Generated_Source\PSoC5/ADC_SAR_V_INT.c ****           /* `#START MAIN_ADC_ISR`  */
  59:.\Generated_Source\PSoC5/ADC_SAR_V_INT.c ****           
  60:.\Generated_Source\PSoC5/ADC_SAR_V_INT.c ****           //get converted result
  61:.\Generated_Source\PSoC5/ADC_SAR_V_INT.c ****           //move result to buffer
  62:.\Generated_Source\PSoC5/ADC_SAR_V_INT.c ****           buffvolt=ADC_SAR_V_GetResult16();
  44              		.loc 1 62 0
  45 0004 FFF7FEFF 		bl	ADC_SAR_V_GetResult16
  46 0008 0346     		mov	r3, r0
  47 000a 9AB2     		uxth	r2, r3
  48 000c 40F20003 		movw	r3, #:lower16:buffvolt
ARM GAS  C:\Users\hoangp\AppData\Local\Temp\ccKZ2aZE.s 			page 3


  49 0010 C0F20003 		movt	r3, #:upper16:buffvolt
  50 0014 1A80     		strh	r2, [r3, #0]	@ movhi
  63:.\Generated_Source\PSoC5/ADC_SAR_V_INT.c ****           dataReady=1;
  51              		.loc 1 63 0
  52 0016 40F20003 		movw	r3, #:lower16:dataReady
  53 001a C0F20003 		movt	r3, #:upper16:dataReady
  54 001e 4FF00102 		mov	r2, #1
  55 0022 1A70     		strb	r2, [r3, #0]
  64:.\Generated_Source\PSoC5/ADC_SAR_V_INT.c ****           
  65:.\Generated_Source\PSoC5/ADC_SAR_V_INT.c ****           //exit interrupt
  66:.\Generated_Source\PSoC5/ADC_SAR_V_INT.c **** 
  67:.\Generated_Source\PSoC5/ADC_SAR_V_INT.c ****           /* `#END`  */
  68:.\Generated_Source\PSoC5/ADC_SAR_V_INT.c **** 
  69:.\Generated_Source\PSoC5/ADC_SAR_V_INT.c ****     }
  56              		.loc 1 69 0
  57 0024 80BD     		pop	{r7, pc}
  58              		.cfi_endproc
  59              	.LFE0:
  60              		.size	ADC_SAR_V_ISR, .-ADC_SAR_V_ISR
  61 0026 00BF     		.text
  62              	.Letext0:
  63              		.section	.debug_loc,"",%progbits
  64              	.Ldebug_loc0:
  65              	.LLST0:
  66 0000 00000000 		.4byte	.LFB0
  67 0004 02000000 		.4byte	.LCFI0
  68 0008 0100     		.2byte	0x1
  69 000a 5D       		.byte	0x5d
  70 000b 02000000 		.4byte	.LCFI0
  71 000f 04000000 		.4byte	.LCFI1
  72 0013 0200     		.2byte	0x2
  73 0015 7D       		.byte	0x7d
  74 0016 08       		.sleb128 8
  75 0017 04000000 		.4byte	.LCFI1
  76 001b 26000000 		.4byte	.LFE0
  77 001f 0200     		.2byte	0x2
  78 0021 77       		.byte	0x77
  79 0022 08       		.sleb128 8
  80 0023 00000000 		.4byte	0x0
  81 0027 00000000 		.4byte	0x0
  82              		.file 2 ".\\Generated_Source\\PSoC5\\/cytypes.h"
  83              		.section	.debug_info
  84 0000 C6000000 		.4byte	0xc6
  85 0004 0200     		.2byte	0x2
  86 0006 00000000 		.4byte	.Ldebug_abbrev0
  87 000a 04       		.byte	0x4
  88 000b 01       		.uleb128 0x1
  89 000c C6000000 		.4byte	.LASF16
  90 0010 01       		.byte	0x1
  91 0011 05010000 		.4byte	.LASF17
  92 0015 5E000000 		.4byte	.LASF18
  93 0019 00000000 		.4byte	0x0
  94 001d 00000000 		.4byte	0x0
  95 0021 00000000 		.4byte	.Ldebug_ranges0+0x0
  96 0025 00000000 		.4byte	.Ldebug_line0
  97 0029 02       		.uleb128 0x2
  98 002a 01       		.byte	0x1
ARM GAS  C:\Users\hoangp\AppData\Local\Temp\ccKZ2aZE.s 			page 4


  99 002b 06       		.byte	0x6
 100 002c F9000000 		.4byte	.LASF0
 101 0030 02       		.uleb128 0x2
 102 0031 01       		.byte	0x1
 103 0032 08       		.byte	0x8
 104 0033 1E000000 		.4byte	.LASF1
 105 0037 02       		.uleb128 0x2
 106 0038 02       		.byte	0x2
 107 0039 05       		.byte	0x5
 108 003a D7000000 		.4byte	.LASF2
 109 003e 02       		.uleb128 0x2
 110 003f 02       		.byte	0x2
 111 0040 07       		.byte	0x7
 112 0041 44000000 		.4byte	.LASF3
 113 0045 02       		.uleb128 0x2
 114 0046 04       		.byte	0x4
 115 0047 05       		.byte	0x5
 116 0048 E7000000 		.4byte	.LASF4
 117 004c 02       		.uleb128 0x2
 118 004d 04       		.byte	0x4
 119 004e 07       		.byte	0x7
 120 004f 32000000 		.4byte	.LASF5
 121 0053 02       		.uleb128 0x2
 122 0054 08       		.byte	0x8
 123 0055 05       		.byte	0x5
 124 0056 00000000 		.4byte	.LASF6
 125 005a 02       		.uleb128 0x2
 126 005b 08       		.byte	0x8
 127 005c 07       		.byte	0x7
 128 005d AF000000 		.4byte	.LASF7
 129 0061 03       		.uleb128 0x3
 130 0062 04       		.byte	0x4
 131 0063 05       		.byte	0x5
 132 0064 696E7400 		.ascii	"int\000"
 133 0068 02       		.uleb128 0x2
 134 0069 04       		.byte	0x4
 135 006a 07       		.byte	0x7
 136 006b A2000000 		.4byte	.LASF8
 137 006f 04       		.uleb128 0x4
 138 0070 E1000000 		.4byte	.LASF9
 139 0074 02       		.byte	0x2
 140 0075 4C       		.byte	0x4c
 141 0076 30000000 		.4byte	0x30
 142 007a 04       		.uleb128 0x4
 143 007b 2C000000 		.4byte	.LASF10
 144 007f 02       		.byte	0x2
 145 0080 50       		.byte	0x50
 146 0081 37000000 		.4byte	0x37
 147 0085 02       		.uleb128 0x2
 148 0086 04       		.byte	0x4
 149 0087 04       		.byte	0x4
 150 0088 18000000 		.4byte	.LASF11
 151 008c 02       		.uleb128 0x2
 152 008d 08       		.byte	0x8
 153 008e 04       		.byte	0x4
 154 008f 57000000 		.4byte	.LASF12
 155 0093 02       		.uleb128 0x2
ARM GAS  C:\Users\hoangp\AppData\Local\Temp\ccKZ2aZE.s 			page 5


 156 0094 01       		.byte	0x1
 157 0095 08       		.byte	0x8
 158 0096 D2000000 		.4byte	.LASF13
 159 009a 05       		.uleb128 0x5
 160 009b 01       		.byte	0x1
 161 009c 2E010000 		.4byte	.LASF19
 162 00a0 01       		.byte	0x1
 163 00a1 34       		.byte	0x34
 164 00a2 01       		.byte	0x1
 165 00a3 00000000 		.4byte	.LFB0
 166 00a7 26000000 		.4byte	.LFE0
 167 00ab 00000000 		.4byte	.LLST0
 168 00af 06       		.uleb128 0x6
 169 00b0 F0000000 		.4byte	.LASF14
 170 00b4 01       		.byte	0x1
 171 00b5 1B       		.byte	0x1b
 172 00b6 7A000000 		.4byte	0x7a
 173 00ba 01       		.byte	0x1
 174 00bb 01       		.byte	0x1
 175 00bc 06       		.uleb128 0x6
 176 00bd 0E000000 		.4byte	.LASF15
 177 00c1 01       		.byte	0x1
 178 00c2 1C       		.byte	0x1c
 179 00c3 6F000000 		.4byte	0x6f
 180 00c7 01       		.byte	0x1
 181 00c8 01       		.byte	0x1
 182 00c9 00       		.byte	0x0
 183              		.section	.debug_abbrev
 184 0000 01       		.uleb128 0x1
 185 0001 11       		.uleb128 0x11
 186 0002 01       		.byte	0x1
 187 0003 25       		.uleb128 0x25
 188 0004 0E       		.uleb128 0xe
 189 0005 13       		.uleb128 0x13
 190 0006 0B       		.uleb128 0xb
 191 0007 03       		.uleb128 0x3
 192 0008 0E       		.uleb128 0xe
 193 0009 1B       		.uleb128 0x1b
 194 000a 0E       		.uleb128 0xe
 195 000b 11       		.uleb128 0x11
 196 000c 01       		.uleb128 0x1
 197 000d 52       		.uleb128 0x52
 198 000e 01       		.uleb128 0x1
 199 000f 55       		.uleb128 0x55
 200 0010 06       		.uleb128 0x6
 201 0011 10       		.uleb128 0x10
 202 0012 06       		.uleb128 0x6
 203 0013 00       		.byte	0x0
 204 0014 00       		.byte	0x0
 205 0015 02       		.uleb128 0x2
 206 0016 24       		.uleb128 0x24
 207 0017 00       		.byte	0x0
 208 0018 0B       		.uleb128 0xb
 209 0019 0B       		.uleb128 0xb
 210 001a 3E       		.uleb128 0x3e
 211 001b 0B       		.uleb128 0xb
 212 001c 03       		.uleb128 0x3
ARM GAS  C:\Users\hoangp\AppData\Local\Temp\ccKZ2aZE.s 			page 6


 213 001d 0E       		.uleb128 0xe
 214 001e 00       		.byte	0x0
 215 001f 00       		.byte	0x0
 216 0020 03       		.uleb128 0x3
 217 0021 24       		.uleb128 0x24
 218 0022 00       		.byte	0x0
 219 0023 0B       		.uleb128 0xb
 220 0024 0B       		.uleb128 0xb
 221 0025 3E       		.uleb128 0x3e
 222 0026 0B       		.uleb128 0xb
 223 0027 03       		.uleb128 0x3
 224 0028 08       		.uleb128 0x8
 225 0029 00       		.byte	0x0
 226 002a 00       		.byte	0x0
 227 002b 04       		.uleb128 0x4
 228 002c 16       		.uleb128 0x16
 229 002d 00       		.byte	0x0
 230 002e 03       		.uleb128 0x3
 231 002f 0E       		.uleb128 0xe
 232 0030 3A       		.uleb128 0x3a
 233 0031 0B       		.uleb128 0xb
 234 0032 3B       		.uleb128 0x3b
 235 0033 0B       		.uleb128 0xb
 236 0034 49       		.uleb128 0x49
 237 0035 13       		.uleb128 0x13
 238 0036 00       		.byte	0x0
 239 0037 00       		.byte	0x0
 240 0038 05       		.uleb128 0x5
 241 0039 2E       		.uleb128 0x2e
 242 003a 00       		.byte	0x0
 243 003b 3F       		.uleb128 0x3f
 244 003c 0C       		.uleb128 0xc
 245 003d 03       		.uleb128 0x3
 246 003e 0E       		.uleb128 0xe
 247 003f 3A       		.uleb128 0x3a
 248 0040 0B       		.uleb128 0xb
 249 0041 3B       		.uleb128 0x3b
 250 0042 0B       		.uleb128 0xb
 251 0043 27       		.uleb128 0x27
 252 0044 0C       		.uleb128 0xc
 253 0045 11       		.uleb128 0x11
 254 0046 01       		.uleb128 0x1
 255 0047 12       		.uleb128 0x12
 256 0048 01       		.uleb128 0x1
 257 0049 40       		.uleb128 0x40
 258 004a 06       		.uleb128 0x6
 259 004b 00       		.byte	0x0
 260 004c 00       		.byte	0x0
 261 004d 06       		.uleb128 0x6
 262 004e 34       		.uleb128 0x34
 263 004f 00       		.byte	0x0
 264 0050 03       		.uleb128 0x3
 265 0051 0E       		.uleb128 0xe
 266 0052 3A       		.uleb128 0x3a
 267 0053 0B       		.uleb128 0xb
 268 0054 3B       		.uleb128 0x3b
 269 0055 0B       		.uleb128 0xb
ARM GAS  C:\Users\hoangp\AppData\Local\Temp\ccKZ2aZE.s 			page 7


 270 0056 49       		.uleb128 0x49
 271 0057 13       		.uleb128 0x13
 272 0058 3F       		.uleb128 0x3f
 273 0059 0C       		.uleb128 0xc
 274 005a 3C       		.uleb128 0x3c
 275 005b 0C       		.uleb128 0xc
 276 005c 00       		.byte	0x0
 277 005d 00       		.byte	0x0
 278 005e 00       		.byte	0x0
 279              		.section	.debug_pubnames,"",%progbits
 280 0000 20000000 		.4byte	0x20
 281 0004 0200     		.2byte	0x2
 282 0006 00000000 		.4byte	.Ldebug_info0
 283 000a CA000000 		.4byte	0xca
 284 000e 9A000000 		.4byte	0x9a
 285 0012 4144435F 		.ascii	"ADC_SAR_V_ISR\000"
 285      5341525F 
 285      565F4953 
 285      5200
 286 0020 00000000 		.4byte	0x0
 287              		.section	.debug_aranges,"",%progbits
 288 0000 1C000000 		.4byte	0x1c
 289 0004 0200     		.2byte	0x2
 290 0006 00000000 		.4byte	.Ldebug_info0
 291 000a 04       		.byte	0x4
 292 000b 00       		.byte	0x0
 293 000c 0000     		.2byte	0x0
 294 000e 0000     		.2byte	0x0
 295 0010 00000000 		.4byte	.LFB0
 296 0014 26000000 		.4byte	.LFE0-.LFB0
 297 0018 00000000 		.4byte	0x0
 298 001c 00000000 		.4byte	0x0
 299              		.section	.debug_ranges,"",%progbits
 300              	.Ldebug_ranges0:
 301 0000 00000000 		.4byte	.Ltext0
 302 0004 00000000 		.4byte	.Letext0
 303 0008 00000000 		.4byte	.LFB0
 304 000c 26000000 		.4byte	.LFE0
 305 0010 00000000 		.4byte	0x0
 306 0014 00000000 		.4byte	0x0
 307              		.section	.debug_str,"MS",%progbits,1
 308              	.LASF6:
 309 0000 6C6F6E67 		.ascii	"long long int\000"
 309      206C6F6E 
 309      6720696E 
 309      7400
 310              	.LASF15:
 311 000e 64617461 		.ascii	"dataReady\000"
 311      52656164 
 311      7900
 312              	.LASF11:
 313 0018 666C6F61 		.ascii	"float\000"
 313      7400
 314              	.LASF1:
 315 001e 756E7369 		.ascii	"unsigned char\000"
 315      676E6564 
 315      20636861 
ARM GAS  C:\Users\hoangp\AppData\Local\Temp\ccKZ2aZE.s 			page 8


 315      7200
 316              	.LASF10:
 317 002c 696E7431 		.ascii	"int16\000"
 317      3600
 318              	.LASF5:
 319 0032 6C6F6E67 		.ascii	"long unsigned int\000"
 319      20756E73 
 319      69676E65 
 319      6420696E 
 319      7400
 320              	.LASF3:
 321 0044 73686F72 		.ascii	"short unsigned int\000"
 321      7420756E 
 321      7369676E 
 321      65642069 
 321      6E7400
 322              	.LASF12:
 323 0057 646F7562 		.ascii	"double\000"
 323      6C6500
 324              	.LASF18:
 325 005e 433A5C55 		.ascii	"C:\\Users\\hoangp\\Documents\\GitHub\\EE542\\firmwa"
 325      73657273 
 325      5C686F61 
 325      6E67705C 
 325      446F6375 
 326 008b 72655C69 		.ascii	"re\\invert\\invert.cydsn\000"
 326      6E766572 
 326      745C696E 
 326      76657274 
 326      2E637964 
 327              	.LASF8:
 328 00a2 756E7369 		.ascii	"unsigned int\000"
 328      676E6564 
 328      20696E74 
 328      00
 329              	.LASF7:
 330 00af 6C6F6E67 		.ascii	"long long unsigned int\000"
 330      206C6F6E 
 330      6720756E 
 330      7369676E 
 330      65642069 
 331              	.LASF16:
 332 00c6 474E5520 		.ascii	"GNU C 4.4.1\000"
 332      4320342E 
 332      342E3100 
 333              	.LASF13:
 334 00d2 63686172 		.ascii	"char\000"
 334      00
 335              	.LASF2:
 336 00d7 73686F72 		.ascii	"short int\000"
 336      7420696E 
 336      7400
 337              	.LASF9:
 338 00e1 75696E74 		.ascii	"uint8\000"
 338      3800
 339              	.LASF4:
 340 00e7 6C6F6E67 		.ascii	"long int\000"
ARM GAS  C:\Users\hoangp\AppData\Local\Temp\ccKZ2aZE.s 			page 9


 340      20696E74 
 340      00
 341              	.LASF14:
 342 00f0 62756666 		.ascii	"buffvolt\000"
 342      766F6C74 
 342      00
 343              	.LASF0:
 344 00f9 7369676E 		.ascii	"signed char\000"
 344      65642063 
 344      68617200 
 345              	.LASF17:
 346 0105 2E5C4765 		.ascii	".\\Generated_Source\\PSoC5\\ADC_SAR_V_INT.c\000"
 346      6E657261 
 346      7465645F 
 346      536F7572 
 346      63655C50 
 347              	.LASF19:
 348 012e 4144435F 		.ascii	"ADC_SAR_V_ISR\000"
 348      5341525F 
 348      565F4953 
 348      5200
 349              		.ident	"GCC: (Sourcery G++ Lite 2010q1-188) 4.4.1"
