Archive member included because of file (symbol)

.\CortexM3\ARM_GCC_441\Debug\invert.a(PWM_BUCK.o)
                              .\CortexM3\ARM_GCC_441\Debug\main.o (PWM_BUCK_Start)
.\CortexM3\ARM_GCC_441\Debug\invert.a(Clock_1.o)
                              .\CortexM3\ARM_GCC_441\Debug\main.o (Clock_1_Start)
.\CortexM3\ARM_GCC_441\Debug\invert.a(CyBootAsmGnu.o)
                              .\CortexM3\ARM_GCC_441\Debug\invert.a(PWM_BUCK.o) (CyEnterCriticalSection)
.\CortexM3\ARM_GCC_441\Debug\invert.a(CyLib.o)
                              .\CortexM3\ARM_GCC_441\Debug\Cm3Start.o (CyResetStatus)
.\CortexM3\ARM_GCC_441\Debug\invert.a(cyPm.o)
                              .\CortexM3\ARM_GCC_441\Debug\invert.a(CyLib.o) (CyPmReadStatus)
.\CortexM3\ARM_GCC_441\Debug\invert.a(LCD_Char_1.o)
                              .\CortexM3\ARM_GCC_441\Debug\main.o (LCD_Char_1_Start)
.\CortexM3\ARM_GCC_441\Debug\invert.a(ADC_DelSig_V.o)
                              .\CortexM3\ARM_GCC_441\Debug\main.o (ADC_DelSig_V_Start)
.\CortexM3\ARM_GCC_441\Debug\invert.a(ADC_DelSig_V_INT.o)
                              .\CortexM3\ARM_GCC_441\Debug\invert.a(ADC_DelSig_V.o) (ADC_DelSig_V_ISR1)
.\CortexM3\ARM_GCC_441\Debug\invert.a(ADC_DelSig_V_theACLK.o)
                              .\CortexM3\ARM_GCC_441\Debug\invert.a(ADC_DelSig_V.o) (ADC_DelSig_V_theACLK_SetDividerRegister)
.\CortexM3\ARM_GCC_441\Debug\invert.a(ADC_DelSig_V_Ext_CP_Clk.o)
                              .\CortexM3\ARM_GCC_441\Debug\invert.a(ADC_DelSig_V.o) (ADC_DelSig_V_Ext_CP_Clk_SetDividerRegister)
.\CortexM3\ARM_GCC_441\Debug\invert.a(ADC_DelSig_V_AMux.o)
                              .\CortexM3\ARM_GCC_441\Debug\invert.a(ADC_DelSig_V.o) (ADC_DelSig_V_AMux_Select)
.\CortexM3\ARM_GCC_441\Debug\invert.a(UART_1.o)
                              .\CortexM3\ARM_GCC_441\Debug\main.o (UART_1_Start)
.\CortexM3\ARM_GCC_441\Debug\invert.a(UART_1_IntClock.o)
                              .\CortexM3\ARM_GCC_441\Debug\invert.a(UART_1.o) (UART_1_IntClock_Start)
.\CortexM3\ARM_GCC_441\Debug\invert.a(cyfitter_cfg.o)
                              .\CortexM3\ARM_GCC_441\Debug\invert.a(ADC_DelSig_V_AMux.o) (ADC_DelSig_V_AMux_Set)
.\CortexM3\ARM_GCC_441\Debug\invert.a(CyFlash.o)
                              .\CortexM3\ARM_GCC_441\Debug\invert.a(cyPm.o) (CyFlash_SetWaitCycles)
.\CortexM3\ARM_GCC_441\Debug\invert.a(CySpc.o)
                              .\CortexM3\ARM_GCC_441\Debug\invert.a(CyFlash.o) (CySpcStart)
c:/program files (x86)/cypress/psoc creator/2.2/psoc creator/import/gnu_cs/arm/4.4.1/bin/../lib/gcc/arm-none-eabi/4.4.1/thumb2\libgcc.a(_arm_addsubdf3.o)
                              .\CortexM3\ARM_GCC_441\Debug\invert.a(ADC_DelSig_V.o) (__aeabi_f2d)
c:/program files (x86)/cypress/psoc creator/2.2/psoc creator/import/gnu_cs/arm/4.4.1/bin/../lib/gcc/arm-none-eabi/4.4.1/thumb2\libgcc.a(_arm_cmpdf2.o)
                              .\CortexM3\ARM_GCC_441\Debug\invert.a(ADC_DelSig_V.o) (__aeabi_dcmpgt)
c:/program files (x86)/cypress/psoc creator/2.2/psoc creator/import/gnu_cs/arm/4.4.1/bin/../lib/gcc/arm-none-eabi/4.4.1/thumb2\libgcc.a(_arm_addsubsf3.o)
                              .\CortexM3\ARM_GCC_441\Debug\invert.a(ADC_DelSig_V.o) (__aeabi_ui2f)
c:/program files (x86)/cypress/psoc creator/2.2/psoc creator/import/gnu_cs/arm/4.4.1/bin/../lib/gcc/arm-none-eabi/4.4.1/thumb2\libgcc.a(_arm_muldivsf3.o)
                              .\CortexM3\ARM_GCC_441\Debug\invert.a(ADC_DelSig_V.o) (__aeabi_fmul)
c:/program files (x86)/cypress/psoc creator/2.2/psoc creator/import/gnu_cs/arm/4.4.1/bin/../lib/gcc/arm-none-eabi/4.4.1/thumb2\libgcc.a(_arm_fixunssfsi.o)
                              .\CortexM3\ARM_GCC_441\Debug\invert.a(ADC_DelSig_V.o) (__aeabi_f2uiz)
c:/program files (x86)/cypress/psoc creator/2.2/psoc creator/import/gnu_cs/arm/4.4.1/bin/../lib/gcc/arm-none-eabi/4.4.1/../../../../arm-none-eabi/lib/thumb2\libc.a(lib_a-memcpy.o)
                              .\CortexM3\ARM_GCC_441\Debug\invert.a(cyPm.o) (memcpy)
c:/program files (x86)/cypress/psoc creator/2.2/psoc creator/import/gnu_cs/arm/4.4.1/bin/../lib/gcc/arm-none-eabi/4.4.1/../../../../arm-none-eabi/lib/thumb2\libc.a(lib_a-memset.o)
                              .\CortexM3\ARM_GCC_441\Debug\invert.a(cyPm.o) (memset)
c:/program files (x86)/cypress/psoc creator/2.2/psoc creator/import/gnu_cs/arm/4.4.1/bin/../lib/gcc/arm-none-eabi/4.4.1/../../../../arm-none-eabi/lib/thumb2\libcs3.a(start_c.o)
                              (__cs3_start_c)
c:/program files (x86)/cypress/psoc creator/2.2/psoc creator/import/gnu_cs/arm/4.4.1/bin/../lib/gcc/arm-none-eabi/4.4.1/../../../../arm-none-eabi/lib/thumb2\libcs3micro.a(micro_isr_interrupt.o)
                              (__cs3_isr_nmi)
c:/program files (x86)/cypress/psoc creator/2.2/psoc creator/import/gnu_cs/arm/4.4.1/bin/../lib/gcc/arm-none-eabi/4.4.1/../../../../arm-none-eabi/lib/thumb2\libc.a(lib_a-init.o)
                              c:/program files (x86)/cypress/psoc creator/2.2/psoc creator/import/gnu_cs/arm/4.4.1/bin/../lib/gcc/arm-none-eabi/4.4.1/../../../../arm-none-eabi/lib/thumb2\libcs3.a(start_c.o) (__libc_init_array)

Allocating common symbols
Common symbol       size              file

CyResetStatus       0x1               .\CortexM3\ARM_GCC_441\Debug\invert.a(CyLib.o)
dieTemperature      0x2               .\CortexM3\ARM_GCC_441\Debug\invert.a(CyFlash.o)

Discarded input sections

 .text          0x00000000        0x0 c:/program files (x86)/cypress/psoc creator/2.2/psoc creator/import/gnu_cs/arm/4.4.1/bin/../lib/gcc/arm-none-eabi/4.4.1/thumb2/crti.o
 .data          0x00000000        0x0 c:/program files (x86)/cypress/psoc creator/2.2/psoc creator/import/gnu_cs/arm/4.4.1/bin/../lib/gcc/arm-none-eabi/4.4.1/thumb2/crti.o
 .bss           0x00000000        0x0 c:/program files (x86)/cypress/psoc creator/2.2/psoc creator/import/gnu_cs/arm/4.4.1/bin/../lib/gcc/arm-none-eabi/4.4.1/thumb2/crti.o
 .data          0x00000000        0x4 c:/program files (x86)/cypress/psoc creator/2.2/psoc creator/import/gnu_cs/arm/4.4.1/bin/../lib/gcc/arm-none-eabi/4.4.1/thumb2/crtbegin.o
 .text          0x00000000        0x0 .\CortexM3\ARM_GCC_441\Debug\main.o
 .data          0x00000000      0x400 .\CortexM3\ARM_GCC_441\Debug\main.o
 .text          0x00000000        0x0 .\CortexM3\ARM_GCC_441\Debug\Cm3Start.o
 .data          0x00000000        0x0 .\CortexM3\ARM_GCC_441\Debug\Cm3Start.o
 .bss           0x00000000        0x0 .\CortexM3\ARM_GCC_441\Debug\Cm3Start.o
 .text          0x00000000        0x0 .\CortexM3\ARM_GCC_441\Debug\invert.a(PWM_BUCK.o)
 .data          0x00000000        0x0 .\CortexM3\ARM_GCC_441\Debug\invert.a(PWM_BUCK.o)
 .text.PWM_BUCK_Stop
                0x00000000       0x24 .\CortexM3\ARM_GCC_441\Debug\invert.a(PWM_BUCK.o)
 .text.PWM_BUCK_ReadCounter
                0x00000000       0x24 .\CortexM3\ARM_GCC_441\Debug\invert.a(PWM_BUCK.o)
 .text.PWM_BUCK_ReadDeadTime
                0x00000000       0x1c .\CortexM3\ARM_GCC_441\Debug\invert.a(PWM_BUCK.o)
 .text.PWM_BUCK_ReadControlRegister
                0x00000000       0x20 .\CortexM3\ARM_GCC_441\Debug\invert.a(PWM_BUCK.o)
 .text.PWM_BUCK_WriteControlRegister
                0x00000000       0x20 .\CortexM3\ARM_GCC_441\Debug\invert.a(PWM_BUCK.o)
 .text.PWM_BUCK_ReadCompare
                0x00000000       0x18 .\CortexM3\ARM_GCC_441\Debug\invert.a(PWM_BUCK.o)
 .text.PWM_BUCK_ReadPeriod
                0x00000000       0x18 .\CortexM3\ARM_GCC_441\Debug\invert.a(PWM_BUCK.o)
 .text          0x00000000        0x0 .\CortexM3\ARM_GCC_441\Debug\invert.a(Clock_1.o)
 .data          0x00000000        0x0 .\CortexM3\ARM_GCC_441\Debug\invert.a(Clock_1.o)
 .bss           0x00000000        0x0 .\CortexM3\ARM_GCC_441\Debug\invert.a(Clock_1.o)
 .text.Clock_1_Stop
                0x00000000       0x40 .\CortexM3\ARM_GCC_441\Debug\invert.a(Clock_1.o)
 .text.Clock_1_StandbyPower
                0x00000000       0x54 .\CortexM3\ARM_GCC_441\Debug\invert.a(Clock_1.o)
 .text.Clock_1_SetDividerRegister
                0x00000000      0x1a8 .\CortexM3\ARM_GCC_441\Debug\invert.a(Clock_1.o)
 .text.Clock_1_GetDividerRegister
                0x00000000       0x18 .\CortexM3\ARM_GCC_441\Debug\invert.a(Clock_1.o)
 .text.Clock_1_SetModeRegister
                0x00000000       0x3c .\CortexM3\ARM_GCC_441\Debug\invert.a(Clock_1.o)
 .text.Clock_1_ClearModeRegister
                0x00000000       0x40 .\CortexM3\ARM_GCC_441\Debug\invert.a(Clock_1.o)
 .text.Clock_1_GetModeRegister
                0x00000000       0x1c .\CortexM3\ARM_GCC_441\Debug\invert.a(Clock_1.o)
 .text.Clock_1_SetSourceRegister
                0x00000000      0x100 .\CortexM3\ARM_GCC_441\Debug\invert.a(Clock_1.o)
 .text.Clock_1_GetSourceRegister
                0x00000000       0x1c .\CortexM3\ARM_GCC_441\Debug\invert.a(Clock_1.o)
 .data          0x00000000        0x0 .\CortexM3\ARM_GCC_441\Debug\invert.a(CyBootAsmGnu.o)
 .bss           0x00000000        0x0 .\CortexM3\ARM_GCC_441\Debug\invert.a(CyBootAsmGnu.o)
 .text          0x00000000        0x0 .\CortexM3\ARM_GCC_441\Debug\invert.a(CyLib.o)
 .bss           0x00000000        0x0 .\CortexM3\ARM_GCC_441\Debug\invert.a(CyLib.o)
 .text.CyPLL_OUT_Start
                0x00000000       0xdc .\CortexM3\ARM_GCC_441\Debug\invert.a(CyLib.o)
 .text.CyPLL_OUT_Stop
                0x00000000       0x24 .\CortexM3\ARM_GCC_441\Debug\invert.a(CyLib.o)
 .text.CyPLL_OUT_SetPQ
                0x00000000       0xac .\CortexM3\ARM_GCC_441\Debug\invert.a(CyLib.o)
 .text.CyPLL_OUT_SetSource
                0x00000000       0x64 .\CortexM3\ARM_GCC_441\Debug\invert.a(CyLib.o)
 .text.CyIMO_Start
                0x00000000       0xd0 .\CortexM3\ARM_GCC_441\Debug\invert.a(CyLib.o)
 .text.CyIMO_Stop
                0x00000000       0x24 .\CortexM3\ARM_GCC_441\Debug\invert.a(CyLib.o)
 .text.CyUSB_PowerOnCheck
                0x00000000       0x74 .\CortexM3\ARM_GCC_441\Debug\invert.a(CyLib.o)
 .text.CyIMO_SetTrimValue
                0x00000000      0x12c .\CortexM3\ARM_GCC_441\Debug\invert.a(CyLib.o)
 .text.CyIMO_SetFreq
                0x00000000      0x1b4 .\CortexM3\ARM_GCC_441\Debug\invert.a(CyLib.o)
 .text.CyIMO_SetSource
                0x00000000       0xb8 .\CortexM3\ARM_GCC_441\Debug\invert.a(CyLib.o)
 .text.CyIMO_EnableDoubler
                0x00000000       0x28 .\CortexM3\ARM_GCC_441\Debug\invert.a(CyLib.o)
 .text.CyIMO_DisableDoubler
                0x00000000       0x24 .\CortexM3\ARM_GCC_441\Debug\invert.a(CyLib.o)
 .text.CyMasterClk_SetSource
                0x00000000       0x70 .\CortexM3\ARM_GCC_441\Debug\invert.a(CyLib.o)
 .text.CyMasterClk_SetDivider
                0x00000000       0x20 .\CortexM3\ARM_GCC_441\Debug\invert.a(CyLib.o)
 .text.CyBusClk_Internal_SetDivider
                0x00000000       0x9c .\CortexM3\ARM_GCC_441\Debug\invert.a(CyLib.o)
 .text.CyBusClk_SetDivider
                0x00000000       0xcc .\CortexM3\ARM_GCC_441\Debug\invert.a(CyLib.o)
 .text.CyUsbClk_SetSource
                0x00000000       0x3c .\CortexM3\ARM_GCC_441\Debug\invert.a(CyLib.o)
 .text.CyILO_Start1K
                0x00000000       0x28 .\CortexM3\ARM_GCC_441\Debug\invert.a(CyLib.o)
 .text.CyILO_Stop1K
                0x00000000       0x24 .\CortexM3\ARM_GCC_441\Debug\invert.a(CyLib.o)
 .text.CyILO_Start100K
                0x00000000       0x28 .\CortexM3\ARM_GCC_441\Debug\invert.a(CyLib.o)
 .text.CyILO_Stop100K
                0x00000000       0x24 .\CortexM3\ARM_GCC_441\Debug\invert.a(CyLib.o)
 .text.CyILO_Enable33K
                0x00000000       0x28 .\CortexM3\ARM_GCC_441\Debug\invert.a(CyLib.o)
 .text.CyILO_Disable33K
                0x00000000       0x24 .\CortexM3\ARM_GCC_441\Debug\invert.a(CyLib.o)
 .text.CyILO_SetSource
                0x00000000       0x44 .\CortexM3\ARM_GCC_441\Debug\invert.a(CyLib.o)
 .text.CyILO_SetPowerMode
                0x00000000       0x58 .\CortexM3\ARM_GCC_441\Debug\invert.a(CyLib.o)
 .text.CyXTAL_32KHZ_Start
                0x00000000       0xa4 .\CortexM3\ARM_GCC_441\Debug\invert.a(CyLib.o)
 .text.CyXTAL_32KHZ_Stop
                0x00000000       0x60 .\CortexM3\ARM_GCC_441\Debug\invert.a(CyLib.o)
 .text.CyXTAL_32KHZ_ReadStatus
                0x00000000       0x1c .\CortexM3\ARM_GCC_441\Debug\invert.a(CyLib.o)
 .text.CyXTAL_32KHZ_SetPowerMode
                0x00000000       0xf8 .\CortexM3\ARM_GCC_441\Debug\invert.a(CyLib.o)
 .text.CyXTAL_Start
                0x00000000       0xe4 .\CortexM3\ARM_GCC_441\Debug\invert.a(CyLib.o)
 .text.CyXTAL_Stop
                0x00000000       0x24 .\CortexM3\ARM_GCC_441\Debug\invert.a(CyLib.o)
 .text.CyXTAL_SetStartup
                0x00000000       0x3c .\CortexM3\ARM_GCC_441\Debug\invert.a(CyLib.o)
 .text.CySoftwareReset
                0x00000000       0x18 .\CortexM3\ARM_GCC_441\Debug\invert.a(CyLib.o)
 .text.CyDelayFreq
                0x00000000       0xac .\CortexM3\ARM_GCC_441\Debug\invert.a(CyLib.o)
 .text.CyWdtStart
                0x00000000       0x98 .\CortexM3\ARM_GCC_441\Debug\invert.a(CyLib.o)
 .text.CyWdtClear
                0x00000000       0x44 .\CortexM3\ARM_GCC_441\Debug\invert.a(CyLib.o)
 .text.CyVdLvDigitEnable
                0x00000000       0x94 .\CortexM3\ARM_GCC_441\Debug\invert.a(CyLib.o)
 .text.CyVdLvAnalogEnable
                0x00000000       0x98 .\CortexM3\ARM_GCC_441\Debug\invert.a(CyLib.o)
 .text.CyVdLvDigitDisable
                0x00000000       0x38 .\CortexM3\ARM_GCC_441\Debug\invert.a(CyLib.o)
 .text.CyVdLvAnalogDisable
                0x00000000       0x38 .\CortexM3\ARM_GCC_441\Debug\invert.a(CyLib.o)
 .text.CyVdHvAnalogEnable
                0x00000000       0x60 .\CortexM3\ARM_GCC_441\Debug\invert.a(CyLib.o)
 .text.CyVdHvAnalogDisable
                0x00000000       0x24 .\CortexM3\ARM_GCC_441\Debug\invert.a(CyLib.o)
 .text.CyVdStickyStatus
                0x00000000       0x48 .\CortexM3\ARM_GCC_441\Debug\invert.a(CyLib.o)
 .text.CyVdRealTimeStatus
                0x00000000       0x30 .\CortexM3\ARM_GCC_441\Debug\invert.a(CyLib.o)
 .text.CyDisableInts
                0x00000000       0x3c .\CortexM3\ARM_GCC_441\Debug\invert.a(CyLib.o)
 .text.CyEnableInts
                0x00000000       0x2c .\CortexM3\ARM_GCC_441\Debug\invert.a(CyLib.o)
 .text.CyFlushCache
                0x00000000       0x7c .\CortexM3\ARM_GCC_441\Debug\invert.a(CyLib.o)
 .text.CyIntSetSysVector
                0x00000000       0x58 .\CortexM3\ARM_GCC_441\Debug\invert.a(CyLib.o)
 .text.CyIntGetSysVector
                0x00000000       0x40 .\CortexM3\ARM_GCC_441\Debug\invert.a(CyLib.o)
 .text.CyIntGetVector
                0x00000000       0x44 .\CortexM3\ARM_GCC_441\Debug\invert.a(CyLib.o)
 .text.CyIntGetPriority
                0x00000000       0x3c .\CortexM3\ARM_GCC_441\Debug\invert.a(CyLib.o)
 .text.CyIntGetState
                0x00000000       0x40 .\CortexM3\ARM_GCC_441\Debug\invert.a(CyLib.o)
 .text          0x00000000        0x0 .\CortexM3\ARM_GCC_441\Debug\invert.a(cyPm.o)
 .data          0x00000000        0x0 .\CortexM3\ARM_GCC_441\Debug\invert.a(cyPm.o)
 .bss           0x00000000       0xbc .\CortexM3\ARM_GCC_441\Debug\invert.a(cyPm.o)
 .rodata        0x00000000       0x10 .\CortexM3\ARM_GCC_441\Debug\invert.a(cyPm.o)
 .text.CyPmSaveClocks
                0x00000000      0x350 .\CortexM3\ARM_GCC_441\Debug\invert.a(cyPm.o)
 .text.CyPmRestoreClocks
                0x00000000      0x3c0 .\CortexM3\ARM_GCC_441\Debug\invert.a(cyPm.o)
 .text.CyPmAltAct
                0x00000000       0x64 .\CortexM3\ARM_GCC_441\Debug\invert.a(cyPm.o)
 .text.CyPmSleep
                0x00000000      0x130 .\CortexM3\ARM_GCC_441\Debug\invert.a(cyPm.o)
 .text.CyPmHibernate
                0x00000000      0x10c .\CortexM3\ARM_GCC_441\Debug\invert.a(cyPm.o)
 .text.CyPmReadStatus
                0x00000000       0x7c .\CortexM3\ARM_GCC_441\Debug\invert.a(cyPm.o)
 .text.CyPmHibSaveSet
                0x00000000       0x60 .\CortexM3\ARM_GCC_441\Debug\invert.a(cyPm.o)
 .text.CyPmHibRestore
                0x00000000       0x38 .\CortexM3\ARM_GCC_441\Debug\invert.a(cyPm.o)
 .text.CyPmCtwSetInterval
                0x00000000       0xd8 .\CortexM3\ARM_GCC_441\Debug\invert.a(cyPm.o)
 .text.CyPmOppsSet
                0x00000000       0x54 .\CortexM3\ARM_GCC_441\Debug\invert.a(cyPm.o)
 .text.CyPmFtwSetInterval
                0x00000000       0xdc .\CortexM3\ARM_GCC_441\Debug\invert.a(cyPm.o)
 .text.CyPmSavePicuInterrupts
                0x00000000       0x4c .\CortexM3\ARM_GCC_441\Debug\invert.a(cyPm.o)
 .text.CyPmDisablePicuInterrupts
                0x00000000       0x44 .\CortexM3\ARM_GCC_441\Debug\invert.a(cyPm.o)
 .text.CyPmRestorePicuInterrupts
                0x00000000       0x4c .\CortexM3\ARM_GCC_441\Debug\invert.a(cyPm.o)
 .text.CyPmSlpSaveSet
                0x00000000      0x130 .\CortexM3\ARM_GCC_441\Debug\invert.a(cyPm.o)
 .text.CyPmSlpRestore
                0x00000000       0xa4 .\CortexM3\ARM_GCC_441\Debug\invert.a(cyPm.o)
 .text.CyPmHibSlpSaveSet
                0x00000000      0xbd8 .\CortexM3\ARM_GCC_441\Debug\invert.a(cyPm.o)
 .text.CyPmHibSlpRestore
                0x00000000      0x6f0 .\CortexM3\ARM_GCC_441\Debug\invert.a(cyPm.o)
 .text.CyPmHviLviSaveDisable
                0x00000000      0x114 .\CortexM3\ARM_GCC_441\Debug\invert.a(cyPm.o)
 .text.CyPmHviLviRestore
                0x00000000       0x7c .\CortexM3\ARM_GCC_441\Debug\invert.a(cyPm.o)
 .text          0x00000000        0x0 .\CortexM3\ARM_GCC_441\Debug\invert.a(LCD_Char_1.o)
 .data          0x00000000        0x0 .\CortexM3\ARM_GCC_441\Debug\invert.a(LCD_Char_1.o)
 .text.LCD_Char_1_Stop
                0x00000000       0x1c .\CortexM3\ARM_GCC_441\Debug\invert.a(LCD_Char_1.o)
 .text.LCD_Char_1_PrintNumber
                0x00000000      0x110 .\CortexM3\ARM_GCC_441\Debug\invert.a(LCD_Char_1.o)
 .text          0x00000000        0x0 .\CortexM3\ARM_GCC_441\Debug\invert.a(ADC_DelSig_V.o)
 .text.ADC_DelSig_V_SavePowerRegisters
                0x00000000       0xbc .\CortexM3\ARM_GCC_441\Debug\invert.a(ADC_DelSig_V.o)
 .text.ADC_DelSig_V_SetLowPower
                0x00000000      0x138 .\CortexM3\ARM_GCC_441\Debug\invert.a(ADC_DelSig_V.o)
 .text.ADC_DelSig_V_Stop
                0x00000000      0x1b0 .\CortexM3\ARM_GCC_441\Debug\invert.a(ADC_DelSig_V.o)
 .text.ADC_DelSig_V_SetBufferGain
                0x00000000       0x44 .\CortexM3\ARM_GCC_441\Debug\invert.a(ADC_DelSig_V.o)
 .text.ADC_DelSig_V_SetCoherency
                0x00000000       0x3c .\CortexM3\ARM_GCC_441\Debug\invert.a(ADC_DelSig_V.o)
 .text.ADC_DelSig_V_SetGCOR
                0x00000000       0xe8 .\CortexM3\ARM_GCC_441\Debug\invert.a(ADC_DelSig_V.o)
 .text.ADC_DelSig_V_ReadGCOR
                0x00000000       0xbc .\CortexM3\ARM_GCC_441\Debug\invert.a(ADC_DelSig_V.o)
 .text.ADC_DelSig_V_SetBufferChop
                0x00000000       0x44 .\CortexM3\ARM_GCC_441\Debug\invert.a(ADC_DelSig_V.o)
 .text.ADC_DelSig_V_StopConvert
                0x00000000       0x34 .\CortexM3\ARM_GCC_441\Debug\invert.a(ADC_DelSig_V.o)
 .text.ADC_DelSig_V_GetResult8
                0x00000000       0x1c .\CortexM3\ARM_GCC_441\Debug\invert.a(ADC_DelSig_V.o)
 .text.ADC_DelSig_V_GetResult32
                0x00000000       0x3c .\CortexM3\ARM_GCC_441\Debug\invert.a(ADC_DelSig_V.o)
 .text.ADC_DelSig_V_SetOffset
                0x00000000       0x20 .\CortexM3\ARM_GCC_441\Debug\invert.a(ADC_DelSig_V.o)
 .text.ADC_DelSig_V_SetGain
                0x00000000       0x20 .\CortexM3\ARM_GCC_441\Debug\invert.a(ADC_DelSig_V.o)
 .text.ADC_DelSig_V_CountsTo_mVolts
                0x00000000       0xc4 .\CortexM3\ARM_GCC_441\Debug\invert.a(ADC_DelSig_V.o)
 .text.ADC_DelSig_V_CountsTo_Volts
                0x00000000       0x54 .\CortexM3\ARM_GCC_441\Debug\invert.a(ADC_DelSig_V.o)
 .text.ADC_DelSig_V_CountsTo_uVolts
                0x00000000       0xf0 .\CortexM3\ARM_GCC_441\Debug\invert.a(ADC_DelSig_V.o)
 .text.ADC_DelSig_V_IRQ_Start
                0x00000000       0x40 .\CortexM3\ARM_GCC_441\Debug\invert.a(ADC_DelSig_V.o)
 .text.ADC_DelSig_V_RoundValue
                0x00000000       0x54 .\CortexM3\ARM_GCC_441\Debug\invert.a(ADC_DelSig_V.o)
 .text.ADC_DelSig_V_SelectConfiguration
                0x00000000      0x200 .\CortexM3\ARM_GCC_441\Debug\invert.a(ADC_DelSig_V.o)
 .text          0x00000000        0x0 .\CortexM3\ARM_GCC_441\Debug\invert.a(ADC_DelSig_V_INT.o)
 .data          0x00000000        0x0 .\CortexM3\ARM_GCC_441\Debug\invert.a(ADC_DelSig_V_INT.o)
 .bss           0x00000000        0x0 .\CortexM3\ARM_GCC_441\Debug\invert.a(ADC_DelSig_V_INT.o)
 .text          0x00000000        0x0 .\CortexM3\ARM_GCC_441\Debug\invert.a(ADC_DelSig_V_theACLK.o)
 .data          0x00000000        0x0 .\CortexM3\ARM_GCC_441\Debug\invert.a(ADC_DelSig_V_theACLK.o)
 .bss           0x00000000        0x0 .\CortexM3\ARM_GCC_441\Debug\invert.a(ADC_DelSig_V_theACLK.o)
 .text.ADC_DelSig_V_theACLK_Start
                0x00000000       0x28 .\CortexM3\ARM_GCC_441\Debug\invert.a(ADC_DelSig_V_theACLK.o)
 .text.ADC_DelSig_V_theACLK_Stop
                0x00000000       0x24 .\CortexM3\ARM_GCC_441\Debug\invert.a(ADC_DelSig_V_theACLK.o)
 .text.ADC_DelSig_V_theACLK_StandbyPower
                0x00000000       0x54 .\CortexM3\ARM_GCC_441\Debug\invert.a(ADC_DelSig_V_theACLK.o)
 .text.ADC_DelSig_V_theACLK_SetDividerRegister
                0x00000000      0x194 .\CortexM3\ARM_GCC_441\Debug\invert.a(ADC_DelSig_V_theACLK.o)
 .text.ADC_DelSig_V_theACLK_GetDividerRegister
                0x00000000       0x18 .\CortexM3\ARM_GCC_441\Debug\invert.a(ADC_DelSig_V_theACLK.o)
 .text.ADC_DelSig_V_theACLK_ClearModeRegister
                0x00000000       0x40 .\CortexM3\ARM_GCC_441\Debug\invert.a(ADC_DelSig_V_theACLK.o)
 .text.ADC_DelSig_V_theACLK_GetModeRegister
                0x00000000       0x1c .\CortexM3\ARM_GCC_441\Debug\invert.a(ADC_DelSig_V_theACLK.o)
 .text.ADC_DelSig_V_theACLK_SetSourceRegister
                0x00000000       0xe8 .\CortexM3\ARM_GCC_441\Debug\invert.a(ADC_DelSig_V_theACLK.o)
 .text.ADC_DelSig_V_theACLK_GetSourceRegister
                0x00000000       0x1c .\CortexM3\ARM_GCC_441\Debug\invert.a(ADC_DelSig_V_theACLK.o)
 .text.ADC_DelSig_V_theACLK_SetPhaseRegister
                0x00000000       0x24 .\CortexM3\ARM_GCC_441\Debug\invert.a(ADC_DelSig_V_theACLK.o)
 .text.ADC_DelSig_V_theACLK_GetPhaseRegister
                0x00000000       0x1c .\CortexM3\ARM_GCC_441\Debug\invert.a(ADC_DelSig_V_theACLK.o)
 .text          0x00000000        0x0 .\CortexM3\ARM_GCC_441\Debug\invert.a(ADC_DelSig_V_Ext_CP_Clk.o)
 .data          0x00000000        0x0 .\CortexM3\ARM_GCC_441\Debug\invert.a(ADC_DelSig_V_Ext_CP_Clk.o)
 .bss           0x00000000        0x0 .\CortexM3\ARM_GCC_441\Debug\invert.a(ADC_DelSig_V_Ext_CP_Clk.o)
 .text.ADC_DelSig_V_Ext_CP_Clk_Start
                0x00000000       0x28 .\CortexM3\ARM_GCC_441\Debug\invert.a(ADC_DelSig_V_Ext_CP_Clk.o)
 .text.ADC_DelSig_V_Ext_CP_Clk_Stop
                0x00000000       0x24 .\CortexM3\ARM_GCC_441\Debug\invert.a(ADC_DelSig_V_Ext_CP_Clk.o)
 .text.ADC_DelSig_V_Ext_CP_Clk_StandbyPower
                0x00000000       0x54 .\CortexM3\ARM_GCC_441\Debug\invert.a(ADC_DelSig_V_Ext_CP_Clk.o)
 .text.ADC_DelSig_V_Ext_CP_Clk_SetDividerRegister
                0x00000000      0x194 .\CortexM3\ARM_GCC_441\Debug\invert.a(ADC_DelSig_V_Ext_CP_Clk.o)
 .text.ADC_DelSig_V_Ext_CP_Clk_GetDividerRegister
                0x00000000       0x18 .\CortexM3\ARM_GCC_441\Debug\invert.a(ADC_DelSig_V_Ext_CP_Clk.o)
 .text.ADC_DelSig_V_Ext_CP_Clk_ClearModeRegister
                0x00000000       0x40 .\CortexM3\ARM_GCC_441\Debug\invert.a(ADC_DelSig_V_Ext_CP_Clk.o)
 .text.ADC_DelSig_V_Ext_CP_Clk_GetModeRegister
                0x00000000       0x1c .\CortexM3\ARM_GCC_441\Debug\invert.a(ADC_DelSig_V_Ext_CP_Clk.o)
 .text.ADC_DelSig_V_Ext_CP_Clk_SetSourceRegister
                0x00000000       0xe8 .\CortexM3\ARM_GCC_441\Debug\invert.a(ADC_DelSig_V_Ext_CP_Clk.o)
 .text.ADC_DelSig_V_Ext_CP_Clk_GetSourceRegister
                0x00000000       0x1c .\CortexM3\ARM_GCC_441\Debug\invert.a(ADC_DelSig_V_Ext_CP_Clk.o)
 .text          0x00000000        0x0 .\CortexM3\ARM_GCC_441\Debug\invert.a(ADC_DelSig_V_AMux.o)
 .bss           0x00000000        0x0 .\CortexM3\ARM_GCC_441\Debug\invert.a(ADC_DelSig_V_AMux.o)
 .text.ADC_DelSig_V_AMux_FastSelect
                0x00000000       0x44 .\CortexM3\ARM_GCC_441\Debug\invert.a(ADC_DelSig_V_AMux.o)
 .text          0x00000000        0x0 .\CortexM3\ARM_GCC_441\Debug\invert.a(UART_1.o)
 .data          0x00000000        0x0 .\CortexM3\ARM_GCC_441\Debug\invert.a(UART_1.o)
 .text.UART_1_Stop
                0x00000000       0x3c .\CortexM3\ARM_GCC_441\Debug\invert.a(UART_1.o)
 .text.UART_1_ReadControlRegister
                0x00000000       0x10 .\CortexM3\ARM_GCC_441\Debug\invert.a(UART_1.o)
 .text.UART_1_WriteControlRegister
                0x00000000       0x14 .\CortexM3\ARM_GCC_441\Debug\invert.a(UART_1.o)
 .text.UART_1_SetTxInterruptMode
                0x00000000       0x20 .\CortexM3\ARM_GCC_441\Debug\invert.a(UART_1.o)
 .text.UART_1_ReadTxStatus
                0x00000000       0x18 .\CortexM3\ARM_GCC_441\Debug\invert.a(UART_1.o)
 .text.UART_1_PutChar
                0x00000000       0x34 .\CortexM3\ARM_GCC_441\Debug\invert.a(UART_1.o)
 .text.UART_1_PutString
                0x00000000       0x48 .\CortexM3\ARM_GCC_441\Debug\invert.a(UART_1.o)
 .text.UART_1_PutArray
                0x00000000       0x48 .\CortexM3\ARM_GCC_441\Debug\invert.a(UART_1.o)
 .text.UART_1_PutCRLF
                0x00000000       0x38 .\CortexM3\ARM_GCC_441\Debug\invert.a(UART_1.o)
 .text.UART_1_GetTxBufferSize
                0x00000000       0x4c .\CortexM3\ARM_GCC_441\Debug\invert.a(UART_1.o)
 .text.UART_1_ClearTxBuffer
                0x00000000       0x54 .\CortexM3\ARM_GCC_441\Debug\invert.a(UART_1.o)
 .text.UART_1_SendBreak
                0x00000000       0xcc .\CortexM3\ARM_GCC_441\Debug\invert.a(UART_1.o)
 .text.UART_1_SetTxAddressMode
                0x00000000       0x14 .\CortexM3\ARM_GCC_441\Debug\invert.a(UART_1.o)
 .text          0x00000000        0x0 .\CortexM3\ARM_GCC_441\Debug\invert.a(UART_1_IntClock.o)
 .data          0x00000000        0x0 .\CortexM3\ARM_GCC_441\Debug\invert.a(UART_1_IntClock.o)
 .bss           0x00000000        0x0 .\CortexM3\ARM_GCC_441\Debug\invert.a(UART_1_IntClock.o)
 .text.UART_1_IntClock_Stop
                0x00000000       0x40 .\CortexM3\ARM_GCC_441\Debug\invert.a(UART_1_IntClock.o)
 .text.UART_1_IntClock_StandbyPower
                0x00000000       0x54 .\CortexM3\ARM_GCC_441\Debug\invert.a(UART_1_IntClock.o)
 .text.UART_1_IntClock_SetDividerRegister
                0x00000000      0x1a8 .\CortexM3\ARM_GCC_441\Debug\invert.a(UART_1_IntClock.o)
 .text.UART_1_IntClock_GetDividerRegister
                0x00000000       0x18 .\CortexM3\ARM_GCC_441\Debug\invert.a(UART_1_IntClock.o)
 .text.UART_1_IntClock_SetModeRegister
                0x00000000       0x3c .\CortexM3\ARM_GCC_441\Debug\invert.a(UART_1_IntClock.o)
 .text.UART_1_IntClock_ClearModeRegister
                0x00000000       0x40 .\CortexM3\ARM_GCC_441\Debug\invert.a(UART_1_IntClock.o)
 .text.UART_1_IntClock_GetModeRegister
                0x00000000       0x1c .\CortexM3\ARM_GCC_441\Debug\invert.a(UART_1_IntClock.o)
 .text.UART_1_IntClock_SetSourceRegister
                0x00000000      0x100 .\CortexM3\ARM_GCC_441\Debug\invert.a(UART_1_IntClock.o)
 .text.UART_1_IntClock_GetSourceRegister
                0x00000000       0x1c .\CortexM3\ARM_GCC_441\Debug\invert.a(UART_1_IntClock.o)
 .text          0x00000000        0x0 .\CortexM3\ARM_GCC_441\Debug\invert.a(cyfitter_cfg.o)
 .data          0x00000000        0x0 .\CortexM3\ARM_GCC_441\Debug\invert.a(cyfitter_cfg.o)
 .bss           0x00000000        0x0 .\CortexM3\ARM_GCC_441\Debug\invert.a(cyfitter_cfg.o)
 .text.CYCONFIGCPYCODE8
                0x00000000       0x20 .\CortexM3\ARM_GCC_441\Debug\invert.a(cyfitter_cfg.o)
 .text.CYCONFIGCPYCODE
                0x00000000       0x20 .\CortexM3\ARM_GCC_441\Debug\invert.a(cyfitter_cfg.o)
 .text.SetAnalogRoutingPumps
                0x00000000       0x44 .\CortexM3\ARM_GCC_441\Debug\invert.a(cyfitter_cfg.o)
 .text          0x00000000        0x0 .\CortexM3\ARM_GCC_441\Debug\invert.a(CyFlash.o)
 .data          0x00000000        0x0 .\CortexM3\ARM_GCC_441\Debug\invert.a(CyFlash.o)
 .bss           0x00000000        0x4 .\CortexM3\ARM_GCC_441\Debug\invert.a(CyFlash.o)
 .text.CyFlash_Start
                0x00000000       0x50 .\CortexM3\ARM_GCC_441\Debug\invert.a(CyFlash.o)
 .text.CyFlash_Stop
                0x00000000       0x40 .\CortexM3\ARM_GCC_441\Debug\invert.a(CyFlash.o)
 .text.CySetTempInt
                0x00000000       0x98 .\CortexM3\ARM_GCC_441\Debug\invert.a(CyFlash.o)
 .text.CySetTemp
                0x00000000       0x28 .\CortexM3\ARM_GCC_441\Debug\invert.a(CyFlash.o)
 .text.CySetFlashEEBuffer
                0x00000000       0x50 .\CortexM3\ARM_GCC_441\Debug\invert.a(CyFlash.o)
 .text.CyWriteRowData
                0x00000000       0xac .\CortexM3\ARM_GCC_441\Debug\invert.a(CyFlash.o)
 .text.CyWriteRowFull
                0x00000000      0x124 .\CortexM3\ARM_GCC_441\Debug\invert.a(CyFlash.o)
 .text.CyFlash_SetWaitCycles
                0x00000000       0xc4 .\CortexM3\ARM_GCC_441\Debug\invert.a(CyFlash.o)
 .text.CyEEPROM_ReadReserve
                0x00000000       0x3c .\CortexM3\ARM_GCC_441\Debug\invert.a(CyFlash.o)
 .text.CyEEPROM_ReadRelease
                0x00000000       0x20 .\CortexM3\ARM_GCC_441\Debug\invert.a(CyFlash.o)
 COMMON         0x00000000        0x2 .\CortexM3\ARM_GCC_441\Debug\invert.a(CyFlash.o)
 .text          0x00000000        0x0 .\CortexM3\ARM_GCC_441\Debug\invert.a(CySpc.o)
 .data          0x00000000        0x0 .\CortexM3\ARM_GCC_441\Debug\invert.a(CySpc.o)
 .bss           0x00000000        0x1 .\CortexM3\ARM_GCC_441\Debug\invert.a(CySpc.o)
 .text.CySpcStart
                0x00000000       0x58 .\CortexM3\ARM_GCC_441\Debug\invert.a(CySpc.o)
 .text.CySpcStop
                0x00000000       0x54 .\CortexM3\ARM_GCC_441\Debug\invert.a(CySpc.o)
 .text.CySpcReadData
                0x00000000       0x64 .\CortexM3\ARM_GCC_441\Debug\invert.a(CySpc.o)
 .text.CySpcLoadMultiByte
                0x00000000      0x118 .\CortexM3\ARM_GCC_441\Debug\invert.a(CySpc.o)
 .text.CySpcLoadRow
                0x00000000       0xbc .\CortexM3\ARM_GCC_441\Debug\invert.a(CySpc.o)
 .text.CySpcWriteRow
                0x00000000       0xcc .\CortexM3\ARM_GCC_441\Debug\invert.a(CySpc.o)
 .text.CySpcEraseSector
                0x00000000       0x9c .\CortexM3\ARM_GCC_441\Debug\invert.a(CySpc.o)
 .text.CySpcGetTemp
                0x00000000       0xc4 .\CortexM3\ARM_GCC_441\Debug\invert.a(CySpc.o)
 .text.CySpcLock
                0x00000000       0x4c .\CortexM3\ARM_GCC_441\Debug\invert.a(CySpc.o)
 .text.CySpcUnlock
                0x00000000       0x2c .\CortexM3\ARM_GCC_441\Debug\invert.a(CySpc.o)
 .text          0x00000000      0x370 c:/program files (x86)/cypress/psoc creator/2.2/psoc creator/import/gnu_cs/arm/4.4.1/bin/../lib/gcc/arm-none-eabi/4.4.1/thumb2\libgcc.a(_arm_addsubdf3.o)
 .data          0x00000000        0x0 c:/program files (x86)/cypress/psoc creator/2.2/psoc creator/import/gnu_cs/arm/4.4.1/bin/../lib/gcc/arm-none-eabi/4.4.1/thumb2\libgcc.a(_arm_addsubdf3.o)
 .bss           0x00000000        0x0 c:/program files (x86)/cypress/psoc creator/2.2/psoc creator/import/gnu_cs/arm/4.4.1/bin/../lib/gcc/arm-none-eabi/4.4.1/thumb2\libgcc.a(_arm_addsubdf3.o)
 .text          0x00000000      0x110 c:/program files (x86)/cypress/psoc creator/2.2/psoc creator/import/gnu_cs/arm/4.4.1/bin/../lib/gcc/arm-none-eabi/4.4.1/thumb2\libgcc.a(_arm_cmpdf2.o)
 .data          0x00000000        0x0 c:/program files (x86)/cypress/psoc creator/2.2/psoc creator/import/gnu_cs/arm/4.4.1/bin/../lib/gcc/arm-none-eabi/4.4.1/thumb2\libgcc.a(_arm_cmpdf2.o)
 .bss           0x00000000        0x0 c:/program files (x86)/cypress/psoc creator/2.2/psoc creator/import/gnu_cs/arm/4.4.1/bin/../lib/gcc/arm-none-eabi/4.4.1/thumb2\libgcc.a(_arm_cmpdf2.o)
 .text          0x00000000      0x21c c:/program files (x86)/cypress/psoc creator/2.2/psoc creator/import/gnu_cs/arm/4.4.1/bin/../lib/gcc/arm-none-eabi/4.4.1/thumb2\libgcc.a(_arm_addsubsf3.o)
 .data          0x00000000        0x0 c:/program files (x86)/cypress/psoc creator/2.2/psoc creator/import/gnu_cs/arm/4.4.1/bin/../lib/gcc/arm-none-eabi/4.4.1/thumb2\libgcc.a(_arm_addsubsf3.o)
 .bss           0x00000000        0x0 c:/program files (x86)/cypress/psoc creator/2.2/psoc creator/import/gnu_cs/arm/4.4.1/bin/../lib/gcc/arm-none-eabi/4.4.1/thumb2\libgcc.a(_arm_addsubsf3.o)
 .text          0x00000000      0x2a0 c:/program files (x86)/cypress/psoc creator/2.2/psoc creator/import/gnu_cs/arm/4.4.1/bin/../lib/gcc/arm-none-eabi/4.4.1/thumb2\libgcc.a(_arm_muldivsf3.o)
 .data          0x00000000        0x0 c:/program files (x86)/cypress/psoc creator/2.2/psoc creator/import/gnu_cs/arm/4.4.1/bin/../lib/gcc/arm-none-eabi/4.4.1/thumb2\libgcc.a(_arm_muldivsf3.o)
 .bss           0x00000000        0x0 c:/program files (x86)/cypress/psoc creator/2.2/psoc creator/import/gnu_cs/arm/4.4.1/bin/../lib/gcc/arm-none-eabi/4.4.1/thumb2\libgcc.a(_arm_muldivsf3.o)
 .text          0x00000000       0x40 c:/program files (x86)/cypress/psoc creator/2.2/psoc creator/import/gnu_cs/arm/4.4.1/bin/../lib/gcc/arm-none-eabi/4.4.1/thumb2\libgcc.a(_arm_fixunssfsi.o)
 .data          0x00000000        0x0 c:/program files (x86)/cypress/psoc creator/2.2/psoc creator/import/gnu_cs/arm/4.4.1/bin/../lib/gcc/arm-none-eabi/4.4.1/thumb2\libgcc.a(_arm_fixunssfsi.o)
 .bss           0x00000000        0x0 c:/program files (x86)/cypress/psoc creator/2.2/psoc creator/import/gnu_cs/arm/4.4.1/bin/../lib/gcc/arm-none-eabi/4.4.1/thumb2\libgcc.a(_arm_fixunssfsi.o)
 .data          0x00000000        0x0 c:/program files (x86)/cypress/psoc creator/2.2/psoc creator/import/gnu_cs/arm/4.4.1/bin/../lib/gcc/arm-none-eabi/4.4.1/../../../../arm-none-eabi/lib/thumb2\libc.a(lib_a-memcpy.o)
 .bss           0x00000000        0x0 c:/program files (x86)/cypress/psoc creator/2.2/psoc creator/import/gnu_cs/arm/4.4.1/bin/../lib/gcc/arm-none-eabi/4.4.1/../../../../arm-none-eabi/lib/thumb2\libc.a(lib_a-memcpy.o)
 .data          0x00000000        0x0 c:/program files (x86)/cypress/psoc creator/2.2/psoc creator/import/gnu_cs/arm/4.4.1/bin/../lib/gcc/arm-none-eabi/4.4.1/../../../../arm-none-eabi/lib/thumb2\libc.a(lib_a-memset.o)
 .bss           0x00000000        0x0 c:/program files (x86)/cypress/psoc creator/2.2/psoc creator/import/gnu_cs/arm/4.4.1/bin/../lib/gcc/arm-none-eabi/4.4.1/../../../../arm-none-eabi/lib/thumb2\libc.a(lib_a-memset.o)
 .text          0x00000000        0x0 c:/program files (x86)/cypress/psoc creator/2.2/psoc creator/import/gnu_cs/arm/4.4.1/bin/../lib/gcc/arm-none-eabi/4.4.1/thumb2/crtend.o
 .data          0x00000000        0x0 c:/program files (x86)/cypress/psoc creator/2.2/psoc creator/import/gnu_cs/arm/4.4.1/bin/../lib/gcc/arm-none-eabi/4.4.1/thumb2/crtend.o
 .bss           0x00000000        0x0 c:/program files (x86)/cypress/psoc creator/2.2/psoc creator/import/gnu_cs/arm/4.4.1/bin/../lib/gcc/arm-none-eabi/4.4.1/thumb2/crtend.o
 .text          0x00000000        0x0 c:/program files (x86)/cypress/psoc creator/2.2/psoc creator/import/gnu_cs/arm/4.4.1/bin/../lib/gcc/arm-none-eabi/4.4.1/thumb2/crtn.o
 .data          0x00000000        0x0 c:/program files (x86)/cypress/psoc creator/2.2/psoc creator/import/gnu_cs/arm/4.4.1/bin/../lib/gcc/arm-none-eabi/4.4.1/thumb2/crtn.o
 .bss           0x00000000        0x0 c:/program files (x86)/cypress/psoc creator/2.2/psoc creator/import/gnu_cs/arm/4.4.1/bin/../lib/gcc/arm-none-eabi/4.4.1/thumb2/crtn.o
 .data          0x00000000        0x0 c:/program files (x86)/cypress/psoc creator/2.2/psoc creator/import/gnu_cs/arm/4.4.1/bin/../lib/gcc/arm-none-eabi/4.4.1/../../../../arm-none-eabi/lib/thumb2\libcs3.a(start_c.o)
 .bss           0x00000000        0x0 c:/program files (x86)/cypress/psoc creator/2.2/psoc creator/import/gnu_cs/arm/4.4.1/bin/../lib/gcc/arm-none-eabi/4.4.1/../../../../arm-none-eabi/lib/thumb2\libcs3.a(start_c.o)
 .data          0x00000000        0x0 c:/program files (x86)/cypress/psoc creator/2.2/psoc creator/import/gnu_cs/arm/4.4.1/bin/../lib/gcc/arm-none-eabi/4.4.1/../../../../arm-none-eabi/lib/thumb2\libcs3micro.a(micro_isr_interrupt.o)
 .bss           0x00000000        0x0 c:/program files (x86)/cypress/psoc creator/2.2/psoc creator/import/gnu_cs/arm/4.4.1/bin/../lib/gcc/arm-none-eabi/4.4.1/../../../../arm-none-eabi/lib/thumb2\libcs3micro.a(micro_isr_interrupt.o)
 .data          0x00000000        0x0 c:/program files (x86)/cypress/psoc creator/2.2/psoc creator/import/gnu_cs/arm/4.4.1/bin/../lib/gcc/arm-none-eabi/4.4.1/../../../../arm-none-eabi/lib/thumb2\libc.a(lib_a-init.o)
 .bss           0x00000000        0x0 c:/program files (x86)/cypress/psoc creator/2.2/psoc creator/import/gnu_cs/arm/4.4.1/bin/../lib/gcc/arm-none-eabi/4.4.1/../../../../arm-none-eabi/lib/thumb2\libc.a(lib_a-init.o)

Memory Configuration

Name             Origin             Length             Attributes
rom              0x00000000         0x00040000         xr
ram              0x1fff8000         0x0000b000         xrw
*default*        0x00000000         0xffffffff

Linker script and memory map

LOAD c:/program files (x86)/cypress/psoc creator/2.2/psoc creator/import/gnu_cs/arm/4.4.1/bin/../lib/gcc/arm-none-eabi/4.4.1/thumb2/crti.o
LOAD c:/program files (x86)/cypress/psoc creator/2.2/psoc creator/import/gnu_cs/arm/4.4.1/bin/../lib/gcc/arm-none-eabi/4.4.1/thumb2/crtbegin.o
START GROUP
LOAD .\CortexM3\ARM_GCC_441\Debug\main.o
LOAD .\CortexM3\ARM_GCC_441\Debug\Cm3Start.o
LOAD .\CortexM3\ARM_GCC_441\Debug\invert.a
LOAD C:\Program Files (x86)\Cypress\PSoC Creator\2.2\PSoC Creator\psoc\content\cycomponentlibrary\CyComponentLibrary.cylib\CortexM3\ARM_GCC_441\Debug\CyComponentLibrary.a
END GROUP
START GROUP
LOAD c:/program files (x86)/cypress/psoc creator/2.2/psoc creator/import/gnu_cs/arm/4.4.1/bin/../lib/gcc/arm-none-eabi/4.4.1/thumb2\libgcc.a
LOAD c:/program files (x86)/cypress/psoc creator/2.2/psoc creator/import/gnu_cs/arm/4.4.1/bin/../lib/gcc/arm-none-eabi/4.4.1/../../../../arm-none-eabi/lib/thumb2\libc.a
END GROUP
LOAD c:/program files (x86)/cypress/psoc creator/2.2/psoc creator/import/gnu_cs/arm/4.4.1/bin/../lib/gcc/arm-none-eabi/4.4.1/thumb2/crtend.o
LOAD c:/program files (x86)/cypress/psoc creator/2.2/psoc creator/import/gnu_cs/arm/4.4.1/bin/../lib/gcc/arm-none-eabi/4.4.1/thumb2/crtn.o
START GROUP
LOAD c:/program files (x86)/cypress/psoc creator/2.2/psoc creator/import/gnu_cs/arm/4.4.1/bin/../lib/gcc/arm-none-eabi/4.4.1/thumb2\libgcc.a
LOAD c:/program files (x86)/cypress/psoc creator/2.2/psoc creator/import/gnu_cs/arm/4.4.1/bin/../lib/gcc/arm-none-eabi/4.4.1/../../../../arm-none-eabi/lib/thumb2\libc.a
LOAD c:/program files (x86)/cypress/psoc creator/2.2/psoc creator/import/gnu_cs/arm/4.4.1/bin/../lib/gcc/arm-none-eabi/4.4.1/../../../../arm-none-eabi/lib/thumb2\libcs3.a
LOAD c:/program files (x86)/cypress/psoc creator/2.2/psoc creator/import/gnu_cs/arm/4.4.1/bin/../lib/gcc/arm-none-eabi/4.4.1/../../../../arm-none-eabi/lib/thumb2\libcs3unhosted.a
LOAD c:/program files (x86)/cypress/psoc creator/2.2/psoc creator/import/gnu_cs/arm/4.4.1/bin/../lib/gcc/arm-none-eabi/4.4.1/../../../../arm-none-eabi/lib/thumb2\libcs3micro.a
END GROUP
                0x1fff8158                PROVIDE (__cs3_heap_start, _end)
                0x00000001                PROVIDE (__cs3_region_num, ((__cs3_regions_end - __cs3_regions) / 0x14))
                0x20008000                PROVIDE (__cs3_stack, 0x20008000)
                0x20004000                PROVIDE (__cs3_heap_end, (__cs3_stack - 0x4000))

.text           0x00000000     0x26c0
 CREATE_OBJECT_SYMBOLS
                0x00000000                PROVIDE (__cs3_interrupt_vector, RomVectors)
 *(.romvectors)
 .romvectors    0x00000000       0x10 .\CortexM3\ARM_GCC_441\Debug\Cm3Start.o
                0x00000000                RomVectors
 *(.cs3.interrupt_vector)
                0x00000001                ASSERT ((. != __cs3_interrupt_vector), No interrupt vector)
                0x00000138                PROVIDE (__cs3_reset, Reset)
 *(.cs3.reset)
                0x00000001                ASSERT ((. != __cs3_reset), No reset code)
 *(.dma_init)
                0x00000001                ASSERT ((((0x0 + .) <= 0x10000) || 0x1), DMA Init must be within the first 64k of flash)
 *(.text.cs3.init)
 .text.cs3.init
                0x00000010       0x5c c:/program files (x86)/cypress/psoc creator/2.2/psoc creator/import/gnu_cs/arm/4.4.1/bin/../lib/gcc/arm-none-eabi/4.4.1/../../../../arm-none-eabi/lib/thumb2\libcs3.a(start_c.o)
                0x00000010                __cs3_start_c
 *(.text .text.* .gnu.linkonce.t.*)
 .text          0x0000006c       0x30 c:/program files (x86)/cypress/psoc creator/2.2/psoc creator/import/gnu_cs/arm/4.4.1/bin/../lib/gcc/arm-none-eabi/4.4.1/thumb2/crtbegin.o
 .text.main     0x0000009c       0x94 .\CortexM3\ARM_GCC_441\Debug\main.o
                0x0000009c                main
 .text.IntDefaultHandler
                0x00000130        0x8 .\CortexM3\ARM_GCC_441\Debug\Cm3Start.o
                0x00000130                IntDefaultHandler
 .text.Reset    0x00000138       0x24 .\CortexM3\ARM_GCC_441\Debug\Cm3Start.o
                0x00000138                Reset
 .text.initialize_psoc
                0x0000015c       0xb4 .\CortexM3\ARM_GCC_441\Debug\Cm3Start.o
                0x0000015c                initialize_psoc
 .text.PWM_BUCK_Start
                0x00000210       0x2c .\CortexM3\ARM_GCC_441\Debug\invert.a(PWM_BUCK.o)
                0x00000210                PWM_BUCK_Start
 .text.PWM_BUCK_Init
                0x0000023c       0xc4 .\CortexM3\ARM_GCC_441\Debug\invert.a(PWM_BUCK.o)
                0x0000023c                PWM_BUCK_Init
 .text.PWM_BUCK_Enable
                0x00000300       0x2c .\CortexM3\ARM_GCC_441\Debug\invert.a(PWM_BUCK.o)
                0x00000300                PWM_BUCK_Enable
 .text.PWM_BUCK_WriteCounter
                0x0000032c       0x20 .\CortexM3\ARM_GCC_441\Debug\invert.a(PWM_BUCK.o)
                0x0000032c                PWM_BUCK_WriteCounter
 .text.PWM_BUCK_ClearFIFO
                0x0000034c       0x1c .\CortexM3\ARM_GCC_441\Debug\invert.a(PWM_BUCK.o)
                0x0000034c                PWM_BUCK_ClearFIFO
 .text.PWM_BUCK_WritePeriod
                0x00000368       0x20 .\CortexM3\ARM_GCC_441\Debug\invert.a(PWM_BUCK.o)
                0x00000368                PWM_BUCK_WritePeriod
 .text.PWM_BUCK_WriteCompare
                0x00000388       0x20 .\CortexM3\ARM_GCC_441\Debug\invert.a(PWM_BUCK.o)
                0x00000388                PWM_BUCK_WriteCompare
 .text.PWM_BUCK_WriteDeadTime
                0x000003a8       0x58 .\CortexM3\ARM_GCC_441\Debug\invert.a(PWM_BUCK.o)
                0x000003a8                PWM_BUCK_WriteDeadTime
 .text.PWM_BUCK_SetInterruptMode
                0x00000400       0x20 .\CortexM3\ARM_GCC_441\Debug\invert.a(PWM_BUCK.o)
                0x00000400                PWM_BUCK_SetInterruptMode
 .text.PWM_BUCK_ReadStatusRegister
                0x00000420       0x20 .\CortexM3\ARM_GCC_441\Debug\invert.a(PWM_BUCK.o)
                0x00000420                PWM_BUCK_ReadStatusRegister
 .text.PWM_BUCK_ReadCapture
                0x00000440       0x18 .\CortexM3\ARM_GCC_441\Debug\invert.a(PWM_BUCK.o)
                0x00000440                PWM_BUCK_ReadCapture
 .text.Clock_1_Start
                0x00000458       0x44 .\CortexM3\ARM_GCC_441\Debug\invert.a(Clock_1.o)
                0x00000458                Clock_1_Start
 *fill*         0x0000049c        0x4 00
 .text          0x000004a0       0x20 .\CortexM3\ARM_GCC_441\Debug\invert.a(CyBootAsmGnu.o)
                0x000004a0                CyDelayCycles
                0x000004b0                CyEnterCriticalSection
                0x000004b8                CyExitCriticalSection
 .text.CyHalt   0x000004c0       0x18 .\CortexM3\ARM_GCC_441\Debug\invert.a(CyLib.o)
                0x000004c0                CyHalt
 .text.CyDelay  0x000004d8       0x48 .\CortexM3\ARM_GCC_441\Debug\invert.a(CyLib.o)
                0x000004d8                CyDelay
 .text.CyDelayUs
                0x00000520       0x28 .\CortexM3\ARM_GCC_441\Debug\invert.a(CyLib.o)
                0x00000520                CyDelayUs
 .text.CyIntSetVector
                0x00000548       0x60 .\CortexM3\ARM_GCC_441\Debug\invert.a(CyLib.o)
                0x00000548                CyIntSetVector
 .text.CyIntSetPriority
                0x000005a8       0x4c .\CortexM3\ARM_GCC_441\Debug\invert.a(CyLib.o)
                0x000005a8                CyIntSetPriority
 .text.LCD_Char_1_Init
                0x000005f4       0x90 .\CortexM3\ARM_GCC_441\Debug\invert.a(LCD_Char_1.o)
                0x000005f4                LCD_Char_1_Init
 .text.LCD_Char_1_Enable
                0x00000684       0x1c .\CortexM3\ARM_GCC_441\Debug\invert.a(LCD_Char_1.o)
                0x00000684                LCD_Char_1_Enable
 .text.LCD_Char_1_Start
                0x000006a0       0x2c .\CortexM3\ARM_GCC_441\Debug\invert.a(LCD_Char_1.o)
                0x000006a0                LCD_Char_1_Start
 .text.LCD_Char_1_Position
                0x000006cc       0x74 .\CortexM3\ARM_GCC_441\Debug\invert.a(LCD_Char_1.o)
                0x000006cc                LCD_Char_1_Position
 .text.LCD_Char_1_PrintString
                0x00000740       0x40 .\CortexM3\ARM_GCC_441\Debug\invert.a(LCD_Char_1.o)
                0x00000740                LCD_Char_1_PrintString
 .text.LCD_Char_1_PutChar
                0x00000780       0x1c .\CortexM3\ARM_GCC_441\Debug\invert.a(LCD_Char_1.o)
                0x00000780                LCD_Char_1_PutChar
 .text.LCD_Char_1_WriteData
                0x0000079c       0x38 .\CortexM3\ARM_GCC_441\Debug\invert.a(LCD_Char_1.o)
                0x0000079c                LCD_Char_1_WriteData
 .text.LCD_Char_1_WriteControl
                0x000007d4       0x38 .\CortexM3\ARM_GCC_441\Debug\invert.a(LCD_Char_1.o)
                0x000007d4                LCD_Char_1_WriteControl
 .text.LCD_Char_1_IsReady
                0x0000080c      0x1fc .\CortexM3\ARM_GCC_441\Debug\invert.a(LCD_Char_1.o)
                0x0000080c                LCD_Char_1_IsReady
 .text.LCD_Char_1_WrDatNib
                0x00000a08       0xac .\CortexM3\ARM_GCC_441\Debug\invert.a(LCD_Char_1.o)
 .text.LCD_Char_1_WrCntrlNib
                0x00000ab4       0x8c .\CortexM3\ARM_GCC_441\Debug\invert.a(LCD_Char_1.o)
 .text.LCD_Char_1_PrintInt8
                0x00000b40       0x44 .\CortexM3\ARM_GCC_441\Debug\invert.a(LCD_Char_1.o)
                0x00000b40                LCD_Char_1_PrintInt8
 .text.LCD_Char_1_PrintInt16
                0x00000b84       0x2c .\CortexM3\ARM_GCC_441\Debug\invert.a(LCD_Char_1.o)
                0x00000b84                LCD_Char_1_PrintInt16
 .text.ADC_DelSig_V_Init
                0x00000bb0       0x34 .\CortexM3\ARM_GCC_441\Debug\invert.a(ADC_DelSig_V.o)
                0x00000bb0                ADC_DelSig_V_Init
 .text.ADC_DelSig_V_Enable
                0x00000be4      0x1c4 .\CortexM3\ARM_GCC_441\Debug\invert.a(ADC_DelSig_V.o)
                0x00000be4                ADC_DelSig_V_Enable
 .text.ADC_DelSig_V_RestorePowerRegisters
                0x00000da8       0xac .\CortexM3\ARM_GCC_441\Debug\invert.a(ADC_DelSig_V.o)
                0x00000da8                ADC_DelSig_V_RestorePowerRegisters
 .text.ADC_DelSig_V_Start
                0x00000e54       0x3c .\CortexM3\ARM_GCC_441\Debug\invert.a(ADC_DelSig_V.o)
                0x00000e54                ADC_DelSig_V_Start
 .text.ADC_DelSig_V_StartConvert
                0x00000e90       0x28 .\CortexM3\ARM_GCC_441\Debug\invert.a(ADC_DelSig_V.o)
                0x00000e90                ADC_DelSig_V_StartConvert
 .text.ADC_DelSig_V_IsEndConversion
                0x00000eb8       0x60 .\CortexM3\ARM_GCC_441\Debug\invert.a(ADC_DelSig_V.o)
                0x00000eb8                ADC_DelSig_V_IsEndConversion
 .text.ADC_DelSig_V_GetResult16
                0x00000f18       0x24 .\CortexM3\ARM_GCC_441\Debug\invert.a(ADC_DelSig_V.o)
                0x00000f18                ADC_DelSig_V_GetResult16
 .text.ADC_DelSig_V_InitConfig
                0x00000f3c      0x8d0 .\CortexM3\ARM_GCC_441\Debug\invert.a(ADC_DelSig_V.o)
                0x00000f3c                ADC_DelSig_V_InitConfig
 .text.ADC_DelSig_V_GainCompensation
                0x0000180c      0x1cc .\CortexM3\ARM_GCC_441\Debug\invert.a(ADC_DelSig_V.o)
                0x0000180c                ADC_DelSig_V_GainCompensation
 .text.ADC_DelSig_V_SetDSMRef0Reg
                0x000019d8       0x94 .\CortexM3\ARM_GCC_441\Debug\invert.a(ADC_DelSig_V.o)
                0x000019d8                ADC_DelSig_V_SetDSMRef0Reg
 .text.ADC_DelSig_V_ISR1
                0x00001a6c        0xc .\CortexM3\ARM_GCC_441\Debug\invert.a(ADC_DelSig_V_INT.o)
                0x00001a6c                ADC_DelSig_V_ISR1
 .text.ADC_DelSig_V_ISR2
                0x00001a78        0xc .\CortexM3\ARM_GCC_441\Debug\invert.a(ADC_DelSig_V_INT.o)
                0x00001a78                ADC_DelSig_V_ISR2
 .text.ADC_DelSig_V_ISR3
                0x00001a84        0xc .\CortexM3\ARM_GCC_441\Debug\invert.a(ADC_DelSig_V_INT.o)
                0x00001a84                ADC_DelSig_V_ISR3
 .text.ADC_DelSig_V_ISR4
                0x00001a90        0xc .\CortexM3\ARM_GCC_441\Debug\invert.a(ADC_DelSig_V_INT.o)
                0x00001a90                ADC_DelSig_V_ISR4
 .text.ADC_DelSig_V_theACLK_SetModeRegister
                0x00001a9c       0x38 .\CortexM3\ARM_GCC_441\Debug\invert.a(ADC_DelSig_V_theACLK.o)
                0x00001a9c                ADC_DelSig_V_theACLK_SetModeRegister
 .text.ADC_DelSig_V_Ext_CP_Clk_SetModeRegister
                0x00001ad4       0x38 .\CortexM3\ARM_GCC_441\Debug\invert.a(ADC_DelSig_V_Ext_CP_Clk.o)
                0x00001ad4                ADC_DelSig_V_Ext_CP_Clk_SetModeRegister
 .text.ADC_DelSig_V_AMux_Start
                0x00001b0c       0x3c .\CortexM3\ARM_GCC_441\Debug\invert.a(ADC_DelSig_V_AMux.o)
                0x00001b0c                ADC_DelSig_V_AMux_Start
 .text.ADC_DelSig_V_AMux_Select
                0x00001b48       0x2c .\CortexM3\ARM_GCC_441\Debug\invert.a(ADC_DelSig_V_AMux.o)
                0x00001b48                ADC_DelSig_V_AMux_Select
 .text.UART_1_Start
                0x00001b74       0x2c .\CortexM3\ARM_GCC_441\Debug\invert.a(UART_1.o)
                0x00001b74                UART_1_Start
 .text.UART_1_Init
                0x00001ba0       0x34 .\CortexM3\ARM_GCC_441\Debug\invert.a(UART_1.o)
                0x00001ba0                UART_1_Init
 .text.UART_1_Enable
                0x00001bd4       0x40 .\CortexM3\ARM_GCC_441\Debug\invert.a(UART_1.o)
                0x00001bd4                UART_1_Enable
 .text.UART_1_WriteTxData
                0x00001c14       0x30 .\CortexM3\ARM_GCC_441\Debug\invert.a(UART_1.o)
                0x00001c14                UART_1_WriteTxData
 .text.UART_1_IntClock_Start
                0x00001c44       0x44 .\CortexM3\ARM_GCC_441\Debug\invert.a(UART_1_IntClock.o)
                0x00001c44                UART_1_IntClock_Start
 .text.CYMEMZERO8
                0x00001c88       0x3c .\CortexM3\ARM_GCC_441\Debug\invert.a(cyfitter_cfg.o)
 .text.CYCONFIGCPY8
                0x00001cc4       0x48 .\CortexM3\ARM_GCC_441\Debug\invert.a(cyfitter_cfg.o)
 .text.CYMEMZERO
                0x00001d0c       0x20 .\CortexM3\ARM_GCC_441\Debug\invert.a(cyfitter_cfg.o)
 .text.CYCONFIGCPY
                0x00001d2c       0x20 .\CortexM3\ARM_GCC_441\Debug\invert.a(cyfitter_cfg.o)
 .text.cfg_write_bytes32
                0x00001d4c       0x84 .\CortexM3\ARM_GCC_441\Debug\invert.a(cyfitter_cfg.o)
 .text.ClockSetup
                0x00001dd0      0x1a8 .\CortexM3\ARM_GCC_441\Debug\invert.a(cyfitter_cfg.o)
 .text.AnalogSetDefault
                0x00001f78       0xec .\CortexM3\ARM_GCC_441\Debug\invert.a(cyfitter_cfg.o)
 .text.ADC_DelSig_V_AMux_Set
                0x00002064       0x4c .\CortexM3\ARM_GCC_441\Debug\invert.a(cyfitter_cfg.o)
                0x00002064                ADC_DelSig_V_AMux_Set
 .text.ADC_DelSig_V_AMux_Unset
                0x000020b0       0x54 .\CortexM3\ARM_GCC_441\Debug\invert.a(cyfitter_cfg.o)
                0x000020b0                ADC_DelSig_V_AMux_Unset
 .text.cyfitter_cfg
                0x00002104      0x2d4 .\CortexM3\ARM_GCC_441\Debug\invert.a(cyfitter_cfg.o)
                0x00002104                cyfitter_cfg
 .text          0x000023d8      0x190 c:/program files (x86)/cypress/psoc creator/2.2/psoc creator/import/gnu_cs/arm/4.4.1/bin/../lib/gcc/arm-none-eabi/4.4.1/../../../../arm-none-eabi/lib/thumb2\libc.a(lib_a-memcpy.o)
                0x000023d8                memcpy
 .text          0x00002568       0xd4 c:/program files (x86)/cypress/psoc creator/2.2/psoc creator/import/gnu_cs/arm/4.4.1/bin/../lib/gcc/arm-none-eabi/4.4.1/../../../../arm-none-eabi/lib/thumb2\libc.a(lib_a-memset.o)
                0x00002568                memset
 .text          0x0000263c       0x30 c:/program files (x86)/cypress/psoc creator/2.2/psoc creator/import/gnu_cs/arm/4.4.1/bin/../lib/gcc/arm-none-eabi/4.4.1/../../../../arm-none-eabi/lib/thumb2\libcs3.a(start_c.o)
                0x0000263c                __cs3_premain
 .text          0x0000266c        0x2 c:/program files (x86)/cypress/psoc creator/2.2/psoc creator/import/gnu_cs/arm/4.4.1/bin/../lib/gcc/arm-none-eabi/4.4.1/../../../../arm-none-eabi/lib/thumb2\libcs3micro.a(micro_isr_interrupt.o)
                0x0000266c                __cs3_isr_external_24
                0x0000266c                __cs3_isr_external_9
                0x0000266c                __cs3_isr_external_14
                0x0000266c                __cs3_isr_reserved_9
                0x0000266c                __cs3_isr_external_4
                0x0000266c                __cs3_isr_external_21
                0x0000266c                __cs3_isr_external_0
                0x0000266c                __cs3_isr_external_27
                0x0000266c                __cs3_isr_external_11
                0x0000266c                __cs3_isr_usage_fault
                0x0000266c                __cs3_isr_svcall
                0x0000266c                __cs3_isr_external_3
                0x0000266c                __cs3_isr_mpu_fault
                0x0000266c                __cs3_isr_external_16
                0x0000266c                __cs3_isr_pendsv
                0x0000266c                __cs3_isr_external_31
                0x0000266c                __cs3_isr_nmi
                0x0000266c                __cs3_isr_external_5
                0x0000266c                __cs3_isr_external_6
                0x0000266c                __cs3_isr_external_12
                0x0000266c                __cs3_isr_hard_fault
                0x0000266c                __cs3_isr_bus_fault
                0x0000266c                __cs3_isr_external_1
                0x0000266c                __cs3_isr_external_13
                0x0000266c                __cs3_isr_external_30
                0x0000266c                __cs3_isr_external_23
                0x0000266c                __cs3_isr_external_20
                0x0000266c                __cs3_isr_debug
                0x0000266c                __cs3_isr_reserved_13
                0x0000266c                __cs3_isr_external_8
                0x0000266c                __cs3_isr_external_26
                0x0000266c                __cs3_isr_reserved_8
                0x0000266c                __cs3_isr_reserved_7
                0x0000266c                __cs3_isr_external_7
                0x0000266c                __cs3_isr_external_28
                0x0000266c                __cs3_isr_systick
                0x0000266c                __cs3_isr_external_22
                0x0000266c                __cs3_isr_external_10
                0x0000266c                __cs3_isr_external_15
                0x0000266c                __cs3_isr_interrupt
                0x0000266c                __cs3_isr_external_18
                0x0000266c                __cs3_isr_external_29
                0x0000266c                __cs3_isr_external_25
                0x0000266c                __cs3_isr_reserved_10
                0x0000266c                __cs3_isr_external_2
                0x0000266c                __cs3_isr_external_17
                0x0000266c                __cs3_isr_external_19
 *fill*         0x0000266e        0x2 00
 .text          0x00002670       0x50 c:/program files (x86)/cypress/psoc creator/2.2/psoc creator/import/gnu_cs/arm/4.4.1/bin/../lib/gcc/arm-none-eabi/4.4.1/../../../../arm-none-eabi/lib/thumb2\libc.a(lib_a-init.o)
                0x00002670                __libc_init_array
 *(.plt)
 *(.gnu.warning)
 *(.glue_7t)
 .glue_7t       0x00000000        0x0 linker stubs
 *(.glue_7)
 .glue_7        0x00000000        0x0 linker stubs
 *(.vfp11_veneer)
 .vfp11_veneer  0x00000000        0x0 linker stubs
 *(.bootloader)
 *(.ARM.extab* .gnu.linkonce.armextab.*)
 *(.gcc_except_table)

.v4_bx          0x000026c0        0x0
 .v4_bx         0x00000000        0x0 linker stubs

.eh_frame_hdr
 *(.eh_frame_hdr)

.eh_frame
 *(.eh_frame)
                0x000026c0                PROVIDE (__exidx_start, .)

.ARM.exidx
 *(.ARM.exidx* .gnu.linkonce.armexidx.*)
                0x000026c0                __exidx_end = .

.rodata         0x000026c0       0x98
 *(.rodata .rodata.* .gnu.linkonce.r.*)
 .rodata        0x000026c0       0x14 .\CortexM3\ARM_GCC_441\Debug\main.o
 .rodata        0x000026d4       0x10 .\CortexM3\ARM_GCC_441\Debug\invert.a(LCD_Char_1.o)
 .rodata        0x000026e4       0x38 .\CortexM3\ARM_GCC_441\Debug\invert.a(cyfitter_cfg.o)
                0x000026e4                ADC_DelSig_V_AMux__addrTable
                0x000026ec                ADC_DelSig_V_AMux__maskTable
                0x0000271c                . = ALIGN (0x4)
 *(.init)
 .init          0x0000271c        0x4 c:/program files (x86)/cypress/psoc creator/2.2/psoc creator/import/gnu_cs/arm/4.4.1/bin/../lib/gcc/arm-none-eabi/4.4.1/thumb2/crti.o
                0x0000271c                _init
 .init          0x00002720        0x8 c:/program files (x86)/cypress/psoc creator/2.2/psoc creator/import/gnu_cs/arm/4.4.1/bin/../lib/gcc/arm-none-eabi/4.4.1/thumb2/crtn.o
                0x00002728                . = ALIGN (0x4)
                0x00002728                __preinit_array_start = .
 *(.preinit_array)
                0x00002728                __preinit_array_end = .
                0x00002728                . = ALIGN (0x4)
                0x00002728                __init_array_start = .
 *(SORT(.init_array.*))
 *(.init_array)
 .init_array    0x00002728        0x4 c:/program files (x86)/cypress/psoc creator/2.2/psoc creator/import/gnu_cs/arm/4.4.1/bin/../lib/gcc/arm-none-eabi/4.4.1/thumb2/crtbegin.o
 .init_array    0x0000272c        0x4 .\CortexM3\ARM_GCC_441\Debug\Cm3Start.o
                0x00002730                __init_array_end = .
                0x00002730                . = ALIGN (0x4)
 *(.fini)
 .fini          0x00002730        0x4 c:/program files (x86)/cypress/psoc creator/2.2/psoc creator/import/gnu_cs/arm/4.4.1/bin/../lib/gcc/arm-none-eabi/4.4.1/thumb2/crti.o
                0x00002730                _fini
 .fini          0x00002734        0x8 c:/program files (x86)/cypress/psoc creator/2.2/psoc creator/import/gnu_cs/arm/4.4.1/bin/../lib/gcc/arm-none-eabi/4.4.1/thumb2/crtn.o
                0x0000273c                . = ALIGN (0x4)
                0x0000273c                __fini_array_start = .
 *(.fini_array)
 .fini_array    0x0000273c        0x4 c:/program files (x86)/cypress/psoc creator/2.2/psoc creator/import/gnu_cs/arm/4.4.1/bin/../lib/gcc/arm-none-eabi/4.4.1/thumb2/crtbegin.o
 *(SORT(.fini_array.*))
                0x00002740                __fini_array_end = .
                0x00002740                . = ALIGN (0x4)
 *crtbegin.o(.ctors)
 *(EXCLUDE_FILE(*crtend.o) .ctors)
 *(SORT(.ctors.*))
 *crtend.o(.ctors)
                0x00002740                . = ALIGN (0x4)
 *crtbegin.o(.dtors)
 *(EXCLUDE_FILE(*crtend.o) .dtors)
 *(SORT(.dtors.*))
 *crtend.o(.dtors)
                0x00002740                . = ALIGN (0x4)
                0x00002740                __cs3_regions = .
                0x00002740        0x4 LONG 0x0
                0x00002744        0x4 LONG 0x2758 __cs3_region_init_ram
                0x00002748        0x4 LONG 0x1fff8108 __cs3_region_start_data
                0x0000274c        0x4 LONG 0x30 __cs3_region_init_size_ram
                0x00002750        0x4 LONG 0x20 __cs3_region_zero_size_ram
                0x00002754                __cs3_regions_end = .
                0x00002758                . = ALIGN (0x8)
 *fill*         0x00002754        0x4 00
                0x00002758                _etext = .

.ramvectors     0x1fff8000      0x100
                0x1fff8000                __cs3_region_start_ram = .
 *(.cs3.region-head.ram)
                0x1fff8001                ASSERT ((. == __cs3_region_start_ram), .cs3.region-head.ram not permitted)
 *(.ramvectors)
 .ramvectors    0x1fff8000      0x100 .\CortexM3\ARM_GCC_441\Debug\Cm3Start.o
                0x1fff8000                CyRamVectors

.noinit         0x1fff8100        0x4
 *(.noinit)
 .noinit        0x1fff8100        0x4 .\CortexM3\ARM_GCC_441\Debug\Cm3Start.o

.data           0x1fff8108       0x30 load address 0x00002758
                0x1fff8108                __cs3_region_start_data = .
 *(.jcr)
 .jcr           0x1fff8108        0x0 c:/program files (x86)/cypress/psoc creator/2.2/psoc creator/import/gnu_cs/arm/4.4.1/bin/../lib/gcc/arm-none-eabi/4.4.1/thumb2/crtbegin.o
 .jcr           0x1fff8108        0x4 c:/program files (x86)/cypress/psoc creator/2.2/psoc creator/import/gnu_cs/arm/4.4.1/bin/../lib/gcc/arm-none-eabi/4.4.1/thumb2/crtend.o
 *(.got.plt)
 *(.got)
 *(.shdata)
 *(.data .data.* .gnu.linkonce.d.*)
 .data          0x1fff810c       0x10 .\CortexM3\ARM_GCC_441\Debug\invert.a(CyLib.o)
                0x1fff810c                cydelay_freq_hz
                0x1fff8110                cydelay_freq_khz
                0x1fff8114                cydelay_freq_mhz
                0x1fff8118                cydelay_32k_ms
 .data          0x1fff811c       0x14 .\CortexM3\ARM_GCC_441\Debug\invert.a(ADC_DelSig_V.o)
                0x1fff811c                ADC_DelSig_V_Config
                0x1fff8120                ADC_DelSig_V_CountsPerVolt
 .data          0x1fff8130        0x1 .\CortexM3\ARM_GCC_441\Debug\invert.a(ADC_DelSig_V_AMux.o)
                0x1fff8130                ADC_DelSig_V_AMux_lastChannel
                0x1fff8138                . = ALIGN (0x8)
 *fill*         0x1fff8131        0x7 00
 *(.ram)
                0x1fff8138                _edata = .

.bss            0x1fff8138       0x20 load address 0x00002788
 *(.shbss)
 *(.bss .bss.* .gnu.linkonce.b.*)
 .bss           0x1fff8138        0x1 c:/program files (x86)/cypress/psoc creator/2.2/psoc creator/import/gnu_cs/arm/4.4.1/bin/../lib/gcc/arm-none-eabi/4.4.1/thumb2/crtbegin.o
 *fill*         0x1fff8139        0x1 00
 .bss           0x1fff813a        0x4 .\CortexM3\ARM_GCC_441\Debug\main.o
                0x1fff813a                buffvolt
                0x1fff813c                dataReady
 .bss           0x1fff813e        0x1 .\CortexM3\ARM_GCC_441\Debug\invert.a(PWM_BUCK.o)
                0x1fff813e                PWM_BUCK_initVar
 .bss           0x1fff813f        0x2 .\CortexM3\ARM_GCC_441\Debug\invert.a(LCD_Char_1.o)
                0x1fff813f                LCD_Char_1_enableState
                0x1fff8140                LCD_Char_1_initVar
 *fill*         0x1fff8141        0x3 00
 .bss           0x1fff8144        0xc .\CortexM3\ARM_GCC_441\Debug\invert.a(ADC_DelSig_V.o)
                0x1fff8144                ADC_DelSig_V_convDone
                0x1fff8145                ADC_DelSig_V_stopConversion
                0x1fff8146                ADC_DelSig_V_initVar
                0x1fff8147                ADC_DelSig_V_started
                0x1fff8148                ADC_DelSig_V_Offset
                0x1fff814c                ADC_DelSig_V_restoreReg
 .bss           0x1fff8150        0x2 .\CortexM3\ARM_GCC_441\Debug\invert.a(UART_1.o)
                0x1fff8150                UART_1_initVar
 *(COMMON)
 COMMON         0x1fff8152        0x1 .\CortexM3\ARM_GCC_441\Debug\invert.a(CyLib.o)
                0x1fff8152                CyResetStatus
                0x1fff8158                . = ALIGN (0x8)
 *fill*         0x1fff8153        0x5 00
 *(.ram.b)
                0x1fff8158                _end = .
                0x1fff8158                __end = .
                0x20003000                __cs3_region_end_ram = (__cs3_region_start_ram + 0xb000)
                0x0000b000                __cs3_region_size_ram = 0xb000
                0x00002758                __cs3_region_init_ram = LOADADDR (.data)
                0x00000030                __cs3_region_init_size_ram = (_edata - ADDR (.data))
                0x00000020                __cs3_region_zero_size_ram = (_end - _edata)

.stab
 *(.stab)

.stabstr
 *(.stabstr)

.debug
 *(.debug)

.line
 *(.line)

.debug_srcinfo
 *(.debug_srcinfo)

.debug_sfnames
 *(.debug_sfnames)

.comment        0x00000000      0x2db
 .comment       0x00000000       0x2b .\CortexM3\ARM_GCC_441\Debug\main.o
 .comment       0x0000002b       0x2b .\CortexM3\ARM_GCC_441\Debug\Cm3Start.o
 .comment       0x00000056       0x2b .\CortexM3\ARM_GCC_441\Debug\invert.a(PWM_BUCK.o)
 .comment       0x00000081       0x2b .\CortexM3\ARM_GCC_441\Debug\invert.a(Clock_1.o)
 .comment       0x000000ac       0x2b .\CortexM3\ARM_GCC_441\Debug\invert.a(CyLib.o)
 .comment       0x000000d7       0x2b .\CortexM3\ARM_GCC_441\Debug\invert.a(cyPm.o)
 .comment       0x00000102       0x2b .\CortexM3\ARM_GCC_441\Debug\invert.a(LCD_Char_1.o)
 .comment       0x0000012d       0x2b .\CortexM3\ARM_GCC_441\Debug\invert.a(ADC_DelSig_V.o)
 .comment       0x00000158       0x2b .\CortexM3\ARM_GCC_441\Debug\invert.a(ADC_DelSig_V_INT.o)
 .comment       0x00000183       0x2b .\CortexM3\ARM_GCC_441\Debug\invert.a(ADC_DelSig_V_theACLK.o)
 .comment       0x000001ae       0x2b .\CortexM3\ARM_GCC_441\Debug\invert.a(ADC_DelSig_V_Ext_CP_Clk.o)
 .comment       0x000001d9       0x2b .\CortexM3\ARM_GCC_441\Debug\invert.a(ADC_DelSig_V_AMux.o)
 .comment       0x00000204       0x2b .\CortexM3\ARM_GCC_441\Debug\invert.a(UART_1.o)
 .comment       0x0000022f       0x2b .\CortexM3\ARM_GCC_441\Debug\invert.a(UART_1_IntClock.o)
 .comment       0x0000025a       0x2b .\CortexM3\ARM_GCC_441\Debug\invert.a(cyfitter_cfg.o)
 .comment       0x00000285       0x2b .\CortexM3\ARM_GCC_441\Debug\invert.a(CyFlash.o)
 .comment       0x000002b0       0x2b .\CortexM3\ARM_GCC_441\Debug\invert.a(CySpc.o)

.debug_aranges  0x00000000      0x948
 *(.debug_aranges)
 .debug_aranges
                0x00000000       0x20 .\CortexM3\ARM_GCC_441\Debug\main.o
 .debug_aranges
                0x00000020       0x30 .\CortexM3\ARM_GCC_441\Debug\Cm3Start.o
 .debug_aranges
                0x00000050       0xa8 .\CortexM3\ARM_GCC_441\Debug\invert.a(PWM_BUCK.o)
 .debug_aranges
                0x000000f8       0x68 .\CortexM3\ARM_GCC_441\Debug\invert.a(Clock_1.o)
 .debug_aranges
                0x00000160       0x20 .\CortexM3\ARM_GCC_441\Debug\invert.a(CyBootAsmGnu.o)
 .debug_aranges
                0x00000180      0x1e0 .\CortexM3\ARM_GCC_441\Debug\invert.a(CyLib.o)
 .debug_aranges
                0x00000360       0xb8 .\CortexM3\ARM_GCC_441\Debug\invert.a(cyPm.o)
 .debug_aranges
                0x00000418       0x90 .\CortexM3\ARM_GCC_441\Debug\invert.a(LCD_Char_1.o)
 .debug_aranges
                0x000004a8      0x100 .\CortexM3\ARM_GCC_441\Debug\invert.a(ADC_DelSig_V.o)
 .debug_aranges
                0x000005a8       0x38 .\CortexM3\ARM_GCC_441\Debug\invert.a(ADC_DelSig_V_INT.o)
 .debug_aranges
                0x000005e0       0x78 .\CortexM3\ARM_GCC_441\Debug\invert.a(ADC_DelSig_V_theACLK.o)
 .debug_aranges
                0x00000658       0x68 .\CortexM3\ARM_GCC_441\Debug\invert.a(ADC_DelSig_V_Ext_CP_Clk.o)
 .debug_aranges
                0x000006c0       0x30 .\CortexM3\ARM_GCC_441\Debug\invert.a(ADC_DelSig_V_AMux.o)
 .debug_aranges
                0x000006f0       0xa0 .\CortexM3\ARM_GCC_441\Debug\invert.a(UART_1.o)
 .debug_aranges
                0x00000790       0x68 .\CortexM3\ARM_GCC_441\Debug\invert.a(UART_1_IntClock.o)
 .debug_aranges
                0x000007f8       0x80 .\CortexM3\ARM_GCC_441\Debug\invert.a(cyfitter_cfg.o)
 .debug_aranges
                0x00000878       0x68 .\CortexM3\ARM_GCC_441\Debug\invert.a(CyFlash.o)
 .debug_aranges
                0x000008e0       0x68 .\CortexM3\ARM_GCC_441\Debug\invert.a(CySpc.o)

.debug_pubnames
                0x00000000     0x1909
 *(.debug_pubnames)
 .debug_pubnames
                0x00000000       0x42 .\CortexM3\ARM_GCC_441\Debug\main.o
 .debug_pubnames
                0x00000042       0x66 .\CortexM3\ARM_GCC_441\Debug\Cm3Start.o
 .debug_pubnames
                0x000000a8      0x1ef .\CortexM3\ARM_GCC_441\Debug\invert.a(PWM_BUCK.o)
 .debug_pubnames
                0x00000297      0x11e .\CortexM3\ARM_GCC_441\Debug\invert.a(Clock_1.o)
 .debug_pubnames
                0x000003b5      0x4be .\CortexM3\ARM_GCC_441\Debug\invert.a(CyLib.o)
 .debug_pubnames
                0x00000873       0xbb .\CortexM3\ARM_GCC_441\Debug\invert.a(cyPm.o)
 .debug_pubnames
                0x0000092e      0x17b .\CortexM3\ARM_GCC_441\Debug\invert.a(LCD_Char_1.o)
 .debug_pubnames
                0x00000aa9      0x43c .\CortexM3\ARM_GCC_441\Debug\invert.a(ADC_DelSig_V.o)
 .debug_pubnames
                0x00000ee5       0x6a .\CortexM3\ARM_GCC_441\Debug\invert.a(ADC_DelSig_V_INT.o)
 .debug_pubnames
                0x00000f4f      0x1f4 .\CortexM3\ARM_GCC_441\Debug\invert.a(ADC_DelSig_V_theACLK.o)
 .debug_pubnames
                0x00001143      0x1be .\CortexM3\ARM_GCC_441\Debug\invert.a(ADC_DelSig_V_Ext_CP_Clk.o)
 .debug_pubnames
                0x00001301       0x8e .\CortexM3\ARM_GCC_441\Debug\invert.a(ADC_DelSig_V_AMux.o)
 .debug_pubnames
                0x0000138f      0x1a8 .\CortexM3\ARM_GCC_441\Debug\invert.a(UART_1.o)
 .debug_pubnames
                0x00001537      0x16e .\CortexM3\ARM_GCC_441\Debug\invert.a(UART_1_IntClock.o)
 .debug_pubnames
                0x000016a5       0xb5 .\CortexM3\ARM_GCC_441\Debug\invert.a(cyfitter_cfg.o)
 .debug_pubnames
                0x0000175a       0xdf .\CortexM3\ARM_GCC_441\Debug\invert.a(CyFlash.o)
 .debug_pubnames
                0x00001839       0xd0 .\CortexM3\ARM_GCC_441\Debug\invert.a(CySpc.o)

.debug_info     0x00000000     0x3e69
 *(.debug_info .gnu.linkonce.wi.*)
 .debug_info    0x00000000      0x10c .\CortexM3\ARM_GCC_441\Debug\main.o
 .debug_info    0x0000010c      0x168 .\CortexM3\ARM_GCC_441\Debug\Cm3Start.o
 .debug_info    0x00000274      0x315 .\CortexM3\ARM_GCC_441\Debug\invert.a(PWM_BUCK.o)
 .debug_info    0x00000589      0x237 .\CortexM3\ARM_GCC_441\Debug\invert.a(Clock_1.o)
 .debug_info    0x000007c0       0x93 .\CortexM3\ARM_GCC_441\Debug\invert.a(CyBootAsmGnu.o)
 .debug_info    0x00000853      0xbce .\CortexM3\ARM_GCC_441\Debug\invert.a(CyLib.o)
 .debug_info    0x00001421      0x63e .\CortexM3\ARM_GCC_441\Debug\invert.a(cyPm.o)
 .debug_info    0x00001a5f      0x3af .\CortexM3\ARM_GCC_441\Debug\invert.a(LCD_Char_1.o)
 .debug_info    0x00001e0e      0x81a .\CortexM3\ARM_GCC_441\Debug\invert.a(ADC_DelSig_V.o)
 .debug_info    0x00002628       0xdc .\CortexM3\ARM_GCC_441\Debug\invert.a(ADC_DelSig_V_INT.o)
 .debug_info    0x00002704      0x27b .\CortexM3\ARM_GCC_441\Debug\invert.a(ADC_DelSig_V_theACLK.o)
 .debug_info    0x0000297f      0x237 .\CortexM3\ARM_GCC_441\Debug\invert.a(ADC_DelSig_V_Ext_CP_Clk.o)
 .debug_info    0x00002bb6      0x11a .\CortexM3\ARM_GCC_441\Debug\invert.a(ADC_DelSig_V_AMux.o)
 .debug_info    0x00002cd0      0x3a9 .\CortexM3\ARM_GCC_441\Debug\invert.a(UART_1.o)
 .debug_info    0x00003079      0x237 .\CortexM3\ARM_GCC_441\Debug\invert.a(UART_1_IntClock.o)
 .debug_info    0x000032b0      0x505 .\CortexM3\ARM_GCC_441\Debug\invert.a(cyfitter_cfg.o)
 .debug_info    0x000037b5      0x308 .\CortexM3\ARM_GCC_441\Debug\invert.a(CyFlash.o)
 .debug_info    0x00003abd      0x3ac .\CortexM3\ARM_GCC_441\Debug\invert.a(CySpc.o)

.debug_abbrev   0x00000000     0x107c
 *(.debug_abbrev)
 .debug_abbrev  0x00000000       0x90 .\CortexM3\ARM_GCC_441\Debug\main.o
 .debug_abbrev  0x00000090       0xec .\CortexM3\ARM_GCC_441\Debug\Cm3Start.o
 .debug_abbrev  0x0000017c      0x108 .\CortexM3\ARM_GCC_441\Debug\invert.a(PWM_BUCK.o)
 .debug_abbrev  0x00000284       0xcf .\CortexM3\ARM_GCC_441\Debug\invert.a(Clock_1.o)
 .debug_abbrev  0x00000353       0x14 .\CortexM3\ARM_GCC_441\Debug\invert.a(CyBootAsmGnu.o)
 .debug_abbrev  0x00000367      0x182 .\CortexM3\ARM_GCC_441\Debug\invert.a(CyLib.o)
 .debug_abbrev  0x000004e9      0x13e .\CortexM3\ARM_GCC_441\Debug\invert.a(cyPm.o)
 .debug_abbrev  0x00000627      0x118 .\CortexM3\ARM_GCC_441\Debug\invert.a(LCD_Char_1.o)
 .debug_abbrev  0x0000073f      0x125 .\CortexM3\ARM_GCC_441\Debug\invert.a(ADC_DelSig_V.o)
 .debug_abbrev  0x00000864       0x4a .\CortexM3\ARM_GCC_441\Debug\invert.a(ADC_DelSig_V_INT.o)
 .debug_abbrev  0x000008ae       0xcf .\CortexM3\ARM_GCC_441\Debug\invert.a(ADC_DelSig_V_theACLK.o)
 .debug_abbrev  0x0000097d       0xcf .\CortexM3\ARM_GCC_441\Debug\invert.a(ADC_DelSig_V_Ext_CP_Clk.o)
 .debug_abbrev  0x00000a4c       0x7f .\CortexM3\ARM_GCC_441\Debug\invert.a(ADC_DelSig_V_AMux.o)
 .debug_abbrev  0x00000acb      0x10c .\CortexM3\ARM_GCC_441\Debug\invert.a(UART_1.o)
 .debug_abbrev  0x00000bd7       0xcf .\CortexM3\ARM_GCC_441\Debug\invert.a(UART_1_IntClock.o)
 .debug_abbrev  0x00000ca6      0x17e .\CortexM3\ARM_GCC_441\Debug\invert.a(cyfitter_cfg.o)
 .debug_abbrev  0x00000e24      0x14a .\CortexM3\ARM_GCC_441\Debug\invert.a(CyFlash.o)
 .debug_abbrev  0x00000f6e      0x10e .\CortexM3\ARM_GCC_441\Debug\invert.a(CySpc.o)

.debug_line     0x00000000     0x216c
 *(.debug_line)
 .debug_line    0x00000000       0x7c .\CortexM3\ARM_GCC_441\Debug\main.o
 .debug_line    0x0000007c       0xb8 .\CortexM3\ARM_GCC_441\Debug\Cm3Start.o
 .debug_line    0x00000134      0x1d2 .\CortexM3\ARM_GCC_441\Debug\invert.a(PWM_BUCK.o)
 .debug_line    0x00000306      0x15e .\CortexM3\ARM_GCC_441\Debug\invert.a(Clock_1.o)
 .debug_line    0x00000464       0x67 .\CortexM3\ARM_GCC_441\Debug\invert.a(CyBootAsmGnu.o)
 .debug_line    0x000004cb      0x5c7 .\CortexM3\ARM_GCC_441\Debug\invert.a(CyLib.o)
 .debug_line    0x00000a92      0x3f2 .\CortexM3\ARM_GCC_441\Debug\invert.a(cyPm.o)
 .debug_line    0x00000e84      0x1e0 .\CortexM3\ARM_GCC_441\Debug\invert.a(LCD_Char_1.o)
 .debug_line    0x00001064      0x442 .\CortexM3\ARM_GCC_441\Debug\invert.a(ADC_DelSig_V.o)
 .debug_line    0x000014a6       0x97 .\CortexM3\ARM_GCC_441\Debug\invert.a(ADC_DelSig_V_INT.o)
 .debug_line    0x0000153d      0x189 .\CortexM3\ARM_GCC_441\Debug\invert.a(ADC_DelSig_V_theACLK.o)
 .debug_line    0x000016c6      0x168 .\CortexM3\ARM_GCC_441\Debug\invert.a(ADC_DelSig_V_Ext_CP_Clk.o)
 .debug_line    0x0000182e       0xb3 .\CortexM3\ARM_GCC_441\Debug\invert.a(ADC_DelSig_V_AMux.o)
 .debug_line    0x000018e1      0x1e2 .\CortexM3\ARM_GCC_441\Debug\invert.a(UART_1.o)
 .debug_line    0x00001ac3      0x166 .\CortexM3\ARM_GCC_441\Debug\invert.a(UART_1_IntClock.o)
 .debug_line    0x00001c29      0x24d .\CortexM3\ARM_GCC_441\Debug\invert.a(cyfitter_cfg.o)
 .debug_line    0x00001e76      0x170 .\CortexM3\ARM_GCC_441\Debug\invert.a(CyFlash.o)
 .debug_line    0x00001fe6      0x186 .\CortexM3\ARM_GCC_441\Debug\invert.a(CySpc.o)

.debug_frame    0x00000000     0x1da0
 *(.debug_frame)
 .debug_frame   0x00000000       0x2c .\CortexM3\ARM_GCC_441\Debug\main.o
 .debug_frame   0x0000002c       0x5c .\CortexM3\ARM_GCC_441\Debug\Cm3Start.o
 .debug_frame   0x00000088      0x20c .\CortexM3\ARM_GCC_441\Debug\invert.a(PWM_BUCK.o)
 .debug_frame   0x00000294      0x130 .\CortexM3\ARM_GCC_441\Debug\invert.a(Clock_1.o)
 .debug_frame   0x000003c4      0x6b8 .\CortexM3\ARM_GCC_441\Debug\invert.a(CyLib.o)
 .debug_frame   0x00000a7c      0x25c .\CortexM3\ARM_GCC_441\Debug\invert.a(cyPm.o)
 .debug_frame   0x00000cd8      0x1e0 .\CortexM3\ARM_GCC_441\Debug\invert.a(LCD_Char_1.o)
 .debug_frame   0x00000eb8      0x358 .\CortexM3\ARM_GCC_441\Debug\invert.a(ADC_DelSig_V.o)
 .debug_frame   0x00001210       0x80 .\CortexM3\ARM_GCC_441\Debug\invert.a(ADC_DelSig_V_INT.o)
 .debug_frame   0x00001290      0x168 .\CortexM3\ARM_GCC_441\Debug\invert.a(ADC_DelSig_V_theACLK.o)
 .debug_frame   0x000013f8      0x130 .\CortexM3\ARM_GCC_441\Debug\invert.a(ADC_DelSig_V_Ext_CP_Clk.o)
 .debug_frame   0x00001528       0x70 .\CortexM3\ARM_GCC_441\Debug\invert.a(ADC_DelSig_V_AMux.o)
 .debug_frame   0x00001598      0x204 .\CortexM3\ARM_GCC_441\Debug\invert.a(UART_1.o)
 .debug_frame   0x0000179c      0x130 .\CortexM3\ARM_GCC_441\Debug\invert.a(UART_1_IntClock.o)
 .debug_frame   0x000018cc      0x190 .\CortexM3\ARM_GCC_441\Debug\invert.a(cyfitter_cfg.o)
 .debug_frame   0x00001a5c      0x140 .\CortexM3\ARM_GCC_441\Debug\invert.a(CyFlash.o)
 .debug_frame   0x00001b9c      0x13c .\CortexM3\ARM_GCC_441\Debug\invert.a(CySpc.o)
 .debug_frame   0x00001cd8       0x34 c:/program files (x86)/cypress/psoc creator/2.2/psoc creator/import/gnu_cs/arm/4.4.1/bin/../lib/gcc/arm-none-eabi/4.4.1/../../../../arm-none-eabi/lib/thumb2\libc.a(lib_a-memcpy.o)
 .debug_frame   0x00001d0c       0x28 c:/program files (x86)/cypress/psoc creator/2.2/psoc creator/import/gnu_cs/arm/4.4.1/bin/../lib/gcc/arm-none-eabi/4.4.1/../../../../arm-none-eabi/lib/thumb2\libc.a(lib_a-memset.o)
 .debug_frame   0x00001d34       0x40 c:/program files (x86)/cypress/psoc creator/2.2/psoc creator/import/gnu_cs/arm/4.4.1/bin/../lib/gcc/arm-none-eabi/4.4.1/../../../../arm-none-eabi/lib/thumb2\libcs3.a(start_c.o)
 .debug_frame   0x00001d74       0x2c c:/program files (x86)/cypress/psoc creator/2.2/psoc creator/import/gnu_cs/arm/4.4.1/bin/../lib/gcc/arm-none-eabi/4.4.1/../../../../arm-none-eabi/lib/thumb2\libc.a(lib_a-init.o)

.debug_str      0x00000000     0x2197
 *(.debug_str)
 .debug_str     0x00000000       0xe7 .\CortexM3\ARM_GCC_441\Debug\main.o
                                0x126 (size before relaxing)
 .debug_str     0x000000e7       0x95 .\CortexM3\ARM_GCC_441\Debug\Cm3Start.o
                                0x185 (size before relaxing)
 .debug_str     0x0000017c      0x20f .\CortexM3\ARM_GCC_441\Debug\invert.a(PWM_BUCK.o)
                                0x300 (size before relaxing)
 .debug_str     0x0000038b      0x160 .\CortexM3\ARM_GCC_441\Debug\invert.a(Clock_1.o)
                                0x251 (size before relaxing)
 .debug_str     0x000004eb      0x5ad .\CortexM3\ARM_GCC_441\Debug\invert.a(CyLib.o)
                                0x6e4 (size before relaxing)
 .debug_str     0x00000a98      0x3bd .\CortexM3\ARM_GCC_441\Debug\invert.a(cyPm.o)
                                0x4c2 (size before relaxing)
 .debug_str     0x00000e55      0x1e3 .\CortexM3\ARM_GCC_441\Debug\invert.a(LCD_Char_1.o)
                                0x2e3 (size before relaxing)
 .debug_str     0x00001038      0x5a8 .\CortexM3\ARM_GCC_441\Debug\invert.a(ADC_DelSig_V.o)
                                0x6e8 (size before relaxing)
 .debug_str     0x000015e0       0x74 .\CortexM3\ARM_GCC_441\Debug\invert.a(ADC_DelSig_V_INT.o)
                                0x158 (size before relaxing)
 .debug_str     0x00001654      0x1f3 .\CortexM3\ARM_GCC_441\Debug\invert.a(ADC_DelSig_V_theACLK.o)
                                0x331 (size before relaxing)
 .debug_str     0x00001847      0x1b7 .\CortexM3\ARM_GCC_441\Debug\invert.a(ADC_DelSig_V_Ext_CP_Clk.o)
                                0x2fd (size before relaxing)
 .debug_str     0x000019fe       0xa6 .\CortexM3\ARM_GCC_441\Debug\invert.a(ADC_DelSig_V_AMux.o)
                                0x190 (size before relaxing)
 .debug_str     0x00001aa4      0x1d2 .\CortexM3\ARM_GCC_441\Debug\invert.a(UART_1.o)
                                0x2d8 (size before relaxing)
 .debug_str     0x00001c76      0x15f .\CortexM3\ARM_GCC_441\Debug\invert.a(UART_1_IntClock.o)
                                0x2a9 (size before relaxing)
 .debug_str     0x00001dd5      0x1aa .\CortexM3\ARM_GCC_441\Debug\invert.a(cyfitter_cfg.o)
                                0x2d2 (size before relaxing)
 .debug_str     0x00001f7f      0x113 .\CortexM3\ARM_GCC_441\Debug\invert.a(CyFlash.o)
                                0x236 (size before relaxing)
 .debug_str     0x00002092      0x105 .\CortexM3\ARM_GCC_441\Debug\invert.a(CySpc.o)
                                0x229 (size before relaxing)

.debug_loc      0x00000000     0x2f77
 *(.debug_loc)
 .debug_loc     0x00000000       0x2b .\CortexM3\ARM_GCC_441\Debug\main.o
 .debug_loc     0x0000002b       0x62 .\CortexM3\ARM_GCC_441\Debug\Cm3Start.o
 .debug_loc     0x0000008d      0x372 .\CortexM3\ARM_GCC_441\Debug\invert.a(PWM_BUCK.o)
 .debug_loc     0x000003ff      0x1ea .\CortexM3\ARM_GCC_441\Debug\invert.a(Clock_1.o)
 .debug_loc     0x000005e9      0xb67 .\CortexM3\ARM_GCC_441\Debug\invert.a(CyLib.o)
 .debug_loc     0x00001150      0x3b0 .\CortexM3\ARM_GCC_441\Debug\invert.a(cyPm.o)
 .debug_loc     0x00001500      0x309 .\CortexM3\ARM_GCC_441\Debug\invert.a(LCD_Char_1.o)
 .debug_loc     0x00001809      0x5b7 .\CortexM3\ARM_GCC_441\Debug\invert.a(ADC_DelSig_V.o)
 .debug_loc     0x00001dc0       0xac .\CortexM3\ARM_GCC_441\Debug\invert.a(ADC_DelSig_V_INT.o)
 .debug_loc     0x00001e6c      0x24c .\CortexM3\ARM_GCC_441\Debug\invert.a(ADC_DelSig_V_theACLK.o)
 .debug_loc     0x000020b8      0x1ea .\CortexM3\ARM_GCC_441\Debug\invert.a(ADC_DelSig_V_Ext_CP_Clk.o)
 .debug_loc     0x000022a2       0xa5 .\CortexM3\ARM_GCC_441\Debug\invert.a(ADC_DelSig_V_AMux.o)
 .debug_loc     0x00002347      0x377 .\CortexM3\ARM_GCC_441\Debug\invert.a(UART_1.o)
 .debug_loc     0x000026be      0x1ea .\CortexM3\ARM_GCC_441\Debug\invert.a(UART_1_IntClock.o)
 .debug_loc     0x000028a8      0x2b3 .\CortexM3\ARM_GCC_441\Debug\invert.a(cyfitter_cfg.o)
 .debug_loc     0x00002b5b      0x1f6 .\CortexM3\ARM_GCC_441\Debug\invert.a(CyFlash.o)
 .debug_loc     0x00002d51      0x226 .\CortexM3\ARM_GCC_441\Debug\invert.a(CySpc.o)

.debug_macinfo
 *(.debug_macinfo)

.debug_ranges   0x00000000      0x8a0
 *(.debug_ranges)
 .debug_ranges  0x00000000       0x18 .\CortexM3\ARM_GCC_441\Debug\main.o
 .debug_ranges  0x00000018       0x28 .\CortexM3\ARM_GCC_441\Debug\Cm3Start.o
 .debug_ranges  0x00000040       0xa0 .\CortexM3\ARM_GCC_441\Debug\invert.a(PWM_BUCK.o)
 .debug_ranges  0x000000e0       0x60 .\CortexM3\ARM_GCC_441\Debug\invert.a(Clock_1.o)
 .debug_ranges  0x00000140      0x1d8 .\CortexM3\ARM_GCC_441\Debug\invert.a(CyLib.o)
 .debug_ranges  0x00000318       0xb0 .\CortexM3\ARM_GCC_441\Debug\invert.a(cyPm.o)
 .debug_ranges  0x000003c8       0x88 .\CortexM3\ARM_GCC_441\Debug\invert.a(LCD_Char_1.o)
 .debug_ranges  0x00000450       0xf8 .\CortexM3\ARM_GCC_441\Debug\invert.a(ADC_DelSig_V.o)
 .debug_ranges  0x00000548       0x30 .\CortexM3\ARM_GCC_441\Debug\invert.a(ADC_DelSig_V_INT.o)
 .debug_ranges  0x00000578       0x70 .\CortexM3\ARM_GCC_441\Debug\invert.a(ADC_DelSig_V_theACLK.o)
 .debug_ranges  0x000005e8       0x60 .\CortexM3\ARM_GCC_441\Debug\invert.a(ADC_DelSig_V_Ext_CP_Clk.o)
 .debug_ranges  0x00000648       0x28 .\CortexM3\ARM_GCC_441\Debug\invert.a(ADC_DelSig_V_AMux.o)
 .debug_ranges  0x00000670       0x98 .\CortexM3\ARM_GCC_441\Debug\invert.a(UART_1.o)
 .debug_ranges  0x00000708       0x60 .\CortexM3\ARM_GCC_441\Debug\invert.a(UART_1_IntClock.o)
 .debug_ranges  0x00000768       0x78 .\CortexM3\ARM_GCC_441\Debug\invert.a(cyfitter_cfg.o)
 .debug_ranges  0x000007e0       0x60 .\CortexM3\ARM_GCC_441\Debug\invert.a(CyFlash.o)
 .debug_ranges  0x00000840       0x60 .\CortexM3\ARM_GCC_441\Debug\invert.a(CySpc.o)

.debug_weaknames
 *(.debug_weaknames)

.debug_funcnames
 *(.debug_funcnames)

.debug_typenames
 *(.debug_typenames)

.debug_varnames
 *(.debug_varnames)

.note.gnu.arm.ident
 *(.note.gnu.arm.ident)

.ARM.attributes
                0x00000000       0x25
 *(.ARM.attributes)
 .ARM.attributes
                0x00000000       0x19 c:/program files (x86)/cypress/psoc creator/2.2/psoc creator/import/gnu_cs/arm/4.4.1/bin/../lib/gcc/arm-none-eabi/4.4.1/thumb2/crti.o
 .ARM.attributes
                0x00000019       0x29 c:/program files (x86)/cypress/psoc creator/2.2/psoc creator/import/gnu_cs/arm/4.4.1/bin/../lib/gcc/arm-none-eabi/4.4.1/thumb2/crtbegin.o
 .ARM.attributes
                0x00000042       0x31 .\CortexM3\ARM_GCC_441\Debug\main.o
 .ARM.attributes
                0x00000073       0x31 .\CortexM3\ARM_GCC_441\Debug\Cm3Start.o
 .ARM.attributes
                0x000000a4       0x31 .\CortexM3\ARM_GCC_441\Debug\invert.a(PWM_BUCK.o)
 .ARM.attributes
                0x000000d5       0x31 .\CortexM3\ARM_GCC_441\Debug\invert.a(Clock_1.o)
 .ARM.attributes
                0x00000106       0x21 .\CortexM3\ARM_GCC_441\Debug\invert.a(CyBootAsmGnu.o)
 .ARM.attributes
                0x00000127       0x31 .\CortexM3\ARM_GCC_441\Debug\invert.a(CyLib.o)
 .ARM.attributes
                0x00000158       0x31 .\CortexM3\ARM_GCC_441\Debug\invert.a(cyPm.o)
 .ARM.attributes
                0x00000189       0x31 .\CortexM3\ARM_GCC_441\Debug\invert.a(LCD_Char_1.o)
 .ARM.attributes
                0x000001ba       0x31 .\CortexM3\ARM_GCC_441\Debug\invert.a(ADC_DelSig_V.o)
 .ARM.attributes
                0x000001eb       0x31 .\CortexM3\ARM_GCC_441\Debug\invert.a(ADC_DelSig_V_INT.o)
 .ARM.attributes
                0x0000021c       0x31 .\CortexM3\ARM_GCC_441\Debug\invert.a(ADC_DelSig_V_theACLK.o)
 .ARM.attributes
                0x0000024d       0x31 .\CortexM3\ARM_GCC_441\Debug\invert.a(ADC_DelSig_V_Ext_CP_Clk.o)
 .ARM.attributes
                0x0000027e       0x31 .\CortexM3\ARM_GCC_441\Debug\invert.a(ADC_DelSig_V_AMux.o)
 .ARM.attributes
                0x000002af       0x31 .\CortexM3\ARM_GCC_441\Debug\invert.a(UART_1.o)
 .ARM.attributes
                0x000002e0       0x31 .\CortexM3\ARM_GCC_441\Debug\invert.a(UART_1_IntClock.o)
 .ARM.attributes
                0x00000311       0x31 .\CortexM3\ARM_GCC_441\Debug\invert.a(cyfitter_cfg.o)
 .ARM.attributes
                0x00000342       0x31 .\CortexM3\ARM_GCC_441\Debug\invert.a(CyFlash.o)
 .ARM.attributes
                0x00000373       0x31 .\CortexM3\ARM_GCC_441\Debug\invert.a(CySpc.o)
 .ARM.attributes
                0x000003a4       0x1b c:/program files (x86)/cypress/psoc creator/2.2/psoc creator/import/gnu_cs/arm/4.4.1/bin/../lib/gcc/arm-none-eabi/4.4.1/thumb2\libgcc.a(_arm_addsubdf3.o)
 .ARM.attributes
                0x000003bf       0x1b c:/program files (x86)/cypress/psoc creator/2.2/psoc creator/import/gnu_cs/arm/4.4.1/bin/../lib/gcc/arm-none-eabi/4.4.1/thumb2\libgcc.a(_arm_cmpdf2.o)
 .ARM.attributes
                0x000003da       0x1b c:/program files (x86)/cypress/psoc creator/2.2/psoc creator/import/gnu_cs/arm/4.4.1/bin/../lib/gcc/arm-none-eabi/4.4.1/thumb2\libgcc.a(_arm_addsubsf3.o)
 .ARM.attributes
                0x000003f5       0x1b c:/program files (x86)/cypress/psoc creator/2.2/psoc creator/import/gnu_cs/arm/4.4.1/bin/../lib/gcc/arm-none-eabi/4.4.1/thumb2\libgcc.a(_arm_muldivsf3.o)
 .ARM.attributes
                0x00000410       0x1b c:/program files (x86)/cypress/psoc creator/2.2/psoc creator/import/gnu_cs/arm/4.4.1/bin/../lib/gcc/arm-none-eabi/4.4.1/thumb2\libgcc.a(_arm_fixunssfsi.o)
 .ARM.attributes
                0x0000042b       0x29 c:/program files (x86)/cypress/psoc creator/2.2/psoc creator/import/gnu_cs/arm/4.4.1/bin/../lib/gcc/arm-none-eabi/4.4.1/../../../../arm-none-eabi/lib/thumb2\libc.a(lib_a-memcpy.o)
 .ARM.attributes
                0x00000454       0x29 c:/program files (x86)/cypress/psoc creator/2.2/psoc creator/import/gnu_cs/arm/4.4.1/bin/../lib/gcc/arm-none-eabi/4.4.1/../../../../arm-none-eabi/lib/thumb2\libc.a(lib_a-memset.o)
 .ARM.attributes
                0x0000047d       0x29 c:/program files (x86)/cypress/psoc creator/2.2/psoc creator/import/gnu_cs/arm/4.4.1/bin/../lib/gcc/arm-none-eabi/4.4.1/thumb2/crtend.o
 .ARM.attributes
                0x000004a6       0x19 c:/program files (x86)/cypress/psoc creator/2.2/psoc creator/import/gnu_cs/arm/4.4.1/bin/../lib/gcc/arm-none-eabi/4.4.1/thumb2/crtn.o
 .ARM.attributes
                0x000004bf       0x29 c:/program files (x86)/cypress/psoc creator/2.2/psoc creator/import/gnu_cs/arm/4.4.1/bin/../lib/gcc/arm-none-eabi/4.4.1/../../../../arm-none-eabi/lib/thumb2\libcs3.a(start_c.o)
 .ARM.attributes
                0x000004e8       0x19 c:/program files (x86)/cypress/psoc creator/2.2/psoc creator/import/gnu_cs/arm/4.4.1/bin/../lib/gcc/arm-none-eabi/4.4.1/../../../../arm-none-eabi/lib/thumb2\libcs3micro.a(micro_isr_interrupt.o)
 .ARM.attributes
                0x00000501       0x29 c:/program files (x86)/cypress/psoc creator/2.2/psoc creator/import/gnu_cs/arm/4.4.1/bin/../lib/gcc/arm-none-eabi/4.4.1/../../../../arm-none-eabi/lib/thumb2\libc.a(lib_a-init.o)

/DISCARD/
 *(.note.GNU-stack)
OUTPUT(.\CortexM3\ARM_GCC_441\Debug\invert.elf elf32-littlearm)
