Archive member included because of file (symbol)

.\CortexM3\ARM_GCC_441\Debug\invert.a(PWM_BUCK.o)
                              .\CortexM3\ARM_GCC_441\Debug\main.o (PWM_BUCK_Start)
.\CortexM3\ARM_GCC_441\Debug\invert.a(Clock_1.o)
                              .\CortexM3\ARM_GCC_441\Debug\main.o (Clock_1_Start)
.\CortexM3\ARM_GCC_441\Debug\invert.a(CyBootAsmGnu.o)
                              .\CortexM3\ARM_GCC_441\Debug\invert.a(PWM_BUCK.o) (CyEnterCriticalSection)
.\CortexM3\ARM_GCC_441\Debug\invert.a(CyLib.o)
                              .\CortexM3\ARM_GCC_441\Debug\Cm3Start.o (CyResetStatus)
.\CortexM3\ARM_GCC_441\Debug\invert.a(cyPm.o)
                              .\CortexM3\ARM_GCC_441\Debug\invert.a(CyLib.o) (CyPmReadStatus)
.\CortexM3\ARM_GCC_441\Debug\invert.a(LCD_Char_1.o)
                              .\CortexM3\ARM_GCC_441\Debug\main.o (LCD_Char_1_Start)
.\CortexM3\ARM_GCC_441\Debug\invert.a(Clock_2.o)
                              .\CortexM3\ARM_GCC_441\Debug\main.o (Clock_2_Start)
.\CortexM3\ARM_GCC_441\Debug\invert.a(ADC_DelSig_V.o)
                              .\CortexM3\ARM_GCC_441\Debug\main.o (ADC_DelSig_V_Start)
.\CortexM3\ARM_GCC_441\Debug\invert.a(ADC_DelSig_V_INT.o)
                              .\CortexM3\ARM_GCC_441\Debug\invert.a(ADC_DelSig_V.o) (ADC_DelSig_V_ISR1)
.\CortexM3\ARM_GCC_441\Debug\invert.a(ADC_DelSig_V_theACLK.o)
                              .\CortexM3\ARM_GCC_441\Debug\invert.a(ADC_DelSig_V.o) (ADC_DelSig_V_theACLK_SetDividerRegister)
.\CortexM3\ARM_GCC_441\Debug\invert.a(ADC_DelSig_V_Ext_CP_Clk.o)
                              .\CortexM3\ARM_GCC_441\Debug\invert.a(ADC_DelSig_V.o) (ADC_DelSig_V_Ext_CP_Clk_SetDividerRegister)
.\CortexM3\ARM_GCC_441\Debug\invert.a(ADC_DelSig_V_AMux.o)
                              .\CortexM3\ARM_GCC_441\Debug\invert.a(ADC_DelSig_V.o) (ADC_DelSig_V_AMux_Select)
.\CortexM3\ARM_GCC_441\Debug\invert.a(UART_1.o)
                              .\CortexM3\ARM_GCC_441\Debug\main.o (UART_1_Start)
.\CortexM3\ARM_GCC_441\Debug\invert.a(UART_1_IntClock.o)
                              .\CortexM3\ARM_GCC_441\Debug\invert.a(UART_1.o) (UART_1_IntClock_Start)
.\CortexM3\ARM_GCC_441\Debug\invert.a(Control_Reg_1.o)
                              .\CortexM3\ARM_GCC_441\Debug\main.o (Control_Reg_1_Write)
.\CortexM3\ARM_GCC_441\Debug\invert.a(cyfitter_cfg.o)
                              .\CortexM3\ARM_GCC_441\Debug\invert.a(ADC_DelSig_V_AMux.o) (ADC_DelSig_V_AMux_Set)
.\CortexM3\ARM_GCC_441\Debug\invert.a(CyFlash.o)
                              .\CortexM3\ARM_GCC_441\Debug\invert.a(cyPm.o) (CyFlash_SetWaitCycles)
.\CortexM3\ARM_GCC_441\Debug\invert.a(CySpc.o)
                              .\CortexM3\ARM_GCC_441\Debug\invert.a(CyFlash.o) (CySpcStart)
c:/program files (x86)/cypress/psoc creator/2.2/psoc creator/import/gnu_cs/arm/4.4.1/bin/../lib/gcc/arm-none-eabi/4.4.1/thumb2\libgcc.a(_arm_addsubdf3.o)
                              .\CortexM3\ARM_GCC_441\Debug\main.o (__aeabi_dadd)
c:/program files (x86)/cypress/psoc creator/2.2/psoc creator/import/gnu_cs/arm/4.4.1/bin/../lib/gcc/arm-none-eabi/4.4.1/thumb2\libgcc.a(_arm_muldivdf3.o)
                              .\CortexM3\ARM_GCC_441\Debug\main.o (__aeabi_dmul)
c:/program files (x86)/cypress/psoc creator/2.2/psoc creator/import/gnu_cs/arm/4.4.1/bin/../lib/gcc/arm-none-eabi/4.4.1/thumb2\libgcc.a(_arm_cmpdf2.o)
                              .\CortexM3\ARM_GCC_441\Debug\invert.a(ADC_DelSig_V.o) (__aeabi_dcmpgt)
c:/program files (x86)/cypress/psoc creator/2.2/psoc creator/import/gnu_cs/arm/4.4.1/bin/../lib/gcc/arm-none-eabi/4.4.1/thumb2\libgcc.a(_arm_addsubsf3.o)
                              .\CortexM3\ARM_GCC_441\Debug\invert.a(ADC_DelSig_V.o) (__aeabi_ui2f)
c:/program files (x86)/cypress/psoc creator/2.2/psoc creator/import/gnu_cs/arm/4.4.1/bin/../lib/gcc/arm-none-eabi/4.4.1/thumb2\libgcc.a(_arm_muldivsf3.o)
                              .\CortexM3\ARM_GCC_441\Debug\invert.a(ADC_DelSig_V.o) (__aeabi_fmul)
c:/program files (x86)/cypress/psoc creator/2.2/psoc creator/import/gnu_cs/arm/4.4.1/bin/../lib/gcc/arm-none-eabi/4.4.1/thumb2\libgcc.a(_arm_fixunssfsi.o)
                              .\CortexM3\ARM_GCC_441\Debug\invert.a(ADC_DelSig_V.o) (__aeabi_f2uiz)
c:/program files (x86)/cypress/psoc creator/2.2/psoc creator/import/gnu_cs/arm/4.4.1/bin/../lib/gcc/arm-none-eabi/4.4.1/../../../../arm-none-eabi/lib/thumb2\libc.a(lib_a-memcpy.o)
                              .\CortexM3\ARM_GCC_441\Debug\invert.a(cyPm.o) (memcpy)
c:/program files (x86)/cypress/psoc creator/2.2/psoc creator/import/gnu_cs/arm/4.4.1/bin/../lib/gcc/arm-none-eabi/4.4.1/../../../../arm-none-eabi/lib/thumb2\libc.a(lib_a-memset.o)
                              .\CortexM3\ARM_GCC_441\Debug\invert.a(cyPm.o) (memset)
c:/program files (x86)/cypress/psoc creator/2.2/psoc creator/import/gnu_cs/arm/4.4.1/bin/../lib/gcc/arm-none-eabi/4.4.1/../../../../arm-none-eabi/lib/thumb2\libcs3.a(start_c.o)
                              (__cs3_start_c)
c:/program files (x86)/cypress/psoc creator/2.2/psoc creator/import/gnu_cs/arm/4.4.1/bin/../lib/gcc/arm-none-eabi/4.4.1/../../../../arm-none-eabi/lib/thumb2\libcs3micro.a(micro_isr_interrupt.o)
                              (__cs3_isr_nmi)
c:/program files (x86)/cypress/psoc creator/2.2/psoc creator/import/gnu_cs/arm/4.4.1/bin/../lib/gcc/arm-none-eabi/4.4.1/../../../../arm-none-eabi/lib/thumb2\libc.a(lib_a-init.o)
                              c:/program files (x86)/cypress/psoc creator/2.2/psoc creator/import/gnu_cs/arm/4.4.1/bin/../lib/gcc/arm-none-eabi/4.4.1/../../../../arm-none-eabi/lib/thumb2\libcs3.a(start_c.o) (__libc_init_array)

Allocating common symbols
Common symbol       size              file

sinptr              0x4               .\CortexM3\ARM_GCC_441\Debug\main.o
CyResetStatus       0x1               .\CortexM3\ARM_GCC_441\Debug\invert.a(CyLib.o)
dieTemperature      0x2               .\CortexM3\ARM_GCC_441\Debug\invert.a(CyFlash.o)

Discarded input sections

 .text          0x00000000        0x0 c:/program files (x86)/cypress/psoc creator/2.2/psoc creator/import/gnu_cs/arm/4.4.1/bin/../lib/gcc/arm-none-eabi/4.4.1/thumb2/crti.o
 .data          0x00000000        0x0 c:/program files (x86)/cypress/psoc creator/2.2/psoc creator/import/gnu_cs/arm/4.4.1/bin/../lib/gcc/arm-none-eabi/4.4.1/thumb2/crti.o
 .bss           0x00000000        0x0 c:/program files (x86)/cypress/psoc creator/2.2/psoc creator/import/gnu_cs/arm/4.4.1/bin/../lib/gcc/arm-none-eabi/4.4.1/thumb2/crti.o
 .data          0x00000000        0x4 c:/program files (x86)/cypress/psoc creator/2.2/psoc creator/import/gnu_cs/arm/4.4.1/bin/../lib/gcc/arm-none-eabi/4.4.1/thumb2/crtbegin.o
 .text          0x00000000        0x0 .\CortexM3\ARM_GCC_441\Debug\main.o
 .text.calcDuty
                0x00000000      0x178 .\CortexM3\ARM_GCC_441\Debug\main.o
 .text          0x00000000        0x0 .\CortexM3\ARM_GCC_441\Debug\Cm3Start.o
 .data          0x00000000        0x0 .\CortexM3\ARM_GCC_441\Debug\Cm3Start.o
 .bss           0x00000000        0x0 .\CortexM3\ARM_GCC_441\Debug\Cm3Start.o
 .text          0x00000000        0x0 .\CortexM3\ARM_GCC_441\Debug\invert.a(PWM_BUCK.o)
 .data          0x00000000        0x0 .\CortexM3\ARM_GCC_441\Debug\invert.a(PWM_BUCK.o)
 .text.PWM_BUCK_Stop
                0x00000000       0x24 .\CortexM3\ARM_GCC_441\Debug\invert.a(PWM_BUCK.o)
 .text.PWM_BUCK_ReadCounter
                0x00000000       0x24 .\CortexM3\ARM_GCC_441\Debug\invert.a(PWM_BUCK.o)
 .text.PWM_BUCK_ReadDeadTime
                0x00000000       0x1c .\CortexM3\ARM_GCC_441\Debug\invert.a(PWM_BUCK.o)
 .text.PWM_BUCK_ReadControlRegister
                0x00000000       0x20 .\CortexM3\ARM_GCC_441\Debug\invert.a(PWM_BUCK.o)
 .text.PWM_BUCK_WriteControlRegister
                0x00000000       0x20 .\CortexM3\ARM_GCC_441\Debug\invert.a(PWM_BUCK.o)
 .text.PWM_BUCK_ReadCompare
                0x00000000       0x18 .\CortexM3\ARM_GCC_441\Debug\invert.a(PWM_BUCK.o)
 .text.PWM_BUCK_ReadPeriod
                0x00000000       0x18 .\CortexM3\ARM_GCC_441\Debug\invert.a(PWM_BUCK.o)
 .text          0x00000000        0x0 .\CortexM3\ARM_GCC_441\Debug\invert.a(Clock_1.o)
 .data          0x00000000        0x0 .\CortexM3\ARM_GCC_441\Debug\invert.a(Clock_1.o)
 .bss           0x00000000        0x0 .\CortexM3\ARM_GCC_441\Debug\invert.a(Clock_1.o)
 .text.Clock_1_Stop
                0x00000000       0x40 .\CortexM3\ARM_GCC_441\Debug\invert.a(Clock_1.o)
 .text.Clock_1_StandbyPower
                0x00000000       0x54 .\CortexM3\ARM_GCC_441\Debug\invert.a(Clock_1.o)
 .text.Clock_1_SetDividerRegister
                0x00000000      0x1a8 .\CortexM3\ARM_GCC_441\Debug\invert.a(Clock_1.o)
 .text.Clock_1_GetDividerRegister
                0x00000000       0x18 .\CortexM3\ARM_GCC_441\Debug\invert.a(Clock_1.o)
 .text.Clock_1_SetModeRegister
                0x00000000       0x3c .\CortexM3\ARM_GCC_441\Debug\invert.a(Clock_1.o)
 .text.Clock_1_ClearModeRegister
                0x00000000       0x40 .\CortexM3\ARM_GCC_441\Debug\invert.a(Clock_1.o)
 .text.Clock_1_GetModeRegister
                0x00000000       0x1c .\CortexM3\ARM_GCC_441\Debug\invert.a(Clock_1.o)
 .text.Clock_1_SetSourceRegister
                0x00000000      0x100 .\CortexM3\ARM_GCC_441\Debug\invert.a(Clock_1.o)
 .text.Clock_1_GetSourceRegister
                0x00000000       0x1c .\CortexM3\ARM_GCC_441\Debug\invert.a(Clock_1.o)
 .data          0x00000000        0x0 .\CortexM3\ARM_GCC_441\Debug\invert.a(CyBootAsmGnu.o)
 .bss           0x00000000        0x0 .\CortexM3\ARM_GCC_441\Debug\invert.a(CyBootAsmGnu.o)
 .text          0x00000000        0x0 .\CortexM3\ARM_GCC_441\Debug\invert.a(CyLib.o)
 .bss           0x00000000        0x0 .\CortexM3\ARM_GCC_441\Debug\invert.a(CyLib.o)
 .text.CyPLL_OUT_Start
                0x00000000       0xdc .\CortexM3\ARM_GCC_441\Debug\invert.a(CyLib.o)
 .text.CyPLL_OUT_Stop
                0x00000000       0x24 .\CortexM3\ARM_GCC_441\Debug\invert.a(CyLib.o)
 .text.CyPLL_OUT_SetPQ
                0x00000000       0xac .\CortexM3\ARM_GCC_441\Debug\invert.a(CyLib.o)
 .text.CyPLL_OUT_SetSource
                0x00000000       0x64 .\CortexM3\ARM_GCC_441\Debug\invert.a(CyLib.o)
 .text.CyIMO_Start
                0x00000000       0xd0 .\CortexM3\ARM_GCC_441\Debug\invert.a(CyLib.o)
 .text.CyIMO_Stop
                0x00000000       0x24 .\CortexM3\ARM_GCC_441\Debug\invert.a(CyLib.o)
 .text.CyUSB_PowerOnCheck
                0x00000000       0x74 .\CortexM3\ARM_GCC_441\Debug\invert.a(CyLib.o)
 .text.CyIMO_SetTrimValue
                0x00000000      0x12c .\CortexM3\ARM_GCC_441\Debug\invert.a(CyLib.o)
 .text.CyIMO_SetFreq
                0x00000000      0x1b4 .\CortexM3\ARM_GCC_441\Debug\invert.a(CyLib.o)
 .text.CyIMO_SetSource
                0x00000000       0xb8 .\CortexM3\ARM_GCC_441\Debug\invert.a(CyLib.o)
 .text.CyIMO_EnableDoubler
                0x00000000       0x28 .\CortexM3\ARM_GCC_441\Debug\invert.a(CyLib.o)
 .text.CyIMO_DisableDoubler
                0x00000000       0x24 .\CortexM3\ARM_GCC_441\Debug\invert.a(CyLib.o)
 .text.CyMasterClk_SetSource
                0x00000000       0x70 .\CortexM3\ARM_GCC_441\Debug\invert.a(CyLib.o)
 .text.CyMasterClk_SetDivider
                0x00000000       0x20 .\CortexM3\ARM_GCC_441\Debug\invert.a(CyLib.o)
 .text.CyBusClk_Internal_SetDivider
                0x00000000       0x9c .\CortexM3\ARM_GCC_441\Debug\invert.a(CyLib.o)
 .text.CyBusClk_SetDivider
                0x00000000       0xcc .\CortexM3\ARM_GCC_441\Debug\invert.a(CyLib.o)
 .text.CyUsbClk_SetSource
                0x00000000       0x3c .\CortexM3\ARM_GCC_441\Debug\invert.a(CyLib.o)
 .text.CyILO_Start1K
                0x00000000       0x28 .\CortexM3\ARM_GCC_441\Debug\invert.a(CyLib.o)
 .text.CyILO_Stop1K
                0x00000000       0x24 .\CortexM3\ARM_GCC_441\Debug\invert.a(CyLib.o)
 .text.CyILO_Start100K
                0x00000000       0x28 .\CortexM3\ARM_GCC_441\Debug\invert.a(CyLib.o)
 .text.CyILO_Stop100K
                0x00000000       0x24 .\CortexM3\ARM_GCC_441\Debug\invert.a(CyLib.o)
 .text.CyILO_Enable33K
                0x00000000       0x28 .\CortexM3\ARM_GCC_441\Debug\invert.a(CyLib.o)
 .text.CyILO_Disable33K
                0x00000000       0x24 .\CortexM3\ARM_GCC_441\Debug\invert.a(CyLib.o)
 .text.CyILO_SetSource
                0x00000000       0x44 .\CortexM3\ARM_GCC_441\Debug\invert.a(CyLib.o)
 .text.CyILO_SetPowerMode
                0x00000000       0x58 .\CortexM3\ARM_GCC_441\Debug\invert.a(CyLib.o)
 .text.CyXTAL_32KHZ_Start
                0x00000000       0xa4 .\CortexM3\ARM_GCC_441\Debug\invert.a(CyLib.o)
 .text.CyXTAL_32KHZ_Stop
                0x00000000       0x60 .\CortexM3\ARM_GCC_441\Debug\invert.a(CyLib.o)
 .text.CyXTAL_32KHZ_ReadStatus
                0x00000000       0x1c .\CortexM3\ARM_GCC_441\Debug\invert.a(CyLib.o)
 .text.CyXTAL_32KHZ_SetPowerMode
                0x00000000       0xf8 .\CortexM3\ARM_GCC_441\Debug\invert.a(CyLib.o)
 .text.CyXTAL_Start
                0x00000000       0xe4 .\CortexM3\ARM_GCC_441\Debug\invert.a(CyLib.o)
 .text.CyXTAL_Stop
                0x00000000       0x24 .\CortexM3\ARM_GCC_441\Debug\invert.a(CyLib.o)
 .text.CyXTAL_SetStartup
                0x00000000       0x3c .\CortexM3\ARM_GCC_441\Debug\invert.a(CyLib.o)
 .text.CySoftwareReset
                0x00000000       0x18 .\CortexM3\ARM_GCC_441\Debug\invert.a(CyLib.o)
 .text.CyDelayFreq
                0x00000000       0xac .\CortexM3\ARM_GCC_441\Debug\invert.a(CyLib.o)
 .text.CyWdtStart
                0x00000000       0x98 .\CortexM3\ARM_GCC_441\Debug\invert.a(CyLib.o)
 .text.CyWdtClear
                0x00000000       0x44 .\CortexM3\ARM_GCC_441\Debug\invert.a(CyLib.o)
 .text.CyVdLvDigitEnable
                0x00000000       0x94 .\CortexM3\ARM_GCC_441\Debug\invert.a(CyLib.o)
 .text.CyVdLvAnalogEnable
                0x00000000       0x98 .\CortexM3\ARM_GCC_441\Debug\invert.a(CyLib.o)
 .text.CyVdLvDigitDisable
                0x00000000       0x38 .\CortexM3\ARM_GCC_441\Debug\invert.a(CyLib.o)
 .text.CyVdLvAnalogDisable
                0x00000000       0x38 .\CortexM3\ARM_GCC_441\Debug\invert.a(CyLib.o)
 .text.CyVdHvAnalogEnable
                0x00000000       0x60 .\CortexM3\ARM_GCC_441\Debug\invert.a(CyLib.o)
 .text.CyVdHvAnalogDisable
                0x00000000       0x24 .\CortexM3\ARM_GCC_441\Debug\invert.a(CyLib.o)
 .text.CyVdStickyStatus
                0x00000000       0x48 .\CortexM3\ARM_GCC_441\Debug\invert.a(CyLib.o)
 .text.CyVdRealTimeStatus
                0x00000000       0x30 .\CortexM3\ARM_GCC_441\Debug\invert.a(CyLib.o)
 .text.CyDisableInts
                0x00000000       0x3c .\CortexM3\ARM_GCC_441\Debug\invert.a(CyLib.o)
 .text.CyEnableInts
                0x00000000       0x2c .\CortexM3\ARM_GCC_441\Debug\invert.a(CyLib.o)
 .text.CyFlushCache
                0x00000000       0x7c .\CortexM3\ARM_GCC_441\Debug\invert.a(CyLib.o)
 .text.CyIntSetSysVector
                0x00000000       0x58 .\CortexM3\ARM_GCC_441\Debug\invert.a(CyLib.o)
 .text.CyIntGetSysVector
                0x00000000       0x40 .\CortexM3\ARM_GCC_441\Debug\invert.a(CyLib.o)
 .text.CyIntGetVector
                0x00000000       0x44 .\CortexM3\ARM_GCC_441\Debug\invert.a(CyLib.o)
 .text.CyIntGetPriority
                0x00000000       0x3c .\CortexM3\ARM_GCC_441\Debug\invert.a(CyLib.o)
 .text.CyIntGetState
                0x00000000       0x40 .\CortexM3\ARM_GCC_441\Debug\invert.a(CyLib.o)
 .text          0x00000000        0x0 .\CortexM3\ARM_GCC_441\Debug\invert.a(cyPm.o)
 .data          0x00000000        0x0 .\CortexM3\ARM_GCC_441\Debug\invert.a(cyPm.o)
 .bss           0x00000000       0xbc .\CortexM3\ARM_GCC_441\Debug\invert.a(cyPm.o)
 .rodata        0x00000000       0x10 .\CortexM3\ARM_GCC_441\Debug\invert.a(cyPm.o)
 .text.CyPmSaveClocks
                0x00000000      0x350 .\CortexM3\ARM_GCC_441\Debug\invert.a(cyPm.o)
 .text.CyPmRestoreClocks
                0x00000000      0x3c0 .\CortexM3\ARM_GCC_441\Debug\invert.a(cyPm.o)
 .text.CyPmAltAct
                0x00000000       0x64 .\CortexM3\ARM_GCC_441\Debug\invert.a(cyPm.o)
 .text.CyPmSleep
                0x00000000      0x130 .\CortexM3\ARM_GCC_441\Debug\invert.a(cyPm.o)
 .text.CyPmHibernate
                0x00000000      0x10c .\CortexM3\ARM_GCC_441\Debug\invert.a(cyPm.o)
 .text.CyPmReadStatus
                0x00000000       0x7c .\CortexM3\ARM_GCC_441\Debug\invert.a(cyPm.o)
 .text.CyPmHibSaveSet
                0x00000000       0x60 .\CortexM3\ARM_GCC_441\Debug\invert.a(cyPm.o)
 .text.CyPmHibRestore
                0x00000000       0x38 .\CortexM3\ARM_GCC_441\Debug\invert.a(cyPm.o)
 .text.CyPmCtwSetInterval
                0x00000000       0xd8 .\CortexM3\ARM_GCC_441\Debug\invert.a(cyPm.o)
 .text.CyPmOppsSet
                0x00000000       0x54 .\CortexM3\ARM_GCC_441\Debug\invert.a(cyPm.o)
 .text.CyPmFtwSetInterval
                0x00000000       0xdc .\CortexM3\ARM_GCC_441\Debug\invert.a(cyPm.o)
 .text.CyPmSavePicuInterrupts
                0x00000000       0x4c .\CortexM3\ARM_GCC_441\Debug\invert.a(cyPm.o)
 .text.CyPmDisablePicuInterrupts
                0x00000000       0x44 .\CortexM3\ARM_GCC_441\Debug\invert.a(cyPm.o)
 .text.CyPmRestorePicuInterrupts
                0x00000000       0x4c .\CortexM3\ARM_GCC_441\Debug\invert.a(cyPm.o)
 .text.CyPmSlpSaveSet
                0x00000000      0x130 .\CortexM3\ARM_GCC_441\Debug\invert.a(cyPm.o)
 .text.CyPmSlpRestore
                0x00000000       0xa4 .\CortexM3\ARM_GCC_441\Debug\invert.a(cyPm.o)
 .text.CyPmHibSlpSaveSet
                0x00000000      0xbd8 .\CortexM3\ARM_GCC_441\Debug\invert.a(cyPm.o)
 .text.CyPmHibSlpRestore
                0x00000000      0x6f0 .\CortexM3\ARM_GCC_441\Debug\invert.a(cyPm.o)
 .text.CyPmHviLviSaveDisable
                0x00000000      0x114 .\CortexM3\ARM_GCC_441\Debug\invert.a(cyPm.o)
 .text.CyPmHviLviRestore
                0x00000000       0x7c .\CortexM3\ARM_GCC_441\Debug\invert.a(cyPm.o)
 .text          0x00000000        0x0 .\CortexM3\ARM_GCC_441\Debug\invert.a(LCD_Char_1.o)
 .data          0x00000000        0x0 .\CortexM3\ARM_GCC_441\Debug\invert.a(LCD_Char_1.o)
 .text.LCD_Char_1_Stop
                0x00000000       0x1c .\CortexM3\ARM_GCC_441\Debug\invert.a(LCD_Char_1.o)
 .text.LCD_Char_1_Position
                0x00000000       0x74 .\CortexM3\ARM_GCC_441\Debug\invert.a(LCD_Char_1.o)
 .text.LCD_Char_1_PutChar
                0x00000000       0x1c .\CortexM3\ARM_GCC_441\Debug\invert.a(LCD_Char_1.o)
 .text.LCD_Char_1_PrintInt8
                0x00000000       0x44 .\CortexM3\ARM_GCC_441\Debug\invert.a(LCD_Char_1.o)
 .text.LCD_Char_1_PrintInt16
                0x00000000       0x2c .\CortexM3\ARM_GCC_441\Debug\invert.a(LCD_Char_1.o)
 .text.LCD_Char_1_PrintNumber
                0x00000000      0x110 .\CortexM3\ARM_GCC_441\Debug\invert.a(LCD_Char_1.o)
 .rodata        0x00000000       0x10 .\CortexM3\ARM_GCC_441\Debug\invert.a(LCD_Char_1.o)
 .text          0x00000000        0x0 .\CortexM3\ARM_GCC_441\Debug\invert.a(Clock_2.o)
 .data          0x00000000        0x0 .\CortexM3\ARM_GCC_441\Debug\invert.a(Clock_2.o)
 .bss           0x00000000        0x0 .\CortexM3\ARM_GCC_441\Debug\invert.a(Clock_2.o)
 .text.Clock_2_Stop
                0x00000000       0x40 .\CortexM3\ARM_GCC_441\Debug\invert.a(Clock_2.o)
 .text.Clock_2_StandbyPower
                0x00000000       0x54 .\CortexM3\ARM_GCC_441\Debug\invert.a(Clock_2.o)
 .text.Clock_2_SetDividerRegister
                0x00000000      0x1a8 .\CortexM3\ARM_GCC_441\Debug\invert.a(Clock_2.o)
 .text.Clock_2_GetDividerRegister
                0x00000000       0x18 .\CortexM3\ARM_GCC_441\Debug\invert.a(Clock_2.o)
 .text.Clock_2_SetModeRegister
                0x00000000       0x3c .\CortexM3\ARM_GCC_441\Debug\invert.a(Clock_2.o)
 .text.Clock_2_ClearModeRegister
                0x00000000       0x40 .\CortexM3\ARM_GCC_441\Debug\invert.a(Clock_2.o)
 .text.Clock_2_GetModeRegister
                0x00000000       0x1c .\CortexM3\ARM_GCC_441\Debug\invert.a(Clock_2.o)
 .text.Clock_2_SetSourceRegister
                0x00000000      0x100 .\CortexM3\ARM_GCC_441\Debug\invert.a(Clock_2.o)
 .text.Clock_2_GetSourceRegister
                0x00000000       0x1c .\CortexM3\ARM_GCC_441\Debug\invert.a(Clock_2.o)
 .text          0x00000000        0x0 .\CortexM3\ARM_GCC_441\Debug\invert.a(ADC_DelSig_V.o)
 .text.ADC_DelSig_V_SavePowerRegisters
                0x00000000       0xbc .\CortexM3\ARM_GCC_441\Debug\invert.a(ADC_DelSig_V.o)
 .text.ADC_DelSig_V_SetLowPower
                0x00000000      0x138 .\CortexM3\ARM_GCC_441\Debug\invert.a(ADC_DelSig_V.o)
 .text.ADC_DelSig_V_Stop
                0x00000000      0x1b0 .\CortexM3\ARM_GCC_441\Debug\invert.a(ADC_DelSig_V.o)
 .text.ADC_DelSig_V_SetBufferGain
                0x00000000       0x44 .\CortexM3\ARM_GCC_441\Debug\invert.a(ADC_DelSig_V.o)
 .text.ADC_DelSig_V_SetCoherency
                0x00000000       0x3c .\CortexM3\ARM_GCC_441\Debug\invert.a(ADC_DelSig_V.o)
 .text.ADC_DelSig_V_SetGCOR
                0x00000000       0xe8 .\CortexM3\ARM_GCC_441\Debug\invert.a(ADC_DelSig_V.o)
 .text.ADC_DelSig_V_ReadGCOR
                0x00000000       0xbc .\CortexM3\ARM_GCC_441\Debug\invert.a(ADC_DelSig_V.o)
 .text.ADC_DelSig_V_SetBufferChop
                0x00000000       0x44 .\CortexM3\ARM_GCC_441\Debug\invert.a(ADC_DelSig_V.o)
 .text.ADC_DelSig_V_StopConvert
                0x00000000       0x34 .\CortexM3\ARM_GCC_441\Debug\invert.a(ADC_DelSig_V.o)
 .text.ADC_DelSig_V_IsEndConversion
                0x00000000       0x60 .\CortexM3\ARM_GCC_441\Debug\invert.a(ADC_DelSig_V.o)
 .text.ADC_DelSig_V_GetResult8
                0x00000000       0x1c .\CortexM3\ARM_GCC_441\Debug\invert.a(ADC_DelSig_V.o)
 .text.ADC_DelSig_V_GetResult32
                0x00000000       0x3c .\CortexM3\ARM_GCC_441\Debug\invert.a(ADC_DelSig_V.o)
 .text.ADC_DelSig_V_SetOffset
                0x00000000       0x20 .\CortexM3\ARM_GCC_441\Debug\invert.a(ADC_DelSig_V.o)
 .text.ADC_DelSig_V_SetGain
                0x00000000       0x20 .\CortexM3\ARM_GCC_441\Debug\invert.a(ADC_DelSig_V.o)
 .text.ADC_DelSig_V_CountsTo_mVolts
                0x00000000       0xc4 .\CortexM3\ARM_GCC_441\Debug\invert.a(ADC_DelSig_V.o)
 .text.ADC_DelSig_V_CountsTo_Volts
                0x00000000       0x54 .\CortexM3\ARM_GCC_441\Debug\invert.a(ADC_DelSig_V.o)
 .text.ADC_DelSig_V_CountsTo_uVolts
                0x00000000       0xf0 .\CortexM3\ARM_GCC_441\Debug\invert.a(ADC_DelSig_V.o)
 .text.ADC_DelSig_V_IRQ_Start
                0x00000000       0x40 .\CortexM3\ARM_GCC_441\Debug\invert.a(ADC_DelSig_V.o)
 .text.ADC_DelSig_V_RoundValue
                0x00000000       0x54 .\CortexM3\ARM_GCC_441\Debug\invert.a(ADC_DelSig_V.o)
 .text.ADC_DelSig_V_SelectConfiguration
                0x00000000      0x200 .\CortexM3\ARM_GCC_441\Debug\invert.a(ADC_DelSig_V.o)
 .text          0x00000000        0x0 .\CortexM3\ARM_GCC_441\Debug\invert.a(ADC_DelSig_V_INT.o)
 .data          0x00000000        0x0 .\CortexM3\ARM_GCC_441\Debug\invert.a(ADC_DelSig_V_INT.o)
 .bss           0x00000000        0x0 .\CortexM3\ARM_GCC_441\Debug\invert.a(ADC_DelSig_V_INT.o)
 .text          0x00000000        0x0 .\CortexM3\ARM_GCC_441\Debug\invert.a(ADC_DelSig_V_theACLK.o)
 .data          0x00000000        0x0 .\CortexM3\ARM_GCC_441\Debug\invert.a(ADC_DelSig_V_theACLK.o)
 .bss           0x00000000        0x0 .\CortexM3\ARM_GCC_441\Debug\invert.a(ADC_DelSig_V_theACLK.o)
 .text.ADC_DelSig_V_theACLK_Start
                0x00000000       0x28 .\CortexM3\ARM_GCC_441\Debug\invert.a(ADC_DelSig_V_theACLK.o)
 .text.ADC_DelSig_V_theACLK_Stop
                0x00000000       0x24 .\CortexM3\ARM_GCC_441\Debug\invert.a(ADC_DelSig_V_theACLK.o)
 .text.ADC_DelSig_V_theACLK_StandbyPower
                0x00000000       0x54 .\CortexM3\ARM_GCC_441\Debug\invert.a(ADC_DelSig_V_theACLK.o)
 .text.ADC_DelSig_V_theACLK_SetDividerRegister
                0x00000000      0x198 .\CortexM3\ARM_GCC_441\Debug\invert.a(ADC_DelSig_V_theACLK.o)
 .text.ADC_DelSig_V_theACLK_GetDividerRegister
                0x00000000       0x18 .\CortexM3\ARM_GCC_441\Debug\invert.a(ADC_DelSig_V_theACLK.o)
 .text.ADC_DelSig_V_theACLK_ClearModeRegister
                0x00000000       0x40 .\CortexM3\ARM_GCC_441\Debug\invert.a(ADC_DelSig_V_theACLK.o)
 .text.ADC_DelSig_V_theACLK_GetModeRegister
                0x00000000       0x1c .\CortexM3\ARM_GCC_441\Debug\invert.a(ADC_DelSig_V_theACLK.o)
 .text.ADC_DelSig_V_theACLK_SetSourceRegister
                0x00000000       0xe8 .\CortexM3\ARM_GCC_441\Debug\invert.a(ADC_DelSig_V_theACLK.o)
 .text.ADC_DelSig_V_theACLK_GetSourceRegister
                0x00000000       0x1c .\CortexM3\ARM_GCC_441\Debug\invert.a(ADC_DelSig_V_theACLK.o)
 .text.ADC_DelSig_V_theACLK_SetPhaseRegister
                0x00000000       0x24 .\CortexM3\ARM_GCC_441\Debug\invert.a(ADC_DelSig_V_theACLK.o)
 .text.ADC_DelSig_V_theACLK_GetPhaseRegister
                0x00000000       0x1c .\CortexM3\ARM_GCC_441\Debug\invert.a(ADC_DelSig_V_theACLK.o)
 .text          0x00000000        0x0 .\CortexM3\ARM_GCC_441\Debug\invert.a(ADC_DelSig_V_Ext_CP_Clk.o)
 .data          0x00000000        0x0 .\CortexM3\ARM_GCC_441\Debug\invert.a(ADC_DelSig_V_Ext_CP_Clk.o)
 .bss           0x00000000        0x0 .\CortexM3\ARM_GCC_441\Debug\invert.a(ADC_DelSig_V_Ext_CP_Clk.o)
 .text.ADC_DelSig_V_Ext_CP_Clk_Start
                0x00000000       0x28 .\CortexM3\ARM_GCC_441\Debug\invert.a(ADC_DelSig_V_Ext_CP_Clk.o)
 .text.ADC_DelSig_V_Ext_CP_Clk_Stop
                0x00000000       0x24 .\CortexM3\ARM_GCC_441\Debug\invert.a(ADC_DelSig_V_Ext_CP_Clk.o)
 .text.ADC_DelSig_V_Ext_CP_Clk_StandbyPower
                0x00000000       0x54 .\CortexM3\ARM_GCC_441\Debug\invert.a(ADC_DelSig_V_Ext_CP_Clk.o)
 .text.ADC_DelSig_V_Ext_CP_Clk_SetDividerRegister
                0x00000000      0x194 .\CortexM3\ARM_GCC_441\Debug\invert.a(ADC_DelSig_V_Ext_CP_Clk.o)
 .text.ADC_DelSig_V_Ext_CP_Clk_GetDividerRegister
                0x00000000       0x18 .\CortexM3\ARM_GCC_441\Debug\invert.a(ADC_DelSig_V_Ext_CP_Clk.o)
 .text.ADC_DelSig_V_Ext_CP_Clk_ClearModeRegister
                0x00000000       0x40 .\CortexM3\ARM_GCC_441\Debug\invert.a(ADC_DelSig_V_Ext_CP_Clk.o)
 .text.ADC_DelSig_V_Ext_CP_Clk_GetModeRegister
                0x00000000       0x1c .\CortexM3\ARM_GCC_441\Debug\invert.a(ADC_DelSig_V_Ext_CP_Clk.o)
 .text.ADC_DelSig_V_Ext_CP_Clk_SetSourceRegister
                0x00000000       0xe8 .\CortexM3\ARM_GCC_441\Debug\invert.a(ADC_DelSig_V_Ext_CP_Clk.o)
 .text.ADC_DelSig_V_Ext_CP_Clk_GetSourceRegister
                0x00000000       0x1c .\CortexM3\ARM_GCC_441\Debug\invert.a(ADC_DelSig_V_Ext_CP_Clk.o)
 .text          0x00000000        0x0 .\CortexM3\ARM_GCC_441\Debug\invert.a(ADC_DelSig_V_AMux.o)
 .bss           0x00000000        0x0 .\CortexM3\ARM_GCC_441\Debug\invert.a(ADC_DelSig_V_AMux.o)
 .text.ADC_DelSig_V_AMux_FastSelect
                0x00000000       0x44 .\CortexM3\ARM_GCC_441\Debug\invert.a(ADC_DelSig_V_AMux.o)
 .text          0x00000000        0x0 .\CortexM3\ARM_GCC_441\Debug\invert.a(UART_1.o)
 .data          0x00000000        0x0 .\CortexM3\ARM_GCC_441\Debug\invert.a(UART_1.o)
 .text.UART_1_Stop
                0x00000000       0x70 .\CortexM3\ARM_GCC_441\Debug\invert.a(UART_1.o)
 .text.UART_1_ReadControlRegister
                0x00000000       0x10 .\CortexM3\ARM_GCC_441\Debug\invert.a(UART_1.o)
 .text.UART_1_WriteControlRegister
                0x00000000       0x14 .\CortexM3\ARM_GCC_441\Debug\invert.a(UART_1.o)
 .text.UART_1_SetRxInterruptMode
                0x00000000       0x20 .\CortexM3\ARM_GCC_441\Debug\invert.a(UART_1.o)
 .text.UART_1_ReadRxData
                0x00000000       0x20 .\CortexM3\ARM_GCC_441\Debug\invert.a(UART_1.o)
 .text.UART_1_ReadRxStatus
                0x00000000       0x28 .\CortexM3\ARM_GCC_441\Debug\invert.a(UART_1.o)
 .text.UART_1_GetByte
                0x00000000       0x24 .\CortexM3\ARM_GCC_441\Debug\invert.a(UART_1.o)
 .text.UART_1_GetRxBufferSize
                0x00000000       0x34 .\CortexM3\ARM_GCC_441\Debug\invert.a(UART_1.o)
 .text.UART_1_ClearRxBuffer
                0x00000000       0x54 .\CortexM3\ARM_GCC_441\Debug\invert.a(UART_1.o)
 .text.UART_1_SetRxAddressMode
                0x00000000       0x14 .\CortexM3\ARM_GCC_441\Debug\invert.a(UART_1.o)
 .text.UART_1_SetRxAddress1
                0x00000000       0x20 .\CortexM3\ARM_GCC_441\Debug\invert.a(UART_1.o)
 .text.UART_1_SetRxAddress2
                0x00000000       0x20 .\CortexM3\ARM_GCC_441\Debug\invert.a(UART_1.o)
 .text.UART_1_SetTxInterruptMode
                0x00000000       0x20 .\CortexM3\ARM_GCC_441\Debug\invert.a(UART_1.o)
 .text.UART_1_WriteTxData
                0x00000000       0x30 .\CortexM3\ARM_GCC_441\Debug\invert.a(UART_1.o)
 .text.UART_1_ReadTxStatus
                0x00000000       0x18 .\CortexM3\ARM_GCC_441\Debug\invert.a(UART_1.o)
 .text.UART_1_PutString
                0x00000000       0x48 .\CortexM3\ARM_GCC_441\Debug\invert.a(UART_1.o)
 .text.UART_1_PutArray
                0x00000000       0x48 .\CortexM3\ARM_GCC_441\Debug\invert.a(UART_1.o)
 .text.UART_1_PutCRLF
                0x00000000       0x38 .\CortexM3\ARM_GCC_441\Debug\invert.a(UART_1.o)
 .text.UART_1_GetTxBufferSize
                0x00000000       0x4c .\CortexM3\ARM_GCC_441\Debug\invert.a(UART_1.o)
 .text.UART_1_ClearTxBuffer
                0x00000000       0x54 .\CortexM3\ARM_GCC_441\Debug\invert.a(UART_1.o)
 .text.UART_1_SendBreak
                0x00000000       0xcc .\CortexM3\ARM_GCC_441\Debug\invert.a(UART_1.o)
 .text.UART_1_SetTxAddressMode
                0x00000000       0x14 .\CortexM3\ARM_GCC_441\Debug\invert.a(UART_1.o)
 .text          0x00000000        0x0 .\CortexM3\ARM_GCC_441\Debug\invert.a(UART_1_IntClock.o)
 .data          0x00000000        0x0 .\CortexM3\ARM_GCC_441\Debug\invert.a(UART_1_IntClock.o)
 .bss           0x00000000        0x0 .\CortexM3\ARM_GCC_441\Debug\invert.a(UART_1_IntClock.o)
 .text.UART_1_IntClock_Stop
                0x00000000       0x40 .\CortexM3\ARM_GCC_441\Debug\invert.a(UART_1_IntClock.o)
 .text.UART_1_IntClock_StandbyPower
                0x00000000       0x54 .\CortexM3\ARM_GCC_441\Debug\invert.a(UART_1_IntClock.o)
 .text.UART_1_IntClock_SetDividerRegister
                0x00000000      0x1a8 .\CortexM3\ARM_GCC_441\Debug\invert.a(UART_1_IntClock.o)
 .text.UART_1_IntClock_GetDividerRegister
                0x00000000       0x18 .\CortexM3\ARM_GCC_441\Debug\invert.a(UART_1_IntClock.o)
 .text.UART_1_IntClock_SetModeRegister
                0x00000000       0x3c .\CortexM3\ARM_GCC_441\Debug\invert.a(UART_1_IntClock.o)
 .text.UART_1_IntClock_ClearModeRegister
                0x00000000       0x40 .\CortexM3\ARM_GCC_441\Debug\invert.a(UART_1_IntClock.o)
 .text.UART_1_IntClock_GetModeRegister
                0x00000000       0x1c .\CortexM3\ARM_GCC_441\Debug\invert.a(UART_1_IntClock.o)
 .text.UART_1_IntClock_SetSourceRegister
                0x00000000      0x100 .\CortexM3\ARM_GCC_441\Debug\invert.a(UART_1_IntClock.o)
 .text.UART_1_IntClock_GetSourceRegister
                0x00000000       0x1c .\CortexM3\ARM_GCC_441\Debug\invert.a(UART_1_IntClock.o)
 .text          0x00000000        0x0 .\CortexM3\ARM_GCC_441\Debug\invert.a(Control_Reg_1.o)
 .data          0x00000000        0x0 .\CortexM3\ARM_GCC_441\Debug\invert.a(Control_Reg_1.o)
 .bss           0x00000000        0x0 .\CortexM3\ARM_GCC_441\Debug\invert.a(Control_Reg_1.o)
 .text          0x00000000        0x0 .\CortexM3\ARM_GCC_441\Debug\invert.a(cyfitter_cfg.o)
 .data          0x00000000        0x0 .\CortexM3\ARM_GCC_441\Debug\invert.a(cyfitter_cfg.o)
 .bss           0x00000000        0x0 .\CortexM3\ARM_GCC_441\Debug\invert.a(cyfitter_cfg.o)
 .text.CYCONFIGCPYCODE8
                0x00000000       0x20 .\CortexM3\ARM_GCC_441\Debug\invert.a(cyfitter_cfg.o)
 .text.CYCONFIGCPYCODE
                0x00000000       0x20 .\CortexM3\ARM_GCC_441\Debug\invert.a(cyfitter_cfg.o)
 .text.SetAnalogRoutingPumps
                0x00000000       0x44 .\CortexM3\ARM_GCC_441\Debug\invert.a(cyfitter_cfg.o)
 .text          0x00000000        0x0 .\CortexM3\ARM_GCC_441\Debug\invert.a(CyFlash.o)
 .data          0x00000000        0x0 .\CortexM3\ARM_GCC_441\Debug\invert.a(CyFlash.o)
 .bss           0x00000000        0x4 .\CortexM3\ARM_GCC_441\Debug\invert.a(CyFlash.o)
 .text.CyFlash_Start
                0x00000000       0x50 .\CortexM3\ARM_GCC_441\Debug\invert.a(CyFlash.o)
 .text.CyFlash_Stop
                0x00000000       0x40 .\CortexM3\ARM_GCC_441\Debug\invert.a(CyFlash.o)
 .text.CySetTempInt
                0x00000000       0x98 .\CortexM3\ARM_GCC_441\Debug\invert.a(CyFlash.o)
 .text.CySetTemp
                0x00000000       0x28 .\CortexM3\ARM_GCC_441\Debug\invert.a(CyFlash.o)
 .text.CySetFlashEEBuffer
                0x00000000       0x50 .\CortexM3\ARM_GCC_441\Debug\invert.a(CyFlash.o)
 .text.CyWriteRowData
                0x00000000       0xac .\CortexM3\ARM_GCC_441\Debug\invert.a(CyFlash.o)
 .text.CyWriteRowFull
                0x00000000      0x124 .\CortexM3\ARM_GCC_441\Debug\invert.a(CyFlash.o)
 .text.CyFlash_SetWaitCycles
                0x00000000       0xc4 .\CortexM3\ARM_GCC_441\Debug\invert.a(CyFlash.o)
 .text.CyEEPROM_ReadReserve
                0x00000000       0x3c .\CortexM3\ARM_GCC_441\Debug\invert.a(CyFlash.o)
 .text.CyEEPROM_ReadRelease
                0x00000000       0x20 .\CortexM3\ARM_GCC_441\Debug\invert.a(CyFlash.o)
 COMMON         0x00000000        0x2 .\CortexM3\ARM_GCC_441\Debug\invert.a(CyFlash.o)
 .text          0x00000000        0x0 .\CortexM3\ARM_GCC_441\Debug\invert.a(CySpc.o)
 .data          0x00000000        0x0 .\CortexM3\ARM_GCC_441\Debug\invert.a(CySpc.o)
 .bss           0x00000000        0x1 .\CortexM3\ARM_GCC_441\Debug\invert.a(CySpc.o)
 .text.CySpcStart
                0x00000000       0x58 .\CortexM3\ARM_GCC_441\Debug\invert.a(CySpc.o)
 .text.CySpcStop
                0x00000000       0x54 .\CortexM3\ARM_GCC_441\Debug\invert.a(CySpc.o)
 .text.CySpcReadData
                0x00000000       0x64 .\CortexM3\ARM_GCC_441\Debug\invert.a(CySpc.o)
 .text.CySpcLoadMultiByte
                0x00000000      0x118 .\CortexM3\ARM_GCC_441\Debug\invert.a(CySpc.o)
 .text.CySpcLoadRow
                0x00000000       0xbc .\CortexM3\ARM_GCC_441\Debug\invert.a(CySpc.o)
 .text.CySpcWriteRow
                0x00000000       0xcc .\CortexM3\ARM_GCC_441\Debug\invert.a(CySpc.o)
 .text.CySpcEraseSector
                0x00000000       0x9c .\CortexM3\ARM_GCC_441\Debug\invert.a(CySpc.o)
 .text.CySpcGetTemp
                0x00000000       0xc4 .\CortexM3\ARM_GCC_441\Debug\invert.a(CySpc.o)
 .text.CySpcLock
                0x00000000       0x4c .\CortexM3\ARM_GCC_441\Debug\invert.a(CySpc.o)
 .text.CySpcUnlock
                0x00000000       0x2c .\CortexM3\ARM_GCC_441\Debug\invert.a(CySpc.o)
 .text          0x00000000      0x370 c:/program files (x86)/cypress/psoc creator/2.2/psoc creator/import/gnu_cs/arm/4.4.1/bin/../lib/gcc/arm-none-eabi/4.4.1/thumb2\libgcc.a(_arm_addsubdf3.o)
 .data          0x00000000        0x0 c:/program files (x86)/cypress/psoc creator/2.2/psoc creator/import/gnu_cs/arm/4.4.1/bin/../lib/gcc/arm-none-eabi/4.4.1/thumb2\libgcc.a(_arm_addsubdf3.o)
 .bss           0x00000000        0x0 c:/program files (x86)/cypress/psoc creator/2.2/psoc creator/import/gnu_cs/arm/4.4.1/bin/../lib/gcc/arm-none-eabi/4.4.1/thumb2\libgcc.a(_arm_addsubdf3.o)
 .text          0x00000000      0x424 c:/program files (x86)/cypress/psoc creator/2.2/psoc creator/import/gnu_cs/arm/4.4.1/bin/../lib/gcc/arm-none-eabi/4.4.1/thumb2\libgcc.a(_arm_muldivdf3.o)
 .data          0x00000000        0x0 c:/program files (x86)/cypress/psoc creator/2.2/psoc creator/import/gnu_cs/arm/4.4.1/bin/../lib/gcc/arm-none-eabi/4.4.1/thumb2\libgcc.a(_arm_muldivdf3.o)
 .bss           0x00000000        0x0 c:/program files (x86)/cypress/psoc creator/2.2/psoc creator/import/gnu_cs/arm/4.4.1/bin/../lib/gcc/arm-none-eabi/4.4.1/thumb2\libgcc.a(_arm_muldivdf3.o)
 .text          0x00000000      0x110 c:/program files (x86)/cypress/psoc creator/2.2/psoc creator/import/gnu_cs/arm/4.4.1/bin/../lib/gcc/arm-none-eabi/4.4.1/thumb2\libgcc.a(_arm_cmpdf2.o)
 .data          0x00000000        0x0 c:/program files (x86)/cypress/psoc creator/2.2/psoc creator/import/gnu_cs/arm/4.4.1/bin/../lib/gcc/arm-none-eabi/4.4.1/thumb2\libgcc.a(_arm_cmpdf2.o)
 .bss           0x00000000        0x0 c:/program files (x86)/cypress/psoc creator/2.2/psoc creator/import/gnu_cs/arm/4.4.1/bin/../lib/gcc/arm-none-eabi/4.4.1/thumb2\libgcc.a(_arm_cmpdf2.o)
 .text          0x00000000      0x21c c:/program files (x86)/cypress/psoc creator/2.2/psoc creator/import/gnu_cs/arm/4.4.1/bin/../lib/gcc/arm-none-eabi/4.4.1/thumb2\libgcc.a(_arm_addsubsf3.o)
 .data          0x00000000        0x0 c:/program files (x86)/cypress/psoc creator/2.2/psoc creator/import/gnu_cs/arm/4.4.1/bin/../lib/gcc/arm-none-eabi/4.4.1/thumb2\libgcc.a(_arm_addsubsf3.o)
 .bss           0x00000000        0x0 c:/program files (x86)/cypress/psoc creator/2.2/psoc creator/import/gnu_cs/arm/4.4.1/bin/../lib/gcc/arm-none-eabi/4.4.1/thumb2\libgcc.a(_arm_addsubsf3.o)
 .text          0x00000000      0x2a0 c:/program files (x86)/cypress/psoc creator/2.2/psoc creator/import/gnu_cs/arm/4.4.1/bin/../lib/gcc/arm-none-eabi/4.4.1/thumb2\libgcc.a(_arm_muldivsf3.o)
 .data          0x00000000        0x0 c:/program files (x86)/cypress/psoc creator/2.2/psoc creator/import/gnu_cs/arm/4.4.1/bin/../lib/gcc/arm-none-eabi/4.4.1/thumb2\libgcc.a(_arm_muldivsf3.o)
 .bss           0x00000000        0x0 c:/program files (x86)/cypress/psoc creator/2.2/psoc creator/import/gnu_cs/arm/4.4.1/bin/../lib/gcc/arm-none-eabi/4.4.1/thumb2\libgcc.a(_arm_muldivsf3.o)
 .text          0x00000000       0x40 c:/program files (x86)/cypress/psoc creator/2.2/psoc creator/import/gnu_cs/arm/4.4.1/bin/../lib/gcc/arm-none-eabi/4.4.1/thumb2\libgcc.a(_arm_fixunssfsi.o)
 .data          0x00000000        0x0 c:/program files (x86)/cypress/psoc creator/2.2/psoc creator/import/gnu_cs/arm/4.4.1/bin/../lib/gcc/arm-none-eabi/4.4.1/thumb2\libgcc.a(_arm_fixunssfsi.o)
 .bss           0x00000000        0x0 c:/program files (x86)/cypress/psoc creator/2.2/psoc creator/import/gnu_cs/arm/4.4.1/bin/../lib/gcc/arm-none-eabi/4.4.1/thumb2\libgcc.a(_arm_fixunssfsi.o)
 .data          0x00000000        0x0 c:/program files (x86)/cypress/psoc creator/2.2/psoc creator/import/gnu_cs/arm/4.4.1/bin/../lib/gcc/arm-none-eabi/4.4.1/../../../../arm-none-eabi/lib/thumb2\libc.a(lib_a-memcpy.o)
 .bss           0x00000000        0x0 c:/program files (x86)/cypress/psoc creator/2.2/psoc creator/import/gnu_cs/arm/4.4.1/bin/../lib/gcc/arm-none-eabi/4.4.1/../../../../arm-none-eabi/lib/thumb2\libc.a(lib_a-memcpy.o)
 .data          0x00000000        0x0 c:/program files (x86)/cypress/psoc creator/2.2/psoc creator/import/gnu_cs/arm/4.4.1/bin/../lib/gcc/arm-none-eabi/4.4.1/../../../../arm-none-eabi/lib/thumb2\libc.a(lib_a-memset.o)
 .bss           0x00000000        0x0 c:/program files (x86)/cypress/psoc creator/2.2/psoc creator/import/gnu_cs/arm/4.4.1/bin/../lib/gcc/arm-none-eabi/4.4.1/../../../../arm-none-eabi/lib/thumb2\libc.a(lib_a-memset.o)
 .text          0x00000000        0x0 c:/program files (x86)/cypress/psoc creator/2.2/psoc creator/import/gnu_cs/arm/4.4.1/bin/../lib/gcc/arm-none-eabi/4.4.1/thumb2/crtend.o
 .data          0x00000000        0x0 c:/program files (x86)/cypress/psoc creator/2.2/psoc creator/import/gnu_cs/arm/4.4.1/bin/../lib/gcc/arm-none-eabi/4.4.1/thumb2/crtend.o
 .bss           0x00000000        0x0 c:/program files (x86)/cypress/psoc creator/2.2/psoc creator/import/gnu_cs/arm/4.4.1/bin/../lib/gcc/arm-none-eabi/4.4.1/thumb2/crtend.o
 .text          0x00000000        0x0 c:/program files (x86)/cypress/psoc creator/2.2/psoc creator/import/gnu_cs/arm/4.4.1/bin/../lib/gcc/arm-none-eabi/4.4.1/thumb2/crtn.o
 .data          0x00000000        0x0 c:/program files (x86)/cypress/psoc creator/2.2/psoc creator/import/gnu_cs/arm/4.4.1/bin/../lib/gcc/arm-none-eabi/4.4.1/thumb2/crtn.o
 .bss           0x00000000        0x0 c:/program files (x86)/cypress/psoc creator/2.2/psoc creator/import/gnu_cs/arm/4.4.1/bin/../lib/gcc/arm-none-eabi/4.4.1/thumb2/crtn.o
 .data          0x00000000        0x0 c:/program files (x86)/cypress/psoc creator/2.2/psoc creator/import/gnu_cs/arm/4.4.1/bin/../lib/gcc/arm-none-eabi/4.4.1/../../../../arm-none-eabi/lib/thumb2\libcs3.a(start_c.o)
 .bss           0x00000000        0x0 c:/program files (x86)/cypress/psoc creator/2.2/psoc creator/import/gnu_cs/arm/4.4.1/bin/../lib/gcc/arm-none-eabi/4.4.1/../../../../arm-none-eabi/lib/thumb2\libcs3.a(start_c.o)
 .data          0x00000000        0x0 c:/program files (x86)/cypress/psoc creator/2.2/psoc creator/import/gnu_cs/arm/4.4.1/bin/../lib/gcc/arm-none-eabi/4.4.1/../../../../arm-none-eabi/lib/thumb2\libcs3micro.a(micro_isr_interrupt.o)
 .bss           0x00000000        0x0 c:/program files (x86)/cypress/psoc creator/2.2/psoc creator/import/gnu_cs/arm/4.4.1/bin/../lib/gcc/arm-none-eabi/4.4.1/../../../../arm-none-eabi/lib/thumb2\libcs3micro.a(micro_isr_interrupt.o)
 .data          0x00000000        0x0 c:/program files (x86)/cypress/psoc creator/2.2/psoc creator/import/gnu_cs/arm/4.4.1/bin/../lib/gcc/arm-none-eabi/4.4.1/../../../../arm-none-eabi/lib/thumb2\libc.a(lib_a-init.o)
 .bss           0x00000000        0x0 c:/program files (x86)/cypress/psoc creator/2.2/psoc creator/import/gnu_cs/arm/4.4.1/bin/../lib/gcc/arm-none-eabi/4.4.1/../../../../arm-none-eabi/lib/thumb2\libc.a(lib_a-init.o)

Memory Configuration

Name             Origin             Length             Attributes
rom              0x00000000         0x00040000         xr
ram              0x1fff8000         0x0000b000         xrw
*default*        0x00000000         0xffffffff

Linker script and memory map

LOAD c:/program files (x86)/cypress/psoc creator/2.2/psoc creator/import/gnu_cs/arm/4.4.1/bin/../lib/gcc/arm-none-eabi/4.4.1/thumb2/crti.o
LOAD c:/program files (x86)/cypress/psoc creator/2.2/psoc creator/import/gnu_cs/arm/4.4.1/bin/../lib/gcc/arm-none-eabi/4.4.1/thumb2/crtbegin.o
START GROUP
LOAD .\CortexM3\ARM_GCC_441\Debug\main.o
LOAD .\CortexM3\ARM_GCC_441\Debug\Cm3Start.o
LOAD .\CortexM3\ARM_GCC_441\Debug\invert.a
LOAD C:\Program Files (x86)\Cypress\PSoC Creator\2.2\PSoC Creator\psoc\content\cycomponentlibrary\CyComponentLibrary.cylib\CortexM3\ARM_GCC_441\Debug\CyComponentLibrary.a
END GROUP
START GROUP
LOAD c:/program files (x86)/cypress/psoc creator/2.2/psoc creator/import/gnu_cs/arm/4.4.1/bin/../lib/gcc/arm-none-eabi/4.4.1/thumb2\libgcc.a
LOAD c:/program files (x86)/cypress/psoc creator/2.2/psoc creator/import/gnu_cs/arm/4.4.1/bin/../lib/gcc/arm-none-eabi/4.4.1/../../../../arm-none-eabi/lib/thumb2\libc.a
END GROUP
LOAD c:/program files (x86)/cypress/psoc creator/2.2/psoc creator/import/gnu_cs/arm/4.4.1/bin/../lib/gcc/arm-none-eabi/4.4.1/thumb2/crtend.o
LOAD c:/program files (x86)/cypress/psoc creator/2.2/psoc creator/import/gnu_cs/arm/4.4.1/bin/../lib/gcc/arm-none-eabi/4.4.1/thumb2/crtn.o
START GROUP
LOAD c:/program files (x86)/cypress/psoc creator/2.2/psoc creator/import/gnu_cs/arm/4.4.1/bin/../lib/gcc/arm-none-eabi/4.4.1/thumb2\libgcc.a
LOAD c:/program files (x86)/cypress/psoc creator/2.2/psoc creator/import/gnu_cs/arm/4.4.1/bin/../lib/gcc/arm-none-eabi/4.4.1/../../../../arm-none-eabi/lib/thumb2\libc.a
LOAD c:/program files (x86)/cypress/psoc creator/2.2/psoc creator/import/gnu_cs/arm/4.4.1/bin/../lib/gcc/arm-none-eabi/4.4.1/../../../../arm-none-eabi/lib/thumb2\libcs3.a
LOAD c:/program files (x86)/cypress/psoc creator/2.2/psoc creator/import/gnu_cs/arm/4.4.1/bin/../lib/gcc/arm-none-eabi/4.4.1/../../../../arm-none-eabi/lib/thumb2\libcs3unhosted.a
LOAD c:/program files (x86)/cypress/psoc creator/2.2/psoc creator/import/gnu_cs/arm/4.4.1/bin/../lib/gcc/arm-none-eabi/4.4.1/../../../../arm-none-eabi/lib/thumb2\libcs3micro.a
END GROUP
                0x1fff8378                PROVIDE (__cs3_heap_start, _end)
                0x00000001                PROVIDE (__cs3_region_num, ((__cs3_regions_end - __cs3_regions) / 0x14))
                0x20008000                PROVIDE (__cs3_stack, 0x20008000)
                0x20004000                PROVIDE (__cs3_heap_end, (__cs3_stack - 0x4000))

.text           0x00000000     0x271c
 CREATE_OBJECT_SYMBOLS
                0x00000000                PROVIDE (__cs3_interrupt_vector, RomVectors)
 *(.romvectors)
 .romvectors    0x00000000       0x10 .\CortexM3\ARM_GCC_441\Debug\Cm3Start.o
                0x00000000                RomVectors
 *(.cs3.interrupt_vector)
                0x00000001                ASSERT ((. != __cs3_interrupt_vector), No interrupt vector)
                0x00000174                PROVIDE (__cs3_reset, Reset)
 *(.cs3.reset)
                0x00000001                ASSERT ((. != __cs3_reset), No reset code)
 *(.dma_init)
                0x00000001                ASSERT ((((0x0 + .) <= 0x10000) || 0x1), DMA Init must be within the first 64k of flash)
 *(.text.cs3.init)
 .text.cs3.init
                0x00000010       0x5c c:/program files (x86)/cypress/psoc creator/2.2/psoc creator/import/gnu_cs/arm/4.4.1/bin/../lib/gcc/arm-none-eabi/4.4.1/../../../../arm-none-eabi/lib/thumb2\libcs3.a(start_c.o)
                0x00000010                __cs3_start_c
 *(.text .text.* .gnu.linkonce.t.*)
 .text          0x0000006c       0x30 c:/program files (x86)/cypress/psoc creator/2.2/psoc creator/import/gnu_cs/arm/4.4.1/bin/../lib/gcc/arm-none-eabi/4.4.1/thumb2/crtbegin.o
 .text.main     0x0000009c       0xd0 .\CortexM3\ARM_GCC_441\Debug\main.o
                0x0000009c                main
 .text.IntDefaultHandler
                0x0000016c        0x8 .\CortexM3\ARM_GCC_441\Debug\Cm3Start.o
                0x0000016c                IntDefaultHandler
 .text.Reset    0x00000174       0x24 .\CortexM3\ARM_GCC_441\Debug\Cm3Start.o
                0x00000174                Reset
 .text.initialize_psoc
                0x00000198       0xb4 .\CortexM3\ARM_GCC_441\Debug\Cm3Start.o
                0x00000198                initialize_psoc
 .text.PWM_BUCK_Start
                0x0000024c       0x2c .\CortexM3\ARM_GCC_441\Debug\invert.a(PWM_BUCK.o)
                0x0000024c                PWM_BUCK_Start
 .text.PWM_BUCK_Init
                0x00000278       0xc4 .\CortexM3\ARM_GCC_441\Debug\invert.a(PWM_BUCK.o)
                0x00000278                PWM_BUCK_Init
 .text.PWM_BUCK_Enable
                0x0000033c       0x2c .\CortexM3\ARM_GCC_441\Debug\invert.a(PWM_BUCK.o)
                0x0000033c                PWM_BUCK_Enable
 .text.PWM_BUCK_WriteCounter
                0x00000368       0x20 .\CortexM3\ARM_GCC_441\Debug\invert.a(PWM_BUCK.o)
                0x00000368                PWM_BUCK_WriteCounter
 .text.PWM_BUCK_ClearFIFO
                0x00000388       0x1c .\CortexM3\ARM_GCC_441\Debug\invert.a(PWM_BUCK.o)
                0x00000388                PWM_BUCK_ClearFIFO
 .text.PWM_BUCK_WritePeriod
                0x000003a4       0x20 .\CortexM3\ARM_GCC_441\Debug\invert.a(PWM_BUCK.o)
                0x000003a4                PWM_BUCK_WritePeriod
 .text.PWM_BUCK_WriteCompare
                0x000003c4       0x20 .\CortexM3\ARM_GCC_441\Debug\invert.a(PWM_BUCK.o)
                0x000003c4                PWM_BUCK_WriteCompare
 .text.PWM_BUCK_WriteDeadTime
                0x000003e4       0x58 .\CortexM3\ARM_GCC_441\Debug\invert.a(PWM_BUCK.o)
                0x000003e4                PWM_BUCK_WriteDeadTime
 .text.PWM_BUCK_SetInterruptMode
                0x0000043c       0x20 .\CortexM3\ARM_GCC_441\Debug\invert.a(PWM_BUCK.o)
                0x0000043c                PWM_BUCK_SetInterruptMode
 .text.PWM_BUCK_ReadStatusRegister
                0x0000045c       0x20 .\CortexM3\ARM_GCC_441\Debug\invert.a(PWM_BUCK.o)
                0x0000045c                PWM_BUCK_ReadStatusRegister
 .text.PWM_BUCK_ReadCapture
                0x0000047c       0x18 .\CortexM3\ARM_GCC_441\Debug\invert.a(PWM_BUCK.o)
                0x0000047c                PWM_BUCK_ReadCapture
 .text.Clock_1_Start
                0x00000494       0x44 .\CortexM3\ARM_GCC_441\Debug\invert.a(Clock_1.o)
                0x00000494                Clock_1_Start
 .text          0x000004d8       0x20 .\CortexM3\ARM_GCC_441\Debug\invert.a(CyBootAsmGnu.o)
                0x000004d8                CyDelayCycles
                0x000004e8                CyEnterCriticalSection
                0x000004f0                CyExitCriticalSection
 .text.CyHalt   0x000004f8       0x18 .\CortexM3\ARM_GCC_441\Debug\invert.a(CyLib.o)
                0x000004f8                CyHalt
 .text.CyDelay  0x00000510       0x48 .\CortexM3\ARM_GCC_441\Debug\invert.a(CyLib.o)
                0x00000510                CyDelay
 .text.CyDelayUs
                0x00000558       0x28 .\CortexM3\ARM_GCC_441\Debug\invert.a(CyLib.o)
                0x00000558                CyDelayUs
 .text.CyIntSetVector
                0x00000580       0x60 .\CortexM3\ARM_GCC_441\Debug\invert.a(CyLib.o)
                0x00000580                CyIntSetVector
 .text.CyIntSetPriority
                0x000005e0       0x4c .\CortexM3\ARM_GCC_441\Debug\invert.a(CyLib.o)
                0x000005e0                CyIntSetPriority
 .text.LCD_Char_1_Init
                0x0000062c       0x90 .\CortexM3\ARM_GCC_441\Debug\invert.a(LCD_Char_1.o)
                0x0000062c                LCD_Char_1_Init
 .text.LCD_Char_1_Enable
                0x000006bc       0x1c .\CortexM3\ARM_GCC_441\Debug\invert.a(LCD_Char_1.o)
                0x000006bc                LCD_Char_1_Enable
 .text.LCD_Char_1_Start
                0x000006d8       0x2c .\CortexM3\ARM_GCC_441\Debug\invert.a(LCD_Char_1.o)
                0x000006d8                LCD_Char_1_Start
 .text.LCD_Char_1_PrintString
                0x00000704       0x40 .\CortexM3\ARM_GCC_441\Debug\invert.a(LCD_Char_1.o)
                0x00000704                LCD_Char_1_PrintString
 .text.LCD_Char_1_WriteData
                0x00000744       0x38 .\CortexM3\ARM_GCC_441\Debug\invert.a(LCD_Char_1.o)
                0x00000744                LCD_Char_1_WriteData
 .text.LCD_Char_1_WriteControl
                0x0000077c       0x38 .\CortexM3\ARM_GCC_441\Debug\invert.a(LCD_Char_1.o)
                0x0000077c                LCD_Char_1_WriteControl
 .text.LCD_Char_1_IsReady
                0x000007b4      0x1fc .\CortexM3\ARM_GCC_441\Debug\invert.a(LCD_Char_1.o)
                0x000007b4                LCD_Char_1_IsReady
 .text.LCD_Char_1_WrDatNib
                0x000009b0       0xac .\CortexM3\ARM_GCC_441\Debug\invert.a(LCD_Char_1.o)
 .text.LCD_Char_1_WrCntrlNib
                0x00000a5c       0x8c .\CortexM3\ARM_GCC_441\Debug\invert.a(LCD_Char_1.o)
 .text.Clock_2_Start
                0x00000ae8       0x44 .\CortexM3\ARM_GCC_441\Debug\invert.a(Clock_2.o)
                0x00000ae8                Clock_2_Start
 .text.ADC_DelSig_V_Init
                0x00000b2c       0x34 .\CortexM3\ARM_GCC_441\Debug\invert.a(ADC_DelSig_V.o)
                0x00000b2c                ADC_DelSig_V_Init
 .text.ADC_DelSig_V_Enable
                0x00000b60      0x1c4 .\CortexM3\ARM_GCC_441\Debug\invert.a(ADC_DelSig_V.o)
                0x00000b60                ADC_DelSig_V_Enable
 .text.ADC_DelSig_V_RestorePowerRegisters
                0x00000d24       0xac .\CortexM3\ARM_GCC_441\Debug\invert.a(ADC_DelSig_V.o)
                0x00000d24                ADC_DelSig_V_RestorePowerRegisters
 .text.ADC_DelSig_V_Start
                0x00000dd0       0x3c .\CortexM3\ARM_GCC_441\Debug\invert.a(ADC_DelSig_V.o)
                0x00000dd0                ADC_DelSig_V_Start
 .text.ADC_DelSig_V_StartConvert
                0x00000e0c       0x28 .\CortexM3\ARM_GCC_441\Debug\invert.a(ADC_DelSig_V.o)
                0x00000e0c                ADC_DelSig_V_StartConvert
 .text.ADC_DelSig_V_GetResult16
                0x00000e34       0x24 .\CortexM3\ARM_GCC_441\Debug\invert.a(ADC_DelSig_V.o)
                0x00000e34                ADC_DelSig_V_GetResult16
 .text.ADC_DelSig_V_InitConfig
                0x00000e58      0x8d0 .\CortexM3\ARM_GCC_441\Debug\invert.a(ADC_DelSig_V.o)
                0x00000e58                ADC_DelSig_V_InitConfig
 .text.ADC_DelSig_V_GainCompensation
                0x00001728      0x1cc .\CortexM3\ARM_GCC_441\Debug\invert.a(ADC_DelSig_V.o)
                0x00001728                ADC_DelSig_V_GainCompensation
 .text.ADC_DelSig_V_SetDSMRef0Reg
                0x000018f4       0x94 .\CortexM3\ARM_GCC_441\Debug\invert.a(ADC_DelSig_V.o)
                0x000018f4                ADC_DelSig_V_SetDSMRef0Reg
 .text.ADC_DelSig_V_ISR1
                0x00001988       0x84 .\CortexM3\ARM_GCC_441\Debug\invert.a(ADC_DelSig_V_INT.o)
                0x00001988                ADC_DelSig_V_ISR1
 .text.ADC_DelSig_V_ISR2
                0x00001a0c        0xc .\CortexM3\ARM_GCC_441\Debug\invert.a(ADC_DelSig_V_INT.o)
                0x00001a0c                ADC_DelSig_V_ISR2
 .text.ADC_DelSig_V_ISR3
                0x00001a18        0xc .\CortexM3\ARM_GCC_441\Debug\invert.a(ADC_DelSig_V_INT.o)
                0x00001a18                ADC_DelSig_V_ISR3
 .text.ADC_DelSig_V_ISR4
                0x00001a24        0xc .\CortexM3\ARM_GCC_441\Debug\invert.a(ADC_DelSig_V_INT.o)
                0x00001a24                ADC_DelSig_V_ISR4
 .text.ADC_DelSig_V_theACLK_SetModeRegister
                0x00001a30       0x38 .\CortexM3\ARM_GCC_441\Debug\invert.a(ADC_DelSig_V_theACLK.o)
                0x00001a30                ADC_DelSig_V_theACLK_SetModeRegister
 .text.ADC_DelSig_V_Ext_CP_Clk_SetModeRegister
                0x00001a68       0x38 .\CortexM3\ARM_GCC_441\Debug\invert.a(ADC_DelSig_V_Ext_CP_Clk.o)
                0x00001a68                ADC_DelSig_V_Ext_CP_Clk_SetModeRegister
 .text.ADC_DelSig_V_AMux_Start
                0x00001aa0       0x3c .\CortexM3\ARM_GCC_441\Debug\invert.a(ADC_DelSig_V_AMux.o)
                0x00001aa0                ADC_DelSig_V_AMux_Start
 .text.ADC_DelSig_V_AMux_Select
                0x00001adc       0x2c .\CortexM3\ARM_GCC_441\Debug\invert.a(ADC_DelSig_V_AMux.o)
                0x00001adc                ADC_DelSig_V_AMux_Select
 .text.UART_1_Start
                0x00001b08       0x2c .\CortexM3\ARM_GCC_441\Debug\invert.a(UART_1.o)
                0x00001b08                UART_1_Start
 .text.UART_1_Init
                0x00001b34       0x50 .\CortexM3\ARM_GCC_441\Debug\invert.a(UART_1.o)
                0x00001b34                UART_1_Init
 .text.UART_1_Enable
                0x00001b84       0x78 .\CortexM3\ARM_GCC_441\Debug\invert.a(UART_1.o)
                0x00001b84                UART_1_Enable
 .text.UART_1_GetChar
                0x00001bfc       0x4c .\CortexM3\ARM_GCC_441\Debug\invert.a(UART_1.o)
                0x00001bfc                UART_1_GetChar
 .text.UART_1_PutChar
                0x00001c48       0x34 .\CortexM3\ARM_GCC_441\Debug\invert.a(UART_1.o)
                0x00001c48                UART_1_PutChar
 .text.UART_1_IntClock_Start
                0x00001c7c       0x44 .\CortexM3\ARM_GCC_441\Debug\invert.a(UART_1_IntClock.o)
                0x00001c7c                UART_1_IntClock_Start
 .text.Control_Reg_1_Write
                0x00001cc0       0x20 .\CortexM3\ARM_GCC_441\Debug\invert.a(Control_Reg_1.o)
                0x00001cc0                Control_Reg_1_Write
 .text.Control_Reg_1_Read
                0x00001ce0       0x18 .\CortexM3\ARM_GCC_441\Debug\invert.a(Control_Reg_1.o)
                0x00001ce0                Control_Reg_1_Read
 .text.CYMEMZERO8
                0x00001cf8       0x3c .\CortexM3\ARM_GCC_441\Debug\invert.a(cyfitter_cfg.o)
 .text.CYCONFIGCPY8
                0x00001d34       0x48 .\CortexM3\ARM_GCC_441\Debug\invert.a(cyfitter_cfg.o)
 .text.CYMEMZERO
                0x00001d7c       0x20 .\CortexM3\ARM_GCC_441\Debug\invert.a(cyfitter_cfg.o)
 .text.CYCONFIGCPY
                0x00001d9c       0x20 .\CortexM3\ARM_GCC_441\Debug\invert.a(cyfitter_cfg.o)
 .text.cfg_write_bytes32
                0x00001dbc       0x84 .\CortexM3\ARM_GCC_441\Debug\invert.a(cyfitter_cfg.o)
 .text.ClockSetup
                0x00001e40      0x1c4 .\CortexM3\ARM_GCC_441\Debug\invert.a(cyfitter_cfg.o)
 .text.AnalogSetDefault
                0x00002004       0xb4 .\CortexM3\ARM_GCC_441\Debug\invert.a(cyfitter_cfg.o)
 .text.ADC_DelSig_V_AMux_Set
                0x000020b8       0x4c .\CortexM3\ARM_GCC_441\Debug\invert.a(cyfitter_cfg.o)
                0x000020b8                ADC_DelSig_V_AMux_Set
 .text.ADC_DelSig_V_AMux_Unset
                0x00002104       0x54 .\CortexM3\ARM_GCC_441\Debug\invert.a(cyfitter_cfg.o)
                0x00002104                ADC_DelSig_V_AMux_Unset
 .text.cyfitter_cfg
                0x00002158      0x2dc .\CortexM3\ARM_GCC_441\Debug\invert.a(cyfitter_cfg.o)
                0x00002158                cyfitter_cfg
 .text          0x00002434      0x190 c:/program files (x86)/cypress/psoc creator/2.2/psoc creator/import/gnu_cs/arm/4.4.1/bin/../lib/gcc/arm-none-eabi/4.4.1/../../../../arm-none-eabi/lib/thumb2\libc.a(lib_a-memcpy.o)
                0x00002434                memcpy
 .text          0x000025c4       0xd4 c:/program files (x86)/cypress/psoc creator/2.2/psoc creator/import/gnu_cs/arm/4.4.1/bin/../lib/gcc/arm-none-eabi/4.4.1/../../../../arm-none-eabi/lib/thumb2\libc.a(lib_a-memset.o)
                0x000025c4                memset
 .text          0x00002698       0x30 c:/program files (x86)/cypress/psoc creator/2.2/psoc creator/import/gnu_cs/arm/4.4.1/bin/../lib/gcc/arm-none-eabi/4.4.1/../../../../arm-none-eabi/lib/thumb2\libcs3.a(start_c.o)
                0x00002698                __cs3_premain
 .text          0x000026c8        0x2 c:/program files (x86)/cypress/psoc creator/2.2/psoc creator/import/gnu_cs/arm/4.4.1/bin/../lib/gcc/arm-none-eabi/4.4.1/../../../../arm-none-eabi/lib/thumb2\libcs3micro.a(micro_isr_interrupt.o)
                0x000026c8                __cs3_isr_external_24
                0x000026c8                __cs3_isr_external_9
                0x000026c8                __cs3_isr_external_14
                0x000026c8                __cs3_isr_reserved_9
                0x000026c8                __cs3_isr_external_4
                0x000026c8                __cs3_isr_external_21
                0x000026c8                __cs3_isr_external_0
                0x000026c8                __cs3_isr_external_27
                0x000026c8                __cs3_isr_external_11
                0x000026c8                __cs3_isr_usage_fault
                0x000026c8                __cs3_isr_svcall
                0x000026c8                __cs3_isr_external_3
                0x000026c8                __cs3_isr_mpu_fault
                0x000026c8                __cs3_isr_external_16
                0x000026c8                __cs3_isr_pendsv
                0x000026c8                __cs3_isr_external_31
                0x000026c8                __cs3_isr_nmi
                0x000026c8                __cs3_isr_external_5
                0x000026c8                __cs3_isr_external_6
                0x000026c8                __cs3_isr_external_12
                0x000026c8                __cs3_isr_hard_fault
                0x000026c8                __cs3_isr_bus_fault
                0x000026c8                __cs3_isr_external_1
                0x000026c8                __cs3_isr_external_13
                0x000026c8                __cs3_isr_external_30
                0x000026c8                __cs3_isr_external_23
                0x000026c8                __cs3_isr_external_20
                0x000026c8                __cs3_isr_debug
                0x000026c8                __cs3_isr_reserved_13
                0x000026c8                __cs3_isr_external_8
                0x000026c8                __cs3_isr_external_26
                0x000026c8                __cs3_isr_reserved_8
                0x000026c8                __cs3_isr_reserved_7
                0x000026c8                __cs3_isr_external_7
                0x000026c8                __cs3_isr_external_28
                0x000026c8                __cs3_isr_systick
                0x000026c8                __cs3_isr_external_22
                0x000026c8                __cs3_isr_external_10
                0x000026c8                __cs3_isr_external_15
                0x000026c8                __cs3_isr_interrupt
                0x000026c8                __cs3_isr_external_18
                0x000026c8                __cs3_isr_external_29
                0x000026c8                __cs3_isr_external_25
                0x000026c8                __cs3_isr_reserved_10
                0x000026c8                __cs3_isr_external_2
                0x000026c8                __cs3_isr_external_17
                0x000026c8                __cs3_isr_external_19
 *fill*         0x000026ca        0x2 00
 .text          0x000026cc       0x50 c:/program files (x86)/cypress/psoc creator/2.2/psoc creator/import/gnu_cs/arm/4.4.1/bin/../lib/gcc/arm-none-eabi/4.4.1/../../../../arm-none-eabi/lib/thumb2\libc.a(lib_a-init.o)
                0x000026cc                __libc_init_array
 *(.plt)
 *(.gnu.warning)
 *(.glue_7t)
 .glue_7t       0x00000000        0x0 linker stubs
 *(.glue_7)
 .glue_7        0x00000000        0x0 linker stubs
 *(.vfp11_veneer)
 .vfp11_veneer  0x00000000        0x0 linker stubs
 *(.bootloader)
 *(.ARM.extab* .gnu.linkonce.armextab.*)
 *(.gcc_except_table)

.v4_bx          0x0000271c        0x0
 .v4_bx         0x00000000        0x0 linker stubs

.eh_frame_hdr
 *(.eh_frame_hdr)

.eh_frame
 *(.eh_frame)
                0x0000271c                PROVIDE (__exidx_start, .)

.ARM.exidx
 *(.ARM.exidx* .gnu.linkonce.armexidx.*)
                0x0000271c                __exidx_end = .

.rodata         0x0000271c       0x84
 *(.rodata .rodata.* .gnu.linkonce.r.*)
 .rodata        0x0000271c       0x14 .\CortexM3\ARM_GCC_441\Debug\main.o
 .rodata        0x00002730       0x38 .\CortexM3\ARM_GCC_441\Debug\invert.a(cyfitter_cfg.o)
                0x00002730                ADC_DelSig_V_AMux__addrTable
                0x00002738                ADC_DelSig_V_AMux__maskTable
                0x00002768                . = ALIGN (0x4)
 *(.init)
 .init          0x00002768        0x4 c:/program files (x86)/cypress/psoc creator/2.2/psoc creator/import/gnu_cs/arm/4.4.1/bin/../lib/gcc/arm-none-eabi/4.4.1/thumb2/crti.o
                0x00002768                _init
 .init          0x0000276c        0x8 c:/program files (x86)/cypress/psoc creator/2.2/psoc creator/import/gnu_cs/arm/4.4.1/bin/../lib/gcc/arm-none-eabi/4.4.1/thumb2/crtn.o
                0x00002774                . = ALIGN (0x4)
                0x00002774                __preinit_array_start = .
 *(.preinit_array)
                0x00002774                __preinit_array_end = .
                0x00002774                . = ALIGN (0x4)
                0x00002774                __init_array_start = .
 *(SORT(.init_array.*))
 *(.init_array)
 .init_array    0x00002774        0x4 c:/program files (x86)/cypress/psoc creator/2.2/psoc creator/import/gnu_cs/arm/4.4.1/bin/../lib/gcc/arm-none-eabi/4.4.1/thumb2/crtbegin.o
 .init_array    0x00002778        0x4 .\CortexM3\ARM_GCC_441\Debug\Cm3Start.o
                0x0000277c                __init_array_end = .
                0x0000277c                . = ALIGN (0x4)
 *(.fini)
 .fini          0x0000277c        0x4 c:/program files (x86)/cypress/psoc creator/2.2/psoc creator/import/gnu_cs/arm/4.4.1/bin/../lib/gcc/arm-none-eabi/4.4.1/thumb2/crti.o
                0x0000277c                _fini
 .fini          0x00002780        0x8 c:/program files (x86)/cypress/psoc creator/2.2/psoc creator/import/gnu_cs/arm/4.4.1/bin/../lib/gcc/arm-none-eabi/4.4.1/thumb2/crtn.o
                0x00002788                . = ALIGN (0x4)
                0x00002788                __fini_array_start = .
 *(.fini_array)
 .fini_array    0x00002788        0x4 c:/program files (x86)/cypress/psoc creator/2.2/psoc creator/import/gnu_cs/arm/4.4.1/bin/../lib/gcc/arm-none-eabi/4.4.1/thumb2/crtbegin.o
 *(SORT(.fini_array.*))
                0x0000278c                __fini_array_end = .
                0x0000278c                . = ALIGN (0x4)
 *crtbegin.o(.ctors)
 *(EXCLUDE_FILE(*crtend.o) .ctors)
 *(SORT(.ctors.*))
 *crtend.o(.ctors)
                0x0000278c                . = ALIGN (0x4)
 *crtbegin.o(.dtors)
 *(EXCLUDE_FILE(*crtend.o) .dtors)
 *(SORT(.dtors.*))
 *crtend.o(.dtors)
                0x0000278c                . = ALIGN (0x4)
                0x0000278c                __cs3_regions = .
                0x0000278c        0x4 LONG 0x0
                0x00002790        0x4 LONG 0x27a0 __cs3_region_init_ram
                0x00002794        0x4 LONG 0x1fff8108 __cs3_region_start_data
                0x00002798        0x4 LONG 0x248 __cs3_region_init_size_ram
                0x0000279c        0x4 LONG 0x28 __cs3_region_zero_size_ram
                0x000027a0                __cs3_regions_end = .
                0x000027a0                . = ALIGN (0x8)
                0x000027a0                _etext = .

.ramvectors     0x1fff8000      0x100
                0x1fff8000                __cs3_region_start_ram = .
 *(.cs3.region-head.ram)
                0x1fff8001                ASSERT ((. == __cs3_region_start_ram), .cs3.region-head.ram not permitted)
 *(.ramvectors)
 .ramvectors    0x1fff8000      0x100 .\CortexM3\ARM_GCC_441\Debug\Cm3Start.o
                0x1fff8000                CyRamVectors

.noinit         0x1fff8100        0x4
 *(.noinit)
 .noinit        0x1fff8100        0x4 .\CortexM3\ARM_GCC_441\Debug\Cm3Start.o

.data           0x1fff8108      0x248 load address 0x000027a0
                0x1fff8108                __cs3_region_start_data = .
 *(.jcr)
 .jcr           0x1fff8108        0x0 c:/program files (x86)/cypress/psoc creator/2.2/psoc creator/import/gnu_cs/arm/4.4.1/bin/../lib/gcc/arm-none-eabi/4.4.1/thumb2/crtbegin.o
 .jcr           0x1fff8108        0x4 c:/program files (x86)/cypress/psoc creator/2.2/psoc creator/import/gnu_cs/arm/4.4.1/bin/../lib/gcc/arm-none-eabi/4.4.1/thumb2/crtend.o
 *(.got.plt)
 *(.got)
 *(.shdata)
 *(.data .data.* .gnu.linkonce.d.*)
 .data          0x1fff810c      0x21c .\CortexM3\ARM_GCC_441\Debug\main.o
                0x1fff810c                A1
                0x1fff8110                A2
                0x1fff8114                A3
                0x1fff8118                B0
                0x1fff811c                B1
                0x1fff8120                B2
                0x1fff8124                B3
                0x1fff8128                sineLUT
 .data          0x1fff8328       0x10 .\CortexM3\ARM_GCC_441\Debug\invert.a(CyLib.o)
                0x1fff8328                cydelay_freq_hz
                0x1fff832c                cydelay_freq_khz
                0x1fff8330                cydelay_freq_mhz
                0x1fff8334                cydelay_32k_ms
 .data          0x1fff8338       0x14 .\CortexM3\ARM_GCC_441\Debug\invert.a(ADC_DelSig_V.o)
                0x1fff8338                ADC_DelSig_V_Config
                0x1fff833c                ADC_DelSig_V_CountsPerVolt
 .data          0x1fff834c        0x1 .\CortexM3\ARM_GCC_441\Debug\invert.a(ADC_DelSig_V_AMux.o)
                0x1fff834c                ADC_DelSig_V_AMux_lastChannel
                0x1fff8350                . = ALIGN (0x8)
 *fill*         0x1fff834d        0x3 00
 *(.ram)
                0x1fff8350                _edata = .

.bss            0x1fff8350       0x28 load address 0x000029e8
 *(.shbss)
 *(.bss .bss.* .gnu.linkonce.b.*)
 .bss           0x1fff8350        0x1 c:/program files (x86)/cypress/psoc creator/2.2/psoc creator/import/gnu_cs/arm/4.4.1/bin/../lib/gcc/arm-none-eabi/4.4.1/thumb2/crtbegin.o
 *fill*         0x1fff8351        0x1 00
 .bss           0x1fff8352        0x8 .\CortexM3\ARM_GCC_441\Debug\main.o
                0x1fff8352                buffvolt
                0x1fff8354                dataReady
                0x1fff8356                sineLUTindex
                0x1fff8358                recbyte
 .bss           0x1fff835a        0x1 .\CortexM3\ARM_GCC_441\Debug\invert.a(PWM_BUCK.o)
                0x1fff835a                PWM_BUCK_initVar
 .bss           0x1fff835b        0x2 .\CortexM3\ARM_GCC_441\Debug\invert.a(LCD_Char_1.o)
                0x1fff835b                LCD_Char_1_enableState
                0x1fff835c                LCD_Char_1_initVar
 *fill*         0x1fff835d        0x3 00
 .bss           0x1fff8360        0xc .\CortexM3\ARM_GCC_441\Debug\invert.a(ADC_DelSig_V.o)
                0x1fff8360                ADC_DelSig_V_convDone
                0x1fff8361                ADC_DelSig_V_stopConversion
                0x1fff8362                ADC_DelSig_V_initVar
                0x1fff8363                ADC_DelSig_V_started
                0x1fff8364                ADC_DelSig_V_Offset
                0x1fff8368                ADC_DelSig_V_restoreReg
 .bss           0x1fff836c        0x2 .\CortexM3\ARM_GCC_441\Debug\invert.a(UART_1.o)
                0x1fff836c                UART_1_initVar
 *(COMMON)
 *fill*         0x1fff836e        0x2 00
 COMMON         0x1fff8370        0x4 .\CortexM3\ARM_GCC_441\Debug\main.o
                0x1fff8370                sinptr
 COMMON         0x1fff8374        0x1 .\CortexM3\ARM_GCC_441\Debug\invert.a(CyLib.o)
                0x1fff8374                CyResetStatus
                0x1fff8378                . = ALIGN (0x8)
 *fill*         0x1fff8375        0x3 00
 *(.ram.b)
                0x1fff8378                _end = .
                0x1fff8378                __end = .
                0x20003000                __cs3_region_end_ram = (__cs3_region_start_ram + 0xb000)
                0x0000b000                __cs3_region_size_ram = 0xb000
                0x000027a0                __cs3_region_init_ram = LOADADDR (.data)
                0x00000248                __cs3_region_init_size_ram = (_edata - ADDR (.data))
                0x00000028                __cs3_region_zero_size_ram = (_end - _edata)

.stab
 *(.stab)

.stabstr
 *(.stabstr)

.debug
 *(.debug)

.line
 *(.line)

.debug_srcinfo
 *(.debug_srcinfo)

.debug_sfnames
 *(.debug_sfnames)

.comment        0x00000000      0x331
 .comment       0x00000000       0x2b .\CortexM3\ARM_GCC_441\Debug\main.o
 .comment       0x0000002b       0x2b .\CortexM3\ARM_GCC_441\Debug\Cm3Start.o
 .comment       0x00000056       0x2b .\CortexM3\ARM_GCC_441\Debug\invert.a(PWM_BUCK.o)
 .comment       0x00000081       0x2b .\CortexM3\ARM_GCC_441\Debug\invert.a(Clock_1.o)
 .comment       0x000000ac       0x2b .\CortexM3\ARM_GCC_441\Debug\invert.a(CyLib.o)
 .comment       0x000000d7       0x2b .\CortexM3\ARM_GCC_441\Debug\invert.a(cyPm.o)
 .comment       0x00000102       0x2b .\CortexM3\ARM_GCC_441\Debug\invert.a(LCD_Char_1.o)
 .comment       0x0000012d       0x2b .\CortexM3\ARM_GCC_441\Debug\invert.a(Clock_2.o)
 .comment       0x00000158       0x2b .\CortexM3\ARM_GCC_441\Debug\invert.a(ADC_DelSig_V.o)
 .comment       0x00000183       0x2b .\CortexM3\ARM_GCC_441\Debug\invert.a(ADC_DelSig_V_INT.o)
 .comment       0x000001ae       0x2b .\CortexM3\ARM_GCC_441\Debug\invert.a(ADC_DelSig_V_theACLK.o)
 .comment       0x000001d9       0x2b .\CortexM3\ARM_GCC_441\Debug\invert.a(ADC_DelSig_V_Ext_CP_Clk.o)
 .comment       0x00000204       0x2b .\CortexM3\ARM_GCC_441\Debug\invert.a(ADC_DelSig_V_AMux.o)
 .comment       0x0000022f       0x2b .\CortexM3\ARM_GCC_441\Debug\invert.a(UART_1.o)
 .comment       0x0000025a       0x2b .\CortexM3\ARM_GCC_441\Debug\invert.a(UART_1_IntClock.o)
 .comment       0x00000285       0x2b .\CortexM3\ARM_GCC_441\Debug\invert.a(Control_Reg_1.o)
 .comment       0x000002b0       0x2b .\CortexM3\ARM_GCC_441\Debug\invert.a(cyfitter_cfg.o)
 .comment       0x000002db       0x2b .\CortexM3\ARM_GCC_441\Debug\invert.a(CyFlash.o)
 .comment       0x00000306       0x2b .\CortexM3\ARM_GCC_441\Debug\invert.a(CySpc.o)

.debug_aranges  0x00000000      0xa30
 *(.debug_aranges)
 .debug_aranges
                0x00000000       0x28 .\CortexM3\ARM_GCC_441\Debug\main.o
 .debug_aranges
                0x00000028       0x30 .\CortexM3\ARM_GCC_441\Debug\Cm3Start.o
 .debug_aranges
                0x00000058       0xa8 .\CortexM3\ARM_GCC_441\Debug\invert.a(PWM_BUCK.o)
 .debug_aranges
                0x00000100       0x68 .\CortexM3\ARM_GCC_441\Debug\invert.a(Clock_1.o)
 .debug_aranges
                0x00000168       0x20 .\CortexM3\ARM_GCC_441\Debug\invert.a(CyBootAsmGnu.o)
 .debug_aranges
                0x00000188      0x1e0 .\CortexM3\ARM_GCC_441\Debug\invert.a(CyLib.o)
 .debug_aranges
                0x00000368       0xb8 .\CortexM3\ARM_GCC_441\Debug\invert.a(cyPm.o)
 .debug_aranges
                0x00000420       0x90 .\CortexM3\ARM_GCC_441\Debug\invert.a(LCD_Char_1.o)
 .debug_aranges
                0x000004b0       0x68 .\CortexM3\ARM_GCC_441\Debug\invert.a(Clock_2.o)
 .debug_aranges
                0x00000518      0x100 .\CortexM3\ARM_GCC_441\Debug\invert.a(ADC_DelSig_V.o)
 .debug_aranges
                0x00000618       0x38 .\CortexM3\ARM_GCC_441\Debug\invert.a(ADC_DelSig_V_INT.o)
 .debug_aranges
                0x00000650       0x78 .\CortexM3\ARM_GCC_441\Debug\invert.a(ADC_DelSig_V_theACLK.o)
 .debug_aranges
                0x000006c8       0x68 .\CortexM3\ARM_GCC_441\Debug\invert.a(ADC_DelSig_V_Ext_CP_Clk.o)
 .debug_aranges
                0x00000730       0x30 .\CortexM3\ARM_GCC_441\Debug\invert.a(ADC_DelSig_V_AMux.o)
 .debug_aranges
                0x00000760       0xf0 .\CortexM3\ARM_GCC_441\Debug\invert.a(UART_1.o)
 .debug_aranges
                0x00000850       0x68 .\CortexM3\ARM_GCC_441\Debug\invert.a(UART_1_IntClock.o)
 .debug_aranges
                0x000008b8       0x28 .\CortexM3\ARM_GCC_441\Debug\invert.a(Control_Reg_1.o)
 .debug_aranges
                0x000008e0       0x80 .\CortexM3\ARM_GCC_441\Debug\invert.a(cyfitter_cfg.o)
 .debug_aranges
                0x00000960       0x68 .\CortexM3\ARM_GCC_441\Debug\invert.a(CyFlash.o)
 .debug_aranges
                0x000009c8       0x68 .\CortexM3\ARM_GCC_441\Debug\invert.a(CySpc.o)

.debug_pubnames
                0x00000000     0x1bc2
 *(.debug_pubnames)
 .debug_pubnames
                0x00000000       0xa8 .\CortexM3\ARM_GCC_441\Debug\main.o
 .debug_pubnames
                0x000000a8       0x66 .\CortexM3\ARM_GCC_441\Debug\Cm3Start.o
 .debug_pubnames
                0x0000010e      0x1ef .\CortexM3\ARM_GCC_441\Debug\invert.a(PWM_BUCK.o)
 .debug_pubnames
                0x000002fd      0x11e .\CortexM3\ARM_GCC_441\Debug\invert.a(Clock_1.o)
 .debug_pubnames
                0x0000041b      0x4be .\CortexM3\ARM_GCC_441\Debug\invert.a(CyLib.o)
 .debug_pubnames
                0x000008d9       0xbb .\CortexM3\ARM_GCC_441\Debug\invert.a(cyPm.o)
 .debug_pubnames
                0x00000994      0x17b .\CortexM3\ARM_GCC_441\Debug\invert.a(LCD_Char_1.o)
 .debug_pubnames
                0x00000b0f      0x11e .\CortexM3\ARM_GCC_441\Debug\invert.a(Clock_2.o)
 .debug_pubnames
                0x00000c2d      0x43c .\CortexM3\ARM_GCC_441\Debug\invert.a(ADC_DelSig_V.o)
 .debug_pubnames
                0x00001069       0x6a .\CortexM3\ARM_GCC_441\Debug\invert.a(ADC_DelSig_V_INT.o)
 .debug_pubnames
                0x000010d3      0x1f4 .\CortexM3\ARM_GCC_441\Debug\invert.a(ADC_DelSig_V_theACLK.o)
 .debug_pubnames
                0x000012c7      0x1be .\CortexM3\ARM_GCC_441\Debug\invert.a(ADC_DelSig_V_Ext_CP_Clk.o)
 .debug_pubnames
                0x00001485       0x8e .\CortexM3\ARM_GCC_441\Debug\invert.a(ADC_DelSig_V_AMux.o)
 .debug_pubnames
                0x00001513      0x29c .\CortexM3\ARM_GCC_441\Debug\invert.a(UART_1.o)
 .debug_pubnames
                0x000017af      0x16e .\CortexM3\ARM_GCC_441\Debug\invert.a(UART_1_IntClock.o)
 .debug_pubnames
                0x0000191d       0x41 .\CortexM3\ARM_GCC_441\Debug\invert.a(Control_Reg_1.o)
 .debug_pubnames
                0x0000195e       0xb5 .\CortexM3\ARM_GCC_441\Debug\invert.a(cyfitter_cfg.o)
 .debug_pubnames
                0x00001a13       0xdf .\CortexM3\ARM_GCC_441\Debug\invert.a(CyFlash.o)
 .debug_pubnames
                0x00001af2       0xd0 .\CortexM3\ARM_GCC_441\Debug\invert.a(CySpc.o)

.debug_info     0x00000000     0x44e0
 *(.debug_info .gnu.linkonce.wi.*)
 .debug_info    0x00000000      0x282 .\CortexM3\ARM_GCC_441\Debug\main.o
 .debug_info    0x00000282      0x168 .\CortexM3\ARM_GCC_441\Debug\Cm3Start.o
 .debug_info    0x000003ea      0x315 .\CortexM3\ARM_GCC_441\Debug\invert.a(PWM_BUCK.o)
 .debug_info    0x000006ff      0x237 .\CortexM3\ARM_GCC_441\Debug\invert.a(Clock_1.o)
 .debug_info    0x00000936       0x95 .\CortexM3\ARM_GCC_441\Debug\invert.a(CyBootAsmGnu.o)
 .debug_info    0x000009cb      0xbce .\CortexM3\ARM_GCC_441\Debug\invert.a(CyLib.o)
 .debug_info    0x00001599      0x63e .\CortexM3\ARM_GCC_441\Debug\invert.a(cyPm.o)
 .debug_info    0x00001bd7      0x3af .\CortexM3\ARM_GCC_441\Debug\invert.a(LCD_Char_1.o)
 .debug_info    0x00001f86      0x237 .\CortexM3\ARM_GCC_441\Debug\invert.a(Clock_2.o)
 .debug_info    0x000021bd      0x81a .\CortexM3\ARM_GCC_441\Debug\invert.a(ADC_DelSig_V.o)
 .debug_info    0x000029d7      0x11e .\CortexM3\ARM_GCC_441\Debug\invert.a(ADC_DelSig_V_INT.o)
 .debug_info    0x00002af5      0x27b .\CortexM3\ARM_GCC_441\Debug\invert.a(ADC_DelSig_V_theACLK.o)
 .debug_info    0x00002d70      0x237 .\CortexM3\ARM_GCC_441\Debug\invert.a(ADC_DelSig_V_Ext_CP_Clk.o)
 .debug_info    0x00002fa7      0x11a .\CortexM3\ARM_GCC_441\Debug\invert.a(ADC_DelSig_V_AMux.o)
 .debug_info    0x000030c1      0x55c .\CortexM3\ARM_GCC_441\Debug\invert.a(UART_1.o)
 .debug_info    0x0000361d      0x237 .\CortexM3\ARM_GCC_441\Debug\invert.a(UART_1_IntClock.o)
 .debug_info    0x00003854       0xd1 .\CortexM3\ARM_GCC_441\Debug\invert.a(Control_Reg_1.o)
 .debug_info    0x00003925      0x507 .\CortexM3\ARM_GCC_441\Debug\invert.a(cyfitter_cfg.o)
 .debug_info    0x00003e2c      0x308 .\CortexM3\ARM_GCC_441\Debug\invert.a(CyFlash.o)
 .debug_info    0x00004134      0x3ac .\CortexM3\ARM_GCC_441\Debug\invert.a(CySpc.o)

.debug_abbrev   0x00000000     0x1253
 *(.debug_abbrev)
 .debug_abbrev  0x00000000       0xf2 .\CortexM3\ARM_GCC_441\Debug\main.o
 .debug_abbrev  0x000000f2       0xec .\CortexM3\ARM_GCC_441\Debug\Cm3Start.o
 .debug_abbrev  0x000001de      0x108 .\CortexM3\ARM_GCC_441\Debug\invert.a(PWM_BUCK.o)
 .debug_abbrev  0x000002e6       0xcf .\CortexM3\ARM_GCC_441\Debug\invert.a(Clock_1.o)
 .debug_abbrev  0x000003b5       0x14 .\CortexM3\ARM_GCC_441\Debug\invert.a(CyBootAsmGnu.o)
 .debug_abbrev  0x000003c9      0x182 .\CortexM3\ARM_GCC_441\Debug\invert.a(CyLib.o)
 .debug_abbrev  0x0000054b      0x13e .\CortexM3\ARM_GCC_441\Debug\invert.a(cyPm.o)
 .debug_abbrev  0x00000689      0x118 .\CortexM3\ARM_GCC_441\Debug\invert.a(LCD_Char_1.o)
 .debug_abbrev  0x000007a1       0xcf .\CortexM3\ARM_GCC_441\Debug\invert.a(Clock_2.o)
 .debug_abbrev  0x00000870      0x125 .\CortexM3\ARM_GCC_441\Debug\invert.a(ADC_DelSig_V.o)
 .debug_abbrev  0x00000995       0x7a .\CortexM3\ARM_GCC_441\Debug\invert.a(ADC_DelSig_V_INT.o)
 .debug_abbrev  0x00000a0f       0xcf .\CortexM3\ARM_GCC_441\Debug\invert.a(ADC_DelSig_V_theACLK.o)
 .debug_abbrev  0x00000ade       0xcf .\CortexM3\ARM_GCC_441\Debug\invert.a(ADC_DelSig_V_Ext_CP_Clk.o)
 .debug_abbrev  0x00000bad       0x7f .\CortexM3\ARM_GCC_441\Debug\invert.a(ADC_DelSig_V_AMux.o)
 .debug_abbrev  0x00000c2c      0x10c .\CortexM3\ARM_GCC_441\Debug\invert.a(UART_1.o)
 .debug_abbrev  0x00000d38       0xcf .\CortexM3\ARM_GCC_441\Debug\invert.a(UART_1_IntClock.o)
 .debug_abbrev  0x00000e07       0x76 .\CortexM3\ARM_GCC_441\Debug\invert.a(Control_Reg_1.o)
 .debug_abbrev  0x00000e7d      0x17e .\CortexM3\ARM_GCC_441\Debug\invert.a(cyfitter_cfg.o)
 .debug_abbrev  0x00000ffb      0x14a .\CortexM3\ARM_GCC_441\Debug\invert.a(CyFlash.o)
 .debug_abbrev  0x00001145      0x10e .\CortexM3\ARM_GCC_441\Debug\invert.a(CySpc.o)

.debug_line     0x00000000     0x2479
 *(.debug_line)
 .debug_line    0x00000000       0x9b .\CortexM3\ARM_GCC_441\Debug\main.o
 .debug_line    0x0000009b       0xb8 .\CortexM3\ARM_GCC_441\Debug\Cm3Start.o
 .debug_line    0x00000153      0x1d2 .\CortexM3\ARM_GCC_441\Debug\invert.a(PWM_BUCK.o)
 .debug_line    0x00000325      0x15e .\CortexM3\ARM_GCC_441\Debug\invert.a(Clock_1.o)
 .debug_line    0x00000483       0x67 .\CortexM3\ARM_GCC_441\Debug\invert.a(CyBootAsmGnu.o)
 .debug_line    0x000004ea      0x5c7 .\CortexM3\ARM_GCC_441\Debug\invert.a(CyLib.o)
 .debug_line    0x00000ab1      0x3f2 .\CortexM3\ARM_GCC_441\Debug\invert.a(cyPm.o)
 .debug_line    0x00000ea3      0x1e0 .\CortexM3\ARM_GCC_441\Debug\invert.a(LCD_Char_1.o)
 .debug_line    0x00001083      0x15e .\CortexM3\ARM_GCC_441\Debug\invert.a(Clock_2.o)
 .debug_line    0x000011e1      0x442 .\CortexM3\ARM_GCC_441\Debug\invert.a(ADC_DelSig_V.o)
 .debug_line    0x00001623       0xc5 .\CortexM3\ARM_GCC_441\Debug\invert.a(ADC_DelSig_V_INT.o)
 .debug_line    0x000016e8      0x189 .\CortexM3\ARM_GCC_441\Debug\invert.a(ADC_DelSig_V_theACLK.o)
 .debug_line    0x00001871      0x168 .\CortexM3\ARM_GCC_441\Debug\invert.a(ADC_DelSig_V_Ext_CP_Clk.o)
 .debug_line    0x000019d9       0xb3 .\CortexM3\ARM_GCC_441\Debug\invert.a(ADC_DelSig_V_AMux.o)
 .debug_line    0x00001a8c      0x2b4 .\CortexM3\ARM_GCC_441\Debug\invert.a(UART_1.o)
 .debug_line    0x00001d40      0x166 .\CortexM3\ARM_GCC_441\Debug\invert.a(UART_1_IntClock.o)
 .debug_line    0x00001ea6       0x92 .\CortexM3\ARM_GCC_441\Debug\invert.a(Control_Reg_1.o)
 .debug_line    0x00001f38      0x24b .\CortexM3\ARM_GCC_441\Debug\invert.a(cyfitter_cfg.o)
 .debug_line    0x00002183      0x170 .\CortexM3\ARM_GCC_441\Debug\invert.a(CyFlash.o)
 .debug_line    0x000022f3      0x186 .\CortexM3\ARM_GCC_441\Debug\invert.a(CySpc.o)

.debug_frame    0x00000000     0x2068
 *(.debug_frame)
 .debug_frame   0x00000000       0x58 .\CortexM3\ARM_GCC_441\Debug\main.o
 .debug_frame   0x00000058       0x5c .\CortexM3\ARM_GCC_441\Debug\Cm3Start.o
 .debug_frame   0x000000b4      0x20c .\CortexM3\ARM_GCC_441\Debug\invert.a(PWM_BUCK.o)
 .debug_frame   0x000002c0      0x130 .\CortexM3\ARM_GCC_441\Debug\invert.a(Clock_1.o)
 .debug_frame   0x000003f0      0x6b8 .\CortexM3\ARM_GCC_441\Debug\invert.a(CyLib.o)
 .debug_frame   0x00000aa8      0x25c .\CortexM3\ARM_GCC_441\Debug\invert.a(cyPm.o)
 .debug_frame   0x00000d04      0x1e0 .\CortexM3\ARM_GCC_441\Debug\invert.a(LCD_Char_1.o)
 .debug_frame   0x00000ee4      0x130 .\CortexM3\ARM_GCC_441\Debug\invert.a(Clock_2.o)
 .debug_frame   0x00001014      0x358 .\CortexM3\ARM_GCC_441\Debug\invert.a(ADC_DelSig_V.o)
 .debug_frame   0x0000136c       0x80 .\CortexM3\ARM_GCC_441\Debug\invert.a(ADC_DelSig_V_INT.o)
 .debug_frame   0x000013ec      0x168 .\CortexM3\ARM_GCC_441\Debug\invert.a(ADC_DelSig_V_theACLK.o)
 .debug_frame   0x00001554      0x130 .\CortexM3\ARM_GCC_441\Debug\invert.a(ADC_DelSig_V_Ext_CP_Clk.o)
 .debug_frame   0x00001684       0x70 .\CortexM3\ARM_GCC_441\Debug\invert.a(ADC_DelSig_V_AMux.o)
 .debug_frame   0x000016f4      0x328 .\CortexM3\ARM_GCC_441\Debug\invert.a(UART_1.o)
 .debug_frame   0x00001a1c      0x130 .\CortexM3\ARM_GCC_441\Debug\invert.a(UART_1_IntClock.o)
 .debug_frame   0x00001b4c       0x48 .\CortexM3\ARM_GCC_441\Debug\invert.a(Control_Reg_1.o)
 .debug_frame   0x00001b94      0x190 .\CortexM3\ARM_GCC_441\Debug\invert.a(cyfitter_cfg.o)
 .debug_frame   0x00001d24      0x140 .\CortexM3\ARM_GCC_441\Debug\invert.a(CyFlash.o)
 .debug_frame   0x00001e64      0x13c .\CortexM3\ARM_GCC_441\Debug\invert.a(CySpc.o)
 .debug_frame   0x00001fa0       0x34 c:/program files (x86)/cypress/psoc creator/2.2/psoc creator/import/gnu_cs/arm/4.4.1/bin/../lib/gcc/arm-none-eabi/4.4.1/../../../../arm-none-eabi/lib/thumb2\libc.a(lib_a-memcpy.o)
 .debug_frame   0x00001fd4       0x28 c:/program files (x86)/cypress/psoc creator/2.2/psoc creator/import/gnu_cs/arm/4.4.1/bin/../lib/gcc/arm-none-eabi/4.4.1/../../../../arm-none-eabi/lib/thumb2\libc.a(lib_a-memset.o)
 .debug_frame   0x00001ffc       0x40 c:/program files (x86)/cypress/psoc creator/2.2/psoc creator/import/gnu_cs/arm/4.4.1/bin/../lib/gcc/arm-none-eabi/4.4.1/../../../../arm-none-eabi/lib/thumb2\libcs3.a(start_c.o)
 .debug_frame   0x0000203c       0x2c c:/program files (x86)/cypress/psoc creator/2.2/psoc creator/import/gnu_cs/arm/4.4.1/bin/../lib/gcc/arm-none-eabi/4.4.1/../../../../arm-none-eabi/lib/thumb2\libc.a(lib_a-init.o)

.debug_str      0x00000000     0x23f6
 *(.debug_str)
 .debug_str     0x00000000      0x113 .\CortexM3\ARM_GCC_441\Debug\main.o
                                0x152 (size before relaxing)
 .debug_str     0x00000113       0x95 .\CortexM3\ARM_GCC_441\Debug\Cm3Start.o
                                0x187 (size before relaxing)
 .debug_str     0x000001a8      0x20f .\CortexM3\ARM_GCC_441\Debug\invert.a(PWM_BUCK.o)
                                0x302 (size before relaxing)
 .debug_str     0x000003b7      0x160 .\CortexM3\ARM_GCC_441\Debug\invert.a(Clock_1.o)
                                0x253 (size before relaxing)
 .debug_str     0x00000517      0x5ad .\CortexM3\ARM_GCC_441\Debug\invert.a(CyLib.o)
                                0x6e6 (size before relaxing)
 .debug_str     0x00000ac4      0x3bd .\CortexM3\ARM_GCC_441\Debug\invert.a(cyPm.o)
                                0x4c4 (size before relaxing)
 .debug_str     0x00000e81      0x1e3 .\CortexM3\ARM_GCC_441\Debug\invert.a(LCD_Char_1.o)
                                0x2e5 (size before relaxing)
 .debug_str     0x00001064      0x107 .\CortexM3\ARM_GCC_441\Debug\invert.a(Clock_2.o)
                                0x253 (size before relaxing)
 .debug_str     0x0000116b      0x5a8 .\CortexM3\ARM_GCC_441\Debug\invert.a(ADC_DelSig_V.o)
                                0x6ea (size before relaxing)
 .debug_str     0x00001713       0x74 .\CortexM3\ARM_GCC_441\Debug\invert.a(ADC_DelSig_V_INT.o)
                                0x17e (size before relaxing)
 .debug_str     0x00001787      0x1f3 .\CortexM3\ARM_GCC_441\Debug\invert.a(ADC_DelSig_V_theACLK.o)
                                0x333 (size before relaxing)
 .debug_str     0x0000197a      0x1b7 .\CortexM3\ARM_GCC_441\Debug\invert.a(ADC_DelSig_V_Ext_CP_Clk.o)
                                0x2ff (size before relaxing)
 .debug_str     0x00001b31       0xa6 .\CortexM3\ARM_GCC_441\Debug\invert.a(ADC_DelSig_V_AMux.o)
                                0x192 (size before relaxing)
 .debug_str     0x00001bd7      0x2ae .\CortexM3\ARM_GCC_441\Debug\invert.a(UART_1.o)
                                0x3c5 (size before relaxing)
 .debug_str     0x00001e85      0x15f .\CortexM3\ARM_GCC_441\Debug\invert.a(UART_1_IntClock.o)
                                0x2ab (size before relaxing)
 .debug_str     0x00001fe4       0x50 .\CortexM3\ARM_GCC_441\Debug\invert.a(Control_Reg_1.o)
                                0x144 (size before relaxing)
 .debug_str     0x00002034      0x1aa .\CortexM3\ARM_GCC_441\Debug\invert.a(cyfitter_cfg.o)
                                0x2d4 (size before relaxing)
 .debug_str     0x000021de      0x113 .\CortexM3\ARM_GCC_441\Debug\invert.a(CyFlash.o)
                                0x238 (size before relaxing)
 .debug_str     0x000022f1      0x105 .\CortexM3\ARM_GCC_441\Debug\invert.a(CySpc.o)
                                0x22b (size before relaxing)

.debug_loc      0x00000000     0x3420
 *(.debug_loc)
 .debug_loc     0x00000000       0x6e .\CortexM3\ARM_GCC_441\Debug\main.o
 .debug_loc     0x0000006e       0x62 .\CortexM3\ARM_GCC_441\Debug\Cm3Start.o
 .debug_loc     0x000000d0      0x372 .\CortexM3\ARM_GCC_441\Debug\invert.a(PWM_BUCK.o)
 .debug_loc     0x00000442      0x1ea .\CortexM3\ARM_GCC_441\Debug\invert.a(Clock_1.o)
 .debug_loc     0x0000062c      0xb67 .\CortexM3\ARM_GCC_441\Debug\invert.a(CyLib.o)
 .debug_loc     0x00001193      0x3b0 .\CortexM3\ARM_GCC_441\Debug\invert.a(cyPm.o)
 .debug_loc     0x00001543      0x309 .\CortexM3\ARM_GCC_441\Debug\invert.a(LCD_Char_1.o)
 .debug_loc     0x0000184c      0x1ea .\CortexM3\ARM_GCC_441\Debug\invert.a(Clock_2.o)
 .debug_loc     0x00001a36      0x5b7 .\CortexM3\ARM_GCC_441\Debug\invert.a(ADC_DelSig_V.o)
 .debug_loc     0x00001fed       0xac .\CortexM3\ARM_GCC_441\Debug\invert.a(ADC_DelSig_V_INT.o)
 .debug_loc     0x00002099      0x24c .\CortexM3\ARM_GCC_441\Debug\invert.a(ADC_DelSig_V_theACLK.o)
 .debug_loc     0x000022e5      0x1ea .\CortexM3\ARM_GCC_441\Debug\invert.a(ADC_DelSig_V_Ext_CP_Clk.o)
 .debug_loc     0x000024cf       0xa5 .\CortexM3\ARM_GCC_441\Debug\invert.a(ADC_DelSig_V_AMux.o)
 .debug_loc     0x00002574      0x591 .\CortexM3\ARM_GCC_441\Debug\invert.a(UART_1.o)
 .debug_loc     0x00002b05      0x1ea .\CortexM3\ARM_GCC_441\Debug\invert.a(UART_1_IntClock.o)
 .debug_loc     0x00002cef       0x62 .\CortexM3\ARM_GCC_441\Debug\invert.a(Control_Reg_1.o)
 .debug_loc     0x00002d51      0x2b3 .\CortexM3\ARM_GCC_441\Debug\invert.a(cyfitter_cfg.o)
 .debug_loc     0x00003004      0x1f6 .\CortexM3\ARM_GCC_441\Debug\invert.a(CyFlash.o)
 .debug_loc     0x000031fa      0x226 .\CortexM3\ARM_GCC_441\Debug\invert.a(CySpc.o)

.debug_macinfo
 *(.debug_macinfo)

.debug_ranges   0x00000000      0x978
 *(.debug_ranges)
 .debug_ranges  0x00000000       0x20 .\CortexM3\ARM_GCC_441\Debug\main.o
 .debug_ranges  0x00000020       0x28 .\CortexM3\ARM_GCC_441\Debug\Cm3Start.o
 .debug_ranges  0x00000048       0xa0 .\CortexM3\ARM_GCC_441\Debug\invert.a(PWM_BUCK.o)
 .debug_ranges  0x000000e8       0x60 .\CortexM3\ARM_GCC_441\Debug\invert.a(Clock_1.o)
 .debug_ranges  0x00000148      0x1d8 .\CortexM3\ARM_GCC_441\Debug\invert.a(CyLib.o)
 .debug_ranges  0x00000320       0xb0 .\CortexM3\ARM_GCC_441\Debug\invert.a(cyPm.o)
 .debug_ranges  0x000003d0       0x88 .\CortexM3\ARM_GCC_441\Debug\invert.a(LCD_Char_1.o)
 .debug_ranges  0x00000458       0x60 .\CortexM3\ARM_GCC_441\Debug\invert.a(Clock_2.o)
 .debug_ranges  0x000004b8       0xf8 .\CortexM3\ARM_GCC_441\Debug\invert.a(ADC_DelSig_V.o)
 .debug_ranges  0x000005b0       0x30 .\CortexM3\ARM_GCC_441\Debug\invert.a(ADC_DelSig_V_INT.o)
 .debug_ranges  0x000005e0       0x70 .\CortexM3\ARM_GCC_441\Debug\invert.a(ADC_DelSig_V_theACLK.o)
 .debug_ranges  0x00000650       0x60 .\CortexM3\ARM_GCC_441\Debug\invert.a(ADC_DelSig_V_Ext_CP_Clk.o)
 .debug_ranges  0x000006b0       0x28 .\CortexM3\ARM_GCC_441\Debug\invert.a(ADC_DelSig_V_AMux.o)
 .debug_ranges  0x000006d8       0xe8 .\CortexM3\ARM_GCC_441\Debug\invert.a(UART_1.o)
 .debug_ranges  0x000007c0       0x60 .\CortexM3\ARM_GCC_441\Debug\invert.a(UART_1_IntClock.o)
 .debug_ranges  0x00000820       0x20 .\CortexM3\ARM_GCC_441\Debug\invert.a(Control_Reg_1.o)
 .debug_ranges  0x00000840       0x78 .\CortexM3\ARM_GCC_441\Debug\invert.a(cyfitter_cfg.o)
 .debug_ranges  0x000008b8       0x60 .\CortexM3\ARM_GCC_441\Debug\invert.a(CyFlash.o)
 .debug_ranges  0x00000918       0x60 .\CortexM3\ARM_GCC_441\Debug\invert.a(CySpc.o)

.debug_weaknames
 *(.debug_weaknames)

.debug_funcnames
 *(.debug_funcnames)

.debug_typenames
 *(.debug_typenames)

.debug_varnames
 *(.debug_varnames)

.note.gnu.arm.ident
 *(.note.gnu.arm.ident)

.ARM.attributes
                0x00000000       0x25
 *(.ARM.attributes)
 .ARM.attributes
                0x00000000       0x19 c:/program files (x86)/cypress/psoc creator/2.2/psoc creator/import/gnu_cs/arm/4.4.1/bin/../lib/gcc/arm-none-eabi/4.4.1/thumb2/crti.o
 .ARM.attributes
                0x00000019       0x29 c:/program files (x86)/cypress/psoc creator/2.2/psoc creator/import/gnu_cs/arm/4.4.1/bin/../lib/gcc/arm-none-eabi/4.4.1/thumb2/crtbegin.o
 .ARM.attributes
                0x00000042       0x31 .\CortexM3\ARM_GCC_441\Debug\main.o
 .ARM.attributes
                0x00000073       0x31 .\CortexM3\ARM_GCC_441\Debug\Cm3Start.o
 .ARM.attributes
                0x000000a4       0x31 .\CortexM3\ARM_GCC_441\Debug\invert.a(PWM_BUCK.o)
 .ARM.attributes
                0x000000d5       0x31 .\CortexM3\ARM_GCC_441\Debug\invert.a(Clock_1.o)
 .ARM.attributes
                0x00000106       0x21 .\CortexM3\ARM_GCC_441\Debug\invert.a(CyBootAsmGnu.o)
 .ARM.attributes
                0x00000127       0x31 .\CortexM3\ARM_GCC_441\Debug\invert.a(CyLib.o)
 .ARM.attributes
                0x00000158       0x31 .\CortexM3\ARM_GCC_441\Debug\invert.a(cyPm.o)
 .ARM.attributes
                0x00000189       0x31 .\CortexM3\ARM_GCC_441\Debug\invert.a(LCD_Char_1.o)
 .ARM.attributes
                0x000001ba       0x31 .\CortexM3\ARM_GCC_441\Debug\invert.a(Clock_2.o)
 .ARM.attributes
                0x000001eb       0x31 .\CortexM3\ARM_GCC_441\Debug\invert.a(ADC_DelSig_V.o)
 .ARM.attributes
                0x0000021c       0x31 .\CortexM3\ARM_GCC_441\Debug\invert.a(ADC_DelSig_V_INT.o)
 .ARM.attributes
                0x0000024d       0x31 .\CortexM3\ARM_GCC_441\Debug\invert.a(ADC_DelSig_V_theACLK.o)
 .ARM.attributes
                0x0000027e       0x31 .\CortexM3\ARM_GCC_441\Debug\invert.a(ADC_DelSig_V_Ext_CP_Clk.o)
 .ARM.attributes
                0x000002af       0x31 .\CortexM3\ARM_GCC_441\Debug\invert.a(ADC_DelSig_V_AMux.o)
 .ARM.attributes
                0x000002e0       0x31 .\CortexM3\ARM_GCC_441\Debug\invert.a(UART_1.o)
 .ARM.attributes
                0x00000311       0x31 .\CortexM3\ARM_GCC_441\Debug\invert.a(UART_1_IntClock.o)
 .ARM.attributes
                0x00000342       0x31 .\CortexM3\ARM_GCC_441\Debug\invert.a(Control_Reg_1.o)
 .ARM.attributes
                0x00000373       0x31 .\CortexM3\ARM_GCC_441\Debug\invert.a(cyfitter_cfg.o)
 .ARM.attributes
                0x000003a4       0x31 .\CortexM3\ARM_GCC_441\Debug\invert.a(CyFlash.o)
 .ARM.attributes
                0x000003d5       0x31 .\CortexM3\ARM_GCC_441\Debug\invert.a(CySpc.o)
 .ARM.attributes
                0x00000406       0x1b c:/program files (x86)/cypress/psoc creator/2.2/psoc creator/import/gnu_cs/arm/4.4.1/bin/../lib/gcc/arm-none-eabi/4.4.1/thumb2\libgcc.a(_arm_addsubdf3.o)
 .ARM.attributes
                0x00000421       0x1b c:/program files (x86)/cypress/psoc creator/2.2/psoc creator/import/gnu_cs/arm/4.4.1/bin/../lib/gcc/arm-none-eabi/4.4.1/thumb2\libgcc.a(_arm_muldivdf3.o)
 .ARM.attributes
                0x0000043c       0x1b c:/program files (x86)/cypress/psoc creator/2.2/psoc creator/import/gnu_cs/arm/4.4.1/bin/../lib/gcc/arm-none-eabi/4.4.1/thumb2\libgcc.a(_arm_cmpdf2.o)
 .ARM.attributes
                0x00000457       0x1b c:/program files (x86)/cypress/psoc creator/2.2/psoc creator/import/gnu_cs/arm/4.4.1/bin/../lib/gcc/arm-none-eabi/4.4.1/thumb2\libgcc.a(_arm_addsubsf3.o)
 .ARM.attributes
                0x00000472       0x1b c:/program files (x86)/cypress/psoc creator/2.2/psoc creator/import/gnu_cs/arm/4.4.1/bin/../lib/gcc/arm-none-eabi/4.4.1/thumb2\libgcc.a(_arm_muldivsf3.o)
 .ARM.attributes
                0x0000048d       0x1b c:/program files (x86)/cypress/psoc creator/2.2/psoc creator/import/gnu_cs/arm/4.4.1/bin/../lib/gcc/arm-none-eabi/4.4.1/thumb2\libgcc.a(_arm_fixunssfsi.o)
 .ARM.attributes
                0x000004a8       0x29 c:/program files (x86)/cypress/psoc creator/2.2/psoc creator/import/gnu_cs/arm/4.4.1/bin/../lib/gcc/arm-none-eabi/4.4.1/../../../../arm-none-eabi/lib/thumb2\libc.a(lib_a-memcpy.o)
 .ARM.attributes
                0x000004d1       0x29 c:/program files (x86)/cypress/psoc creator/2.2/psoc creator/import/gnu_cs/arm/4.4.1/bin/../lib/gcc/arm-none-eabi/4.4.1/../../../../arm-none-eabi/lib/thumb2\libc.a(lib_a-memset.o)
 .ARM.attributes
                0x000004fa       0x29 c:/program files (x86)/cypress/psoc creator/2.2/psoc creator/import/gnu_cs/arm/4.4.1/bin/../lib/gcc/arm-none-eabi/4.4.1/thumb2/crtend.o
 .ARM.attributes
                0x00000523       0x19 c:/program files (x86)/cypress/psoc creator/2.2/psoc creator/import/gnu_cs/arm/4.4.1/bin/../lib/gcc/arm-none-eabi/4.4.1/thumb2/crtn.o
 .ARM.attributes
                0x0000053c       0x29 c:/program files (x86)/cypress/psoc creator/2.2/psoc creator/import/gnu_cs/arm/4.4.1/bin/../lib/gcc/arm-none-eabi/4.4.1/../../../../arm-none-eabi/lib/thumb2\libcs3.a(start_c.o)
 .ARM.attributes
                0x00000565       0x19 c:/program files (x86)/cypress/psoc creator/2.2/psoc creator/import/gnu_cs/arm/4.4.1/bin/../lib/gcc/arm-none-eabi/4.4.1/../../../../arm-none-eabi/lib/thumb2\libcs3micro.a(micro_isr_interrupt.o)
 .ARM.attributes
                0x0000057e       0x29 c:/program files (x86)/cypress/psoc creator/2.2/psoc creator/import/gnu_cs/arm/4.4.1/bin/../lib/gcc/arm-none-eabi/4.4.1/../../../../arm-none-eabi/lib/thumb2\libc.a(lib_a-init.o)

/DISCARD/
 *(.note.GNU-stack)
OUTPUT(.\CortexM3\ARM_GCC_441\Debug\invert.elf elf32-littlearm)
