Archive member included because of file (symbol)

.\CortexM3\ARM_GCC_441\Debug\invert.a(PWM_BUCK.o)
                              .\CortexM3\ARM_GCC_441\Debug\main.o (PWM_BUCK_Start)
.\CortexM3\ARM_GCC_441\Debug\invert.a(Clock_1.o)
                              .\CortexM3\ARM_GCC_441\Debug\main.o (Clock_1_Start)
.\CortexM3\ARM_GCC_441\Debug\invert.a(PWM_UNFOLD_A.o)
                              .\CortexM3\ARM_GCC_441\Debug\main.o (PWM_UNFOLD_A_Start)
.\CortexM3\ARM_GCC_441\Debug\invert.a(PWM_UNFOLD_B.o)
                              .\CortexM3\ARM_GCC_441\Debug\main.o (PWM_UNFOLD_B_Start)
.\CortexM3\ARM_GCC_441\Debug\invert.a(CyBootAsmGnu.o)
                              .\CortexM3\ARM_GCC_441\Debug\invert.a(PWM_BUCK.o) (CyEnterCriticalSection)
.\CortexM3\ARM_GCC_441\Debug\invert.a(CyLib.o)
                              .\CortexM3\ARM_GCC_441\Debug\Cm3Start.o (CyResetStatus)
.\CortexM3\ARM_GCC_441\Debug\invert.a(cyPm.o)
                              .\CortexM3\ARM_GCC_441\Debug\invert.a(CyLib.o) (CyPmReadStatus)
.\CortexM3\ARM_GCC_441\Debug\invert.a(LCD_Char_1.o)
                              .\CortexM3\ARM_GCC_441\Debug\main.o (LCD_Char_1_Start)
.\CortexM3\ARM_GCC_441\Debug\invert.a(Clock_2.o)
                              .\CortexM3\ARM_GCC_441\Debug\main.o (Clock_2_Start)
.\CortexM3\ARM_GCC_441\Debug\invert.a(ADC_DelSig_V.o)
                              .\CortexM3\ARM_GCC_441\Debug\main.o (ADC_DelSig_V_Start)
.\CortexM3\ARM_GCC_441\Debug\invert.a(ADC_DelSig_V_INT.o)
                              .\CortexM3\ARM_GCC_441\Debug\invert.a(ADC_DelSig_V.o) (ADC_DelSig_V_ISR1)
.\CortexM3\ARM_GCC_441\Debug\invert.a(ADC_DelSig_V_theACLK.o)
                              .\CortexM3\ARM_GCC_441\Debug\invert.a(ADC_DelSig_V.o) (ADC_DelSig_V_theACLK_SetDividerRegister)
.\CortexM3\ARM_GCC_441\Debug\invert.a(ADC_DelSig_V_Ext_CP_Clk.o)
                              .\CortexM3\ARM_GCC_441\Debug\invert.a(ADC_DelSig_V.o) (ADC_DelSig_V_Ext_CP_Clk_SetDividerRegister)
.\CortexM3\ARM_GCC_441\Debug\invert.a(ADC_DelSig_V_AMux.o)
                              .\CortexM3\ARM_GCC_441\Debug\invert.a(ADC_DelSig_V.o) (ADC_DelSig_V_AMux_Select)
.\CortexM3\ARM_GCC_441\Debug\invert.a(UART_1.o)
                              .\CortexM3\ARM_GCC_441\Debug\main.o (UART_1_Start)
.\CortexM3\ARM_GCC_441\Debug\invert.a(UART_1_IntClock.o)
                              .\CortexM3\ARM_GCC_441\Debug\invert.a(UART_1.o) (UART_1_IntClock_Start)
.\CortexM3\ARM_GCC_441\Debug\invert.a(cyfitter_cfg.o)
                              .\CortexM3\ARM_GCC_441\Debug\invert.a(ADC_DelSig_V_AMux.o) (ADC_DelSig_V_AMux_Set)
.\CortexM3\ARM_GCC_441\Debug\invert.a(CyFlash.o)
                              .\CortexM3\ARM_GCC_441\Debug\invert.a(cyPm.o) (CyFlash_SetWaitCycles)
.\CortexM3\ARM_GCC_441\Debug\invert.a(CySpc.o)
                              .\CortexM3\ARM_GCC_441\Debug\invert.a(CyFlash.o) (CySpcStart)
c:/program files (x86)/cypress/psoc creator/2.2/psoc creator/import/gnu_cs/arm/4.4.1/bin/../lib/gcc/arm-none-eabi/4.4.1/thumb2\libgcc.a(_arm_addsubdf3.o)
                              .\CortexM3\ARM_GCC_441\Debug\main.o (__aeabi_dadd)
c:/program files (x86)/cypress/psoc creator/2.2/psoc creator/import/gnu_cs/arm/4.4.1/bin/../lib/gcc/arm-none-eabi/4.4.1/thumb2\libgcc.a(_arm_muldivdf3.o)
                              .\CortexM3\ARM_GCC_441\Debug\main.o (__aeabi_dmul)
c:/program files (x86)/cypress/psoc creator/2.2/psoc creator/import/gnu_cs/arm/4.4.1/bin/../lib/gcc/arm-none-eabi/4.4.1/thumb2\libgcc.a(_arm_cmpdf2.o)
                              .\CortexM3\ARM_GCC_441\Debug\invert.a(ADC_DelSig_V.o) (__aeabi_dcmpgt)
c:/program files (x86)/cypress/psoc creator/2.2/psoc creator/import/gnu_cs/arm/4.4.1/bin/../lib/gcc/arm-none-eabi/4.4.1/thumb2\libgcc.a(_arm_truncdfsf2.o)
                              .\CortexM3\ARM_GCC_441\Debug\main.o (__aeabi_d2f)
c:/program files (x86)/cypress/psoc creator/2.2/psoc creator/import/gnu_cs/arm/4.4.1/bin/../lib/gcc/arm-none-eabi/4.4.1/thumb2\libgcc.a(_arm_addsubsf3.o)
                              .\CortexM3\ARM_GCC_441\Debug\invert.a(ADC_DelSig_V.o) (__aeabi_ui2f)
c:/program files (x86)/cypress/psoc creator/2.2/psoc creator/import/gnu_cs/arm/4.4.1/bin/../lib/gcc/arm-none-eabi/4.4.1/thumb2\libgcc.a(_arm_muldivsf3.o)
                              .\CortexM3\ARM_GCC_441\Debug\invert.a(ADC_DelSig_V.o) (__aeabi_fmul)
c:/program files (x86)/cypress/psoc creator/2.2/psoc creator/import/gnu_cs/arm/4.4.1/bin/../lib/gcc/arm-none-eabi/4.4.1/thumb2\libgcc.a(_arm_fixunssfsi.o)
                              .\CortexM3\ARM_GCC_441\Debug\invert.a(ADC_DelSig_V.o) (__aeabi_f2uiz)
c:/program files (x86)/cypress/psoc creator/2.2/psoc creator/import/gnu_cs/arm/4.4.1/bin/../lib/gcc/arm-none-eabi/4.4.1/../../../../arm-none-eabi/lib/thumb2\libc.a(lib_a-memcpy.o)
                              .\CortexM3\ARM_GCC_441\Debug\invert.a(cyPm.o) (memcpy)
[...]
Memory Configuration

Name             Origin             Length             Attributes
rom              0x00000000         0x00040000         xr
ram              0x1fff8000         0x0000b000         xrw
*default*        0x00000000         0xffffffff

Linker script and memory map

LOAD c:/program files (x86)/cypress/psoc creator/2.2/psoc creator/import/gnu_cs/arm/4.4.1/bin/../lib/gcc/arm-none-eabi/4.4.1/thumb2/crti.o
LOAD c:/program files (x86)/cypress/psoc creator/2.2/psoc creator/import/gnu_cs/arm/4.4.1/bin/../lib/gcc/arm-none-eabi/4.4.1/thumb2/crtbegin.o
START GROUP
LOAD .\CortexM3\ARM_GCC_441\Debug\main.o
LOAD .\CortexM3\ARM_GCC_441\Debug\Cm3Start.o
LOAD .\CortexM3\ARM_GCC_441\Debug\invert.a
LOAD C:\Program Files (x86)\Cypress\PSoC Creator\2.2\PSoC Creator\psoc\content\cycomponentlibrary\CyComponentLibrary.cylib\CortexM3\ARM_GCC_441\Debug\CyComponentLibrary.a
END GROUP
START GROUP
LOAD c:/program files (x86)/cypress/psoc creator/2.2/psoc creator/import/gnu_cs/arm/4.4.1/bin/../lib/gcc/arm-none-eabi/4.4.1/thumb2\libgcc.a
LOAD c:/program files (x86)/cypress/psoc creator/2.2/psoc creator/import/gnu_cs/arm/4.4.1/bin/../lib/gcc/arm-none-eabi/4.4.1/../../../../arm-none-eabi/lib/thumb2\libc.a
END GROUP
LOAD c:/program files (x86)/cypress/psoc creator/2.2/psoc creator/import/gnu_cs/arm/4.4.1/bin/../lib/gcc/arm-none-eabi/4.4.1/thumb2/crtend.o
LOAD c:/program files (x86)/cypress/psoc creator/2.2/psoc creator/import/gnu_cs/arm/4.4.1/bin/../lib/gcc/arm-none-eabi/4.4.1/thumb2/crtn.o
START GROUP
LOAD c:/program files (x86)/cypress/psoc creator/2.2/psoc creator/import/gnu_cs/arm/4.4.1/bin/../lib/gcc/arm-none-eabi/4.4.1/thumb2\libgcc.a
LOAD c:/program files (x86)/cypress/psoc creator/2.2/psoc creator/import/gnu_cs/arm/4.4.1/bin/../lib/gcc/arm-none-eabi/4.4.1/../../../../arm-none-eabi/lib/thumb2\libc.a
LOAD c:/program files (x86)/cypress/psoc creator/2.2/psoc creator/import/gnu_cs/arm/4.4.1/bin/../lib/gcc/arm-none-eabi/4.4.1/../../../../arm-none-eabi/lib/thumb2\libcs3.a
LOAD c:/program files (x86)/cypress/psoc creator/2.2/psoc creator/import/gnu_cs/arm/4.4.1/bin/../lib/gcc/arm-none-eabi/4.4.1/../../../../arm-none-eabi/lib/thumb2\libcs3unhosted.a
LOAD c:/program files (x86)/cypress/psoc creator/2.2/psoc creator/import/gnu_cs/arm/4.4.1/bin/../lib/gcc/arm-none-eabi/4.4.1/../../../../arm-none-eabi/lib/thumb2\libcs3micro.a
END GROUP
                0x1fff8ac0                PROVIDE (__cs3_heap_start, _end)
                0x00000001                PROVIDE (__cs3_region_num, ((__cs3_regions_end - __cs3_regions) / 0x14))
                0x20008000                PROVIDE (__cs3_stack, 0x20008000)
                0x20004000                PROVIDE (__cs3_heap_end, (__cs3_stack - 0x4000))

.text           0x00000000     0x8410
 CREATE_OBJECT_SYMBOLS
                0x00000000                PROVIDE (__cs3_interrupt_vector, RomVectors)
 *(.romvectors)
 .romvectors    0x00000000       0x10 .\CortexM3\ARM_GCC_441\Debug\Cm3Start.o
                0x00000000                RomVectors
 *(.cs3.interrupt_vector)
                0x00000001                ASSERT ((. != __cs3_interrupt_vector), No interrupt vector)
                0x0000047c                PROVIDE (__cs3_reset, Reset)
 *(.cs3.reset)
                0x00000001                ASSERT ((. != __cs3_reset), No reset code)
 *(.dma_init)
                0x00000001                ASSERT ((((0x0 + .) <= 0x10000) || 0x1), DMA Init must be within the first 64k of flash)
 *(.text.cs3.init)
 .text.cs3.init
                0x00000010       0x5c c:/program files (x86)/cypress/psoc creator/2.2/psoc creator/import/gnu_cs/arm/4.4.1/bin/../lib/gcc/arm-none-eabi/4.4.1/../../../../arm-none-eabi/lib/thumb2\libcs3.a(start_c.o)
                0x00000010                __cs3_start_c
 *(.text .text.* .gnu.linkonce.t.*)
 .text          0x0000006c       0x30 c:/program files (x86)/cypress/psoc creator/2.2/psoc creator/import/gnu_cs/arm/4.4.1/bin/../lib/gcc/arm-none-eabi/4.4.1/thumb2/crtbegin.o
 .text.calcDuty
                0x0000009c      0x178 .\CortexM3\ARM_GCC_441\Debug\main.o
                0x0000009c                calcDuty
 .text.main     0x00000214      0x260 .\CortexM3\ARM_GCC_441\Debug\main.o
                0x00000214                main
 .text.IntDefaultHandler
                0x00000474        0x8 .\CortexM3\ARM_GCC_441\Debug\Cm3Start.o
                0x00000474                IntDefaultHandler
 .text.Reset    0x0000047c       0x24 .\CortexM3\ARM_GCC_441\Debug\Cm3Start.o
                0x0000047c                Reset
 .text.initialize_psoc
                0x000004a0       0xb4 .\CortexM3\ARM_GCC_441\Debug\Cm3Start.o
                0x000004a0                initialize_psoc
 .text.PWM_BUCK_Start
                0x00000554       0x2c .\CortexM3\ARM_GCC_441\Debug\invert.a(PWM_BUCK.o)
                0x00000554                PWM_BUCK_Start
 .text.PWM_BUCK_Init
                0x00000580       0xc4 .\CortexM3\ARM_GCC_441\Debug\invert.a(PWM_BUCK.o)
                0x00000580                PWM_BUCK_Init
 .text.PWM_BUCK_Enable
                0x00000644       0x2c .\CortexM3\ARM_GCC_441\Debug\invert.a(PWM_BUCK.o)
                0x00000644                PWM_BUCK_Enable
 .text.PWM_BUCK_WriteCounter
                0x00000670       0x20 .\CortexM3\ARM_GCC_441\Debug\invert.a(PWM_BUCK.o)
                0x00000670                PWM_BUCK_WriteCounter
 .text.PWM_BUCK_ClearFIFO
                0x00000690       0x1c .\CortexM3\ARM_GCC_441\Debug\invert.a(PWM_BUCK.o)
                0x00000690                PWM_BUCK_ClearFIFO
 .text.PWM_BUCK_WritePeriod
                0x000006ac       0x20 .\CortexM3\ARM_GCC_441\Debug\invert.a(PWM_BUCK.o)
                0x000006ac                PWM_BUCK_WritePeriod
 .text.PWM_BUCK_WriteCompare
                0x000006cc       0x20 .\CortexM3\ARM_GCC_441\Debug\invert.a(PWM_BUCK.o)
                0x000006cc                PWM_BUCK_WriteCompare
 .text.PWM_BUCK_WriteDeadTime
                0x000006ec       0x58 .\CortexM3\ARM_GCC_441\Debug\invert.a(PWM_BUCK.o)
                0x000006ec                PWM_BUCK_WriteDeadTime
 .text.PWM_BUCK_SetInterruptMode
                0x00000744       0x20 .\CortexM3\ARM_GCC_441\Debug\invert.a(PWM_BUCK.o)
                0x00000744                PWM_BUCK_SetInterruptMode
 .text.PWM_BUCK_ReadStatusRegister
                0x00000764       0x20 .\CortexM3\ARM_GCC_441\Debug\invert.a(PWM_BUCK.o)
                0x00000764                PWM_BUCK_ReadStatusRegister
 .text.PWM_BUCK_ReadCapture
                0x00000784       0x18 .\CortexM3\ARM_GCC_441\Debug\invert.a(PWM_BUCK.o)
                0x00000784                PWM_BUCK_ReadCapture
 .text.Clock_1_Start
                0x0000079c       0x44 .\CortexM3\ARM_GCC_441\Debug\invert.a(Clock_1.o)
                0x0000079c                Clock_1_Start
 .text.PWM_UNFOLD_A_Start
                0x000007e0       0x2c .\CortexM3\ARM_GCC_441\Debug\invert.a(PWM_UNFOLD_A.o)
                0x000007e0                PWM_UNFOLD_A_Start
 .text.PWM_UNFOLD_A_Init
                0x0000080c       0xa8 .\CortexM3\ARM_GCC_441\Debug\invert.a(PWM_UNFOLD_A.o)
                0x0000080c                PWM_UNFOLD_A_Init
 .text.PWM_UNFOLD_A_Enable
                0x000008b4       0x2c .\CortexM3\ARM_GCC_441\Debug\invert.a(PWM_UNFOLD_A.o)
                0x000008b4                PWM_UNFOLD_A_Enable
 .text.PWM_UNFOLD_A_WriteCounter
                0x000008e0       0x20 .\CortexM3\ARM_GCC_441\Debug\invert.a(PWM_UNFOLD_A.o)
                0x000008e0                PWM_UNFOLD_A_WriteCounter
 .text.PWM_UNFOLD_A_ClearFIFO
                0x00000900       0x1c .\CortexM3\ARM_GCC_441\Debug\invert.a(PWM_UNFOLD_A.o)
                0x00000900                PWM_UNFOLD_A_ClearFIFO
 .text.PWM_UNFOLD_A_WritePeriod
                0x0000091c       0x20 .\CortexM3\ARM_GCC_441\Debug\invert.a(PWM_UNFOLD_A.o)
                0x0000091c                PWM_UNFOLD_A_WritePeriod
 .text.PWM_UNFOLD_A_WriteCompare
                0x0000093c       0x20 .\CortexM3\ARM_GCC_441\Debug\invert.a(PWM_UNFOLD_A.o)
                0x0000093c                PWM_UNFOLD_A_WriteCompare
 .text.PWM_UNFOLD_A_WriteDeadTime
                0x0000095c       0x58 .\CortexM3\ARM_GCC_441\Debug\invert.a(PWM_UNFOLD_A.o)
                0x0000095c                PWM_UNFOLD_A_WriteDeadTime
 .text.PWM_UNFOLD_A_SetInterruptMode
                0x000009b4       0x20 .\CortexM3\ARM_GCC_441\Debug\invert.a(PWM_UNFOLD_A.o)
                0x000009b4                PWM_UNFOLD_A_SetInterruptMode
 .text.PWM_UNFOLD_A_ReadStatusRegister
                0x000009d4       0x20 .\CortexM3\ARM_GCC_441\Debug\invert.a(PWM_UNFOLD_A.o)
                0x000009d4                PWM_UNFOLD_A_ReadStatusRegister
 .text.PWM_UNFOLD_A_ReadCapture
                0x000009f4       0x18 .\CortexM3\ARM_GCC_441\Debug\invert.a(PWM_UNFOLD_A.o)
                0x000009f4                PWM_UNFOLD_A_ReadCapture
 .text.PWM_UNFOLD_B_Start
                0x00000a0c       0x2c .\CortexM3\ARM_GCC_441\Debug\invert.a(PWM_UNFOLD_B.o)
                0x00000a0c                PWM_UNFOLD_B_Start
 .text.PWM_UNFOLD_B_Init
                0x00000a38       0xa8 .\CortexM3\ARM_GCC_441\Debug\invert.a(PWM_UNFOLD_B.o)
                0x00000a38                PWM_UNFOLD_B_Init
 .text.PWM_UNFOLD_B_Enable
                0x00000ae0       0x2c .\CortexM3\ARM_GCC_441\Debug\invert.a(PWM_UNFOLD_B.o)
                0x00000ae0                PWM_UNFOLD_B_Enable
 .text.PWM_UNFOLD_B_WriteCounter
                0x00000b0c       0x20 .\CortexM3\ARM_GCC_441\Debug\invert.a(PWM_UNFOLD_B.o)
                0x00000b0c                PWM_UNFOLD_B_WriteCounter
 .text.PWM_UNFOLD_B_ClearFIFO
                0x00000b2c       0x1c .\CortexM3\ARM_GCC_441\Debug\invert.a(PWM_UNFOLD_B.o)
                0x00000b2c                PWM_UNFOLD_B_ClearFIFO
 .text.PWM_UNFOLD_B_WritePeriod
                0x00000b48       0x20 .\CortexM3\ARM_GCC_441\Debug\invert.a(PWM_UNFOLD_B.o)
                0x00000b48                PWM_UNFOLD_B_WritePeriod
 .text.PWM_UNFOLD_B_WriteCompare
                0x00000b68       0x20 .\CortexM3\ARM_GCC_441\Debug\invert.a(PWM_UNFOLD_B.o)
                0x00000b68                PWM_UNFOLD_B_WriteCompare
 .text.PWM_UNFOLD_B_WriteDeadTime
                0x00000b88       0x58 .\CortexM3\ARM_GCC_441\Debug\invert.a(PWM_UNFOLD_B.o)
                0x00000b88                PWM_UNFOLD_B_WriteDeadTime
 .text.PWM_UNFOLD_B_SetInterruptMode
                0x00000be0       0x20 .\CortexM3\ARM_GCC_441\Debug\invert.a(PWM_UNFOLD_B.o)
                0x00000be0                PWM_UNFOLD_B_SetInterruptMode
 .text.PWM_UNFOLD_B_ReadStatusRegister
                0x00000c00       0x20 .\CortexM3\ARM_GCC_441\Debug\invert.a(PWM_UNFOLD_B.o)
                0x00000c00                PWM_UNFOLD_B_ReadStatusRegister
 .text.PWM_UNFOLD_B_ReadCapture
                0x00000c20       0x18 .\CortexM3\ARM_GCC_441\Debug\invert.a(PWM_UNFOLD_B.o)
                0x00000c20                PWM_UNFOLD_B_ReadCapture
 .text          0x00000c38       0x20 .\CortexM3\ARM_GCC_441\Debug\invert.a(CyBootAsmGnu.o)
                0x00000c38                CyDelayCycles
                0x00000c48                CyEnterCriticalSection
                0x00000c50                CyExitCriticalSection
 .text.CyHalt   0x00000c58       0x18 .\CortexM3\ARM_GCC_441\Debug\invert.a(CyLib.o)
                0x00000c58                CyHalt
 .text.CyDelay  0x00000c70       0x48 .\CortexM3\ARM_GCC_441\Debug\invert.a(CyLib.o)
                0x00000c70                CyDelay
 .text.CyDelayUs
                0x00000cb8       0x28 .\CortexM3\ARM_GCC_441\Debug\invert.a(CyLib.o)
                0x00000cb8                CyDelayUs
 .text.CyIntSetVector
                0x00000ce0       0x60 .\CortexM3\ARM_GCC_441\Debug\invert.a(CyLib.o)
                0x00000ce0                CyIntSetVector
 .text.CyIntSetPriority
                0x00000d40       0x4c .\CortexM3\ARM_GCC_441\Debug\invert.a(CyLib.o)
                0x00000d40                CyIntSetPriority
 .text.LCD_Char_1_Init
                0x00000d8c       0x90 .\CortexM3\ARM_GCC_441\Debug\invert.a(LCD_Char_1.o)
                0x00000d8c                LCD_Char_1_Init
 .text.LCD_Char_1_Enable
                0x00000e1c       0x1c .\CortexM3\ARM_GCC_441\Debug\invert.a(LCD_Char_1.o)
                0x00000e1c                LCD_Char_1_Enable
 .text.LCD_Char_1_Start
                0x00000e38       0x2c .\CortexM3\ARM_GCC_441\Debug\invert.a(LCD_Char_1.o)
                0x00000e38                LCD_Char_1_Start
 .text.LCD_Char_1_Position
                0x00000e64       0x74 .\CortexM3\ARM_GCC_441\Debug\invert.a(LCD_Char_1.o)
                0x00000e64                LCD_Char_1_Position
 .text.LCD_Char_1_PrintString
                0x00000ed8       0x40 .\CortexM3\ARM_GCC_441\Debug\invert.a(LCD_Char_1.o)
                0x00000ed8                LCD_Char_1_PrintString
 .text.LCD_Char_1_PutChar
                0x00000f18       0x1c .\CortexM3\ARM_GCC_441\Debug\invert.a(LCD_Char_1.o)
                0x00000f18                LCD_Char_1_PutChar
 .text.LCD_Char_1_WriteData
                0x00000f34       0x38 .\CortexM3\ARM_GCC_441\Debug\invert.a(LCD_Char_1.o)
                0x00000f34                LCD_Char_1_WriteData
 .text.LCD_Char_1_WriteControl
                0x00000f6c       0x38 .\CortexM3\ARM_GCC_441\Debug\invert.a(LCD_Char_1.o)
                0x00000f6c                LCD_Char_1_WriteControl
 .text.LCD_Char_1_IsReady
                0x00000fa4      0x1fc .\CortexM3\ARM_GCC_441\Debug\invert.a(LCD_Char_1.o)
                0x00000fa4                LCD_Char_1_IsReady
 .text.LCD_Char_1_WrDatNib
                0x000011a0       0xac .\CortexM3\ARM_GCC_441\Debug\invert.a(LCD_Char_1.o)
 .text.LCD_Char_1_WrCntrlNib
                0x0000124c       0x8c .\CortexM3\ARM_GCC_441\Debug\invert.a(LCD_Char_1.o)
 .text.LCD_Char_1_PrintInt8
                0x000012d8       0x44 .\CortexM3\ARM_GCC_441\Debug\invert.a(LCD_Char_1.o)
                0x000012d8                LCD_Char_1_PrintInt8
 .text.LCD_Char_1_PrintInt16
                0x0000131c       0x2c .\CortexM3\ARM_GCC_441\Debug\invert.a(LCD_Char_1.o)
                0x0000131c                LCD_Char_1_PrintInt16
 .text.Clock_2_Start
                0x00001348       0x44 .\CortexM3\ARM_GCC_441\Debug\invert.a(Clock_2.o)
                0x00001348                Clock_2_Start
 .text.ADC_DelSig_V_Init
                0x0000138c       0x34 .\CortexM3\ARM_GCC_441\Debug\invert.a(ADC_DelSig_V.o)
                0x0000138c                ADC_DelSig_V_Init
 .text.ADC_DelSig_V_Enable
                0x000013c0      0x1c4 .\CortexM3\ARM_GCC_441\Debug\invert.a(ADC_DelSig_V.o)
                0x000013c0                ADC_DelSig_V_Enable
 .text.ADC_DelSig_V_RestorePowerRegisters
                0x00001584       0xac .\CortexM3\ARM_GCC_441\Debug\invert.a(ADC_DelSig_V.o)
                0x00001584                ADC_DelSig_V_RestorePowerRegisters
 .text.ADC_DelSig_V_Start
                0x00001630       0x3c .\CortexM3\ARM_GCC_441\Debug\invert.a(ADC_DelSig_V.o)
                0x00001630                ADC_DelSig_V_Start
 .text.ADC_DelSig_V_StartConvert
                0x0000166c       0x28 .\CortexM3\ARM_GCC_441\Debug\invert.a(ADC_DelSig_V.o)
                0x0000166c                ADC_DelSig_V_StartConvert
 .text.ADC_DelSig_V_GetResult16
                0x00001694       0x24 .\CortexM3\ARM_GCC_441\Debug\invert.a(ADC_DelSig_V.o)
                0x00001694                ADC_DelSig_V_GetResult16
 .text.ADC_DelSig_V_InitConfig
                0x000016b8      0x8d0 .\CortexM3\ARM_GCC_441\Debug\invert.a(ADC_DelSig_V.o)
                0x000016b8                ADC_DelSig_V_InitConfig
 .text.ADC_DelSig_V_GainCompensation
                0x00001f88      0x1cc .\CortexM3\ARM_GCC_441\Debug\invert.a(ADC_DelSig_V.o)
                0x00001f88                ADC_DelSig_V_GainCompensation
 .text.ADC_DelSig_V_SetDSMRef0Reg
                0x00002154       0x94 .\CortexM3\ARM_GCC_441\Debug\invert.a(ADC_DelSig_V.o)
                0x00002154                ADC_DelSig_V_SetDSMRef0Reg
 .text.ADC_DelSig_V_ISR1
                0x000021e8       0x18 .\CortexM3\ARM_GCC_441\Debug\invert.a(ADC_DelSig_V_INT.o)
                0x000021e8                ADC_DelSig_V_ISR1
 .text.ADC_DelSig_V_ISR2
                0x00002200        0xc .\CortexM3\ARM_GCC_441\Debug\invert.a(ADC_DelSig_V_INT.o)
                0x00002200                ADC_DelSig_V_ISR2
 .text.ADC_DelSig_V_ISR3
                0x0000220c        0xc .\CortexM3\ARM_GCC_441\Debug\invert.a(ADC_DelSig_V_INT.o)
                0x0000220c                ADC_DelSig_V_ISR3
 .text.ADC_DelSig_V_ISR4
                0x00002218        0xc .\CortexM3\ARM_GCC_441\Debug\invert.a(ADC_DelSig_V_INT.o)
                0x00002218                ADC_DelSig_V_ISR4
 .text.ADC_DelSig_V_theACLK_SetModeRegister
                0x00002224       0x38 .\CortexM3\ARM_GCC_441\Debug\invert.a(ADC_DelSig_V_theACLK.o)
                0x00002224                ADC_DelSig_V_theACLK_SetModeRegister
 .text.ADC_DelSig_V_Ext_CP_Clk_SetModeRegister
                0x0000225c       0x38 .\CortexM3\ARM_GCC_441\Debug\invert.a(ADC_DelSig_V_Ext_CP_Clk.o)
                0x0000225c                ADC_DelSig_V_Ext_CP_Clk_SetModeRegister
 .text.ADC_DelSig_V_AMux_Start
                0x00002294       0x3c .\CortexM3\ARM_GCC_441\Debug\invert.a(ADC_DelSig_V_AMux.o)
                0x00002294                ADC_DelSig_V_AMux_Start
 .text.ADC_DelSig_V_AMux_Select
                0x000022d0       0x2c .\CortexM3\ARM_GCC_441\Debug\invert.a(ADC_DelSig_V_AMux.o)
                0x000022d0                ADC_DelSig_V_AMux_Select
 .text.UART_1_Start
                0x000022fc       0x2c .\CortexM3\ARM_GCC_441\Debug\invert.a(UART_1.o)
                0x000022fc                UART_1_Start
 .text.UART_1_Init
                0x00002328       0x50 .\CortexM3\ARM_GCC_441\Debug\invert.a(UART_1.o)
                0x00002328                UART_1_Init
 .text.UART_1_Enable
                0x00002378       0x78 .\CortexM3\ARM_GCC_441\Debug\invert.a(UART_1.o)
                0x00002378                UART_1_Enable
 .text.UART_1_GetChar
                0x000023f0       0x4c .\CortexM3\ARM_GCC_441\Debug\invert.a(UART_1.o)
                0x000023f0                UART_1_GetChar
 .text.UART_1_PutChar
                0x0000243c       0x34 .\CortexM3\ARM_GCC_441\Debug\invert.a(UART_1.o)
                0x0000243c                UART_1_PutChar
 .text.UART_1_IntClock_Start
                0x00002470       0x44 .\CortexM3\ARM_GCC_441\Debug\invert.a(UART_1_IntClock.o)
                0x00002470                UART_1_IntClock_Start
 .text.CYMEMZERO8
                0x000024b4       0x3c .\CortexM3\ARM_GCC_441\Debug\invert.a(cyfitter_cfg.o)
 .text.CYCONFIGCPY8
                0x000024f0       0x48 .\CortexM3\ARM_GCC_441\Debug\invert.a(cyfitter_cfg.o)
 .text.CYMEMZERO
                0x00002538       0x20 .\CortexM3\ARM_GCC_441\Debug\invert.a(cyfitter_cfg.o)
 .text.CYCONFIGCPY
                0x00002558       0x20 .\CortexM3\ARM_GCC_441\Debug\invert.a(cyfitter_cfg.o)
 .text.cfg_write_bytes32
                0x00002578       0x84 .\CortexM3\ARM_GCC_441\Debug\invert.a(cyfitter_cfg.o)
 .text.ClockSetup
                0x000025fc      0x1c4 .\CortexM3\ARM_GCC_441\Debug\invert.a(cyfitter_cfg.o)
 .text.AnalogSetDefault
                0x000027c0       0xb4 .\CortexM3\ARM_GCC_441\Debug\invert.a(cyfitter_cfg.o)
 .text.ADC_DelSig_V_AMux_Set
                0x00002874       0x4c .\CortexM3\ARM_GCC_441\Debug\invert.a(cyfitter_cfg.o)
                0x00002874                ADC_DelSig_V_AMux_Set
 .text.ADC_DelSig_V_AMux_Unset
                0x000028c0       0x54 .\CortexM3\ARM_GCC_441\Debug\invert.a(cyfitter_cfg.o)
                0x000028c0                ADC_DelSig_V_AMux_Unset
 .text.cyfitter_cfg
                0x00002914      0x2dc .\CortexM3\ARM_GCC_441\Debug\invert.a(cyfitter_cfg.o)
                0x00002914                cyfitter_cfg
 .text          0x00002bf0      0x370 c:/program files (x86)/cypress/psoc creator/2.2/psoc creator/import/gnu_cs/arm/4.4.1/bin/../lib/gcc/arm-none-eabi/4.4.1/thumb2\libgcc.a(_arm_addsubdf3.o)
                0x00002bf0                __aeabi_drsub
                0x00002bf8                __aeabi_dsub
                0x00002bf8                __subdf3
                0x00002bfc                __aeabi_dadd
                0x00002bfc                __adddf3
                0x00002e74                __floatunsidf
                0x00002e74                __aeabi_ui2d
                0x00002e94                __floatsidf
                0x00002e94                __aeabi_i2d
                0x00002eb8                __aeabi_f2d
                0x00002eb8                __extendsfdf2
                0x00002ef4                __floatundidf
                0x00002ef4                __aeabi_ul2d
                0x00002f04                __floatdidf
                0x00002f04                __aeabi_l2d
 .text          0x00002f60      0x424 c:/program files (x86)/cypress/psoc creator/2.2/psoc creator/import/gnu_cs/arm/4.4.1/bin/../lib/gcc/arm-none-eabi/4.4.1/thumb2\libgcc.a(_arm_muldivdf3.o)
                0x00002f60                __aeabi_dmul
                0x00002f60                __muldf3
                0x000031b4                __divdf3
                0x000031b4                __aeabi_ddiv
 .text          0x00003384      0x110 c:/program files (x86)/cypress/psoc creator/2.2/psoc creator/import/gnu_cs/arm/4.4.1/bin/../lib/gcc/arm-none-eabi/4.4.1/thumb2\libgcc.a(_arm_cmpdf2.o)
                0x00003384                __gtdf2
                0x00003384                __gedf2
                0x0000338c                __ltdf2
                0x0000338c                __ledf2
                0x00003394                __nedf2
                0x00003394                __eqdf2
                0x00003394                __cmpdf2
                0x00003410                __aeabi_cdrcmple
                0x00003420                __aeabi_cdcmpeq
                0x00003420                __aeabi_cdcmple
                0x00003430                __aeabi_dcmpeq
                0x00003444                __aeabi_dcmplt
                0x00003458                __aeabi_dcmple
                0x0000346c                __aeabi_dcmpge
                0x00003480                __aeabi_dcmpgt
 .text          0x00003494       0xa0 c:/program files (x86)/cypress/psoc creator/2.2/psoc creator/import/gnu_cs/arm/4.4.1/bin/../lib/gcc/arm-none-eabi/4.4.1/thumb2\libgcc.a(_arm_truncdfsf2.o)
                0x00003494                __truncdfsf2
                0x00003494                __aeabi_d2f
 .text          0x00003534      0x21c c:/program files (x86)/cypress/psoc creator/2.2/psoc creator/import/gnu_cs/arm/4.4.1/bin/../lib/gcc/arm-none-eabi/4.4.1/thumb2\libgcc.a(_arm_addsubsf3.o)
                0x00003534                __aeabi_frsub
                0x0000353c                __subsf3
                0x0000353c                __aeabi_fsub
                0x00003540                __aeabi_fadd
                0x00003540                __addsf3
                0x000036a0                __aeabi_ui2f
                0x000036a0                __floatunsisf
                0x000036a8                __aeabi_i2f
                0x000036a8                __floatsisf
                0x000036c4                __aeabi_ul2f
                0x000036c4                __floatundisf
                0x000036d4                __aeabi_l2f
                0x000036d4                __floatdisf
 .text          0x00003750      0x190 c:/program files (x86)/cypress/psoc creator/2.2/psoc creator/import/gnu_cs/arm/4.4.1/bin/../lib/gcc/arm-none-eabi/4.4.1/../../../../arm-none-eabi/lib/thumb2\libc.a(lib_a-memcpy.o)
                0x00003750                memcpy
 .text          0x000038e0       0xd4 c:/program files (x86)/cypress/psoc creator/2.2/psoc creator/import/gnu_cs/arm/4.4.1/bin/../lib/gcc/arm-none-eabi/4.4.1/../../../../arm-none-eabi/lib/thumb2\libc.a(lib_a-memset.o)
                0x000038e0                memset
 .text          0x000039b4       0x94 c:/program files (x86)/cypress/psoc creator/2.2/psoc creator/import/gnu_cs/arm/4.4.1/bin/../lib/gcc/arm-none-eabi/4.4.1/../../../../arm-none-eabi/lib/thumb2\libc.a(lib_a-sprintf.o)
                0x000039b4                sprintf
                0x00003a04                _sprintf_r
 .text          0x00003a48     0x15a8 c:/program files (x86)/cypress/psoc creator/2.2/psoc creator/import/gnu_cs/arm/4.4.1/bin/../lib/gcc/arm-none-eabi/4.4.1/../../../../arm-none-eabi/lib/thumb2\libc.a(lib_a-svfprintf.o)
                0x00003b64                _svfprintf_r
 .text          0x00004ff0      0xfb8 c:/program files (x86)/cypress/psoc creator/2.2/psoc creator/import/gnu_cs/arm/4.4.1/bin/../lib/gcc/arm-none-eabi/4.4.1/../../../../arm-none-eabi/lib/thumb2\libc.a(lib_a-dtoa.o)
                0x00005110                _dtoa_r
 .text          0x00005fa8      0x268 c:/program files (x86)/cypress/psoc creator/2.2/psoc creator/import/gnu_cs/arm/4.4.1/bin/../lib/gcc/arm-none-eabi/4.4.1/../../../../arm-none-eabi/lib/thumb2\libc.a(lib_a-freer.o)
                0x00005fa8                _malloc_trim_r
                0x00006050                _free_r
 .text          0x00006210       0x74 c:/program files (x86)/cypress/psoc creator/2.2/psoc creator/import/gnu_cs/arm/4.4.1/bin/../lib/gcc/arm-none-eabi/4.4.1/../../../../arm-none-eabi/lib/thumb2\libc.a(lib_a-locale.o)
                0x00006210                __locale_charset
                0x0000621c                _localeconv_r
                0x00006224                localeconv
                0x0000622c                _setlocale_r
                0x00006274                setlocale
 .text          0x00006284       0x20 c:/program files (x86)/cypress/psoc creator/2.2/psoc creator/import/gnu_cs/arm/4.4.1/bin/../lib/gcc/arm-none-eabi/4.4.1/../../../../arm-none-eabi/lib/thumb2\libc.a(lib_a-malloc.o)
                0x00006284                free
                0x00006294                malloc
 .text          0x000062a4      0x5a4 c:/program files (x86)/cypress/psoc creator/2.2/psoc creator/import/gnu_cs/arm/4.4.1/bin/../lib/gcc/arm-none-eabi/4.4.1/../../../../arm-none-eabi/lib/thumb2\libc.a(lib_a-mallocr.o)
                0x000062a4                _malloc_r
 .text          0x00006848       0x74 c:/program files (x86)/cypress/psoc creator/2.2/psoc creator/import/gnu_cs/arm/4.4.1/bin/../lib/gcc/arm-none-eabi/4.4.1/../../../../arm-none-eabi/lib/thumb2\libc.a(lib_a-memchr.o)
                0x00006848                memchr
 .text          0x000068bc       0xb8 c:/program files (x86)/cypress/psoc creator/2.2/psoc creator/import/gnu_cs/arm/4.4.1/bin/../lib/gcc/arm-none-eabi/4.4.1/../../../../arm-none-eabi/lib/thumb2\libc.a(lib_a-memmove.o)
                0x000068bc                memmove
 .text          0x00006974        0x8 c:/program files (x86)/cypress/psoc creator/2.2/psoc creator/import/gnu_cs/arm/4.4.1/bin/../lib/gcc/arm-none-eabi/4.4.1/../../../../arm-none-eabi/lib/thumb2\libc.a(lib_a-mlock.o)
                0x00006974                __malloc_lock
                0x00006978                __malloc_unlock
 .text          0x0000697c      0x958 c:/program files (x86)/cypress/psoc creator/2.2/psoc creator/import/gnu_cs/arm/4.4.1/bin/../lib/gcc/arm-none-eabi/4.4.1/../../../../arm-none-eabi/lib/thumb2\libc.a(lib_a-mprec.o)
                0x0000697c                __hi0bits
                0x000069bc                __lo0bits
                0x00006a20                __mcmp
                0x00006a60                __ulp
                0x00006aac                __b2d
                0x00006b54                __ratio
                0x00006bb4                _mprec_log10
                0x00006bec                __copybits
                0x00006c3c                __any_on
                0x00006c94                _Bfree
                0x00006ccc                _Balloc
                0x00006d38                __d2b
                0x00006e08                __mdiff
                0x00006f00                __lshift
                0x00006fbc                __multiply
                0x000070f0                __i2b
                0x00007104                __multadd
                0x0000718c                __pow5mult
                0x00007238                __s2b
 .text          0x000072d4      0x3b4 c:/program files (x86)/cypress/psoc creator/2.2/psoc creator/import/gnu_cs/arm/4.4.1/bin/../lib/gcc/arm-none-eabi/4.4.1/../../../../arm-none-eabi/lib/thumb2\libc.a(lib_a-reallocr.o)
                0x000072d4                _realloc_r
 .text          0x00007688       0x24 c:/program files (x86)/cypress/psoc creator/2.2/psoc creator/import/gnu_cs/arm/4.4.1/bin/../lib/gcc/arm-none-eabi/4.4.1/../../../../arm-none-eabi/lib/thumb2\libc.a(lib_a-s_isinfd.o)
                0x00007688                __isinfd
 .text          0x000076ac       0x1c c:/program files (x86)/cypress/psoc creator/2.2/psoc creator/import/gnu_cs/arm/4.4.1/bin/../lib/gcc/arm-none-eabi/4.4.1/../../../../arm-none-eabi/lib/thumb2\libc.a(lib_a-s_isnand.o)
                0x000076ac                __isnand
 .text          0x000076c8       0x28 c:/program files (x86)/cypress/psoc creator/2.2/psoc creator/import/gnu_cs/arm/4.4.1/bin/../lib/gcc/arm-none-eabi/4.4.1/../../../../arm-none-eabi/lib/thumb2\libc.a(lib_a-sbrkr.o)
                0x000076c8                _sbrk_r
 .text          0x000076f0      0x1dc c:/program files (x86)/cypress/psoc creator/2.2/psoc creator/import/gnu_cs/arm/4.4.1/bin/../lib/gcc/arm-none-eabi/4.4.1/../../../../arm-none-eabi/lib/thumb2\libc.a(lib_a-strcmp.o)
                0x000076f0                strcmp
 .text          0x000078cc       0x60 c:/program files (x86)/cypress/psoc creator/2.2/psoc creator/import/gnu_cs/arm/4.4.1/bin/../lib/gcc/arm-none-eabi/4.4.1/../../../../arm-none-eabi/lib/thumb2\libc.a(lib_a-strlen.o)
                0x000078cc                strlen
 .text          0x0000792c       0x5c c:/program files (x86)/cypress/psoc creator/2.2/psoc creator/import/gnu_cs/arm/4.4.1/bin/../lib/gcc/arm-none-eabi/4.4.1/../../../../arm-none-eabi/lib/thumb2\libc.a(lib_a-callocr.o)
                0x0000792c                _calloc_r
 .text          0x00007988      0x278 c:/program files (x86)/cypress/psoc creator/2.2/psoc creator/import/gnu_cs/arm/4.4.1/bin/../lib/gcc/arm-none-eabi/4.4.1/thumb2\libgcc.a(_udivsi3.o)
                0x00007988                __aeabi_uidiv
                0x00007988                __udivsi3
                0x00007be4                __aeabi_uidivmod
 .text          0x00007c00        0x4 c:/program files (x86)/cypress/psoc creator/2.2/psoc creator/import/gnu_cs/arm/4.4.1/bin/../lib/gcc/arm-none-eabi/4.4.1/thumb2\libgcc.a(_dvmd_tls.o)
                0x00007c00                __aeabi_idiv0
                0x00007c00                __aeabi_ldiv0
 .text          0x00007c04       0x50 c:/program files (x86)/cypress/psoc creator/2.2/psoc creator/import/gnu_cs/arm/4.4.1/bin/../lib/gcc/arm-none-eabi/4.4.1/thumb2\libgcc.a(_arm_fixdfsi.o)
                0x00007c04                __aeabi_d2iz
                0x00007c04                __fixdfsi
 .text          0x00007c54       0x2c c:/program files (x86)/cypress/psoc creator/2.2/psoc creator/import/gnu_cs/arm/4.4.1/bin/../lib/gcc/arm-none-eabi/4.4.1/thumb2\libgcc.a(_aeabi_uldivmod.o)
                0x00007c54                __aeabi_uldivmod
 .text          0x00007c80       0x58 c:/program files (x86)/cypress/psoc creator/2.2/psoc creator/import/gnu_cs/arm/4.4.1/bin/../lib/gcc/arm-none-eabi/4.4.1/thumb2\libgcc.a(bpabi.o)
                0x00007c80                __gnu_uldivmod_helper
                0x00007cac                __gnu_ldivmod_helper
 .text          0x00007cd8      0x364 c:/program files (x86)/cypress/psoc creator/2.2/psoc creator/import/gnu_cs/arm/4.4.1/bin/../lib/gcc/arm-none-eabi/4.4.1/thumb2\libgcc.a(_divdi3.o)
                0x00007cd8                __divdi3
 .text          0x0000803c      0x300 c:/program files (x86)/cypress/psoc creator/2.2/psoc creator/import/gnu_cs/arm/4.4.1/bin/../lib/gcc/arm-none-eabi/4.4.1/thumb2\libgcc.a(_udivdi3.o)
                0x0000803c                __udivdi3
 .text          0x0000833c       0x30 c:/program files (x86)/cypress/psoc creator/2.2/psoc creator/import/gnu_cs/arm/4.4.1/bin/../lib/gcc/arm-none-eabi/4.4.1/../../../../arm-none-eabi/lib/thumb2\libcs3.a(start_c.o)
                0x0000833c                __cs3_premain
 .text          0x0000836c       0x44 c:/program files (x86)/cypress/psoc creator/2.2/psoc creator/import/gnu_cs/arm/4.4.1/bin/../lib/gcc/arm-none-eabi/4.4.1/../../../../arm-none-eabi/lib/thumb2\libcs3unhosted.a(unhosted-sbrk.o)
                0x0000836c                _sbrk
 .text          0x000083b0        0x2 c:/program files (x86)/cypress/psoc creator/2.2/psoc creator/import/gnu_cs/arm/4.4.1/bin/../lib/gcc/arm-none-eabi/4.4.1/../../../../arm-none-eabi/lib/thumb2\libcs3micro.a(micro_isr_interrupt.o)
                0x000083b0                __cs3_isr_external_24
                0x000083b0                __cs3_isr_external_9
                0x000083b0                __cs3_isr_external_14
                0x000083b0                __cs3_isr_reserved_9
                0x000083b0                __cs3_isr_external_4
                0x000083b0                __cs3_isr_external_21
                0x000083b0                __cs3_isr_external_0
                0x000083b0                __cs3_isr_external_27
                0x000083b0                __cs3_isr_external_11
                0x000083b0                __cs3_isr_usage_fault
                0x000083b0                __cs3_isr_svcall
                0x000083b0                __cs3_isr_external_3
                0x000083b0                __cs3_isr_mpu_fault
                0x000083b0                __cs3_isr_external_16
                0x000083b0                __cs3_isr_pendsv
                0x000083b0                __cs3_isr_external_31
                0x000083b0                __cs3_isr_nmi
                0x000083b0                __cs3_isr_external_5
                0x000083b0                __cs3_isr_external_6
                0x000083b0                __cs3_isr_external_12
                0x000083b0                __cs3_isr_hard_fault
                0x000083b0                __cs3_isr_bus_fault
                0x000083b0                __cs3_isr_external_1
                0x000083b0                __cs3_isr_external_13
                0x000083b0                __cs3_isr_external_30
                0x000083b0                __cs3_isr_external_23
                0x000083b0                __cs3_isr_external_20
                0x000083b0                __cs3_isr_debug
                0x000083b0                __cs3_isr_reserved_13
                0x000083b0                __cs3_isr_external_8
                0x000083b0                __cs3_isr_external_26
                0x000083b0                __cs3_isr_reserved_8
                0x000083b0                __cs3_isr_reserved_7
                0x000083b0                __cs3_isr_external_7
                0x000083b0                __cs3_isr_external_28
                0x000083b0                __cs3_isr_systick
                0x000083b0                __cs3_isr_external_22
                0x000083b0                __cs3_isr_external_10
                0x000083b0                __cs3_isr_external_15
                0x000083b0                __cs3_isr_interrupt
                0x000083b0                __cs3_isr_external_18
                0x000083b0                __cs3_isr_external_29
                0x000083b0                __cs3_isr_external_25
                0x000083b0                __cs3_isr_reserved_10
                0x000083b0                __cs3_isr_external_2
                0x000083b0                __cs3_isr_external_17
                0x000083b0                __cs3_isr_external_19
 *fill*         0x000083b2        0x2 00
 .text          0x000083b4        0xc c:/program files (x86)/cypress/psoc creator/2.2/psoc creator/import/gnu_cs/arm/4.4.1/bin/../lib/gcc/arm-none-eabi/4.4.1/../../../../arm-none-eabi/lib/thumb2\libc.a(lib_a-errno.o)
                0x000083b4                __errno
 .text          0x000083c0       0x50 c:/program files (x86)/cypress/psoc creator/2.2/psoc creator/import/gnu_cs/arm/4.4.1/bin/../lib/gcc/arm-none-eabi/4.4.1/../../../../arm-none-eabi/lib/thumb2\libc.a(lib_a-init.o)
                0x000083c0                __libc_init_array
 *(.plt)
 *(.gnu.warning)
 *(.glue_7t)
 .glue_7t       0x00000000        0x0 linker stubs
 *(.glue_7)
 .glue_7        0x00000000        0x0 linker stubs
 *(.vfp11_veneer)
 .vfp11_veneer  0x00000000        0x0 linker stubs
 *(.bootloader)
 *(.ARM.extab* .gnu.linkonce.armextab.*)
 *(.gcc_except_table)

.v4_bx          0x00008410        0x0
 .v4_bx         0x00000000        0x0 linker stubs

.eh_frame_hdr
 *(.eh_frame_hdr)

.eh_frame
 *(.eh_frame)
                0x00008410                PROVIDE (__exidx_start, .)

.ARM.exidx      0x00008410        0x8
 *(.ARM.exidx* .gnu.linkonce.armexidx.*)
 .ARM.exidx     0x00008410        0x8 c:/program files (x86)/cypress/psoc creator/2.2/psoc creator/import/gnu_cs/arm/4.4.1/bin/../lib/gcc/arm-none-eabi/4.4.1/thumb2\libgcc.a(_divdi3.o)
 .ARM.exidx     0x00008418        0x0 c:/program files (x86)/cypress/psoc creator/2.2/psoc creator/import/gnu_cs/arm/4.4.1/bin/../lib/gcc/arm-none-eabi/4.4.1/thumb2\libgcc.a(_udivdi3.o)
                                  0x8 (size before relaxing)
                0x00008418                __exidx_end = .

.rodata         0x00008418      0x280
 *(.rodata .rodata.* .gnu.linkonce.r.*)
 .rodata        0x00008418       0x1c .\CortexM3\ARM_GCC_441\Debug\main.o
 .rodata        0x00008434       0x10 .\CortexM3\ARM_GCC_441\Debug\invert.a(LCD_Char_1.o)
 .rodata        0x00008444       0x38 .\CortexM3\ARM_GCC_441\Debug\invert.a(cyfitter_cfg.o)
                0x00008444                ADC_DelSig_V_AMux__addrTable
                0x0000844c                ADC_DelSig_V_AMux__maskTable
 .rodata        0x0000847c       0x20 c:/program files (x86)/cypress/psoc creator/2.2/psoc creator/import/gnu_cs/arm/4.4.1/bin/../lib/gcc/arm-none-eabi/4.4.1/../../../../arm-none-eabi/lib/thumb2\libc.a(lib_a-svfprintf.o)
 .rodata.str1.4
                0x0000849c       0x42 c:/program files (x86)/cypress/psoc creator/2.2/psoc creator/import/gnu_cs/arm/4.4.1/bin/../lib/gcc/arm-none-eabi/4.4.1/../../../../arm-none-eabi/lib/thumb2\libc.a(lib_a-svfprintf.o)
                                 0x44 (size before relaxing)
 *fill*         0x000084de        0x2 00
 .rodata.str1.4
                0x000084e0       0x10 c:/program files (x86)/cypress/psoc creator/2.2/psoc creator/import/gnu_cs/arm/4.4.1/bin/../lib/gcc/arm-none-eabi/4.4.1/../../../../arm-none-eabi/lib/thumb2\libc.a(lib_a-dtoa.o)
                                 0x14 (size before relaxing)
 .rodata.str1.4
                0x000084f0        0x2 c:/program files (x86)/cypress/psoc creator/2.2/psoc creator/import/gnu_cs/arm/4.4.1/bin/../lib/gcc/arm-none-eabi/4.4.1/../../../../arm-none-eabi/lib/thumb2\libc.a(lib_a-impure.o)
                                  0x4 (size before relaxing)
 *fill*         0x000084f2        0x2 00
 .rodata        0x000084f4       0x34 c:/program files (x86)/cypress/psoc creator/2.2/psoc creator/import/gnu_cs/arm/4.4.1/bin/../lib/gcc/arm-none-eabi/4.4.1/../../../../arm-none-eabi/lib/thumb2\libc.a(lib_a-locale.o)
 .rodata.str1.4
                0x00008528       0x10 c:/program files (x86)/cypress/psoc creator/2.2/psoc creator/import/gnu_cs/arm/4.4.1/bin/../lib/gcc/arm-none-eabi/4.4.1/../../../../arm-none-eabi/lib/thumb2\libc.a(lib_a-locale.o)
                                 0x18 (size before relaxing)
 .rodata        0x00008538      0x128 c:/program files (x86)/cypress/psoc creator/2.2/psoc creator/import/gnu_cs/arm/4.4.1/bin/../lib/gcc/arm-none-eabi/4.4.1/../../../../arm-none-eabi/lib/thumb2\libc.a(lib_a-mprec.o)
                0x00008538                __mprec_tens
                0x00008610                __mprec_bigtens
                0x00008638                __mprec_tinytens
                0x00008660                . = ALIGN (0x4)
 *(.init)
 .init          0x00008660        0x4 c:/program files (x86)/cypress/psoc creator/2.2/psoc creator/import/gnu_cs/arm/4.4.1/bin/../lib/gcc/arm-none-eabi/4.4.1/thumb2/crti.o
                0x00008660                _init
 .init          0x00008664        0x8 c:/program files (x86)/cypress/psoc creator/2.2/psoc creator/import/gnu_cs/arm/4.4.1/bin/../lib/gcc/arm-none-eabi/4.4.1/thumb2/crtn.o
                0x0000866c                . = ALIGN (0x4)
                0x0000866c                __preinit_array_start = .
 *(.preinit_array)
                0x0000866c                __preinit_array_end = .
                0x0000866c                . = ALIGN (0x4)
                0x0000866c                __init_array_start = .
 *(SORT(.init_array.*))
 *(.init_array)
 .init_array    0x0000866c        0x4 c:/program files (x86)/cypress/psoc creator/2.2/psoc creator/import/gnu_cs/arm/4.4.1/bin/../lib/gcc/arm-none-eabi/4.4.1/thumb2/crtbegin.o
 .init_array    0x00008670        0x4 .\CortexM3\ARM_GCC_441\Debug\Cm3Start.o
                0x00008674                __init_array_end = .
                0x00008674                . = ALIGN (0x4)
 *(.fini)
 .fini          0x00008674        0x4 c:/program files (x86)/cypress/psoc creator/2.2/psoc creator/import/gnu_cs/arm/4.4.1/bin/../lib/gcc/arm-none-eabi/4.4.1/thumb2/crti.o
                0x00008674                _fini
 .fini          0x00008678        0x8 c:/program files (x86)/cypress/psoc creator/2.2/psoc creator/import/gnu_cs/arm/4.4.1/bin/../lib/gcc/arm-none-eabi/4.4.1/thumb2/crtn.o
                0x00008680                . = ALIGN (0x4)
                0x00008680                __fini_array_start = .
 *(.fini_array)
 .fini_array    0x00008680        0x4 c:/program files (x86)/cypress/psoc creator/2.2/psoc creator/import/gnu_cs/arm/4.4.1/bin/../lib/gcc/arm-none-eabi/4.4.1/thumb2/crtbegin.o
 *(SORT(.fini_array.*))
                0x00008684                __fini_array_end = .
                0x00008684                . = ALIGN (0x4)
 *crtbegin.o(.ctors)
 *(EXCLUDE_FILE(*crtend.o) .ctors)
 *(SORT(.ctors.*))
 *crtend.o(.ctors)
                0x00008684                . = ALIGN (0x4)
 *crtbegin.o(.dtors)
 *(EXCLUDE_FILE(*crtend.o) .dtors)
 *(SORT(.dtors.*))
 *crtend.o(.dtors)
                0x00008684                . = ALIGN (0x4)
                0x00008684                __cs3_regions = .
                0x00008684        0x4 LONG 0x0
                0x00008688        0x4 LONG 0x8698 __cs3_region_init_ram
                0x0000868c        0x4 LONG 0x1fff8108 __cs3_region_start_data
                0x00008690        0x4 LONG 0x958 __cs3_region_init_size_ram
                0x00008694        0x4 LONG 0x60 __cs3_region_zero_size_ram
                0x00008698                __cs3_regions_end = .
                0x00008698                . = ALIGN (0x8)
                0x00008698                _etext = .

.ramvectors     0x1fff8000      0x100
                0x1fff8000                __cs3_region_start_ram = .
 *(.cs3.region-head.ram)
                0x1fff8001                ASSERT ((. == __cs3_region_start_ram), .cs3.region-head.ram not permitted)
 *(.ramvectors)
 .ramvectors    0x1fff8000      0x100 .\CortexM3\ARM_GCC_441\Debug\Cm3Start.o
                0x1fff8000                CyRamVectors

.noinit         0x1fff8100        0x4
 *(.noinit)
 .noinit        0x1fff8100        0x4 .\CortexM3\ARM_GCC_441\Debug\Cm3Start.o

.data           0x1fff8108      0x958 load address 0x00008698
                0x1fff8108                __cs3_region_start_data = .
 *(.jcr)
 .jcr           0x1fff8108        0x0 c:/program files (x86)/cypress/psoc creator/2.2/psoc creator/import/gnu_cs/arm/4.4.1/bin/../lib/gcc/arm-none-eabi/4.4.1/thumb2/crtbegin.o
 .jcr           0x1fff8108        0x4 c:/program files (x86)/cypress/psoc creator/2.2/psoc creator/import/gnu_cs/arm/4.4.1/bin/../lib/gcc/arm-none-eabi/4.4.1/thumb2/crtend.o
 *(.got.plt)
 *(.got)
 *(.shdata)
 *(.data .data.* .gnu.linkonce.d.*)
 .data          0x1fff810c      0x41c .\CortexM3\ARM_GCC_441\Debug\main.o
                0x1fff810c                A1
                0x1fff8110                A2
                0x1fff8114                A3
                0x1fff8118                B0
                0x1fff811c                B1
                0x1fff8120                B2
                0x1fff8124                B3
                0x1fff8128                sineLUT
 .data          0x1fff8528       0x10 .\CortexM3\ARM_GCC_441\Debug\invert.a(CyLib.o)
                0x1fff8528                cydelay_freq_hz
                0x1fff852c                cydelay_freq_khz
                0x1fff8530                cydelay_freq_mhz
                0x1fff8534                cydelay_32k_ms
 .data          0x1fff8538       0x14 .\CortexM3\ARM_GCC_441\Debug\invert.a(ADC_DelSig_V.o)
                0x1fff8538                ADC_DelSig_V_Config
                0x1fff853c                ADC_DelSig_V_CountsPerVolt
 .data          0x1fff854c        0x1 .\CortexM3\ARM_GCC_441\Debug\invert.a(ADC_DelSig_V_AMux.o)
                0x1fff854c                ADC_DelSig_V_AMux_lastChannel
 *fill*         0x1fff854d        0x3 00
 .data          0x1fff8550       0xf4 c:/program files (x86)/cypress/psoc creator/2.2/psoc creator/import/gnu_cs/arm/4.4.1/bin/../lib/gcc/arm-none-eabi/4.4.1/../../../../arm-none-eabi/lib/thumb2\libc.a(lib_a-impure.o)
                0x1fff8550                _impure_ptr
 .data          0x1fff8644      0x410 c:/program files (x86)/cypress/psoc creator/2.2/psoc creator/import/gnu_cs/arm/4.4.1/bin/../lib/gcc/arm-none-eabi/4.4.1/../../../../arm-none-eabi/lib/thumb2\libc.a(lib_a-mallocr.o)
                0x1fff8644                __malloc_av_
                0x1fff8a4c                __malloc_sbrk_base
                0x1fff8a50                __malloc_trim_threshold
 .data          0x1fff8a54        0x4 c:/program files (x86)/cypress/psoc creator/2.2/psoc creator/import/gnu_cs/arm/4.4.1/bin/../lib/gcc/arm-none-eabi/4.4.1/../../../../arm-none-eabi/lib/thumb2\libcs3unhosted.a(unhosted-sbrk.o)
 .data          0x1fff8a58        0x4 c:/program files (x86)/cypress/psoc creator/2.2/psoc creator/import/gnu_cs/arm/4.4.1/bin/../lib/gcc/arm-none-eabi/4.4.1/../../../../arm-none-eabi/lib/thumb2\libcs3.a(heap.o)
                0x1fff8a58                __cs3_heap_limit
                0x1fff8a60                . = ALIGN (0x8)
 *fill*         0x1fff8a5c        0x4 00
 *(.ram)
                0x1fff8a60                _edata = .

.bss            0x1fff8a60       0x60 load address 0x00008ff0
 *(.shbss)
 *(.bss .bss.* .gnu.linkonce.b.*)
 .bss           0x1fff8a60        0x1 c:/program files (x86)/cypress/psoc creator/2.2/psoc creator/import/gnu_cs/arm/4.4.1/bin/../lib/gcc/arm-none-eabi/4.4.1/thumb2/crtbegin.o
 *fill*         0x1fff8a61        0x1 00
 .bss           0x1fff8a62        0x8 .\CortexM3\ARM_GCC_441\Debug\main.o
                0x1fff8a62                buffvolt
                0x1fff8a64                dataReady
                0x1fff8a66                sineLUTindex
                0x1fff8a68                recbyte
 .bss           0x1fff8a6a        0x1 .\CortexM3\ARM_GCC_441\Debug\invert.a(PWM_BUCK.o)
                0x1fff8a6a                PWM_BUCK_initVar
 .bss           0x1fff8a6b        0x1 .\CortexM3\ARM_GCC_441\Debug\invert.a(PWM_UNFOLD_A.o)
                0x1fff8a6b                PWM_UNFOLD_A_initVar
 .bss           0x1fff8a6c        0x1 .\CortexM3\ARM_GCC_441\Debug\invert.a(PWM_UNFOLD_B.o)
                0x1fff8a6c                PWM_UNFOLD_B_initVar
 .bss           0x1fff8a6d        0x2 .\CortexM3\ARM_GCC_441\Debug\invert.a(LCD_Char_1.o)
                0x1fff8a6d                LCD_Char_1_enableState
                0x1fff8a6e                LCD_Char_1_initVar
 *fill*         0x1fff8a6f        0x1 00
 .bss           0x1fff8a70        0xc .\CortexM3\ARM_GCC_441\Debug\invert.a(ADC_DelSig_V.o)
                0x1fff8a70                ADC_DelSig_V_convDone
                0x1fff8a71                ADC_DelSig_V_stopConversion
                0x1fff8a72                ADC_DelSig_V_initVar
                0x1fff8a73                ADC_DelSig_V_started
                0x1fff8a74                ADC_DelSig_V_Offset
                0x1fff8a78                ADC_DelSig_V_restoreReg
 .bss           0x1fff8a7c        0x2 .\CortexM3\ARM_GCC_441\Debug\invert.a(UART_1.o)
                0x1fff8a7c                UART_1_initVar
 *fill*         0x1fff8a7e        0x2 00
 .bss           0x1fff8a80       0x34 c:/program files (x86)/cypress/psoc creator/2.2/psoc creator/import/gnu_cs/arm/4.4.1/bin/../lib/gcc/arm-none-eabi/4.4.1/../../../../arm-none-eabi/lib/thumb2\libc.a(lib_a-mallocr.o)
                0x1fff8a80                __malloc_top_pad
                0x1fff8a84                __malloc_current_mallinfo
                0x1fff8aac                __malloc_max_sbrked_mem
                0x1fff8ab0                __malloc_max_total_mem
 *(COMMON)
 COMMON         0x1fff8ab4        0x4 .\CortexM3\ARM_GCC_441\Debug\main.o
                0x1fff8ab4                sinptr
 COMMON         0x1fff8ab8        0x1 .\CortexM3\ARM_GCC_441\Debug\invert.a(CyLib.o)
                0x1fff8ab8                CyResetStatus
 *fill*         0x1fff8ab9        0x3 00
 COMMON         0x1fff8abc        0x4 c:/program files (x86)/cypress/psoc creator/2.2/psoc creator/import/gnu_cs/arm/4.4.1/bin/../lib/gcc/arm-none-eabi/4.4.1/../../../../arm-none-eabi/lib/thumb2\libc.a(lib_a-reent.o)
                0x1fff8abc                errno
                0x1fff8ac0                . = ALIGN (0x8)
 *(.ram.b)
                0x1fff8ac0                _end = .
                0x1fff8ac0                __end = .
                0x20003000                __cs3_region_end_ram = (__cs3_region_start_ram + 0xb000)
                0x0000b000                __cs3_region_size_ram = 0xb000
                0x00008698                __cs3_region_init_ram = LOADADDR (.data)
                0x00000958                __cs3_region_init_size_ram = (_edata - ADDR (.data))
                0x00000060                __cs3_region_zero_size_ram = (_end - _edata)

.stab
 *(.stab)

.stabstr
 *(.stabstr)

.debug
 *(.debug)

.line
 *(.line)

.debug_srcinfo
 *(.debug_srcinfo)

.debug_sfnames
 *(.debug_sfnames)

.comment        0x00000000      0x35c
 .comment       0x00000000       0x2b .\CortexM3\ARM_GCC_441\Debug\main.o
 .comment       0x0000002b       0x2b .\CortexM3\ARM_GCC_441\Debug\Cm3Start.o
 .comment       0x00000056       0x2b .\CortexM3\ARM_GCC_441\Debug\invert.a(PWM_BUCK.o)
 .comment       0x00000081       0x2b .\CortexM3\ARM_GCC_441\Debug\invert.a(Clock_1.o)
 .comment       0x000000ac       0x2b .\CortexM3\ARM_GCC_441\Debug\invert.a(PWM_UNFOLD_A.o)
 .comment       0x000000d7       0x2b .\CortexM3\ARM_GCC_441\Debug\invert.a(PWM_UNFOLD_B.o)
 .comment       0x00000102       0x2b .\CortexM3\ARM_GCC_441\Debug\invert.a(CyLib.o)
 .comment       0x0000012d       0x2b .\CortexM3\ARM_GCC_441\Debug\invert.a(cyPm.o)
 .comment       0x00000158       0x2b .\CortexM3\ARM_GCC_441\Debug\invert.a(LCD_Char_1.o)
 .comment       0x00000183       0x2b .\CortexM3\ARM_GCC_441\Debug\invert.a(Clock_2.o)
 .comment       0x000001ae       0x2b .\CortexM3\ARM_GCC_441\Debug\invert.a(ADC_DelSig_V.o)
 .comment       0x000001d9       0x2b .\CortexM3\ARM_GCC_441\Debug\invert.a(ADC_DelSig_V_INT.o)
 .comment       0x00000204       0x2b .\CortexM3\ARM_GCC_441\Debug\invert.a(ADC_DelSig_V_theACLK.o)
 .comment       0x0000022f       0x2b .\CortexM3\ARM_GCC_441\Debug\invert.a(ADC_DelSig_V_Ext_CP_Clk.o)
 .comment       0x0000025a       0x2b .\CortexM3\ARM_GCC_441\Debug\invert.a(ADC_DelSig_V_AMux.o)
 .comment       0x00000285       0x2b .\CortexM3\ARM_GCC_441\Debug\invert.a(UART_1.o)
 .comment       0x000002b0       0x2b .\CortexM3\ARM_GCC_441\Debug\invert.a(UART_1_IntClock.o)
 .comment       0x000002db       0x2b .\CortexM3\ARM_GCC_441\Debug\invert.a(cyfitter_cfg.o)
 .comment       0x00000306       0x2b .\CortexM3\ARM_GCC_441\Debug\invert.a(CyFlash.o)
 .comment       0x00000331       0x2b .\CortexM3\ARM_GCC_441\Debug\invert.a(CySpc.o)

.debug_aranges  0x00000000      0xb58
 *(.debug_aranges)
 .debug_aranges
                0x00000000       0x28 .\CortexM3\ARM_GCC_441\Debug\main.o
 .debug_aranges
                0x00000028       0x30 .\CortexM3\ARM_GCC_441\Debug\Cm3Start.o
 .debug_aranges
                0x00000058       0xa8 .\CortexM3\ARM_GCC_441\Debug\invert.a(PWM_BUCK.o)
 .debug_aranges
                0x00000100       0x68 .\CortexM3\ARM_GCC_441\Debug\invert.a(Clock_1.o)
 .debug_aranges
                0x00000168       0xa8 .\CortexM3\ARM_GCC_441\Debug\invert.a(PWM_UNFOLD_A.o)
 .debug_aranges
                0x00000210       0xa8 .\CortexM3\ARM_GCC_441\Debug\invert.a(PWM_UNFOLD_B.o)
 .debug_aranges
                0x000002b8       0x20 .\CortexM3\ARM_GCC_441\Debug\invert.a(CyBootAsmGnu.o)
 .debug_aranges
                0x000002d8      0x1e0 .\CortexM3\ARM_GCC_441\Debug\invert.a(CyLib.o)
 .debug_aranges
                0x000004b8       0xb8 .\CortexM3\ARM_GCC_441\Debug\invert.a(cyPm.o)
 .debug_aranges
                0x00000570       0x90 .\CortexM3\ARM_GCC_441\Debug\invert.a(LCD_Char_1.o)
 .debug_aranges
                0x00000600       0x68 .\CortexM3\ARM_GCC_441\Debug\invert.a(Clock_2.o)
 .debug_aranges
                0x00000668      0x100 .\CortexM3\ARM_GCC_441\Debug\invert.a(ADC_DelSig_V.o)
 .debug_aranges
                0x00000768       0x38 .\CortexM3\ARM_GCC_441\Debug\invert.a(ADC_DelSig_V_INT.o)
 .debug_aranges
                0x000007a0       0x78 .\CortexM3\ARM_GCC_441\Debug\invert.a(ADC_DelSig_V_theACLK.o)
 .debug_aranges
                0x00000818       0x68 .\CortexM3\ARM_GCC_441\Debug\invert.a(ADC_DelSig_V_Ext_CP_Clk.o)
 .debug_aranges
                0x00000880       0x30 .\CortexM3\ARM_GCC_441\Debug\invert.a(ADC_DelSig_V_AMux.o)
 .debug_aranges
                0x000008b0       0xf0 .\CortexM3\ARM_GCC_441\Debug\invert.a(UART_1.o)
 .debug_aranges
                0x000009a0       0x68 .\CortexM3\ARM_GCC_441\Debug\invert.a(UART_1_IntClock.o)
 .debug_aranges
                0x00000a08       0x80 .\CortexM3\ARM_GCC_441\Debug\invert.a(cyfitter_cfg.o)
 .debug_aranges
                0x00000a88       0x68 .\CortexM3\ARM_GCC_441\Debug\invert.a(CyFlash.o)
 .debug_aranges
                0x00000af0       0x68 .\CortexM3\ARM_GCC_441\Debug\invert.a(CySpc.o)

.debug_pubnames
                0x00000000     0x1ff7
 *(.debug_pubnames)
 .debug_pubnames
                0x00000000       0xa8 .\CortexM3\ARM_GCC_441\Debug\main.o
 .debug_pubnames
                0x000000a8       0x66 .\CortexM3\ARM_GCC_441\Debug\Cm3Start.o
 .debug_pubnames
                0x0000010e      0x1ef .\CortexM3\ARM_GCC_441\Debug\invert.a(PWM_BUCK.o)
 .debug_pubnames
                0x000002fd      0x11e .\CortexM3\ARM_GCC_441\Debug\invert.a(Clock_1.o)
 .debug_pubnames
                0x0000041b      0x23b .\CortexM3\ARM_GCC_441\Debug\invert.a(PWM_UNFOLD_A.o)
 .debug_pubnames
                0x00000656      0x23b .\CortexM3\ARM_GCC_441\Debug\invert.a(PWM_UNFOLD_B.o)
 .debug_pubnames
                0x00000891      0x4be .\CortexM3\ARM_GCC_441\Debug\invert.a(CyLib.o)
 .debug_pubnames
                0x00000d4f       0xbb .\CortexM3\ARM_GCC_441\Debug\invert.a(cyPm.o)
 .debug_pubnames
                0x00000e0a      0x17b .\CortexM3\ARM_GCC_441\Debug\invert.a(LCD_Char_1.o)
 .debug_pubnames
                0x00000f85      0x11e .\CortexM3\ARM_GCC_441\Debug\invert.a(Clock_2.o)
 .debug_pubnames
                0x000010a3      0x43c .\CortexM3\ARM_GCC_441\Debug\invert.a(ADC_DelSig_V.o)
 .debug_pubnames
                0x000014df       0x6a .\CortexM3\ARM_GCC_441\Debug\invert.a(ADC_DelSig_V_INT.o)
 .debug_pubnames
                0x00001549      0x1f4 .\CortexM3\ARM_GCC_441\Debug\invert.a(ADC_DelSig_V_theACLK.o)
 .debug_pubnames
                0x0000173d      0x1be .\CortexM3\ARM_GCC_441\Debug\invert.a(ADC_DelSig_V_Ext_CP_Clk.o)
 .debug_pubnames
                0x000018fb       0x8e .\CortexM3\ARM_GCC_441\Debug\invert.a(ADC_DelSig_V_AMux.o)
 .debug_pubnames
                0x00001989      0x29c .\CortexM3\ARM_GCC_441\Debug\invert.a(UART_1.o)
 .debug_pubnames
                0x00001c25      0x16e .\CortexM3\ARM_GCC_441\Debug\invert.a(UART_1_IntClock.o)
 .debug_pubnames
                0x00001d93       0xb5 .\CortexM3\ARM_GCC_441\Debug\invert.a(cyfitter_cfg.o)
 .debug_pubnames
                0x00001e48       0xdf .\CortexM3\ARM_GCC_441\Debug\invert.a(CyFlash.o)
 .debug_pubnames
                0x00001f27       0xd0 .\CortexM3\ARM_GCC_441\Debug\invert.a(CySpc.o)

.debug_info     0x00000000     0x49fb
 *(.debug_info .gnu.linkonce.wi.*)
 .debug_info    0x00000000      0x284 .\CortexM3\ARM_GCC_441\Debug\main.o
 .debug_info    0x00000284      0x168 .\CortexM3\ARM_GCC_441\Debug\Cm3Start.o
 .debug_info    0x000003ec      0x315 .\CortexM3\ARM_GCC_441\Debug\invert.a(PWM_BUCK.o)
 .debug_info    0x00000701      0x237 .\CortexM3\ARM_GCC_441\Debug\invert.a(Clock_1.o)
 .debug_info    0x00000938      0x30a .\CortexM3\ARM_GCC_441\Debug\invert.a(PWM_UNFOLD_A.o)
 .debug_info    0x00000c42      0x30a .\CortexM3\ARM_GCC_441\Debug\invert.a(PWM_UNFOLD_B.o)
 .debug_info    0x00000f4c       0x95 .\CortexM3\ARM_GCC_441\Debug\invert.a(CyBootAsmGnu.o)
 .debug_info    0x00000fe1      0xbce .\CortexM3\ARM_GCC_441\Debug\invert.a(CyLib.o)
 .debug_info    0x00001baf      0x63e .\CortexM3\ARM_GCC_441\Debug\invert.a(cyPm.o)
 .debug_info    0x000021ed      0x3af .\CortexM3\ARM_GCC_441\Debug\invert.a(LCD_Char_1.o)
 .debug_info    0x0000259c      0x237 .\CortexM3\ARM_GCC_441\Debug\invert.a(Clock_2.o)
 .debug_info    0x000027d3      0x81a .\CortexM3\ARM_GCC_441\Debug\invert.a(ADC_DelSig_V.o)
 .debug_info    0x00002fed       0xf4 .\CortexM3\ARM_GCC_441\Debug\invert.a(ADC_DelSig_V_INT.o)
 .debug_info    0x000030e1      0x27b .\CortexM3\ARM_GCC_441\Debug\invert.a(ADC_DelSig_V_theACLK.o)
 .debug_info    0x0000335c      0x237 .\CortexM3\ARM_GCC_441\Debug\invert.a(ADC_DelSig_V_Ext_CP_Clk.o)
 .debug_info    0x00003593      0x11a .\CortexM3\ARM_GCC_441\Debug\invert.a(ADC_DelSig_V_AMux.o)
 .debug_info    0x000036ad      0x55c .\CortexM3\ARM_GCC_441\Debug\invert.a(UART_1.o)
 .debug_info    0x00003c09      0x237 .\CortexM3\ARM_GCC_441\Debug\invert.a(UART_1_IntClock.o)
 .debug_info    0x00003e40      0x507 .\CortexM3\ARM_GCC_441\Debug\invert.a(cyfitter_cfg.o)
 .debug_info    0x00004347      0x308 .\CortexM3\ARM_GCC_441\Debug\invert.a(CyFlash.o)
 .debug_info    0x0000464f      0x3ac .\CortexM3\ARM_GCC_441\Debug\invert.a(CySpc.o)

.debug_abbrev   0x00000000     0x13e4
 *(.debug_abbrev)
 .debug_abbrev  0x00000000       0xfb .\CortexM3\ARM_GCC_441\Debug\main.o
 .debug_abbrev  0x000000fb       0xec .\CortexM3\ARM_GCC_441\Debug\Cm3Start.o
 .debug_abbrev  0x000001e7      0x108 .\CortexM3\ARM_GCC_441\Debug\invert.a(PWM_BUCK.o)
 .debug_abbrev  0x000002ef       0xcf .\CortexM3\ARM_GCC_441\Debug\invert.a(Clock_1.o)
 .debug_abbrev  0x000003be      0x108 .\CortexM3\ARM_GCC_441\Debug\invert.a(PWM_UNFOLD_A.o)
 .debug_abbrev  0x000004c6      0x108 .\CortexM3\ARM_GCC_441\Debug\invert.a(PWM_UNFOLD_B.o)
 .debug_abbrev  0x000005ce       0x14 .\CortexM3\ARM_GCC_441\Debug\invert.a(CyBootAsmGnu.o)
 .debug_abbrev  0x000005e2      0x182 .\CortexM3\ARM_GCC_441\Debug\invert.a(CyLib.o)
 .debug_abbrev  0x00000764      0x13e .\CortexM3\ARM_GCC_441\Debug\invert.a(cyPm.o)
 .debug_abbrev  0x000008a2      0x118 .\CortexM3\ARM_GCC_441\Debug\invert.a(LCD_Char_1.o)
 .debug_abbrev  0x000009ba       0xcf .\CortexM3\ARM_GCC_441\Debug\invert.a(Clock_2.o)
 .debug_abbrev  0x00000a89      0x125 .\CortexM3\ARM_GCC_441\Debug\invert.a(ADC_DelSig_V.o)
 .debug_abbrev  0x00000bae       0x68 .\CortexM3\ARM_GCC_441\Debug\invert.a(ADC_DelSig_V_INT.o)
 .debug_abbrev  0x00000c16       0xcf .\CortexM3\ARM_GCC_441\Debug\invert.a(ADC_DelSig_V_theACLK.o)
 .debug_abbrev  0x00000ce5       0xcf .\CortexM3\ARM_GCC_441\Debug\invert.a(ADC_DelSig_V_Ext_CP_Clk.o)
 .debug_abbrev  0x00000db4       0x7f .\CortexM3\ARM_GCC_441\Debug\invert.a(ADC_DelSig_V_AMux.o)
 .debug_abbrev  0x00000e33      0x10c .\CortexM3\ARM_GCC_441\Debug\invert.a(UART_1.o)
 .debug_abbrev  0x00000f3f       0xcf .\CortexM3\ARM_GCC_441\Debug\invert.a(UART_1_IntClock.o)
 .debug_abbrev  0x0000100e      0x17e .\CortexM3\ARM_GCC_441\Debug\invert.a(cyfitter_cfg.o)
 .debug_abbrev  0x0000118c      0x14a .\CortexM3\ARM_GCC_441\Debug\invert.a(CyFlash.o)
 .debug_abbrev  0x000012d6      0x10e .\CortexM3\ARM_GCC_441\Debug\invert.a(CySpc.o)

.debug_line     0x00000000     0x279b
 *(.debug_line)
 .debug_line    0x00000000       0xaf .\CortexM3\ARM_GCC_441\Debug\main.o
 .debug_line    0x000000af       0xb8 .\CortexM3\ARM_GCC_441\Debug\Cm3Start.o
 .debug_line    0x00000167      0x1d2 .\CortexM3\ARM_GCC_441\Debug\invert.a(PWM_BUCK.o)
 .debug_line    0x00000339      0x15e .\CortexM3\ARM_GCC_441\Debug\invert.a(Clock_1.o)
 .debug_line    0x00000497      0x1d3 .\CortexM3\ARM_GCC_441\Debug\invert.a(PWM_UNFOLD_A.o)
 .debug_line    0x0000066a      0x1d3 .\CortexM3\ARM_GCC_441\Debug\invert.a(PWM_UNFOLD_B.o)
 .debug_line    0x0000083d       0x67 .\CortexM3\ARM_GCC_441\Debug\invert.a(CyBootAsmGnu.o)
 .debug_line    0x000008a4      0x5c7 .\CortexM3\ARM_GCC_441\Debug\invert.a(CyLib.o)
 .debug_line    0x00000e6b      0x3f2 .\CortexM3\ARM_GCC_441\Debug\invert.a(cyPm.o)
 .debug_line    0x0000125d      0x1e0 .\CortexM3\ARM_GCC_441\Debug\invert.a(LCD_Char_1.o)
 .debug_line    0x0000143d      0x15e .\CortexM3\ARM_GCC_441\Debug\invert.a(Clock_2.o)
 .debug_line    0x0000159b      0x442 .\CortexM3\ARM_GCC_441\Debug\invert.a(ADC_DelSig_V.o)
 .debug_line    0x000019dd       0xbf .\CortexM3\ARM_GCC_441\Debug\invert.a(ADC_DelSig_V_INT.o)
 .debug_line    0x00001a9c      0x189 .\CortexM3\ARM_GCC_441\Debug\invert.a(ADC_DelSig_V_theACLK.o)
 .debug_line    0x00001c25      0x168 .\CortexM3\ARM_GCC_441\Debug\invert.a(ADC_DelSig_V_Ext_CP_Clk.o)
 .debug_line    0x00001d8d       0xb3 .\CortexM3\ARM_GCC_441\Debug\invert.a(ADC_DelSig_V_AMux.o)
 .debug_line    0x00001e40      0x2b4 .\CortexM3\ARM_GCC_441\Debug\invert.a(UART_1.o)
 .debug_line    0x000020f4      0x166 .\CortexM3\ARM_GCC_441\Debug\invert.a(UART_1_IntClock.o)
 .debug_line    0x0000225a      0x24b .\CortexM3\ARM_GCC_441\Debug\invert.a(cyfitter_cfg.o)
 .debug_line    0x000024a5      0x170 .\CortexM3\ARM_GCC_441\Debug\invert.a(CyFlash.o)
 .debug_line    0x00002615      0x186 .\CortexM3\ARM_GCC_441\Debug\invert.a(CySpc.o)

.debug_frame    0x00000000     0x2c18
 *(.debug_frame)
 .debug_frame   0x00000000       0x6c .\CortexM3\ARM_GCC_441\Debug\main.o
 .debug_frame   0x0000006c       0x5c .\CortexM3\ARM_GCC_441\Debug\Cm3Start.o
 .debug_frame   0x000000c8      0x20c .\CortexM3\ARM_GCC_441\Debug\invert.a(PWM_BUCK.o)
 .debug_frame   0x000002d4      0x130 .\CortexM3\ARM_GCC_441\Debug\invert.a(Clock_1.o)
 .debug_frame   0x00000404      0x20c .\CortexM3\ARM_GCC_441\Debug\invert.a(PWM_UNFOLD_A.o)
 .debug_frame   0x00000610      0x20c .\CortexM3\ARM_GCC_441\Debug\invert.a(PWM_UNFOLD_B.o)
 .debug_frame   0x0000081c      0x6b8 .\CortexM3\ARM_GCC_441\Debug\invert.a(CyLib.o)
 .debug_frame   0x00000ed4      0x25c .\CortexM3\ARM_GCC_441\Debug\invert.a(cyPm.o)
 .debug_frame   0x00001130      0x1e0 .\CortexM3\ARM_GCC_441\Debug\invert.a(LCD_Char_1.o)
 .debug_frame   0x00001310      0x130 .\CortexM3\ARM_GCC_441\Debug\invert.a(Clock_2.o)
 .debug_frame   0x00001440      0x358 .\CortexM3\ARM_GCC_441\Debug\invert.a(ADC_DelSig_V.o)
 .debug_frame   0x00001798       0x80 .\CortexM3\ARM_GCC_441\Debug\invert.a(ADC_DelSig_V_INT.o)
 .debug_frame   0x00001818      0x168 .\CortexM3\ARM_GCC_441\Debug\invert.a(ADC_DelSig_V_theACLK.o)
 .debug_frame   0x00001980      0x130 .\CortexM3\ARM_GCC_441\Debug\invert.a(ADC_DelSig_V_Ext_CP_Clk.o)
 .debug_frame   0x00001ab0       0x70 .\CortexM3\ARM_GCC_441\Debug\invert.a(ADC_DelSig_V_AMux.o)
 .debug_frame   0x00001b20      0x328 .\CortexM3\ARM_GCC_441\Debug\invert.a(UART_1.o)
 .debug_frame   0x00001e48      0x130 .\CortexM3\ARM_GCC_441\Debug\invert.a(UART_1_IntClock.o)
 .debug_frame   0x00001f78      0x190 .\CortexM3\ARM_GCC_441\Debug\invert.a(cyfitter_cfg.o)
 .debug_frame   0x00002108      0x140 .\CortexM3\ARM_GCC_441\Debug\invert.a(CyFlash.o)
 .debug_frame   0x00002248      0x13c .\CortexM3\ARM_GCC_441\Debug\invert.a(CySpc.o)
 .debug_frame   0x00002384       0x34 c:/program files (x86)/cypress/psoc creator/2.2/psoc creator/import/gnu_cs/arm/4.4.1/bin/../lib/gcc/arm-none-eabi/4.4.1/../../../../arm-none-eabi/lib/thumb2\libc.a(lib_a-memcpy.o)
 .debug_frame   0x000023b8       0x28 c:/program files (x86)/cypress/psoc creator/2.2/psoc creator/import/gnu_cs/arm/4.4.1/bin/../lib/gcc/arm-none-eabi/4.4.1/../../../../arm-none-eabi/lib/thumb2\libc.a(lib_a-memset.o)
 .debug_frame   0x000023e0       0x5c c:/program files (x86)/cypress/psoc creator/2.2/psoc creator/import/gnu_cs/arm/4.4.1/bin/../lib/gcc/arm-none-eabi/4.4.1/../../../../arm-none-eabi/lib/thumb2\libc.a(lib_a-sprintf.o)
 .debug_frame   0x0000243c       0x68 c:/program files (x86)/cypress/psoc creator/2.2/psoc creator/import/gnu_cs/arm/4.4.1/bin/../lib/gcc/arm-none-eabi/4.4.1/../../../../arm-none-eabi/lib/thumb2\libc.a(lib_a-svfprintf.o)
 .debug_frame   0x000024a4       0x64 c:/program files (x86)/cypress/psoc creator/2.2/psoc creator/import/gnu_cs/arm/4.4.1/bin/../lib/gcc/arm-none-eabi/4.4.1/../../../../arm-none-eabi/lib/thumb2\libc.a(lib_a-dtoa.o)
 .debug_frame   0x00002508       0x50 c:/program files (x86)/cypress/psoc creator/2.2/psoc creator/import/gnu_cs/arm/4.4.1/bin/../lib/gcc/arm-none-eabi/4.4.1/../../../../arm-none-eabi/lib/thumb2\libc.a(lib_a-freer.o)
 .debug_frame   0x00002558       0x6c c:/program files (x86)/cypress/psoc creator/2.2/psoc creator/import/gnu_cs/arm/4.4.1/bin/../lib/gcc/arm-none-eabi/4.4.1/../../../../arm-none-eabi/lib/thumb2\libc.a(lib_a-locale.o)
 .debug_frame   0x000025c4       0x30 c:/program files (x86)/cypress/psoc creator/2.2/psoc creator/import/gnu_cs/arm/4.4.1/bin/../lib/gcc/arm-none-eabi/4.4.1/../../../../arm-none-eabi/lib/thumb2\libc.a(lib_a-malloc.o)
 .debug_frame   0x000025f4       0x3c c:/program files (x86)/cypress/psoc creator/2.2/psoc creator/import/gnu_cs/arm/4.4.1/bin/../lib/gcc/arm-none-eabi/4.4.1/../../../../arm-none-eabi/lib/thumb2\libc.a(lib_a-mallocr.o)
 .debug_frame   0x00002630       0x28 c:/program files (x86)/cypress/psoc creator/2.2/psoc creator/import/gnu_cs/arm/4.4.1/bin/../lib/gcc/arm-none-eabi/4.4.1/../../../../arm-none-eabi/lib/thumb2\libc.a(lib_a-memchr.o)
 .debug_frame   0x00002658       0x2c c:/program files (x86)/cypress/psoc creator/2.2/psoc creator/import/gnu_cs/arm/4.4.1/bin/../lib/gcc/arm-none-eabi/4.4.1/../../../../arm-none-eabi/lib/thumb2\libc.a(lib_a-memmove.o)
 .debug_frame   0x00002684       0x30 c:/program files (x86)/cypress/psoc creator/2.2/psoc creator/import/gnu_cs/arm/4.4.1/bin/../lib/gcc/arm-none-eabi/4.4.1/../../../../arm-none-eabi/lib/thumb2\libc.a(lib_a-mlock.o)
 .debug_frame   0x000026b4      0x240 c:/program files (x86)/cypress/psoc creator/2.2/psoc creator/import/gnu_cs/arm/4.4.1/bin/../lib/gcc/arm-none-eabi/4.4.1/../../../../arm-none-eabi/lib/thumb2\libc.a(lib_a-mprec.o)
 .debug_frame   0x000028f4       0x3c c:/program files (x86)/cypress/psoc creator/2.2/psoc creator/import/gnu_cs/arm/4.4.1/bin/../lib/gcc/arm-none-eabi/4.4.1/../../../../arm-none-eabi/lib/thumb2\libc.a(lib_a-reallocr.o)
 .debug_frame   0x00002930       0x20 c:/program files (x86)/cypress/psoc creator/2.2/psoc creator/import/gnu_cs/arm/4.4.1/bin/../lib/gcc/arm-none-eabi/4.4.1/../../../../arm-none-eabi/lib/thumb2\libc.a(lib_a-s_isinfd.o)
 .debug_frame   0x00002950       0x20 c:/program files (x86)/cypress/psoc creator/2.2/psoc creator/import/gnu_cs/arm/4.4.1/bin/../lib/gcc/arm-none-eabi/4.4.1/../../../../arm-none-eabi/lib/thumb2\libc.a(lib_a-s_isnand.o)
 .debug_frame   0x00002970       0x2c c:/program files (x86)/cypress/psoc creator/2.2/psoc creator/import/gnu_cs/arm/4.4.1/bin/../lib/gcc/arm-none-eabi/4.4.1/../../../../arm-none-eabi/lib/thumb2\libc.a(lib_a-sbrkr.o)
 .debug_frame   0x0000299c       0x30 c:/program files (x86)/cypress/psoc creator/2.2/psoc creator/import/gnu_cs/arm/4.4.1/bin/../lib/gcc/arm-none-eabi/4.4.1/../../../../arm-none-eabi/lib/thumb2\libc.a(lib_a-strcmp.o)
 .debug_frame   0x000029cc       0x20 c:/program files (x86)/cypress/psoc creator/2.2/psoc creator/import/gnu_cs/arm/4.4.1/bin/../lib/gcc/arm-none-eabi/4.4.1/../../../../arm-none-eabi/lib/thumb2\libc.a(lib_a-strlen.o)
 .debug_frame   0x000029ec       0x2c c:/program files (x86)/cypress/psoc creator/2.2/psoc creator/import/gnu_cs/arm/4.4.1/bin/../lib/gcc/arm-none-eabi/4.4.1/../../../../arm-none-eabi/lib/thumb2\libc.a(lib_a-callocr.o)
 .debug_frame   0x00002a18       0x64 c:/program files (x86)/cypress/psoc creator/2.2/psoc creator/import/gnu_cs/arm/4.4.1/bin/../lib/gcc/arm-none-eabi/4.4.1/../../../../arm-none-eabi/lib/thumb2\libc.a(lib_a-reent.o)
 .debug_frame   0x00002a7c       0x20 c:/program files (x86)/cypress/psoc creator/2.2/psoc creator/import/gnu_cs/arm/4.4.1/bin/../lib/gcc/arm-none-eabi/4.4.1/thumb2\libgcc.a(_udivsi3.o)
 .debug_frame   0x00002a9c       0x50 c:/program files (x86)/cypress/psoc creator/2.2/psoc creator/import/gnu_cs/arm/4.4.1/bin/../lib/gcc/arm-none-eabi/4.4.1/thumb2\libgcc.a(bpabi.o)
 .debug_frame   0x00002aec       0x3c c:/program files (x86)/cypress/psoc creator/2.2/psoc creator/import/gnu_cs/arm/4.4.1/bin/../lib/gcc/arm-none-eabi/4.4.1/thumb2\libgcc.a(_divdi3.o)
 .debug_frame   0x00002b28       0x3c c:/program files (x86)/cypress/psoc creator/2.2/psoc creator/import/gnu_cs/arm/4.4.1/bin/../lib/gcc/arm-none-eabi/4.4.1/thumb2\libgcc.a(_udivdi3.o)
 .debug_frame   0x00002b64       0x40 c:/program files (x86)/cypress/psoc creator/2.2/psoc creator/import/gnu_cs/arm/4.4.1/bin/../lib/gcc/arm-none-eabi/4.4.1/../../../../arm-none-eabi/lib/thumb2\libcs3.a(start_c.o)
 .debug_frame   0x00002ba4       0x28 c:/program files (x86)/cypress/psoc creator/2.2/psoc creator/import/gnu_cs/arm/4.4.1/bin/../lib/gcc/arm-none-eabi/4.4.1/../../../../arm-none-eabi/lib/thumb2\libcs3unhosted.a(unhosted-sbrk.o)
 .debug_frame   0x00002bcc       0x20 c:/program files (x86)/cypress/psoc creator/2.2/psoc creator/import/gnu_cs/arm/4.4.1/bin/../lib/gcc/arm-none-eabi/4.4.1/../../../../arm-none-eabi/lib/thumb2\libc.a(lib_a-errno.o)
 .debug_frame   0x00002bec       0x2c c:/program files (x86)/cypress/psoc creator/2.2/psoc creator/import/gnu_cs/arm/4.4.1/bin/../lib/gcc/arm-none-eabi/4.4.1/../../../../arm-none-eabi/lib/thumb2\libc.a(lib_a-init.o)

.debug_str      0x00000000     0x27e8
 *(.debug_str)
 .debug_str     0x00000000      0x113 .\CortexM3\ARM_GCC_441\Debug\main.o
                                0x152 (size before relaxing)
 .debug_str     0x00000113       0x95 .\CortexM3\ARM_GCC_441\Debug\Cm3Start.o
                                0x187 (size before relaxing)
 .debug_str     0x000001a8      0x20f .\CortexM3\ARM_GCC_441\Debug\invert.a(PWM_BUCK.o)
                                0x302 (size before relaxing)
 .debug_str     0x000003b7      0x160 .\CortexM3\ARM_GCC_441\Debug\invert.a(Clock_1.o)
                                0x253 (size before relaxing)
 .debug_str     0x00000517      0x221 .\CortexM3\ARM_GCC_441\Debug\invert.a(PWM_UNFOLD_A.o)
                                0x34f (size before relaxing)
 .debug_str     0x00000738      0x221 .\CortexM3\ARM_GCC_441\Debug\invert.a(PWM_UNFOLD_B.o)
                                0x34f (size before relaxing)
 .debug_str     0x00000959      0x5ad .\CortexM3\ARM_GCC_441\Debug\invert.a(CyLib.o)
                                0x6e6 (size before relaxing)
 .debug_str     0x00000f06      0x3bd .\CortexM3\ARM_GCC_441\Debug\invert.a(cyPm.o)
                                0x4c4 (size before relaxing)
 .debug_str     0x000012c3      0x1e3 .\CortexM3\ARM_GCC_441\Debug\invert.a(LCD_Char_1.o)
                                0x2e5 (size before relaxing)
 .debug_str     0x000014a6      0x107 .\CortexM3\ARM_GCC_441\Debug\invert.a(Clock_2.o)
                                0x253 (size before relaxing)
 .debug_str     0x000015ad      0x5a8 .\CortexM3\ARM_GCC_441\Debug\invert.a(ADC_DelSig_V.o)
                                0x6ea (size before relaxing)
 .debug_str     0x00001b55       0x74 .\CortexM3\ARM_GCC_441\Debug\invert.a(ADC_DelSig_V_INT.o)
                                0x169 (size before relaxing)
 .debug_str     0x00001bc9      0x1f3 .\CortexM3\ARM_GCC_441\Debug\invert.a(ADC_DelSig_V_theACLK.o)
                                0x333 (size before relaxing)
 .debug_str     0x00001dbc      0x1b7 .\CortexM3\ARM_GCC_441\Debug\invert.a(ADC_DelSig_V_Ext_CP_Clk.o)
                                0x2ff (size before relaxing)
 .debug_str     0x00001f73       0xa6 .\CortexM3\ARM_GCC_441\Debug\invert.a(ADC_DelSig_V_AMux.o)
                                0x192 (size before relaxing)
 .debug_str     0x00002019      0x2ae .\CortexM3\ARM_GCC_441\Debug\invert.a(UART_1.o)
                                0x3c5 (size before relaxing)
 .debug_str     0x000022c7      0x15f .\CortexM3\ARM_GCC_441\Debug\invert.a(UART_1_IntClock.o)
                                0x2ab (size before relaxing)
 .debug_str     0x00002426      0x1aa .\CortexM3\ARM_GCC_441\Debug\invert.a(cyfitter_cfg.o)
                                0x2d4 (size before relaxing)
 .debug_str     0x000025d0      0x113 .\CortexM3\ARM_GCC_441\Debug\invert.a(CyFlash.o)
                                0x238 (size before relaxing)
 .debug_str     0x000026e3      0x105 .\CortexM3\ARM_GCC_441\Debug\invert.a(CySpc.o)
                                0x22b (size before relaxing)

.debug_loc      0x00000000     0x3aa4
 *(.debug_loc)
 .debug_loc     0x00000000       0x70 .\CortexM3\ARM_GCC_441\Debug\main.o
 .debug_loc     0x00000070       0x62 .\CortexM3\ARM_GCC_441\Debug\Cm3Start.o
 .debug_loc     0x000000d2      0x372 .\CortexM3\ARM_GCC_441\Debug\invert.a(PWM_BUCK.o)
 .debug_loc     0x00000444      0x1ea .\CortexM3\ARM_GCC_441\Debug\invert.a(Clock_1.o)
 .debug_loc     0x0000062e      0x372 .\CortexM3\ARM_GCC_441\Debug\invert.a(PWM_UNFOLD_A.o)
 .debug_loc     0x000009a0      0x372 .\CortexM3\ARM_GCC_441\Debug\invert.a(PWM_UNFOLD_B.o)
 .debug_loc     0x00000d12      0xb67 .\CortexM3\ARM_GCC_441\Debug\invert.a(CyLib.o)
 .debug_loc     0x00001879      0x3b0 .\CortexM3\ARM_GCC_441\Debug\invert.a(cyPm.o)
 .debug_loc     0x00001c29      0x309 .\CortexM3\ARM_GCC_441\Debug\invert.a(LCD_Char_1.o)
 .debug_loc     0x00001f32      0x1ea .\CortexM3\ARM_GCC_441\Debug\invert.a(Clock_2.o)
 .debug_loc     0x0000211c      0x5b7 .\CortexM3\ARM_GCC_441\Debug\invert.a(ADC_DelSig_V.o)
 .debug_loc     0x000026d3       0xac .\CortexM3\ARM_GCC_441\Debug\invert.a(ADC_DelSig_V_INT.o)
 .debug_loc     0x0000277f      0x24c .\CortexM3\ARM_GCC_441\Debug\invert.a(ADC_DelSig_V_theACLK.o)
 .debug_loc     0x000029cb      0x1ea .\CortexM3\ARM_GCC_441\Debug\invert.a(ADC_DelSig_V_Ext_CP_Clk.o)
 .debug_loc     0x00002bb5       0xa5 .\CortexM3\ARM_GCC_441\Debug\invert.a(ADC_DelSig_V_AMux.o)
 .debug_loc     0x00002c5a      0x591 .\CortexM3\ARM_GCC_441\Debug\invert.a(UART_1.o)
 .debug_loc     0x000031eb      0x1ea .\CortexM3\ARM_GCC_441\Debug\invert.a(UART_1_IntClock.o)
 .debug_loc     0x000033d5      0x2b3 .\CortexM3\ARM_GCC_441\Debug\invert.a(cyfitter_cfg.o)
 .debug_loc     0x00003688      0x1f6 .\CortexM3\ARM_GCC_441\Debug\invert.a(CyFlash.o)
 .debug_loc     0x0000387e      0x226 .\CortexM3\ARM_GCC_441\Debug\invert.a(CySpc.o)

.debug_macinfo
 *(.debug_macinfo)

.debug_ranges   0x00000000      0xa98
 *(.debug_ranges)
 .debug_ranges  0x00000000       0x20 .\CortexM3\ARM_GCC_441\Debug\main.o
 .debug_ranges  0x00000020       0x28 .\CortexM3\ARM_GCC_441\Debug\Cm3Start.o
 .debug_ranges  0x00000048       0xa0 .\CortexM3\ARM_GCC_441\Debug\invert.a(PWM_BUCK.o)
 .debug_ranges  0x000000e8       0x60 .\CortexM3\ARM_GCC_441\Debug\invert.a(Clock_1.o)
 .debug_ranges  0x00000148       0xa0 .\CortexM3\ARM_GCC_441\Debug\invert.a(PWM_UNFOLD_A.o)
 .debug_ranges  0x000001e8       0xa0 .\CortexM3\ARM_GCC_441\Debug\invert.a(PWM_UNFOLD_B.o)
 .debug_ranges  0x00000288      0x1d8 .\CortexM3\ARM_GCC_441\Debug\invert.a(CyLib.o)
 .debug_ranges  0x00000460       0xb0 .\CortexM3\ARM_GCC_441\Debug\invert.a(cyPm.o)
 .debug_ranges  0x00000510       0x88 .\CortexM3\ARM_GCC_441\Debug\invert.a(LCD_Char_1.o)
 .debug_ranges  0x00000598       0x60 .\CortexM3\ARM_GCC_441\Debug\invert.a(Clock_2.o)
 .debug_ranges  0x000005f8       0xf8 .\CortexM3\ARM_GCC_441\Debug\invert.a(ADC_DelSig_V.o)
 .debug_ranges  0x000006f0       0x30 .\CortexM3\ARM_GCC_441\Debug\invert.a(ADC_DelSig_V_INT.o)
 .debug_ranges  0x00000720       0x70 .\CortexM3\ARM_GCC_441\Debug\invert.a(ADC_DelSig_V_theACLK.o)
 .debug_ranges  0x00000790       0x60 .\CortexM3\ARM_GCC_441\Debug\invert.a(ADC_DelSig_V_Ext_CP_Clk.o)
 .debug_ranges  0x000007f0       0x28 .\CortexM3\ARM_GCC_441\Debug\invert.a(ADC_DelSig_V_AMux.o)
 .debug_ranges  0x00000818       0xe8 .\CortexM3\ARM_GCC_441\Debug\invert.a(UART_1.o)
 .debug_ranges  0x00000900       0x60 .\CortexM3\ARM_GCC_441\Debug\invert.a(UART_1_IntClock.o)
 .debug_ranges  0x00000960       0x78 .\CortexM3\ARM_GCC_441\Debug\invert.a(cyfitter_cfg.o)
 .debug_ranges  0x000009d8       0x60 .\CortexM3\ARM_GCC_441\Debug\invert.a(CyFlash.o)
 .debug_ranges  0x00000a38       0x60 .\CortexM3\ARM_GCC_441\Debug\invert.a(CySpc.o)

.debug_weaknames
 *(.debug_weaknames)

.debug_funcnames
 *(.debug_funcnames)

.debug_typenames
 *(.debug_typenames)

.debug_varnames
 *(.debug_varnames)

.note.gnu.arm.ident
 *(.note.gnu.arm.ident)

.ARM.attributes
                0x00000000       0x25
 *(.ARM.attributes)
 .ARM.attributes
                0x00000000       0x19 c:/program files (x86)/cypress/psoc creator/2.2/psoc creator/import/gnu_cs/arm/4.4.1/bin/../lib/gcc/arm-none-eabi/4.4.1/thumb2/crti.o
 .ARM.attributes
                0x00000019       0x29 c:/program files (x86)/cypress/psoc creator/2.2/psoc creator/import/gnu_cs/arm/4.4.1/bin/../lib/gcc/arm-none-eabi/4.4.1/thumb2/crtbegin.o
 .ARM.attributes
                0x00000042       0x31 .\CortexM3\ARM_GCC_441\Debug\main.o
 .ARM.attributes
                0x00000073       0x31 .\CortexM3\ARM_GCC_441\Debug\Cm3Start.o
 .ARM.attributes
                0x000000a4       0x31 .\CortexM3\ARM_GCC_441\Debug\invert.a(PWM_BUCK.o)
 .ARM.attributes
                0x000000d5       0x31 .\CortexM3\ARM_GCC_441\Debug\invert.a(Clock_1.o)
 .ARM.attributes
                0x00000106       0x31 .\CortexM3\ARM_GCC_441\Debug\invert.a(PWM_UNFOLD_A.o)
 .ARM.attributes
                0x00000137       0x31 .\CortexM3\ARM_GCC_441\Debug\invert.a(PWM_UNFOLD_B.o)
 .ARM.attributes
                0x00000168       0x21 .\CortexM3\ARM_GCC_441\Debug\invert.a(CyBootAsmGnu.o)
 .ARM.attributes
                0x00000189       0x31 .\CortexM3\ARM_GCC_441\Debug\invert.a(CyLib.o)
 .ARM.attributes
                0x000001ba       0x31 .\CortexM3\ARM_GCC_441\Debug\invert.a(cyPm.o)
 .ARM.attributes
                0x000001eb       0x31 .\CortexM3\ARM_GCC_441\Debug\invert.a(LCD_Char_1.o)
 .ARM.attributes
                0x0000021c       0x31 .\CortexM3\ARM_GCC_441\Debug\invert.a(Clock_2.o)
 .ARM.attributes
                0x0000024d       0x31 .\CortexM3\ARM_GCC_441\Debug\invert.a(ADC_DelSig_V.o)
 .ARM.attributes
                0x0000027e       0x31 .\CortexM3\ARM_GCC_441\Debug\invert.a(ADC_DelSig_V_INT.o)
 .ARM.attributes
                0x000002af       0x31 .\CortexM3\ARM_GCC_441\Debug\invert.a(ADC_DelSig_V_theACLK.o)
 .ARM.attributes
                0x000002e0       0x31 .\CortexM3\ARM_GCC_441\Debug\invert.a(ADC_DelSig_V_Ext_CP_Clk.o)
 .ARM.attributes
                0x00000311       0x31 .\CortexM3\ARM_GCC_441\Debug\invert.a(ADC_DelSig_V_AMux.o)
 .ARM.attributes
                0x00000342       0x31 .\CortexM3\ARM_GCC_441\Debug\invert.a(UART_1.o)
 .ARM.attributes
                0x00000373       0x31 .\CortexM3\ARM_GCC_441\Debug\invert.a(UART_1_IntClock.o)
 .ARM.attributes
                0x000003a4       0x31 .\CortexM3\ARM_GCC_441\Debug\invert.a(cyfitter_cfg.o)
 .ARM.attributes
                0x000003d5       0x31 .\CortexM3\ARM_GCC_441\Debug\invert.a(CyFlash.o)
 .ARM.attributes
                0x00000406       0x31 .\CortexM3\ARM_GCC_441\Debug\invert.a(CySpc.o)
 .ARM.attributes
                0x00000437       0x1b c:/program files (x86)/cypress/psoc creator/2.2/psoc creator/import/gnu_cs/arm/4.4.1/bin/../lib/gcc/arm-none-eabi/4.4.1/thumb2\libgcc.a(_arm_addsubdf3.o)
 .ARM.attributes
                0x00000452       0x1b c:/program files (x86)/cypress/psoc creator/2.2/psoc creator/import/gnu_cs/arm/4.4.1/bin/../lib/gcc/arm-none-eabi/4.4.1/thumb2\libgcc.a(_arm_muldivdf3.o)
 .ARM.attributes
                0x0000046d       0x1b c:/program files (x86)/cypress/psoc creator/2.2/psoc creator/import/gnu_cs/arm/4.4.1/bin/../lib/gcc/arm-none-eabi/4.4.1/thumb2\libgcc.a(_arm_cmpdf2.o)
 .ARM.attributes
                0x00000488       0x1b c:/program files (x86)/cypress/psoc creator/2.2/psoc creator/import/gnu_cs/arm/4.4.1/bin/../lib/gcc/arm-none-eabi/4.4.1/thumb2\libgcc.a(_arm_truncdfsf2.o)
 .ARM.attributes
                0x000004a3       0x1b c:/program files (x86)/cypress/psoc creator/2.2/psoc creator/import/gnu_cs/arm/4.4.1/bin/../lib/gcc/arm-none-eabi/4.4.1/thumb2\libgcc.a(_arm_addsubsf3.o)
 .ARM.attributes
                0x000004be       0x1b c:/program files (x86)/cypress/psoc creator/2.2/psoc creator/import/gnu_cs/arm/4.4.1/bin/../lib/gcc/arm-none-eabi/4.4.1/thumb2\libgcc.a(_arm_muldivsf3.o)
 .ARM.attributes
                0x000004d9       0x1b c:/program files (x86)/cypress/psoc creator/2.2/psoc creator/import/gnu_cs/arm/4.4.1/bin/../lib/gcc/arm-none-eabi/4.4.1/thumb2\libgcc.a(_arm_fixunssfsi.o)
 .ARM.attributes
                0x000004f4       0x29 c:/program files (x86)/cypress/psoc creator/2.2/psoc creator/import/gnu_cs/arm/4.4.1/bin/../lib/gcc/arm-none-eabi/4.4.1/../../../../arm-none-eabi/lib/thumb2\libc.a(lib_a-memcpy.o)
 .ARM.attributes
                0x0000051d       0x29 c:/program files (x86)/cypress/psoc creator/2.2/psoc creator/import/gnu_cs/arm/4.4.1/bin/../lib/gcc/arm-none-eabi/4.4.1/../../../../arm-none-eabi/lib/thumb2\libc.a(lib_a-memset.o)
 .ARM.attributes
                0x00000546       0x29 c:/program files (x86)/cypress/psoc creator/2.2/psoc creator/import/gnu_cs/arm/4.4.1/bin/../lib/gcc/arm-none-eabi/4.4.1/../../../../arm-none-eabi/lib/thumb2\libc.a(lib_a-sprintf.o)
 .ARM.attributes
                0x0000056f       0x29 c:/program files (x86)/cypress/psoc creator/2.2/psoc creator/import/gnu_cs/arm/4.4.1/bin/../lib/gcc/arm-none-eabi/4.4.1/../../../../arm-none-eabi/lib/thumb2\libc.a(lib_a-svfprintf.o)
 .ARM.attributes
                0x00000598       0x29 c:/program files (x86)/cypress/psoc creator/2.2/psoc creator/import/gnu_cs/arm/4.4.1/bin/../lib/gcc/arm-none-eabi/4.4.1/../../../../arm-none-eabi/lib/thumb2\libc.a(lib_a-dtoa.o)
 .ARM.attributes
                0x000005c1       0x29 c:/program files (x86)/cypress/psoc creator/2.2/psoc creator/import/gnu_cs/arm/4.4.1/bin/../lib/gcc/arm-none-eabi/4.4.1/../../../../arm-none-eabi/lib/thumb2\libc.a(lib_a-freer.o)
 .ARM.attributes
                0x000005ea       0x29 c:/program files (x86)/cypress/psoc creator/2.2/psoc creator/import/gnu_cs/arm/4.4.1/bin/../lib/gcc/arm-none-eabi/4.4.1/../../../../arm-none-eabi/lib/thumb2\libc.a(lib_a-impure.o)
 .ARM.attributes
                0x00000613       0x29 c:/program files (x86)/cypress/psoc creator/2.2/psoc creator/import/gnu_cs/arm/4.4.1/bin/../lib/gcc/arm-none-eabi/4.4.1/../../../../arm-none-eabi/lib/thumb2\libc.a(lib_a-locale.o)
 .ARM.attributes
                0x0000063c       0x29 c:/program files (x86)/cypress/psoc creator/2.2/psoc creator/import/gnu_cs/arm/4.4.1/bin/../lib/gcc/arm-none-eabi/4.4.1/../../../../arm-none-eabi/lib/thumb2\libc.a(lib_a-malloc.o)
 .ARM.attributes
                0x00000665       0x29 c:/program files (x86)/cypress/psoc creator/2.2/psoc creator/import/gnu_cs/arm/4.4.1/bin/../lib/gcc/arm-none-eabi/4.4.1/../../../../arm-none-eabi/lib/thumb2\libc.a(lib_a-mallocr.o)
 .ARM.attributes
                0x0000068e       0x29 c:/program files (x86)/cypress/psoc creator/2.2/psoc creator/import/gnu_cs/arm/4.4.1/bin/../lib/gcc/arm-none-eabi/4.4.1/../../../../arm-none-eabi/lib/thumb2\libc.a(lib_a-memchr.o)
 .ARM.attributes
                0x000006b7       0x29 c:/program files (x86)/cypress/psoc creator/2.2/psoc creator/import/gnu_cs/arm/4.4.1/bin/../lib/gcc/arm-none-eabi/4.4.1/../../../../arm-none-eabi/lib/thumb2\libc.a(lib_a-memmove.o)
 .ARM.attributes
                0x000006e0       0x29 c:/program files (x86)/cypress/psoc creator/2.2/psoc creator/import/gnu_cs/arm/4.4.1/bin/../lib/gcc/arm-none-eabi/4.4.1/../../../../arm-none-eabi/lib/thumb2\libc.a(lib_a-mlock.o)
 .ARM.attributes
                0x00000709       0x29 c:/program files (x86)/cypress/psoc creator/2.2/psoc creator/import/gnu_cs/arm/4.4.1/bin/../lib/gcc/arm-none-eabi/4.4.1/../../../../arm-none-eabi/lib/thumb2\libc.a(lib_a-mprec.o)
 .ARM.attributes
                0x00000732       0x29 c:/program files (x86)/cypress/psoc creator/2.2/psoc creator/import/gnu_cs/arm/4.4.1/bin/../lib/gcc/arm-none-eabi/4.4.1/../../../../arm-none-eabi/lib/thumb2\libc.a(lib_a-reallocr.o)
 .ARM.attributes
                0x0000075b       0x29 c:/program files (x86)/cypress/psoc creator/2.2/psoc creator/import/gnu_cs/arm/4.4.1/bin/../lib/gcc/arm-none-eabi/4.4.1/../../../../arm-none-eabi/lib/thumb2\libc.a(lib_a-s_isinfd.o)
 .ARM.attributes
                0x00000784       0x29 c:/program files (x86)/cypress/psoc creator/2.2/psoc creator/import/gnu_cs/arm/4.4.1/bin/../lib/gcc/arm-none-eabi/4.4.1/../../../../arm-none-eabi/lib/thumb2\libc.a(lib_a-s_isnand.o)
 .ARM.attributes
                0x000007ad       0x29 c:/program files (x86)/cypress/psoc creator/2.2/psoc creator/import/gnu_cs/arm/4.4.1/bin/../lib/gcc/arm-none-eabi/4.4.1/../../../../arm-none-eabi/lib/thumb2\libc.a(lib_a-sbrkr.o)
 .ARM.attributes
                0x000007d6       0x29 c:/program files (x86)/cypress/psoc creator/2.2/psoc creator/import/gnu_cs/arm/4.4.1/bin/../lib/gcc/arm-none-eabi/4.4.1/../../../../arm-none-eabi/lib/thumb2\libc.a(lib_a-strcmp.o)
 .ARM.attributes
                0x000007ff       0x29 c:/program files (x86)/cypress/psoc creator/2.2/psoc creator/import/gnu_cs/arm/4.4.1/bin/../lib/gcc/arm-none-eabi/4.4.1/../../../../arm-none-eabi/lib/thumb2\libc.a(lib_a-strlen.o)
 .ARM.attributes
                0x00000828       0x29 c:/program files (x86)/cypress/psoc creator/2.2/psoc creator/import/gnu_cs/arm/4.4.1/bin/../lib/gcc/arm-none-eabi/4.4.1/../../../../arm-none-eabi/lib/thumb2\libc.a(lib_a-callocr.o)
 .ARM.attributes
                0x00000851       0x29 c:/program files (x86)/cypress/psoc creator/2.2/psoc creator/import/gnu_cs/arm/4.4.1/bin/../lib/gcc/arm-none-eabi/4.4.1/../../../../arm-none-eabi/lib/thumb2\libc.a(lib_a-reent.o)
 .ARM.attributes
                0x0000087a       0x1b c:/program files (x86)/cypress/psoc creator/2.2/psoc creator/import/gnu_cs/arm/4.4.1/bin/../lib/gcc/arm-none-eabi/4.4.1/thumb2\libgcc.a(_udivsi3.o)
 .ARM.attributes
                0x00000895       0x1b c:/program files (x86)/cypress/psoc creator/2.2/psoc creator/import/gnu_cs/arm/4.4.1/bin/../lib/gcc/arm-none-eabi/4.4.1/thumb2\libgcc.a(_dvmd_tls.o)
 .ARM.attributes
                0x000008b0       0x1b c:/program files (x86)/cypress/psoc creator/2.2/psoc creator/import/gnu_cs/arm/4.4.1/bin/../lib/gcc/arm-none-eabi/4.4.1/thumb2\libgcc.a(_arm_fixdfsi.o)
 .ARM.attributes
                0x000008cb       0x1b c:/program files (x86)/cypress/psoc creator/2.2/psoc creator/import/gnu_cs/arm/4.4.1/bin/../lib/gcc/arm-none-eabi/4.4.1/thumb2\libgcc.a(_aeabi_uldivmod.o)
 .ARM.attributes
                0x000008e6       0x29 c:/program files (x86)/cypress/psoc creator/2.2/psoc creator/import/gnu_cs/arm/4.4.1/bin/../lib/gcc/arm-none-eabi/4.4.1/thumb2\libgcc.a(bpabi.o)
 .ARM.attributes
                0x0000090f       0x29 c:/program files (x86)/cypress/psoc creator/2.2/psoc creator/import/gnu_cs/arm/4.4.1/bin/../lib/gcc/arm-none-eabi/4.4.1/thumb2\libgcc.a(_divdi3.o)
 .ARM.attributes
                0x00000938       0x29 c:/program files (x86)/cypress/psoc creator/2.2/psoc creator/import/gnu_cs/arm/4.4.1/bin/../lib/gcc/arm-none-eabi/4.4.1/thumb2\libgcc.a(_udivdi3.o)
 .ARM.attributes
                0x00000961       0x29 c:/program files (x86)/cypress/psoc creator/2.2/psoc creator/import/gnu_cs/arm/4.4.1/bin/../lib/gcc/arm-none-eabi/4.4.1/thumb2/crtend.o
 .ARM.attributes
                0x0000098a       0x19 c:/program files (x86)/cypress/psoc creator/2.2/psoc creator/import/gnu_cs/arm/4.4.1/bin/../lib/gcc/arm-none-eabi/4.4.1/thumb2/crtn.o
 .ARM.attributes
                0x000009a3       0x29 c:/program files (x86)/cypress/psoc creator/2.2/psoc creator/import/gnu_cs/arm/4.4.1/bin/../lib/gcc/arm-none-eabi/4.4.1/../../../../arm-none-eabi/lib/thumb2\libcs3.a(start_c.o)
 .ARM.attributes
                0x000009cc       0x29 c:/program files (x86)/cypress/psoc creator/2.2/psoc creator/import/gnu_cs/arm/4.4.1/bin/../lib/gcc/arm-none-eabi/4.4.1/../../../../arm-none-eabi/lib/thumb2\libcs3unhosted.a(unhosted-sbrk.o)
 .ARM.attributes
                0x000009f5       0x19 c:/program files (x86)/cypress/psoc creator/2.2/psoc creator/import/gnu_cs/arm/4.4.1/bin/../lib/gcc/arm-none-eabi/4.4.1/../../../../arm-none-eabi/lib/thumb2\libcs3micro.a(micro_isr_interrupt.o)
 .ARM.attributes
                0x00000a0e       0x29 c:/program files (x86)/cypress/psoc creator/2.2/psoc creator/import/gnu_cs/arm/4.4.1/bin/../lib/gcc/arm-none-eabi/4.4.1/../../../../arm-none-eabi/lib/thumb2\libc.a(lib_a-errno.o)
 .ARM.attributes
                0x00000a37       0x29 c:/program files (x86)/cypress/psoc creator/2.2/psoc creator/import/gnu_cs/arm/4.4.1/bin/../lib/gcc/arm-none-eabi/4.4.1/../../../../arm-none-eabi/lib/thumb2\libc.a(lib_a-init.o)
 .ARM.attributes
                0x00000a60       0x29 c:/program files (x86)/cypress/psoc creator/2.2/psoc creator/import/gnu_cs/arm/4.4.1/bin/../lib/gcc/arm-none-eabi/4.4.1/../../../../arm-none-eabi/lib/thumb2\libcs3.a(heap.o)

/DISCARD/
 *(.note.GNU-stack)
OUTPUT(.\CortexM3\ARM_GCC_441\Debug\invert.elf elf32-littlearm)
