Archive member included because of file (symbol)

.\CortexM3\ARM_GCC_441\Debug\invert.a(PWM_BUCK.o)
                              .\CortexM3\ARM_GCC_441\Debug\main.o (PWM_BUCK_Start)
.\CortexM3\ARM_GCC_441\Debug\invert.a(CyBootAsmGnu.o)
                              .\CortexM3\ARM_GCC_441\Debug\invert.a(PWM_BUCK.o) (CyEnterCriticalSection)
.\CortexM3\ARM_GCC_441\Debug\invert.a(CyLib.o)
                              .\CortexM3\ARM_GCC_441\Debug\Cm3Start.o (CyResetStatus)
.\CortexM3\ARM_GCC_441\Debug\invert.a(cyPm.o)
                              .\CortexM3\ARM_GCC_441\Debug\invert.a(CyLib.o) (CyPmReadStatus)
.\CortexM3\ARM_GCC_441\Debug\invert.a(LCD_Char_1.o)
                              .\CortexM3\ARM_GCC_441\Debug\main.o (LCD_Char_1_Start)
.\CortexM3\ARM_GCC_441\Debug\invert.a(Clock_2.o)
                              .\CortexM3\ARM_GCC_441\Debug\main.o (Clock_2_Start)
.\CortexM3\ARM_GCC_441\Debug\invert.a(ADC_DelSig_V.o)
                              .\CortexM3\ARM_GCC_441\Debug\main.o (ADC_DelSig_V_Start)
.\CortexM3\ARM_GCC_441\Debug\invert.a(ADC_DelSig_V_INT.o)
                              .\CortexM3\ARM_GCC_441\Debug\invert.a(ADC_DelSig_V.o) (ADC_DelSig_V_ISR1)
.\CortexM3\ARM_GCC_441\Debug\invert.a(ADC_DelSig_V_theACLK.o)
                              .\CortexM3\ARM_GCC_441\Debug\invert.a(ADC_DelSig_V.o) (ADC_DelSig_V_theACLK_SetDividerRegister)
.\CortexM3\ARM_GCC_441\Debug\invert.a(ADC_DelSig_V_Ext_CP_Clk.o)
                              .\CortexM3\ARM_GCC_441\Debug\invert.a(ADC_DelSig_V.o) (ADC_DelSig_V_Ext_CP_Clk_SetDividerRegister)
.\CortexM3\ARM_GCC_441\Debug\invert.a(ADC_DelSig_V_AMux.o)
                              .\CortexM3\ARM_GCC_441\Debug\invert.a(ADC_DelSig_V.o) (ADC_DelSig_V_AMux_Select)
.\CortexM3\ARM_GCC_441\Debug\invert.a(UART_1.o)
                              .\CortexM3\ARM_GCC_441\Debug\main.o (UART_1_Start)
.\CortexM3\ARM_GCC_441\Debug\invert.a(UART_1_IntClock.o)
                              .\CortexM3\ARM_GCC_441\Debug\invert.a(UART_1.o) (UART_1_IntClock_Start)
.\CortexM3\ARM_GCC_441\Debug\invert.a(Control_Reg_1.o)
                              .\CortexM3\ARM_GCC_441\Debug\main.o (Control_Reg_1_Write)
.\CortexM3\ARM_GCC_441\Debug\invert.a(Counter_1.o)
                              .\CortexM3\ARM_GCC_441\Debug\main.o (Counter_1_Start)
.\CortexM3\ARM_GCC_441\Debug\invert.a(isr_LUT.o)
                              .\CortexM3\ARM_GCC_441\Debug\main.o (isr_LUT_Start)
.\CortexM3\ARM_GCC_441\Debug\invert.a(Clock_4.o)
                              .\CortexM3\ARM_GCC_441\Debug\main.o (Clock_4_Start)
.\CortexM3\ARM_GCC_441\Debug\invert.a(cyfitter_cfg.o)
                              .\CortexM3\ARM_GCC_441\Debug\invert.a(ADC_DelSig_V_AMux.o) (ADC_DelSig_V_AMux_Set)
.\CortexM3\ARM_GCC_441\Debug\invert.a(CyFlash.o)
                              .\CortexM3\ARM_GCC_441\Debug\invert.a(cyPm.o) (CyFlash_SetWaitCycles)
.\CortexM3\ARM_GCC_441\Debug\invert.a(CySpc.o)
                              .\CortexM3\ARM_GCC_441\Debug\invert.a(CyFlash.o) (CySpcStart)
c:/program files (x86)/cypress/psoc creator/2.2/psoc creator/import/gnu_cs/arm/4.4.1/bin/../lib/gcc/arm-none-eabi/4.4.1/thumb2\libgcc.a(_arm_addsubdf3.o)
                              .\CortexM3\ARM_GCC_441\Debug\invert.a(ADC_DelSig_V_INT.o) (__aeabi_dadd)
c:/program files (x86)/cypress/psoc creator/2.2/psoc creator/import/gnu_cs/arm/4.4.1/bin/../lib/gcc/arm-none-eabi/4.4.1/thumb2\libgcc.a(_arm_muldivdf3.o)
                              .\CortexM3\ARM_GCC_441\Debug\invert.a(ADC_DelSig_V_INT.o) (__aeabi_dmul)
c:/program files (x86)/cypress/psoc creator/2.2/psoc creator/import/gnu_cs/arm/4.4.1/bin/../lib/gcc/arm-none-eabi/4.4.1/thumb2\libgcc.a(_arm_cmpdf2.o)
                              .\CortexM3\ARM_GCC_441\Debug\invert.a(ADC_DelSig_V.o) (__aeabi_dcmpgt)
c:/program files (x86)/cypress/psoc creator/2.2/psoc creator/import/gnu_cs/arm/4.4.1/bin/../lib/gcc/arm-none-eabi/4.4.1/thumb2\libgcc.a(_arm_fixdfsi.o)
                              .\CortexM3\ARM_GCC_441\Debug\invert.a(ADC_DelSig_V_INT.o) (__aeabi_d2iz)
c:/program files (x86)/cypress/psoc creator/2.2/psoc creator/import/gnu_cs/arm/4.4.1/bin/../lib/gcc/arm-none-eabi/4.4.1/thumb2\libgcc.a(_arm_addsubsf3.o)
                              .\CortexM3\ARM_GCC_441\Debug\invert.a(ADC_DelSig_V.o) (__aeabi_ui2f)
c:/program files (x86)/cypress/psoc creator/2.2/psoc creator/import/gnu_cs/arm/4.4.1/bin/../lib/gcc/arm-none-eabi/4.4.1/thumb2\libgcc.a(_arm_muldivsf3.o)
                              .\CortexM3\ARM_GCC_441\Debug\invert.a(ADC_DelSig_V.o) (__aeabi_fmul)
c:/program files (x86)/cypress/psoc creator/2.2/psoc creator/import/gnu_cs/arm/4.4.1/bin/../lib/gcc/arm-none-eabi/4.4.1/thumb2\libgcc.a(_arm_fixunssfsi.o)
                              .\CortexM3\ARM_GCC_441\Debug\invert.a(ADC_DelSig_V.o) (__aeabi_f2uiz)
c:/program files (x86)/cypress/psoc creator/2.2/psoc creator/import/gnu_cs/arm/4.4.1/bin/../lib/gcc/arm-none-eabi/4.4.1/../../../../arm-none-eabi/lib/thumb2\libc.a(lib_a-memcpy.o)
[...]
Memory Configuration

Name             Origin             Length             Attributes
rom              0x00000000         0x00040000         xr
ram              0x1fff8000         0x0000b000         xrw
*default*        0x00000000         0xffffffff

Linker script and memory map

LOAD c:/program files (x86)/cypress/psoc creator/2.2/psoc creator/import/gnu_cs/arm/4.4.1/bin/../lib/gcc/arm-none-eabi/4.4.1/thumb2/crti.o
LOAD c:/program files (x86)/cypress/psoc creator/2.2/psoc creator/import/gnu_cs/arm/4.4.1/bin/../lib/gcc/arm-none-eabi/4.4.1/thumb2/crtbegin.o
START GROUP
LOAD .\CortexM3\ARM_GCC_441\Debug\main.o
LOAD .\CortexM3\ARM_GCC_441\Debug\Cm3Start.o
LOAD .\CortexM3\ARM_GCC_441\Debug\invert.a
LOAD C:\Program Files (x86)\Cypress\PSoC Creator\2.2\PSoC Creator\psoc\content\cycomponentlibrary\CyComponentLibrary.cylib\CortexM3\ARM_GCC_441\Debug\CyComponentLibrary.a
END GROUP
START GROUP
LOAD c:/program files (x86)/cypress/psoc creator/2.2/psoc creator/import/gnu_cs/arm/4.4.1/bin/../lib/gcc/arm-none-eabi/4.4.1/thumb2\libgcc.a
LOAD c:/program files (x86)/cypress/psoc creator/2.2/psoc creator/import/gnu_cs/arm/4.4.1/bin/../lib/gcc/arm-none-eabi/4.4.1/../../../../arm-none-eabi/lib/thumb2\libc.a
END GROUP
LOAD c:/program files (x86)/cypress/psoc creator/2.2/psoc creator/import/gnu_cs/arm/4.4.1/bin/../lib/gcc/arm-none-eabi/4.4.1/thumb2/crtend.o
LOAD c:/program files (x86)/cypress/psoc creator/2.2/psoc creator/import/gnu_cs/arm/4.4.1/bin/../lib/gcc/arm-none-eabi/4.4.1/thumb2/crtn.o
START GROUP
LOAD c:/program files (x86)/cypress/psoc creator/2.2/psoc creator/import/gnu_cs/arm/4.4.1/bin/../lib/gcc/arm-none-eabi/4.4.1/thumb2\libgcc.a
LOAD c:/program files (x86)/cypress/psoc creator/2.2/psoc creator/import/gnu_cs/arm/4.4.1/bin/../lib/gcc/arm-none-eabi/4.4.1/../../../../arm-none-eabi/lib/thumb2\libc.a
LOAD c:/program files (x86)/cypress/psoc creator/2.2/psoc creator/import/gnu_cs/arm/4.4.1/bin/../lib/gcc/arm-none-eabi/4.4.1/../../../../arm-none-eabi/lib/thumb2\libcs3.a
LOAD c:/program files (x86)/cypress/psoc creator/2.2/psoc creator/import/gnu_cs/arm/4.4.1/bin/../lib/gcc/arm-none-eabi/4.4.1/../../../../arm-none-eabi/lib/thumb2\libcs3unhosted.a
LOAD c:/program files (x86)/cypress/psoc creator/2.2/psoc creator/import/gnu_cs/arm/4.4.1/bin/../lib/gcc/arm-none-eabi/4.4.1/../../../../arm-none-eabi/lib/thumb2\libcs3micro.a
END GROUP
                0x1fff8380                PROVIDE (__cs3_heap_start, _end)
                0x00000001                PROVIDE (__cs3_region_num, ((__cs3_regions_end - __cs3_regions) / 0x14))
                0x20008000                PROVIDE (__cs3_stack, 0x20008000)
                0x20004000                PROVIDE (__cs3_heap_end, (__cs3_stack - 0x4000))

.text           0x00000000     0x3408
 CREATE_OBJECT_SYMBOLS
                0x00000000                PROVIDE (__cs3_interrupt_vector, RomVectors)
 *(.romvectors)
 .romvectors    0x00000000       0x10 .\CortexM3\ARM_GCC_441\Debug\Cm3Start.o
                0x00000000                RomVectors
 *(.cs3.interrupt_vector)
                0x00000001                ASSERT ((. != __cs3_interrupt_vector), No interrupt vector)
                0x00000168                PROVIDE (__cs3_reset, Reset)
 *(.cs3.reset)
                0x00000001                ASSERT ((. != __cs3_reset), No reset code)
 *(.dma_init)
                0x00000001                ASSERT ((((0x0 + .) <= 0x10000) || 0x1), DMA Init must be within the first 64k of flash)
 *(.text.cs3.init)
 .text.cs3.init
                0x00000010       0x5c c:/program files (x86)/cypress/psoc creator/2.2/psoc creator/import/gnu_cs/arm/4.4.1/bin/../lib/gcc/arm-none-eabi/4.4.1/../../../../arm-none-eabi/lib/thumb2\libcs3.a(start_c.o)
                0x00000010                __cs3_start_c
 *(.text .text.* .gnu.linkonce.t.*)
 .text          0x0000006c       0x30 c:/program files (x86)/cypress/psoc creator/2.2/psoc creator/import/gnu_cs/arm/4.4.1/bin/../lib/gcc/arm-none-eabi/4.4.1/thumb2/crtbegin.o
 .text.main     0x0000009c       0xc4 .\CortexM3\ARM_GCC_441\Debug\main.o
                0x0000009c                main
 .text.IntDefaultHandler
                0x00000160        0x8 .\CortexM3\ARM_GCC_441\Debug\Cm3Start.o
                0x00000160                IntDefaultHandler
 .text.Reset    0x00000168       0x24 .\CortexM3\ARM_GCC_441\Debug\Cm3Start.o
                0x00000168                Reset
 .text.initialize_psoc
                0x0000018c       0xb4 .\CortexM3\ARM_GCC_441\Debug\Cm3Start.o
                0x0000018c                initialize_psoc
 .text.PWM_BUCK_Start
                0x00000240       0x2c .\CortexM3\ARM_GCC_441\Debug\invert.a(PWM_BUCK.o)
                0x00000240                PWM_BUCK_Start
 .text.PWM_BUCK_Init
                0x0000026c       0xc4 .\CortexM3\ARM_GCC_441\Debug\invert.a(PWM_BUCK.o)
                0x0000026c                PWM_BUCK_Init
 .text.PWM_BUCK_Enable
                0x00000330       0x2c .\CortexM3\ARM_GCC_441\Debug\invert.a(PWM_BUCK.o)
                0x00000330                PWM_BUCK_Enable
 .text.PWM_BUCK_WriteCounter
                0x0000035c       0x20 .\CortexM3\ARM_GCC_441\Debug\invert.a(PWM_BUCK.o)
                0x0000035c                PWM_BUCK_WriteCounter
 .text.PWM_BUCK_ClearFIFO
                0x0000037c       0x1c .\CortexM3\ARM_GCC_441\Debug\invert.a(PWM_BUCK.o)
                0x0000037c                PWM_BUCK_ClearFIFO
 .text.PWM_BUCK_WritePeriod
                0x00000398       0x20 .\CortexM3\ARM_GCC_441\Debug\invert.a(PWM_BUCK.o)
                0x00000398                PWM_BUCK_WritePeriod
 .text.PWM_BUCK_WriteCompare
                0x000003b8       0x20 .\CortexM3\ARM_GCC_441\Debug\invert.a(PWM_BUCK.o)
                0x000003b8                PWM_BUCK_WriteCompare
 .text.PWM_BUCK_WriteDeadTime
                0x000003d8       0x58 .\CortexM3\ARM_GCC_441\Debug\invert.a(PWM_BUCK.o)
                0x000003d8                PWM_BUCK_WriteDeadTime
 .text.PWM_BUCK_SetInterruptMode
                0x00000430       0x20 .\CortexM3\ARM_GCC_441\Debug\invert.a(PWM_BUCK.o)
                0x00000430                PWM_BUCK_SetInterruptMode
 .text.PWM_BUCK_ReadStatusRegister
                0x00000450       0x20 .\CortexM3\ARM_GCC_441\Debug\invert.a(PWM_BUCK.o)
                0x00000450                PWM_BUCK_ReadStatusRegister
 .text.PWM_BUCK_ReadCapture
                0x00000470       0x18 .\CortexM3\ARM_GCC_441\Debug\invert.a(PWM_BUCK.o)
                0x00000470                PWM_BUCK_ReadCapture
 .text          0x00000488       0x20 .\CortexM3\ARM_GCC_441\Debug\invert.a(CyBootAsmGnu.o)
                0x00000488                CyDelayCycles
                0x00000498                CyEnterCriticalSection
                0x000004a0                CyExitCriticalSection
 .text.CyHalt   0x000004a8       0x18 .\CortexM3\ARM_GCC_441\Debug\invert.a(CyLib.o)
                0x000004a8                CyHalt
 .text.CyDelay  0x000004c0       0x48 .\CortexM3\ARM_GCC_441\Debug\invert.a(CyLib.o)
                0x000004c0                CyDelay
 .text.CyDelayUs
                0x00000508       0x28 .\CortexM3\ARM_GCC_441\Debug\invert.a(CyLib.o)
                0x00000508                CyDelayUs
 .text.CyIntSetVector
                0x00000530       0x60 .\CortexM3\ARM_GCC_441\Debug\invert.a(CyLib.o)
                0x00000530                CyIntSetVector
 .text.CyIntSetPriority
                0x00000590       0x4c .\CortexM3\ARM_GCC_441\Debug\invert.a(CyLib.o)
                0x00000590                CyIntSetPriority
 .text.LCD_Char_1_Init
                0x000005dc       0x90 .\CortexM3\ARM_GCC_441\Debug\invert.a(LCD_Char_1.o)
                0x000005dc                LCD_Char_1_Init
 .text.LCD_Char_1_Enable
                0x0000066c       0x1c .\CortexM3\ARM_GCC_441\Debug\invert.a(LCD_Char_1.o)
                0x0000066c                LCD_Char_1_Enable
 .text.LCD_Char_1_Start
                0x00000688       0x2c .\CortexM3\ARM_GCC_441\Debug\invert.a(LCD_Char_1.o)
                0x00000688                LCD_Char_1_Start
 .text.LCD_Char_1_Position
                0x000006b4       0x74 .\CortexM3\ARM_GCC_441\Debug\invert.a(LCD_Char_1.o)
                0x000006b4                LCD_Char_1_Position
 .text.LCD_Char_1_PutChar
                0x00000728       0x1c .\CortexM3\ARM_GCC_441\Debug\invert.a(LCD_Char_1.o)
                0x00000728                LCD_Char_1_PutChar
 .text.LCD_Char_1_WriteData
                0x00000744       0x38 .\CortexM3\ARM_GCC_441\Debug\invert.a(LCD_Char_1.o)
                0x00000744                LCD_Char_1_WriteData
 .text.LCD_Char_1_WriteControl
                0x0000077c       0x38 .\CortexM3\ARM_GCC_441\Debug\invert.a(LCD_Char_1.o)
                0x0000077c                LCD_Char_1_WriteControl
 .text.LCD_Char_1_IsReady
                0x000007b4      0x1fc .\CortexM3\ARM_GCC_441\Debug\invert.a(LCD_Char_1.o)
                0x000007b4                LCD_Char_1_IsReady
 .text.LCD_Char_1_WrDatNib
                0x000009b0       0xac .\CortexM3\ARM_GCC_441\Debug\invert.a(LCD_Char_1.o)
 .text.LCD_Char_1_WrCntrlNib
                0x00000a5c       0x8c .\CortexM3\ARM_GCC_441\Debug\invert.a(LCD_Char_1.o)
 .text.LCD_Char_1_PrintInt8
                0x00000ae8       0x44 .\CortexM3\ARM_GCC_441\Debug\invert.a(LCD_Char_1.o)
                0x00000ae8                LCD_Char_1_PrintInt8
 .text.LCD_Char_1_PrintInt16
                0x00000b2c       0x2c .\CortexM3\ARM_GCC_441\Debug\invert.a(LCD_Char_1.o)
                0x00000b2c                LCD_Char_1_PrintInt16
 .text.Clock_2_Start
                0x00000b58       0x44 .\CortexM3\ARM_GCC_441\Debug\invert.a(Clock_2.o)
                0x00000b58                Clock_2_Start
 .text.ADC_DelSig_V_Init
                0x00000b9c       0x34 .\CortexM3\ARM_GCC_441\Debug\invert.a(ADC_DelSig_V.o)
                0x00000b9c                ADC_DelSig_V_Init
 .text.ADC_DelSig_V_Enable
                0x00000bd0      0x1c4 .\CortexM3\ARM_GCC_441\Debug\invert.a(ADC_DelSig_V.o)
                0x00000bd0                ADC_DelSig_V_Enable
 .text.ADC_DelSig_V_RestorePowerRegisters
                0x00000d94       0xac .\CortexM3\ARM_GCC_441\Debug\invert.a(ADC_DelSig_V.o)
                0x00000d94                ADC_DelSig_V_RestorePowerRegisters
 .text.ADC_DelSig_V_Start
                0x00000e40       0x3c .\CortexM3\ARM_GCC_441\Debug\invert.a(ADC_DelSig_V.o)
                0x00000e40                ADC_DelSig_V_Start
 .text.ADC_DelSig_V_StartConvert
                0x00000e7c       0x28 .\CortexM3\ARM_GCC_441\Debug\invert.a(ADC_DelSig_V.o)
                0x00000e7c                ADC_DelSig_V_StartConvert
 .text.ADC_DelSig_V_GetResult16
                0x00000ea4       0x24 .\CortexM3\ARM_GCC_441\Debug\invert.a(ADC_DelSig_V.o)
                0x00000ea4                ADC_DelSig_V_GetResult16
 .text.ADC_DelSig_V_InitConfig
                0x00000ec8      0x8d0 .\CortexM3\ARM_GCC_441\Debug\invert.a(ADC_DelSig_V.o)
                0x00000ec8                ADC_DelSig_V_InitConfig
 .text.ADC_DelSig_V_GainCompensation
                0x00001798      0x1cc .\CortexM3\ARM_GCC_441\Debug\invert.a(ADC_DelSig_V.o)
                0x00001798                ADC_DelSig_V_GainCompensation
 .text.ADC_DelSig_V_SetDSMRef0Reg
                0x00001964       0x94 .\CortexM3\ARM_GCC_441\Debug\invert.a(ADC_DelSig_V.o)
                0x00001964                ADC_DelSig_V_SetDSMRef0Reg
 .text.ADC_DelSig_V_ISR1
                0x000019f8      0x1a8 .\CortexM3\ARM_GCC_441\Debug\invert.a(ADC_DelSig_V_INT.o)
                0x000019f8                ADC_DelSig_V_ISR1
 .text.ADC_DelSig_V_ISR2
                0x00001ba0        0xc .\CortexM3\ARM_GCC_441\Debug\invert.a(ADC_DelSig_V_INT.o)
                0x00001ba0                ADC_DelSig_V_ISR2
 .text.ADC_DelSig_V_ISR3
                0x00001bac        0xc .\CortexM3\ARM_GCC_441\Debug\invert.a(ADC_DelSig_V_INT.o)
                0x00001bac                ADC_DelSig_V_ISR3
 .text.ADC_DelSig_V_ISR4
                0x00001bb8        0xc .\CortexM3\ARM_GCC_441\Debug\invert.a(ADC_DelSig_V_INT.o)
                0x00001bb8                ADC_DelSig_V_ISR4
 .text.ADC_DelSig_V_theACLK_SetModeRegister
                0x00001bc4       0x38 .\CortexM3\ARM_GCC_441\Debug\invert.a(ADC_DelSig_V_theACLK.o)
                0x00001bc4                ADC_DelSig_V_theACLK_SetModeRegister
 .text.ADC_DelSig_V_Ext_CP_Clk_SetModeRegister
                0x00001bfc       0x38 .\CortexM3\ARM_GCC_441\Debug\invert.a(ADC_DelSig_V_Ext_CP_Clk.o)
                0x00001bfc                ADC_DelSig_V_Ext_CP_Clk_SetModeRegister
 .text.ADC_DelSig_V_AMux_Start
                0x00001c34       0x3c .\CortexM3\ARM_GCC_441\Debug\invert.a(ADC_DelSig_V_AMux.o)
                0x00001c34                ADC_DelSig_V_AMux_Start
 .text.ADC_DelSig_V_AMux_Select
                0x00001c70       0x2c .\CortexM3\ARM_GCC_441\Debug\invert.a(ADC_DelSig_V_AMux.o)
                0x00001c70                ADC_DelSig_V_AMux_Select
 .text.UART_1_Start
                0x00001c9c       0x2c .\CortexM3\ARM_GCC_441\Debug\invert.a(UART_1.o)
                0x00001c9c                UART_1_Start
 .text.UART_1_Init
                0x00001cc8       0x50 .\CortexM3\ARM_GCC_441\Debug\invert.a(UART_1.o)
                0x00001cc8                UART_1_Init
 .text.UART_1_Enable
                0x00001d18       0x78 .\CortexM3\ARM_GCC_441\Debug\invert.a(UART_1.o)
                0x00001d18                UART_1_Enable
 .text.UART_1_GetChar
                0x00001d90       0x4c .\CortexM3\ARM_GCC_441\Debug\invert.a(UART_1.o)
                0x00001d90                UART_1_GetChar
 .text.UART_1_PutChar
                0x00001ddc       0x34 .\CortexM3\ARM_GCC_441\Debug\invert.a(UART_1.o)
                0x00001ddc                UART_1_PutChar
 .text.UART_1_IntClock_Start
                0x00001e10       0x44 .\CortexM3\ARM_GCC_441\Debug\invert.a(UART_1_IntClock.o)
                0x00001e10                UART_1_IntClock_Start
 .text.Control_Reg_1_Write
                0x00001e54       0x20 .\CortexM3\ARM_GCC_441\Debug\invert.a(Control_Reg_1.o)
                0x00001e54                Control_Reg_1_Write
 .text.Counter_1_Init
                0x00001e74       0xd4 .\CortexM3\ARM_GCC_441\Debug\invert.a(Counter_1.o)
                0x00001e74                Counter_1_Init
 .text.Counter_1_Enable
                0x00001f48       0x60 .\CortexM3\ARM_GCC_441\Debug\invert.a(Counter_1.o)
                0x00001f48                Counter_1_Enable
 .text.Counter_1_Start
                0x00001fa8       0x2c .\CortexM3\ARM_GCC_441\Debug\invert.a(Counter_1.o)
                0x00001fa8                Counter_1_Start
 .text.Counter_1_SetInterruptMode
                0x00001fd4       0x20 .\CortexM3\ARM_GCC_441\Debug\invert.a(Counter_1.o)
                0x00001fd4                Counter_1_SetInterruptMode
 .text.Counter_1_WritePeriod
                0x00001ff4       0x20 .\CortexM3\ARM_GCC_441\Debug\invert.a(Counter_1.o)
                0x00001ff4                Counter_1_WritePeriod
 .text.isr_LUT_Start
                0x00002014       0x24 .\CortexM3\ARM_GCC_441\Debug\invert.a(isr_LUT.o)
                0x00002014                isr_LUT_Start
 .text.isr_LUT_Interrupt
                0x00002038       0x44 .\CortexM3\ARM_GCC_441\Debug\invert.a(isr_LUT.o)
                0x00002038                isr_LUT_Interrupt
 .text.isr_LUT_SetVector
                0x0000207c       0x28 .\CortexM3\ARM_GCC_441\Debug\invert.a(isr_LUT.o)
                0x0000207c                isr_LUT_SetVector
 .text.isr_LUT_SetPriority
                0x000020a4       0x28 .\CortexM3\ARM_GCC_441\Debug\invert.a(isr_LUT.o)
                0x000020a4                isr_LUT_SetPriority
 .text.isr_LUT_Enable
                0x000020cc       0x18 .\CortexM3\ARM_GCC_441\Debug\invert.a(isr_LUT.o)
                0x000020cc                isr_LUT_Enable
 .text.isr_LUT_Disable
                0x000020e4       0x18 .\CortexM3\ARM_GCC_441\Debug\invert.a(isr_LUT.o)
                0x000020e4                isr_LUT_Disable
 .text.Clock_4_Start
                0x000020fc       0x44 .\CortexM3\ARM_GCC_441\Debug\invert.a(Clock_4.o)
                0x000020fc                Clock_4_Start
 .text.CYMEMZERO8
                0x00002140       0x3c .\CortexM3\ARM_GCC_441\Debug\invert.a(cyfitter_cfg.o)
 .text.CYCONFIGCPY8
                0x0000217c       0x48 .\CortexM3\ARM_GCC_441\Debug\invert.a(cyfitter_cfg.o)
 .text.CYMEMZERO
                0x000021c4       0x20 .\CortexM3\ARM_GCC_441\Debug\invert.a(cyfitter_cfg.o)
 .text.CYCONFIGCPY
                0x000021e4       0x20 .\CortexM3\ARM_GCC_441\Debug\invert.a(cyfitter_cfg.o)
 .text.cfg_write_bytes32
                0x00002204       0x84 .\CortexM3\ARM_GCC_441\Debug\invert.a(cyfitter_cfg.o)
 .text.ClockSetup
                0x00002288      0x1c4 .\CortexM3\ARM_GCC_441\Debug\invert.a(cyfitter_cfg.o)
 .text.AnalogSetDefault
                0x0000244c       0xc0 .\CortexM3\ARM_GCC_441\Debug\invert.a(cyfitter_cfg.o)
 .text.ADC_DelSig_V_AMux_Set
                0x0000250c       0x4c .\CortexM3\ARM_GCC_441\Debug\invert.a(cyfitter_cfg.o)
                0x0000250c                ADC_DelSig_V_AMux_Set
 .text.ADC_DelSig_V_AMux_Unset
                0x00002558       0x54 .\CortexM3\ARM_GCC_441\Debug\invert.a(cyfitter_cfg.o)
                0x00002558                ADC_DelSig_V_AMux_Unset
 .text.cyfitter_cfg
                0x000025ac      0x390 .\CortexM3\ARM_GCC_441\Debug\invert.a(cyfitter_cfg.o)
                0x000025ac                cyfitter_cfg
 .text          0x0000293c      0x370 c:/program files (x86)/cypress/psoc creator/2.2/psoc creator/import/gnu_cs/arm/4.4.1/bin/../lib/gcc/arm-none-eabi/4.4.1/thumb2\libgcc.a(_arm_addsubdf3.o)
                0x0000293c                __aeabi_drsub
                0x00002944                __aeabi_dsub
                0x00002944                __subdf3
                0x00002948                __aeabi_dadd
                0x00002948                __adddf3
                0x00002bc0                __floatunsidf
                0x00002bc0                __aeabi_ui2d
                0x00002be0                __floatsidf
                0x00002be0                __aeabi_i2d
                0x00002c04                __aeabi_f2d
                0x00002c04                __extendsfdf2
                0x00002c40                __floatundidf
                0x00002c40                __aeabi_ul2d
                0x00002c50                __floatdidf
                0x00002c50                __aeabi_l2d
 .text          0x00002cac      0x424 c:/program files (x86)/cypress/psoc creator/2.2/psoc creator/import/gnu_cs/arm/4.4.1/bin/../lib/gcc/arm-none-eabi/4.4.1/thumb2\libgcc.a(_arm_muldivdf3.o)
                0x00002cac                __aeabi_dmul
                0x00002cac                __muldf3
                0x00002f00                __divdf3
                0x00002f00                __aeabi_ddiv
 .text          0x000030d0       0x50 c:/program files (x86)/cypress/psoc creator/2.2/psoc creator/import/gnu_cs/arm/4.4.1/bin/../lib/gcc/arm-none-eabi/4.4.1/thumb2\libgcc.a(_arm_fixdfsi.o)
                0x000030d0                __aeabi_d2iz
                0x000030d0                __fixdfsi
 .text          0x00003120      0x190 c:/program files (x86)/cypress/psoc creator/2.2/psoc creator/import/gnu_cs/arm/4.4.1/bin/../lib/gcc/arm-none-eabi/4.4.1/../../../../arm-none-eabi/lib/thumb2\libc.a(lib_a-memcpy.o)
                0x00003120                memcpy
 .text          0x000032b0       0xd4 c:/program files (x86)/cypress/psoc creator/2.2/psoc creator/import/gnu_cs/arm/4.4.1/bin/../lib/gcc/arm-none-eabi/4.4.1/../../../../arm-none-eabi/lib/thumb2\libc.a(lib_a-memset.o)
                0x000032b0                memset
 .text          0x00003384       0x30 c:/program files (x86)/cypress/psoc creator/2.2/psoc creator/import/gnu_cs/arm/4.4.1/bin/../lib/gcc/arm-none-eabi/4.4.1/../../../../arm-none-eabi/lib/thumb2\libcs3.a(start_c.o)
                0x00003384                __cs3_premain
 .text          0x000033b4        0x2 c:/program files (x86)/cypress/psoc creator/2.2/psoc creator/import/gnu_cs/arm/4.4.1/bin/../lib/gcc/arm-none-eabi/4.4.1/../../../../arm-none-eabi/lib/thumb2\libcs3micro.a(micro_isr_interrupt.o)
                0x000033b4                __cs3_isr_external_24
                0x000033b4                __cs3_isr_external_9
                0x000033b4                __cs3_isr_external_14
                0x000033b4                __cs3_isr_reserved_9
                0x000033b4                __cs3_isr_external_4
                0x000033b4                __cs3_isr_external_21
                0x000033b4                __cs3_isr_external_0
                0x000033b4                __cs3_isr_external_27
                0x000033b4                __cs3_isr_external_11
                0x000033b4                __cs3_isr_usage_fault
                0x000033b4                __cs3_isr_svcall
                0x000033b4                __cs3_isr_external_3
                0x000033b4                __cs3_isr_mpu_fault
                0x000033b4                __cs3_isr_external_16
                0x000033b4                __cs3_isr_pendsv
                0x000033b4                __cs3_isr_external_31
                0x000033b4                __cs3_isr_nmi
                0x000033b4                __cs3_isr_external_5
                0x000033b4                __cs3_isr_external_6
                0x000033b4                __cs3_isr_external_12
                0x000033b4                __cs3_isr_hard_fault
                0x000033b4                __cs3_isr_bus_fault
                0x000033b4                __cs3_isr_external_1
                0x000033b4                __cs3_isr_external_13
                0x000033b4                __cs3_isr_external_30
                0x000033b4                __cs3_isr_external_23
                0x000033b4                __cs3_isr_external_20
                0x000033b4                __cs3_isr_debug
                0x000033b4                __cs3_isr_reserved_13
                0x000033b4                __cs3_isr_external_8
                0x000033b4                __cs3_isr_external_26
                0x000033b4                __cs3_isr_reserved_8
                0x000033b4                __cs3_isr_reserved_7
                0x000033b4                __cs3_isr_external_7
                0x000033b4                __cs3_isr_external_28
                0x000033b4                __cs3_isr_systick
                0x000033b4                __cs3_isr_external_22
                0x000033b4                __cs3_isr_external_10
                0x000033b4                __cs3_isr_external_15
                0x000033b4                __cs3_isr_interrupt
                0x000033b4                __cs3_isr_external_18
                0x000033b4                __cs3_isr_external_29
                0x000033b4                __cs3_isr_external_25
                0x000033b4                __cs3_isr_reserved_10
                0x000033b4                __cs3_isr_external_2
                0x000033b4                __cs3_isr_external_17
                0x000033b4                __cs3_isr_external_19
 *fill*         0x000033b6        0x2 00
 .text          0x000033b8       0x50 c:/program files (x86)/cypress/psoc creator/2.2/psoc creator/import/gnu_cs/arm/4.4.1/bin/../lib/gcc/arm-none-eabi/4.4.1/../../../../arm-none-eabi/lib/thumb2\libc.a(lib_a-init.o)
                0x000033b8                __libc_init_array
 *(.plt)
 *(.gnu.warning)
 *(.glue_7t)
 .glue_7t       0x00000000        0x0 linker stubs
 *(.glue_7)
 .glue_7        0x00000000        0x0 linker stubs
 *(.vfp11_veneer)
 .vfp11_veneer  0x00000000        0x0 linker stubs
 *(.bootloader)
 *(.ARM.extab* .gnu.linkonce.armextab.*)
 *(.gcc_except_table)

.v4_bx          0x00003408        0x0
 .v4_bx         0x00000000        0x0 linker stubs

.eh_frame_hdr
 *(.eh_frame_hdr)

.eh_frame
 *(.eh_frame)
                0x00003408                PROVIDE (__exidx_start, .)

.ARM.exidx
 *(.ARM.exidx* .gnu.linkonce.armexidx.*)
                0x00003408                __exidx_end = .

.rodata         0x00003408       0x90
 *(.rodata .rodata.* .gnu.linkonce.r.*)
 .rodata        0x00003408       0x10 .\CortexM3\ARM_GCC_441\Debug\invert.a(LCD_Char_1.o)
 .rodata        0x00003418       0x48 .\CortexM3\ARM_GCC_441\Debug\invert.a(cyfitter_cfg.o)
                0x00003418                ADC_DelSig_V_AMux__addrTable
                0x00003420                ADC_DelSig_V_AMux__maskTable
                0x00003460                . = ALIGN (0x4)
 *(.init)
 .init          0x00003460        0x4 c:/program files (x86)/cypress/psoc creator/2.2/psoc creator/import/gnu_cs/arm/4.4.1/bin/../lib/gcc/arm-none-eabi/4.4.1/thumb2/crti.o
                0x00003460                _init
 .init          0x00003464        0x8 c:/program files (x86)/cypress/psoc creator/2.2/psoc creator/import/gnu_cs/arm/4.4.1/bin/../lib/gcc/arm-none-eabi/4.4.1/thumb2/crtn.o
                0x0000346c                . = ALIGN (0x4)
                0x0000346c                __preinit_array_start = .
 *(.preinit_array)
                0x0000346c                __preinit_array_end = .
                0x0000346c                . = ALIGN (0x4)
                0x0000346c                __init_array_start = .
 *(SORT(.init_array.*))
 *(.init_array)
 .init_array    0x0000346c        0x4 c:/program files (x86)/cypress/psoc creator/2.2/psoc creator/import/gnu_cs/arm/4.4.1/bin/../lib/gcc/arm-none-eabi/4.4.1/thumb2/crtbegin.o
 .init_array    0x00003470        0x4 .\CortexM3\ARM_GCC_441\Debug\Cm3Start.o
                0x00003474                __init_array_end = .
                0x00003474                . = ALIGN (0x4)
 *(.fini)
 .fini          0x00003474        0x4 c:/program files (x86)/cypress/psoc creator/2.2/psoc creator/import/gnu_cs/arm/4.4.1/bin/../lib/gcc/arm-none-eabi/4.4.1/thumb2/crti.o
                0x00003474                _fini
 .fini          0x00003478        0x8 c:/program files (x86)/cypress/psoc creator/2.2/psoc creator/import/gnu_cs/arm/4.4.1/bin/../lib/gcc/arm-none-eabi/4.4.1/thumb2/crtn.o
                0x00003480                . = ALIGN (0x4)
                0x00003480                __fini_array_start = .
 *(.fini_array)
 .fini_array    0x00003480        0x4 c:/program files (x86)/cypress/psoc creator/2.2/psoc creator/import/gnu_cs/arm/4.4.1/bin/../lib/gcc/arm-none-eabi/4.4.1/thumb2/crtbegin.o
 *(SORT(.fini_array.*))
                0x00003484                __fini_array_end = .
                0x00003484                . = ALIGN (0x4)
 *crtbegin.o(.ctors)
 *(EXCLUDE_FILE(*crtend.o) .ctors)
 *(SORT(.ctors.*))
 *crtend.o(.ctors)
                0x00003484                . = ALIGN (0x4)
 *crtbegin.o(.dtors)
 *(EXCLUDE_FILE(*crtend.o) .dtors)
 *(SORT(.dtors.*))
 *crtend.o(.dtors)
                0x00003484                . = ALIGN (0x4)
                0x00003484                __cs3_regions = .
                0x00003484        0x4 LONG 0x0
                0x00003488        0x4 LONG 0x3498 __cs3_region_init_ram
                0x0000348c        0x4 LONG 0x1fff8108 __cs3_region_start_data
                0x00003490        0x4 LONG 0x230 __cs3_region_init_size_ram
                0x00003494        0x4 LONG 0x48 __cs3_region_zero_size_ram
                0x00003498                __cs3_regions_end = .
                0x00003498                . = ALIGN (0x8)
                0x00003498                _etext = .

.ramvectors     0x1fff8000      0x100
                0x1fff8000                __cs3_region_start_ram = .
 *(.cs3.region-head.ram)
                0x1fff8001                ASSERT ((. == __cs3_region_start_ram), .cs3.region-head.ram not permitted)
 *(.ramvectors)
 .ramvectors    0x1fff8000      0x100 .\CortexM3\ARM_GCC_441\Debug\Cm3Start.o
                0x1fff8000                CyRamVectors

.noinit         0x1fff8100        0x4
 *(.noinit)
 .noinit        0x1fff8100        0x4 .\CortexM3\ARM_GCC_441\Debug\Cm3Start.o

.data           0x1fff8108      0x230 load address 0x00003498
                0x1fff8108                __cs3_region_start_data = .
 *(.jcr)
 .jcr           0x1fff8108        0x0 c:/program files (x86)/cypress/psoc creator/2.2/psoc creator/import/gnu_cs/arm/4.4.1/bin/../lib/gcc/arm-none-eabi/4.4.1/thumb2/crtbegin.o
 .jcr           0x1fff8108        0x4 c:/program files (x86)/cypress/psoc creator/2.2/psoc creator/import/gnu_cs/arm/4.4.1/bin/../lib/gcc/arm-none-eabi/4.4.1/thumb2/crtend.o
 *(.got.plt)
 *(.got)
 *(.shdata)
 *(.data .data.* .gnu.linkonce.d.*)
 .data          0x1fff810c      0x204 .\CortexM3\ARM_GCC_441\Debug\main.o
                0x1fff810c                K
                0x1fff8110                sineLUT
 .data          0x1fff8310       0x10 .\CortexM3\ARM_GCC_441\Debug\invert.a(CyLib.o)
                0x1fff8310                cydelay_freq_hz
                0x1fff8314                cydelay_freq_khz
                0x1fff8318                cydelay_freq_mhz
                0x1fff831c                cydelay_32k_ms
 .data          0x1fff8320       0x14 .\CortexM3\ARM_GCC_441\Debug\invert.a(ADC_DelSig_V.o)
                0x1fff8320                ADC_DelSig_V_Config
                0x1fff8324                ADC_DelSig_V_CountsPerVolt
 .data          0x1fff8334        0x1 .\CortexM3\ARM_GCC_441\Debug\invert.a(ADC_DelSig_V_AMux.o)
                0x1fff8334                ADC_DelSig_V_AMux_lastChannel
                0x1fff8338                . = ALIGN (0x8)
 *fill*         0x1fff8335        0x3 00
 *(.ram)
                0x1fff8338                _edata = .

.bss            0x1fff8338       0x48 load address 0x000036c8
 *(.shbss)
 *(.bss .bss.* .gnu.linkonce.b.*)
 .bss           0x1fff8338        0x1 c:/program files (x86)/cypress/psoc creator/2.2/psoc creator/import/gnu_cs/arm/4.4.1/bin/../lib/gcc/arm-none-eabi/4.4.1/thumb2/crtbegin.o
 *fill*         0x1fff8339        0x3 00
 .bss           0x1fff833c       0x28 .\CortexM3\ARM_GCC_441\Debug\main.o
                0x1fff833c                buffvolt
                0x1fff833e                dataReady
                0x1fff8340                sineLUTindex
                0x1fff8342                recbyte
                0x1fff8344                U
                0x1fff8354                E
 .bss           0x1fff8364        0x1 .\CortexM3\ARM_GCC_441\Debug\invert.a(PWM_BUCK.o)
                0x1fff8364                PWM_BUCK_initVar
 .bss           0x1fff8365        0x2 .\CortexM3\ARM_GCC_441\Debug\invert.a(LCD_Char_1.o)
                0x1fff8365                LCD_Char_1_enableState
                0x1fff8366                LCD_Char_1_initVar
 *fill*         0x1fff8367        0x1 00
 .bss           0x1fff8368        0xc .\CortexM3\ARM_GCC_441\Debug\invert.a(ADC_DelSig_V.o)
                0x1fff8368                ADC_DelSig_V_convDone
                0x1fff8369                ADC_DelSig_V_stopConversion
                0x1fff836a                ADC_DelSig_V_initVar
                0x1fff836b                ADC_DelSig_V_started
                0x1fff836c                ADC_DelSig_V_Offset
                0x1fff8370                ADC_DelSig_V_restoreReg
 .bss           0x1fff8374        0x2 .\CortexM3\ARM_GCC_441\Debug\invert.a(UART_1.o)
                0x1fff8374                UART_1_initVar
 .bss           0x1fff8376        0x1 .\CortexM3\ARM_GCC_441\Debug\invert.a(Counter_1.o)
                0x1fff8376                Counter_1_initVar
 *(COMMON)
 *fill*         0x1fff8377        0x1 00
 COMMON         0x1fff8378        0x4 .\CortexM3\ARM_GCC_441\Debug\main.o
                0x1fff8378                sinptr
 COMMON         0x1fff837c        0x1 .\CortexM3\ARM_GCC_441\Debug\invert.a(CyLib.o)
                0x1fff837c                CyResetStatus
                0x1fff8380                . = ALIGN (0x8)
 *fill*         0x1fff837d        0x3 00
 *(.ram.b)
                0x1fff8380                _end = .
                0x1fff8380                __end = .
                0x20003000                __cs3_region_end_ram = (__cs3_region_start_ram + 0xb000)
                0x0000b000                __cs3_region_size_ram = 0xb000
                0x00003498                __cs3_region_init_ram = LOADADDR (.data)
                0x00000230                __cs3_region_init_size_ram = (_edata - ADDR (.data))
                0x00000048                __cs3_region_zero_size_ram = (_end - _edata)

.stab
 *(.stab)

.stabstr
 *(.stabstr)

.debug
 *(.debug)

.line
 *(.line)

.debug_srcinfo
 *(.debug_srcinfo)

.debug_sfnames
 *(.debug_sfnames)

.comment        0x00000000      0x387
 .comment       0x00000000       0x2b .\CortexM3\ARM_GCC_441\Debug\main.o
 .comment       0x0000002b       0x2b .\CortexM3\ARM_GCC_441\Debug\Cm3Start.o
 .comment       0x00000056       0x2b .\CortexM3\ARM_GCC_441\Debug\invert.a(PWM_BUCK.o)
 .comment       0x00000081       0x2b .\CortexM3\ARM_GCC_441\Debug\invert.a(CyLib.o)
 .comment       0x000000ac       0x2b .\CortexM3\ARM_GCC_441\Debug\invert.a(cyPm.o)
 .comment       0x000000d7       0x2b .\CortexM3\ARM_GCC_441\Debug\invert.a(LCD_Char_1.o)
 .comment       0x00000102       0x2b .\CortexM3\ARM_GCC_441\Debug\invert.a(Clock_2.o)
 .comment       0x0000012d       0x2b .\CortexM3\ARM_GCC_441\Debug\invert.a(ADC_DelSig_V.o)
 .comment       0x00000158       0x2b .\CortexM3\ARM_GCC_441\Debug\invert.a(ADC_DelSig_V_INT.o)
 .comment       0x00000183       0x2b .\CortexM3\ARM_GCC_441\Debug\invert.a(ADC_DelSig_V_theACLK.o)
 .comment       0x000001ae       0x2b .\CortexM3\ARM_GCC_441\Debug\invert.a(ADC_DelSig_V_Ext_CP_Clk.o)
 .comment       0x000001d9       0x2b .\CortexM3\ARM_GCC_441\Debug\invert.a(ADC_DelSig_V_AMux.o)
 .comment       0x00000204       0x2b .\CortexM3\ARM_GCC_441\Debug\invert.a(UART_1.o)
 .comment       0x0000022f       0x2b .\CortexM3\ARM_GCC_441\Debug\invert.a(UART_1_IntClock.o)
 .comment       0x0000025a       0x2b .\CortexM3\ARM_GCC_441\Debug\invert.a(Control_Reg_1.o)
 .comment       0x00000285       0x2b .\CortexM3\ARM_GCC_441\Debug\invert.a(Counter_1.o)
 .comment       0x000002b0       0x2b .\CortexM3\ARM_GCC_441\Debug\invert.a(isr_LUT.o)
 .comment       0x000002db       0x2b .\CortexM3\ARM_GCC_441\Debug\invert.a(Clock_4.o)
 .comment       0x00000306       0x2b .\CortexM3\ARM_GCC_441\Debug\invert.a(cyfitter_cfg.o)
 .comment       0x00000331       0x2b .\CortexM3\ARM_GCC_441\Debug\invert.a(CyFlash.o)
 .comment       0x0000035c       0x2b .\CortexM3\ARM_GCC_441\Debug\invert.a(CySpc.o)

.debug_aranges  0x00000000      0xb20
 *(.debug_aranges)
 .debug_aranges
                0x00000000       0x20 .\CortexM3\ARM_GCC_441\Debug\main.o
 .debug_aranges
                0x00000020       0x30 .\CortexM3\ARM_GCC_441\Debug\Cm3Start.o
 .debug_aranges
                0x00000050       0xa8 .\CortexM3\ARM_GCC_441\Debug\invert.a(PWM_BUCK.o)
 .debug_aranges
                0x000000f8       0x20 .\CortexM3\ARM_GCC_441\Debug\invert.a(CyBootAsmGnu.o)
 .debug_aranges
                0x00000118      0x1e0 .\CortexM3\ARM_GCC_441\Debug\invert.a(CyLib.o)
 .debug_aranges
                0x000002f8       0xb8 .\CortexM3\ARM_GCC_441\Debug\invert.a(cyPm.o)
 .debug_aranges
                0x000003b0       0x90 .\CortexM3\ARM_GCC_441\Debug\invert.a(LCD_Char_1.o)
 .debug_aranges
                0x00000440       0x68 .\CortexM3\ARM_GCC_441\Debug\invert.a(Clock_2.o)
 .debug_aranges
                0x000004a8      0x100 .\CortexM3\ARM_GCC_441\Debug\invert.a(ADC_DelSig_V.o)
 .debug_aranges
                0x000005a8       0x38 .\CortexM3\ARM_GCC_441\Debug\invert.a(ADC_DelSig_V_INT.o)
 .debug_aranges
                0x000005e0       0x78 .\CortexM3\ARM_GCC_441\Debug\invert.a(ADC_DelSig_V_theACLK.o)
 .debug_aranges
                0x00000658       0x68 .\CortexM3\ARM_GCC_441\Debug\invert.a(ADC_DelSig_V_Ext_CP_Clk.o)
 .debug_aranges
                0x000006c0       0x30 .\CortexM3\ARM_GCC_441\Debug\invert.a(ADC_DelSig_V_AMux.o)
 .debug_aranges
                0x000006f0       0xf0 .\CortexM3\ARM_GCC_441\Debug\invert.a(UART_1.o)
 .debug_aranges
                0x000007e0       0x68 .\CortexM3\ARM_GCC_441\Debug\invert.a(UART_1_IntClock.o)
 .debug_aranges
                0x00000848       0x28 .\CortexM3\ARM_GCC_441\Debug\invert.a(Control_Reg_1.o)
 .debug_aranges
                0x00000870       0x78 .\CortexM3\ARM_GCC_441\Debug\invert.a(Counter_1.o)
 .debug_aranges
                0x000008e8       0x80 .\CortexM3\ARM_GCC_441\Debug\invert.a(isr_LUT.o)
 .debug_aranges
                0x00000968       0x68 .\CortexM3\ARM_GCC_441\Debug\invert.a(Clock_4.o)
 .debug_aranges
                0x000009d0       0x80 .\CortexM3\ARM_GCC_441\Debug\invert.a(cyfitter_cfg.o)
 .debug_aranges
                0x00000a50       0x68 .\CortexM3\ARM_GCC_441\Debug\invert.a(CyFlash.o)
 .debug_aranges
                0x00000ab8       0x68 .\CortexM3\ARM_GCC_441\Debug\invert.a(CySpc.o)

.debug_pubnames
                0x00000000     0x1e5a
 *(.debug_pubnames)
 .debug_pubnames
                0x00000000       0x7c .\CortexM3\ARM_GCC_441\Debug\main.o
 .debug_pubnames
                0x0000007c       0x66 .\CortexM3\ARM_GCC_441\Debug\Cm3Start.o
 .debug_pubnames
                0x000000e2      0x1ef .\CortexM3\ARM_GCC_441\Debug\invert.a(PWM_BUCK.o)
 .debug_pubnames
                0x000002d1      0x4be .\CortexM3\ARM_GCC_441\Debug\invert.a(CyLib.o)
 .debug_pubnames
                0x0000078f       0xbb .\CortexM3\ARM_GCC_441\Debug\invert.a(cyPm.o)
 .debug_pubnames
                0x0000084a      0x17b .\CortexM3\ARM_GCC_441\Debug\invert.a(LCD_Char_1.o)
 .debug_pubnames
                0x000009c5      0x11e .\CortexM3\ARM_GCC_441\Debug\invert.a(Clock_2.o)
 .debug_pubnames
                0x00000ae3      0x43c .\CortexM3\ARM_GCC_441\Debug\invert.a(ADC_DelSig_V.o)
 .debug_pubnames
                0x00000f1f       0x9b .\CortexM3\ARM_GCC_441\Debug\invert.a(ADC_DelSig_V_INT.o)
 .debug_pubnames
                0x00000fba      0x1f4 .\CortexM3\ARM_GCC_441\Debug\invert.a(ADC_DelSig_V_theACLK.o)
 .debug_pubnames
                0x000011ae      0x1be .\CortexM3\ARM_GCC_441\Debug\invert.a(ADC_DelSig_V_Ext_CP_Clk.o)
 .debug_pubnames
                0x0000136c       0x8e .\CortexM3\ARM_GCC_441\Debug\invert.a(ADC_DelSig_V_AMux.o)
 .debug_pubnames
                0x000013fa      0x29c .\CortexM3\ARM_GCC_441\Debug\invert.a(UART_1.o)
 .debug_pubnames
                0x00001696      0x16e .\CortexM3\ARM_GCC_441\Debug\invert.a(UART_1_IntClock.o)
 .debug_pubnames
                0x00001804       0x41 .\CortexM3\ARM_GCC_441\Debug\invert.a(Control_Reg_1.o)
 .debug_pubnames
                0x00001845      0x163 .\CortexM3\ARM_GCC_441\Debug\invert.a(Counter_1.o)
 .debug_pubnames
                0x000019a8      0x130 .\CortexM3\ARM_GCC_441\Debug\invert.a(isr_LUT.o)
 .debug_pubnames
                0x00001ad8      0x11e .\CortexM3\ARM_GCC_441\Debug\invert.a(Clock_4.o)
 .debug_pubnames
                0x00001bf6       0xb5 .\CortexM3\ARM_GCC_441\Debug\invert.a(cyfitter_cfg.o)
 .debug_pubnames
                0x00001cab       0xdf .\CortexM3\ARM_GCC_441\Debug\invert.a(CyFlash.o)
 .debug_pubnames
                0x00001d8a       0xd0 .\CortexM3\ARM_GCC_441\Debug\invert.a(CySpc.o)

.debug_info     0x00000000     0x49c3
 *(.debug_info .gnu.linkonce.wi.*)
 .debug_info    0x00000000      0x192 .\CortexM3\ARM_GCC_441\Debug\main.o
 .debug_info    0x00000192      0x168 .\CortexM3\ARM_GCC_441\Debug\Cm3Start.o
 .debug_info    0x000002fa      0x315 .\CortexM3\ARM_GCC_441\Debug\invert.a(PWM_BUCK.o)
 .debug_info    0x0000060f       0x95 .\CortexM3\ARM_GCC_441\Debug\invert.a(CyBootAsmGnu.o)
 .debug_info    0x000006a4      0xbce .\CortexM3\ARM_GCC_441\Debug\invert.a(CyLib.o)
 .debug_info    0x00001272      0x63e .\CortexM3\ARM_GCC_441\Debug\invert.a(cyPm.o)
 .debug_info    0x000018b0      0x3af .\CortexM3\ARM_GCC_441\Debug\invert.a(LCD_Char_1.o)
 .debug_info    0x00001c5f      0x237 .\CortexM3\ARM_GCC_441\Debug\invert.a(Clock_2.o)
 .debug_info    0x00001e96      0x81a .\CortexM3\ARM_GCC_441\Debug\invert.a(ADC_DelSig_V.o)
 .debug_info    0x000026b0      0x1c7 .\CortexM3\ARM_GCC_441\Debug\invert.a(ADC_DelSig_V_INT.o)
 .debug_info    0x00002877      0x27b .\CortexM3\ARM_GCC_441\Debug\invert.a(ADC_DelSig_V_theACLK.o)
 .debug_info    0x00002af2      0x237 .\CortexM3\ARM_GCC_441\Debug\invert.a(ADC_DelSig_V_Ext_CP_Clk.o)
 .debug_info    0x00002d29      0x11a .\CortexM3\ARM_GCC_441\Debug\invert.a(ADC_DelSig_V_AMux.o)
 .debug_info    0x00002e43      0x55c .\CortexM3\ARM_GCC_441\Debug\invert.a(UART_1.o)
 .debug_info    0x0000339f      0x237 .\CortexM3\ARM_GCC_441\Debug\invert.a(UART_1_IntClock.o)
 .debug_info    0x000035d6       0xd1 .\CortexM3\ARM_GCC_441\Debug\invert.a(Control_Reg_1.o)
 .debug_info    0x000036a7      0x202 .\CortexM3\ARM_GCC_441\Debug\invert.a(Counter_1.o)
 .debug_info    0x000038a9      0x267 .\CortexM3\ARM_GCC_441\Debug\invert.a(isr_LUT.o)
 .debug_info    0x00003b10      0x237 .\CortexM3\ARM_GCC_441\Debug\invert.a(Clock_4.o)
 .debug_info    0x00003d47      0x5c8 .\CortexM3\ARM_GCC_441\Debug\invert.a(cyfitter_cfg.o)
 .debug_info    0x0000430f      0x308 .\CortexM3\ARM_GCC_441\Debug\invert.a(CyFlash.o)
 .debug_info    0x00004617      0x3ac .\CortexM3\ARM_GCC_441\Debug\invert.a(CySpc.o)

.debug_abbrev   0x00000000     0x1467
 *(.debug_abbrev)
 .debug_abbrev  0x00000000       0xaa .\CortexM3\ARM_GCC_441\Debug\main.o
 .debug_abbrev  0x000000aa       0xec .\CortexM3\ARM_GCC_441\Debug\Cm3Start.o
 .debug_abbrev  0x00000196      0x108 .\CortexM3\ARM_GCC_441\Debug\invert.a(PWM_BUCK.o)
 .debug_abbrev  0x0000029e       0x14 .\CortexM3\ARM_GCC_441\Debug\invert.a(CyBootAsmGnu.o)
 .debug_abbrev  0x000002b2      0x182 .\CortexM3\ARM_GCC_441\Debug\invert.a(CyLib.o)
 .debug_abbrev  0x00000434      0x13e .\CortexM3\ARM_GCC_441\Debug\invert.a(cyPm.o)
 .debug_abbrev  0x00000572      0x118 .\CortexM3\ARM_GCC_441\Debug\invert.a(LCD_Char_1.o)
 .debug_abbrev  0x0000068a       0xcf .\CortexM3\ARM_GCC_441\Debug\invert.a(Clock_2.o)
 .debug_abbrev  0x00000759      0x125 .\CortexM3\ARM_GCC_441\Debug\invert.a(ADC_DelSig_V.o)
 .debug_abbrev  0x0000087e       0xb1 .\CortexM3\ARM_GCC_441\Debug\invert.a(ADC_DelSig_V_INT.o)
 .debug_abbrev  0x0000092f       0xcf .\CortexM3\ARM_GCC_441\Debug\invert.a(ADC_DelSig_V_theACLK.o)
 .debug_abbrev  0x000009fe       0xcf .\CortexM3\ARM_GCC_441\Debug\invert.a(ADC_DelSig_V_Ext_CP_Clk.o)
 .debug_abbrev  0x00000acd       0x7f .\CortexM3\ARM_GCC_441\Debug\invert.a(ADC_DelSig_V_AMux.o)
 .debug_abbrev  0x00000b4c      0x10c .\CortexM3\ARM_GCC_441\Debug\invert.a(UART_1.o)
 .debug_abbrev  0x00000c58       0xcf .\CortexM3\ARM_GCC_441\Debug\invert.a(UART_1_IntClock.o)
 .debug_abbrev  0x00000d27       0x76 .\CortexM3\ARM_GCC_441\Debug\invert.a(Control_Reg_1.o)
 .debug_abbrev  0x00000d9d       0xcb .\CortexM3\ARM_GCC_441\Debug\invert.a(Counter_1.o)
 .debug_abbrev  0x00000e68      0x12b .\CortexM3\ARM_GCC_441\Debug\invert.a(isr_LUT.o)
 .debug_abbrev  0x00000f93       0xcf .\CortexM3\ARM_GCC_441\Debug\invert.a(Clock_4.o)
 .debug_abbrev  0x00001062      0x1ad .\CortexM3\ARM_GCC_441\Debug\invert.a(cyfitter_cfg.o)
 .debug_abbrev  0x0000120f      0x14a .\CortexM3\ARM_GCC_441\Debug\invert.a(CyFlash.o)
 .debug_abbrev  0x00001359      0x10e .\CortexM3\ARM_GCC_441\Debug\invert.a(CySpc.o)

.debug_line     0x00000000     0x273b
 *(.debug_line)
 .debug_line    0x00000000       0x82 .\CortexM3\ARM_GCC_441\Debug\main.o
 .debug_line    0x00000082       0xb8 .\CortexM3\ARM_GCC_441\Debug\Cm3Start.o
 .debug_line    0x0000013a      0x1d2 .\CortexM3\ARM_GCC_441\Debug\invert.a(PWM_BUCK.o)
 .debug_line    0x0000030c       0x67 .\CortexM3\ARM_GCC_441\Debug\invert.a(CyBootAsmGnu.o)
 .debug_line    0x00000373      0x5c7 .\CortexM3\ARM_GCC_441\Debug\invert.a(CyLib.o)
 .debug_line    0x0000093a      0x3f2 .\CortexM3\ARM_GCC_441\Debug\invert.a(cyPm.o)
 .debug_line    0x00000d2c      0x1e0 .\CortexM3\ARM_GCC_441\Debug\invert.a(LCD_Char_1.o)
 .debug_line    0x00000f0c      0x15e .\CortexM3\ARM_GCC_441\Debug\invert.a(Clock_2.o)
 .debug_line    0x0000106a      0x442 .\CortexM3\ARM_GCC_441\Debug\invert.a(ADC_DelSig_V.o)
 .debug_line    0x000014ac       0xd6 .\CortexM3\ARM_GCC_441\Debug\invert.a(ADC_DelSig_V_INT.o)
 .debug_line    0x00001582      0x189 .\CortexM3\ARM_GCC_441\Debug\invert.a(ADC_DelSig_V_theACLK.o)
 .debug_line    0x0000170b      0x168 .\CortexM3\ARM_GCC_441\Debug\invert.a(ADC_DelSig_V_Ext_CP_Clk.o)
 .debug_line    0x00001873       0xb3 .\CortexM3\ARM_GCC_441\Debug\invert.a(ADC_DelSig_V_AMux.o)
 .debug_line    0x00001926      0x2b4 .\CortexM3\ARM_GCC_441\Debug\invert.a(UART_1.o)
 .debug_line    0x00001bda      0x166 .\CortexM3\ARM_GCC_441\Debug\invert.a(UART_1_IntClock.o)
 .debug_line    0x00001d40       0x92 .\CortexM3\ARM_GCC_441\Debug\invert.a(Control_Reg_1.o)
 .debug_line    0x00001dd2      0x15b .\CortexM3\ARM_GCC_441\Debug\invert.a(Counter_1.o)
 .debug_line    0x00001f2d      0x160 .\CortexM3\ARM_GCC_441\Debug\invert.a(isr_LUT.o)
 .debug_line    0x0000208d      0x15e .\CortexM3\ARM_GCC_441\Debug\invert.a(Clock_4.o)
 .debug_line    0x000021eb      0x25a .\CortexM3\ARM_GCC_441\Debug\invert.a(cyfitter_cfg.o)
 .debug_line    0x00002445      0x170 .\CortexM3\ARM_GCC_441\Debug\invert.a(CyFlash.o)
 .debug_line    0x000025b5      0x186 .\CortexM3\ARM_GCC_441\Debug\invert.a(CySpc.o)

.debug_frame    0x00000000     0x2324
 *(.debug_frame)
 .debug_frame   0x00000000       0x2c .\CortexM3\ARM_GCC_441\Debug\main.o
 .debug_frame   0x0000002c       0x5c .\CortexM3\ARM_GCC_441\Debug\Cm3Start.o
 .debug_frame   0x00000088      0x20c .\CortexM3\ARM_GCC_441\Debug\invert.a(PWM_BUCK.o)
 .debug_frame   0x00000294      0x6b8 .\CortexM3\ARM_GCC_441\Debug\invert.a(CyLib.o)
 .debug_frame   0x0000094c      0x25c .\CortexM3\ARM_GCC_441\Debug\invert.a(cyPm.o)
 .debug_frame   0x00000ba8      0x1e0 .\CortexM3\ARM_GCC_441\Debug\invert.a(LCD_Char_1.o)
 .debug_frame   0x00000d88      0x130 .\CortexM3\ARM_GCC_441\Debug\invert.a(Clock_2.o)
 .debug_frame   0x00000eb8      0x358 .\CortexM3\ARM_GCC_441\Debug\invert.a(ADC_DelSig_V.o)
 .debug_frame   0x00001210       0x88 .\CortexM3\ARM_GCC_441\Debug\invert.a(ADC_DelSig_V_INT.o)
 .debug_frame   0x00001298      0x168 .\CortexM3\ARM_GCC_441\Debug\invert.a(ADC_DelSig_V_theACLK.o)
 .debug_frame   0x00001400      0x130 .\CortexM3\ARM_GCC_441\Debug\invert.a(ADC_DelSig_V_Ext_CP_Clk.o)
 .debug_frame   0x00001530       0x70 .\CortexM3\ARM_GCC_441\Debug\invert.a(ADC_DelSig_V_AMux.o)
 .debug_frame   0x000015a0      0x328 .\CortexM3\ARM_GCC_441\Debug\invert.a(UART_1.o)
 .debug_frame   0x000018c8      0x130 .\CortexM3\ARM_GCC_441\Debug\invert.a(UART_1_IntClock.o)
 .debug_frame   0x000019f8       0x48 .\CortexM3\ARM_GCC_441\Debug\invert.a(Control_Reg_1.o)
 .debug_frame   0x00001a40      0x160 .\CortexM3\ARM_GCC_441\Debug\invert.a(Counter_1.o)
 .debug_frame   0x00001ba0      0x180 .\CortexM3\ARM_GCC_441\Debug\invert.a(isr_LUT.o)
 .debug_frame   0x00001d20      0x130 .\CortexM3\ARM_GCC_441\Debug\invert.a(Clock_4.o)
 .debug_frame   0x00001e50      0x190 .\CortexM3\ARM_GCC_441\Debug\invert.a(cyfitter_cfg.o)
 .debug_frame   0x00001fe0      0x140 .\CortexM3\ARM_GCC_441\Debug\invert.a(CyFlash.o)
 .debug_frame   0x00002120      0x13c .\CortexM3\ARM_GCC_441\Debug\invert.a(CySpc.o)
 .debug_frame   0x0000225c       0x34 c:/program files (x86)/cypress/psoc creator/2.2/psoc creator/import/gnu_cs/arm/4.4.1/bin/../lib/gcc/arm-none-eabi/4.4.1/../../../../arm-none-eabi/lib/thumb2\libc.a(lib_a-memcpy.o)
 .debug_frame   0x00002290       0x28 c:/program files (x86)/cypress/psoc creator/2.2/psoc creator/import/gnu_cs/arm/4.4.1/bin/../lib/gcc/arm-none-eabi/4.4.1/../../../../arm-none-eabi/lib/thumb2\libc.a(lib_a-memset.o)
 .debug_frame   0x000022b8       0x40 c:/program files (x86)/cypress/psoc creator/2.2/psoc creator/import/gnu_cs/arm/4.4.1/bin/../lib/gcc/arm-none-eabi/4.4.1/../../../../arm-none-eabi/lib/thumb2\libcs3.a(start_c.o)
 .debug_frame   0x000022f8       0x2c c:/program files (x86)/cypress/psoc creator/2.2/psoc creator/import/gnu_cs/arm/4.4.1/bin/../lib/gcc/arm-none-eabi/4.4.1/../../../../arm-none-eabi/lib/thumb2\libc.a(lib_a-init.o)

.debug_str      0x00000000     0x2677
 *(.debug_str)
 .debug_str     0x00000000      0x105 .\CortexM3\ARM_GCC_441\Debug\main.o
                                0x14a (size before relaxing)
 .debug_str     0x00000105       0x95 .\CortexM3\ARM_GCC_441\Debug\Cm3Start.o
                                0x187 (size before relaxing)
 .debug_str     0x0000019a      0x20f .\CortexM3\ARM_GCC_441\Debug\invert.a(PWM_BUCK.o)
                                0x302 (size before relaxing)
 .debug_str     0x000003a9      0x5b3 .\CortexM3\ARM_GCC_441\Debug\invert.a(CyLib.o)
                                0x6e6 (size before relaxing)
 .debug_str     0x0000095c      0x3bd .\CortexM3\ARM_GCC_441\Debug\invert.a(cyPm.o)
                                0x4c4 (size before relaxing)
 .debug_str     0x00000d19      0x1e3 .\CortexM3\ARM_GCC_441\Debug\invert.a(LCD_Char_1.o)
                                0x2e5 (size before relaxing)
 .debug_str     0x00000efc      0x15a .\CortexM3\ARM_GCC_441\Debug\invert.a(Clock_2.o)
                                0x253 (size before relaxing)
 .debug_str     0x00001056      0x5a8 .\CortexM3\ARM_GCC_441\Debug\invert.a(ADC_DelSig_V.o)
                                0x6ea (size before relaxing)
 .debug_str     0x000015fe       0x74 .\CortexM3\ARM_GCC_441\Debug\invert.a(ADC_DelSig_V_INT.o)
                                0x184 (size before relaxing)
 .debug_str     0x00001672      0x1f3 .\CortexM3\ARM_GCC_441\Debug\invert.a(ADC_DelSig_V_theACLK.o)
                                0x333 (size before relaxing)
 .debug_str     0x00001865      0x1b7 .\CortexM3\ARM_GCC_441\Debug\invert.a(ADC_DelSig_V_Ext_CP_Clk.o)
                                0x2ff (size before relaxing)
 .debug_str     0x00001a1c       0xa6 .\CortexM3\ARM_GCC_441\Debug\invert.a(ADC_DelSig_V_AMux.o)
                                0x192 (size before relaxing)
 .debug_str     0x00001ac2      0x2ae .\CortexM3\ARM_GCC_441\Debug\invert.a(UART_1.o)
                                0x3c5 (size before relaxing)
 .debug_str     0x00001d70      0x15f .\CortexM3\ARM_GCC_441\Debug\invert.a(UART_1_IntClock.o)
                                0x2ab (size before relaxing)
 .debug_str     0x00001ecf       0x50 .\CortexM3\ARM_GCC_441\Debug\invert.a(Control_Reg_1.o)
                                0x144 (size before relaxing)
 .debug_str     0x00001f1f      0x151 .\CortexM3\ARM_GCC_441\Debug\invert.a(Counter_1.o)
                                0x253 (size before relaxing)
 .debug_str     0x00002070      0x109 .\CortexM3\ARM_GCC_441\Debug\invert.a(isr_LUT.o)
                                0x235 (size before relaxing)
 .debug_str     0x00002179      0x107 .\CortexM3\ARM_GCC_441\Debug\invert.a(Clock_4.o)
                                0x253 (size before relaxing)
 .debug_str     0x00002280      0x1df .\CortexM3\ARM_GCC_441\Debug\invert.a(cyfitter_cfg.o)
                                0x309 (size before relaxing)
 .debug_str     0x0000245f      0x113 .\CortexM3\ARM_GCC_441\Debug\invert.a(CyFlash.o)
                                0x238 (size before relaxing)
 .debug_str     0x00002572      0x105 .\CortexM3\ARM_GCC_441\Debug\invert.a(CySpc.o)
                                0x22b (size before relaxing)

.debug_loc      0x00000000     0x3870
 *(.debug_loc)
 .debug_loc     0x00000000       0x2b .\CortexM3\ARM_GCC_441\Debug\main.o
 .debug_loc     0x0000002b       0x62 .\CortexM3\ARM_GCC_441\Debug\Cm3Start.o
 .debug_loc     0x0000008d      0x372 .\CortexM3\ARM_GCC_441\Debug\invert.a(PWM_BUCK.o)
 .debug_loc     0x000003ff      0xb67 .\CortexM3\ARM_GCC_441\Debug\invert.a(CyLib.o)
 .debug_loc     0x00000f66      0x3b0 .\CortexM3\ARM_GCC_441\Debug\invert.a(cyPm.o)
 .debug_loc     0x00001316      0x309 .\CortexM3\ARM_GCC_441\Debug\invert.a(LCD_Char_1.o)
 .debug_loc     0x0000161f      0x1ea .\CortexM3\ARM_GCC_441\Debug\invert.a(Clock_2.o)
 .debug_loc     0x00001809      0x5b7 .\CortexM3\ARM_GCC_441\Debug\invert.a(ADC_DelSig_V.o)
 .debug_loc     0x00001dc0       0xac .\CortexM3\ARM_GCC_441\Debug\invert.a(ADC_DelSig_V_INT.o)
 .debug_loc     0x00001e6c      0x24c .\CortexM3\ARM_GCC_441\Debug\invert.a(ADC_DelSig_V_theACLK.o)
 .debug_loc     0x000020b8      0x1ea .\CortexM3\ARM_GCC_441\Debug\invert.a(ADC_DelSig_V_Ext_CP_Clk.o)
 .debug_loc     0x000022a2       0xa5 .\CortexM3\ARM_GCC_441\Debug\invert.a(ADC_DelSig_V_AMux.o)
 .debug_loc     0x00002347      0x591 .\CortexM3\ARM_GCC_441\Debug\invert.a(UART_1.o)
 .debug_loc     0x000028d8      0x1ea .\CortexM3\ARM_GCC_441\Debug\invert.a(UART_1_IntClock.o)
 .debug_loc     0x00002ac2       0x62 .\CortexM3\ARM_GCC_441\Debug\invert.a(Control_Reg_1.o)
 .debug_loc     0x00002b24      0x228 .\CortexM3\ARM_GCC_441\Debug\invert.a(Counter_1.o)
 .debug_loc     0x00002d4c      0x26b .\CortexM3\ARM_GCC_441\Debug\invert.a(isr_LUT.o)
 .debug_loc     0x00002fb7      0x1ea .\CortexM3\ARM_GCC_441\Debug\invert.a(Clock_4.o)
 .debug_loc     0x000031a1      0x2b3 .\CortexM3\ARM_GCC_441\Debug\invert.a(cyfitter_cfg.o)
 .debug_loc     0x00003454      0x1f6 .\CortexM3\ARM_GCC_441\Debug\invert.a(CyFlash.o)
 .debug_loc     0x0000364a      0x226 .\CortexM3\ARM_GCC_441\Debug\invert.a(CySpc.o)

.debug_macinfo
 *(.debug_macinfo)

.debug_ranges   0x00000000      0xa58
 *(.debug_ranges)
 .debug_ranges  0x00000000       0x18 .\CortexM3\ARM_GCC_441\Debug\main.o
 .debug_ranges  0x00000018       0x28 .\CortexM3\ARM_GCC_441\Debug\Cm3Start.o
 .debug_ranges  0x00000040       0xa0 .\CortexM3\ARM_GCC_441\Debug\invert.a(PWM_BUCK.o)
 .debug_ranges  0x000000e0      0x1d8 .\CortexM3\ARM_GCC_441\Debug\invert.a(CyLib.o)
 .debug_ranges  0x000002b8       0xb0 .\CortexM3\ARM_GCC_441\Debug\invert.a(cyPm.o)
 .debug_ranges  0x00000368       0x88 .\CortexM3\ARM_GCC_441\Debug\invert.a(LCD_Char_1.o)
 .debug_ranges  0x000003f0       0x60 .\CortexM3\ARM_GCC_441\Debug\invert.a(Clock_2.o)
 .debug_ranges  0x00000450       0xf8 .\CortexM3\ARM_GCC_441\Debug\invert.a(ADC_DelSig_V.o)
 .debug_ranges  0x00000548       0x30 .\CortexM3\ARM_GCC_441\Debug\invert.a(ADC_DelSig_V_INT.o)
 .debug_ranges  0x00000578       0x70 .\CortexM3\ARM_GCC_441\Debug\invert.a(ADC_DelSig_V_theACLK.o)
 .debug_ranges  0x000005e8       0x60 .\CortexM3\ARM_GCC_441\Debug\invert.a(ADC_DelSig_V_Ext_CP_Clk.o)
 .debug_ranges  0x00000648       0x28 .\CortexM3\ARM_GCC_441\Debug\invert.a(ADC_DelSig_V_AMux.o)
 .debug_ranges  0x00000670       0xe8 .\CortexM3\ARM_GCC_441\Debug\invert.a(UART_1.o)
 .debug_ranges  0x00000758       0x60 .\CortexM3\ARM_GCC_441\Debug\invert.a(UART_1_IntClock.o)
 .debug_ranges  0x000007b8       0x20 .\CortexM3\ARM_GCC_441\Debug\invert.a(Control_Reg_1.o)
 .debug_ranges  0x000007d8       0x70 .\CortexM3\ARM_GCC_441\Debug\invert.a(Counter_1.o)
 .debug_ranges  0x00000848       0x78 .\CortexM3\ARM_GCC_441\Debug\invert.a(isr_LUT.o)
 .debug_ranges  0x000008c0       0x60 .\CortexM3\ARM_GCC_441\Debug\invert.a(Clock_4.o)
 .debug_ranges  0x00000920       0x78 .\CortexM3\ARM_GCC_441\Debug\invert.a(cyfitter_cfg.o)
 .debug_ranges  0x00000998       0x60 .\CortexM3\ARM_GCC_441\Debug\invert.a(CyFlash.o)
 .debug_ranges  0x000009f8       0x60 .\CortexM3\ARM_GCC_441\Debug\invert.a(CySpc.o)

.debug_weaknames
 *(.debug_weaknames)

.debug_funcnames
 *(.debug_funcnames)

.debug_typenames
 *(.debug_typenames)

.debug_varnames
 *(.debug_varnames)

.note.gnu.arm.ident
 *(.note.gnu.arm.ident)

.ARM.attributes
                0x00000000       0x25
 *(.ARM.attributes)
 .ARM.attributes
                0x00000000       0x19 c:/program files (x86)/cypress/psoc creator/2.2/psoc creator/import/gnu_cs/arm/4.4.1/bin/../lib/gcc/arm-none-eabi/4.4.1/thumb2/crti.o
 .ARM.attributes
                0x00000019       0x29 c:/program files (x86)/cypress/psoc creator/2.2/psoc creator/import/gnu_cs/arm/4.4.1/bin/../lib/gcc/arm-none-eabi/4.4.1/thumb2/crtbegin.o
 .ARM.attributes
                0x00000042       0x31 .\CortexM3\ARM_GCC_441\Debug\main.o
 .ARM.attributes
                0x00000073       0x31 .\CortexM3\ARM_GCC_441\Debug\Cm3Start.o
 .ARM.attributes
                0x000000a4       0x31 .\CortexM3\ARM_GCC_441\Debug\invert.a(PWM_BUCK.o)
 .ARM.attributes
                0x000000d5       0x21 .\CortexM3\ARM_GCC_441\Debug\invert.a(CyBootAsmGnu.o)
 .ARM.attributes
                0x000000f6       0x31 .\CortexM3\ARM_GCC_441\Debug\invert.a(CyLib.o)
 .ARM.attributes
                0x00000127       0x31 .\CortexM3\ARM_GCC_441\Debug\invert.a(cyPm.o)
 .ARM.attributes
                0x00000158       0x31 .\CortexM3\ARM_GCC_441\Debug\invert.a(LCD_Char_1.o)
 .ARM.attributes
                0x00000189       0x31 .\CortexM3\ARM_GCC_441\Debug\invert.a(Clock_2.o)
 .ARM.attributes
                0x000001ba       0x31 .\CortexM3\ARM_GCC_441\Debug\invert.a(ADC_DelSig_V.o)
 .ARM.attributes
                0x000001eb       0x31 .\CortexM3\ARM_GCC_441\Debug\invert.a(ADC_DelSig_V_INT.o)
 .ARM.attributes
                0x0000021c       0x31 .\CortexM3\ARM_GCC_441\Debug\invert.a(ADC_DelSig_V_theACLK.o)
 .ARM.attributes
                0x0000024d       0x31 .\CortexM3\ARM_GCC_441\Debug\invert.a(ADC_DelSig_V_Ext_CP_Clk.o)
 .ARM.attributes
                0x0000027e       0x31 .\CortexM3\ARM_GCC_441\Debug\invert.a(ADC_DelSig_V_AMux.o)
 .ARM.attributes
                0x000002af       0x31 .\CortexM3\ARM_GCC_441\Debug\invert.a(UART_1.o)
 .ARM.attributes
                0x000002e0       0x31 .\CortexM3\ARM_GCC_441\Debug\invert.a(UART_1_IntClock.o)
 .ARM.attributes
                0x00000311       0x31 .\CortexM3\ARM_GCC_441\Debug\invert.a(Control_Reg_1.o)
 .ARM.attributes
                0x00000342       0x31 .\CortexM3\ARM_GCC_441\Debug\invert.a(Counter_1.o)
 .ARM.attributes
                0x00000373       0x31 .\CortexM3\ARM_GCC_441\Debug\invert.a(isr_LUT.o)
 .ARM.attributes
                0x000003a4       0x31 .\CortexM3\ARM_GCC_441\Debug\invert.a(Clock_4.o)
 .ARM.attributes
                0x000003d5       0x31 .\CortexM3\ARM_GCC_441\Debug\invert.a(cyfitter_cfg.o)
 .ARM.attributes
                0x00000406       0x31 .\CortexM3\ARM_GCC_441\Debug\invert.a(CyFlash.o)
 .ARM.attributes
                0x00000437       0x31 .\CortexM3\ARM_GCC_441\Debug\invert.a(CySpc.o)
 .ARM.attributes
                0x00000468       0x1b c:/program files (x86)/cypress/psoc creator/2.2/psoc creator/import/gnu_cs/arm/4.4.1/bin/../lib/gcc/arm-none-eabi/4.4.1/thumb2\libgcc.a(_arm_addsubdf3.o)
 .ARM.attributes
                0x00000483       0x1b c:/program files (x86)/cypress/psoc creator/2.2/psoc creator/import/gnu_cs/arm/4.4.1/bin/../lib/gcc/arm-none-eabi/4.4.1/thumb2\libgcc.a(_arm_muldivdf3.o)
 .ARM.attributes
                0x0000049e       0x1b c:/program files (x86)/cypress/psoc creator/2.2/psoc creator/import/gnu_cs/arm/4.4.1/bin/../lib/gcc/arm-none-eabi/4.4.1/thumb2\libgcc.a(_arm_cmpdf2.o)
 .ARM.attributes
                0x000004b9       0x1b c:/program files (x86)/cypress/psoc creator/2.2/psoc creator/import/gnu_cs/arm/4.4.1/bin/../lib/gcc/arm-none-eabi/4.4.1/thumb2\libgcc.a(_arm_fixdfsi.o)
 .ARM.attributes
                0x000004d4       0x1b c:/program files (x86)/cypress/psoc creator/2.2/psoc creator/import/gnu_cs/arm/4.4.1/bin/../lib/gcc/arm-none-eabi/4.4.1/thumb2\libgcc.a(_arm_addsubsf3.o)
 .ARM.attributes
                0x000004ef       0x1b c:/program files (x86)/cypress/psoc creator/2.2/psoc creator/import/gnu_cs/arm/4.4.1/bin/../lib/gcc/arm-none-eabi/4.4.1/thumb2\libgcc.a(_arm_muldivsf3.o)
 .ARM.attributes
                0x0000050a       0x1b c:/program files (x86)/cypress/psoc creator/2.2/psoc creator/import/gnu_cs/arm/4.4.1/bin/../lib/gcc/arm-none-eabi/4.4.1/thumb2\libgcc.a(_arm_fixunssfsi.o)
 .ARM.attributes
                0x00000525       0x29 c:/program files (x86)/cypress/psoc creator/2.2/psoc creator/import/gnu_cs/arm/4.4.1/bin/../lib/gcc/arm-none-eabi/4.4.1/../../../../arm-none-eabi/lib/thumb2\libc.a(lib_a-memcpy.o)
 .ARM.attributes
                0x0000054e       0x29 c:/program files (x86)/cypress/psoc creator/2.2/psoc creator/import/gnu_cs/arm/4.4.1/bin/../lib/gcc/arm-none-eabi/4.4.1/../../../../arm-none-eabi/lib/thumb2\libc.a(lib_a-memset.o)
 .ARM.attributes
                0x00000577       0x29 c:/program files (x86)/cypress/psoc creator/2.2/psoc creator/import/gnu_cs/arm/4.4.1/bin/../lib/gcc/arm-none-eabi/4.4.1/thumb2/crtend.o
 .ARM.attributes
                0x000005a0       0x19 c:/program files (x86)/cypress/psoc creator/2.2/psoc creator/import/gnu_cs/arm/4.4.1/bin/../lib/gcc/arm-none-eabi/4.4.1/thumb2/crtn.o
 .ARM.attributes
                0x000005b9       0x29 c:/program files (x86)/cypress/psoc creator/2.2/psoc creator/import/gnu_cs/arm/4.4.1/bin/../lib/gcc/arm-none-eabi/4.4.1/../../../../arm-none-eabi/lib/thumb2\libcs3.a(start_c.o)
 .ARM.attributes
                0x000005e2       0x19 c:/program files (x86)/cypress/psoc creator/2.2/psoc creator/import/gnu_cs/arm/4.4.1/bin/../lib/gcc/arm-none-eabi/4.4.1/../../../../arm-none-eabi/lib/thumb2\libcs3micro.a(micro_isr_interrupt.o)
 .ARM.attributes
                0x000005fb       0x29 c:/program files (x86)/cypress/psoc creator/2.2/psoc creator/import/gnu_cs/arm/4.4.1/bin/../lib/gcc/arm-none-eabi/4.4.1/../../../../arm-none-eabi/lib/thumb2\libc.a(lib_a-init.o)

/DISCARD/
 *(.note.GNU-stack)
OUTPUT(.\CortexM3\ARM_GCC_441\Debug\invert.elf elf32-littlearm)
