ARM GAS  C:\Users\hoangp\AppData\Local\Temp\cchkzvFe.s 			page 1


   1              		.syntax unified
   2              		.cpu cortex-m3
   3              		.fpu softvfp
   4              		.eabi_attribute 20, 1
   5              		.eabi_attribute 21, 1
   6              		.eabi_attribute 23, 3
   7              		.eabi_attribute 24, 1
   8              		.eabi_attribute 25, 1
   9              		.eabi_attribute 26, 1
  10              		.eabi_attribute 30, 6
  11              		.eabi_attribute 18, 4
  12              		.thumb
  13              		.file	"isr_spark_drq.c"
  14              		.section	.debug_abbrev,"",%progbits
  15              	.Ldebug_abbrev0:
  16              		.section	.debug_info,"",%progbits
  17              	.Ldebug_info0:
  18              		.section	.debug_line,"",%progbits
  19              	.Ldebug_line0:
  20 0000 64010000 		.text
  20      02006500 
  20      00000201 
  20      FB0E0D00 
  20      01010101 
  21              	.Ltext0:
  22              		.cfi_sections	.debug_frame
  23              		.section	.text.isr_spark_drq_Start,"ax",%progbits
  24              		.align	2
  25              		.global	isr_spark_drq_Start
  26              		.thumb
  27              		.thumb_func
  28              		.type	isr_spark_drq_Start, %function
  29              	isr_spark_drq_Start:
  30              	.LFB0:
  31              		.file 1 ".\\Generated_Source\\PSoC5\\isr_spark_drq.c"
   1:.\Generated_Source\PSoC5/isr_spark_drq.c **** /*******************************************************************************
   2:.\Generated_Source\PSoC5/isr_spark_drq.c **** * File Name: isr_spark_drq.c  
   3:.\Generated_Source\PSoC5/isr_spark_drq.c **** * Version 1.70
   4:.\Generated_Source\PSoC5/isr_spark_drq.c **** *
   5:.\Generated_Source\PSoC5/isr_spark_drq.c **** *  Description:
   6:.\Generated_Source\PSoC5/isr_spark_drq.c **** *   API for controlling the state of an interrupt.
   7:.\Generated_Source\PSoC5/isr_spark_drq.c **** *
   8:.\Generated_Source\PSoC5/isr_spark_drq.c **** *
   9:.\Generated_Source\PSoC5/isr_spark_drq.c **** *  Note:
  10:.\Generated_Source\PSoC5/isr_spark_drq.c **** *
  11:.\Generated_Source\PSoC5/isr_spark_drq.c **** ********************************************************************************
  12:.\Generated_Source\PSoC5/isr_spark_drq.c **** * Copyright 2008-2012, Cypress Semiconductor Corporation.  All rights reserved.
  13:.\Generated_Source\PSoC5/isr_spark_drq.c **** * You may use this file only in accordance with the license, terms, conditions, 
  14:.\Generated_Source\PSoC5/isr_spark_drq.c **** * disclaimers, and limitations in the end user license agreement accompanying 
  15:.\Generated_Source\PSoC5/isr_spark_drq.c **** * the software package with which this file was provided.
  16:.\Generated_Source\PSoC5/isr_spark_drq.c **** *******************************************************************************/
  17:.\Generated_Source\PSoC5/isr_spark_drq.c **** 
  18:.\Generated_Source\PSoC5/isr_spark_drq.c **** 
  19:.\Generated_Source\PSoC5/isr_spark_drq.c **** #include <CYDEVICE_TRM.H>
  20:.\Generated_Source\PSoC5/isr_spark_drq.c **** #include <CYLIB.H>
  21:.\Generated_Source\PSoC5/isr_spark_drq.c **** #include <isr_spark_drq.H>
  22:.\Generated_Source\PSoC5/isr_spark_drq.c **** 
ARM GAS  C:\Users\hoangp\AppData\Local\Temp\cchkzvFe.s 			page 2


  23:.\Generated_Source\PSoC5/isr_spark_drq.c **** #if !defined(isr_spark_drq__REMOVED) /* Check for removal by optimization */
  24:.\Generated_Source\PSoC5/isr_spark_drq.c **** 
  25:.\Generated_Source\PSoC5/isr_spark_drq.c **** /*******************************************************************************
  26:.\Generated_Source\PSoC5/isr_spark_drq.c **** *  Place your includes, defines and code here 
  27:.\Generated_Source\PSoC5/isr_spark_drq.c **** ********************************************************************************/
  28:.\Generated_Source\PSoC5/isr_spark_drq.c **** /* `#START isr_spark_drq_intc` */
  29:.\Generated_Source\PSoC5/isr_spark_drq.c **** extern int16 buffvolt;
  30:.\Generated_Source\PSoC5/isr_spark_drq.c **** extern uint32 rmsvolt;
  31:.\Generated_Source\PSoC5/isr_spark_drq.c **** extern uint32 rmsamp;
  32:.\Generated_Source\PSoC5/isr_spark_drq.c **** /* `#END` */
  33:.\Generated_Source\PSoC5/isr_spark_drq.c **** 
  34:.\Generated_Source\PSoC5/isr_spark_drq.c **** #ifndef CYINT_IRQ_BASE
  35:.\Generated_Source\PSoC5/isr_spark_drq.c **** #define CYINT_IRQ_BASE      16
  36:.\Generated_Source\PSoC5/isr_spark_drq.c **** #endif /* CYINT_IRQ_BASE */
  37:.\Generated_Source\PSoC5/isr_spark_drq.c **** #ifndef CYINT_VECT_TABLE
  38:.\Generated_Source\PSoC5/isr_spark_drq.c **** #define CYINT_VECT_TABLE    ((cyisraddress **) CYREG_NVIC_VECT_OFFSET)
  39:.\Generated_Source\PSoC5/isr_spark_drq.c **** #endif /* CYINT_VECT_TABLE */
  40:.\Generated_Source\PSoC5/isr_spark_drq.c **** 
  41:.\Generated_Source\PSoC5/isr_spark_drq.c **** /* Declared in startup, used to set unused interrupts to. */
  42:.\Generated_Source\PSoC5/isr_spark_drq.c **** CY_ISR_PROTO(IntDefaultHandler);
  43:.\Generated_Source\PSoC5/isr_spark_drq.c **** 
  44:.\Generated_Source\PSoC5/isr_spark_drq.c **** 
  45:.\Generated_Source\PSoC5/isr_spark_drq.c **** /*******************************************************************************
  46:.\Generated_Source\PSoC5/isr_spark_drq.c **** * Function Name: isr_spark_drq_Start
  47:.\Generated_Source\PSoC5/isr_spark_drq.c **** ********************************************************************************
  48:.\Generated_Source\PSoC5/isr_spark_drq.c **** *
  49:.\Generated_Source\PSoC5/isr_spark_drq.c **** * Summary:
  50:.\Generated_Source\PSoC5/isr_spark_drq.c **** *  Set up the interrupt and enable it.
  51:.\Generated_Source\PSoC5/isr_spark_drq.c **** *
  52:.\Generated_Source\PSoC5/isr_spark_drq.c **** * Parameters:  
  53:.\Generated_Source\PSoC5/isr_spark_drq.c **** *   None
  54:.\Generated_Source\PSoC5/isr_spark_drq.c **** *
  55:.\Generated_Source\PSoC5/isr_spark_drq.c **** * Return:
  56:.\Generated_Source\PSoC5/isr_spark_drq.c **** *   None
  57:.\Generated_Source\PSoC5/isr_spark_drq.c **** *
  58:.\Generated_Source\PSoC5/isr_spark_drq.c **** *******************************************************************************/
  59:.\Generated_Source\PSoC5/isr_spark_drq.c **** void isr_spark_drq_Start(void)
  60:.\Generated_Source\PSoC5/isr_spark_drq.c **** {
  32              		.loc 1 60 0
  33              		.cfi_startproc
  34              		@ args = 0, pretend = 0, frame = 0
  35              		@ frame_needed = 1, uses_anonymous_args = 0
  36 0000 80B5     		push	{r7, lr}
  37              	.LCFI0:
  38              		.cfi_def_cfa_offset 8
  39 0002 00AF     		add	r7, sp, #0
  40              		.cfi_offset 14, -4
  41              		.cfi_offset 7, -8
  42              	.LCFI1:
  43              		.cfi_def_cfa_register 7
  61:.\Generated_Source\PSoC5/isr_spark_drq.c ****     /* For all we know the interrupt is active. */
  62:.\Generated_Source\PSoC5/isr_spark_drq.c ****     isr_spark_drq_Disable();
  44              		.loc 1 62 0
  45 0004 FFF7FEFF 		bl	isr_spark_drq_Disable
  63:.\Generated_Source\PSoC5/isr_spark_drq.c **** 
  64:.\Generated_Source\PSoC5/isr_spark_drq.c ****     /* Set the ISR to point to the isr_spark_drq Interrupt. */
  65:.\Generated_Source\PSoC5/isr_spark_drq.c ****     isr_spark_drq_SetVector(&isr_spark_drq_Interrupt);
ARM GAS  C:\Users\hoangp\AppData\Local\Temp\cchkzvFe.s 			page 3


  46              		.loc 1 65 0
  47 0008 40F20000 		movw	r0, #:lower16:isr_spark_drq_Interrupt
  48 000c C0F20000 		movt	r0, #:upper16:isr_spark_drq_Interrupt
  49 0010 FFF7FEFF 		bl	isr_spark_drq_SetVector
  66:.\Generated_Source\PSoC5/isr_spark_drq.c **** 
  67:.\Generated_Source\PSoC5/isr_spark_drq.c ****     /* Set the priority. */
  68:.\Generated_Source\PSoC5/isr_spark_drq.c ****     isr_spark_drq_SetPriority((uint8)isr_spark_drq_INTC_PRIOR_NUMBER);
  50              		.loc 1 68 0
  51 0014 4FF00100 		mov	r0, #1
  52 0018 FFF7FEFF 		bl	isr_spark_drq_SetPriority
  69:.\Generated_Source\PSoC5/isr_spark_drq.c **** 
  70:.\Generated_Source\PSoC5/isr_spark_drq.c ****     /* Enable it. */
  71:.\Generated_Source\PSoC5/isr_spark_drq.c ****     isr_spark_drq_Enable();
  53              		.loc 1 71 0
  54 001c FFF7FEFF 		bl	isr_spark_drq_Enable
  72:.\Generated_Source\PSoC5/isr_spark_drq.c **** }
  55              		.loc 1 72 0
  56 0020 80BD     		pop	{r7, pc}
  57              		.cfi_endproc
  58              	.LFE0:
  59              		.size	isr_spark_drq_Start, .-isr_spark_drq_Start
  60 0022 00BF     		.section	.text.isr_spark_drq_StartEx,"ax",%progbits
  61              		.align	2
  62              		.global	isr_spark_drq_StartEx
  63              		.thumb
  64              		.thumb_func
  65              		.type	isr_spark_drq_StartEx, %function
  66              	isr_spark_drq_StartEx:
  67              	.LFB1:
  73:.\Generated_Source\PSoC5/isr_spark_drq.c **** 
  74:.\Generated_Source\PSoC5/isr_spark_drq.c **** 
  75:.\Generated_Source\PSoC5/isr_spark_drq.c **** /*******************************************************************************
  76:.\Generated_Source\PSoC5/isr_spark_drq.c **** * Function Name: isr_spark_drq_StartEx
  77:.\Generated_Source\PSoC5/isr_spark_drq.c **** ********************************************************************************
  78:.\Generated_Source\PSoC5/isr_spark_drq.c **** *
  79:.\Generated_Source\PSoC5/isr_spark_drq.c **** * Summary:
  80:.\Generated_Source\PSoC5/isr_spark_drq.c **** *  Set up the interrupt and enable it.
  81:.\Generated_Source\PSoC5/isr_spark_drq.c **** *
  82:.\Generated_Source\PSoC5/isr_spark_drq.c **** * Parameters:  
  83:.\Generated_Source\PSoC5/isr_spark_drq.c **** *   address: Address of the ISR to set in the interrupt vector table.
  84:.\Generated_Source\PSoC5/isr_spark_drq.c **** *
  85:.\Generated_Source\PSoC5/isr_spark_drq.c **** * Return:
  86:.\Generated_Source\PSoC5/isr_spark_drq.c **** *   None
  87:.\Generated_Source\PSoC5/isr_spark_drq.c **** *
  88:.\Generated_Source\PSoC5/isr_spark_drq.c **** *******************************************************************************/
  89:.\Generated_Source\PSoC5/isr_spark_drq.c **** void isr_spark_drq_StartEx(cyisraddress address)
  90:.\Generated_Source\PSoC5/isr_spark_drq.c **** {
  68              		.loc 1 90 0
  69              		.cfi_startproc
  70              		@ args = 0, pretend = 0, frame = 8
  71              		@ frame_needed = 1, uses_anonymous_args = 0
  72 0000 80B5     		push	{r7, lr}
  73              	.LCFI2:
  74              		.cfi_def_cfa_offset 8
  75 0002 82B0     		sub	sp, sp, #8
  76              	.LCFI3:
  77              		.cfi_def_cfa_offset 16
ARM GAS  C:\Users\hoangp\AppData\Local\Temp\cchkzvFe.s 			page 4


  78 0004 00AF     		add	r7, sp, #0
  79              		.cfi_offset 14, -4
  80              		.cfi_offset 7, -8
  81              	.LCFI4:
  82              		.cfi_def_cfa_register 7
  83 0006 7860     		str	r0, [r7, #4]
  91:.\Generated_Source\PSoC5/isr_spark_drq.c ****     /* For all we know the interrupt is active. */
  92:.\Generated_Source\PSoC5/isr_spark_drq.c ****     isr_spark_drq_Disable();
  84              		.loc 1 92 0
  85 0008 FFF7FEFF 		bl	isr_spark_drq_Disable
  93:.\Generated_Source\PSoC5/isr_spark_drq.c **** 
  94:.\Generated_Source\PSoC5/isr_spark_drq.c ****     /* Set the ISR to point to the isr_spark_drq Interrupt. */
  95:.\Generated_Source\PSoC5/isr_spark_drq.c ****     isr_spark_drq_SetVector(address);
  86              		.loc 1 95 0
  87 000c 7868     		ldr	r0, [r7, #4]
  88 000e FFF7FEFF 		bl	isr_spark_drq_SetVector
  96:.\Generated_Source\PSoC5/isr_spark_drq.c **** 
  97:.\Generated_Source\PSoC5/isr_spark_drq.c ****     /* Set the priority. */
  98:.\Generated_Source\PSoC5/isr_spark_drq.c ****     isr_spark_drq_SetPriority((uint8)isr_spark_drq_INTC_PRIOR_NUMBER);
  89              		.loc 1 98 0
  90 0012 4FF00100 		mov	r0, #1
  91 0016 FFF7FEFF 		bl	isr_spark_drq_SetPriority
  99:.\Generated_Source\PSoC5/isr_spark_drq.c **** 
 100:.\Generated_Source\PSoC5/isr_spark_drq.c ****     /* Enable it. */
 101:.\Generated_Source\PSoC5/isr_spark_drq.c ****     isr_spark_drq_Enable();
  92              		.loc 1 101 0
  93 001a FFF7FEFF 		bl	isr_spark_drq_Enable
 102:.\Generated_Source\PSoC5/isr_spark_drq.c **** }
  94              		.loc 1 102 0
  95 001e 07F10807 		add	r7, r7, #8
  96 0022 BD46     		mov	sp, r7
  97 0024 80BD     		pop	{r7, pc}
  98              		.cfi_endproc
  99              	.LFE1:
 100              		.size	isr_spark_drq_StartEx, .-isr_spark_drq_StartEx
 101 0026 00BF     		.section	.text.isr_spark_drq_Stop,"ax",%progbits
 102              		.align	2
 103              		.global	isr_spark_drq_Stop
 104              		.thumb
 105              		.thumb_func
 106              		.type	isr_spark_drq_Stop, %function
 107              	isr_spark_drq_Stop:
 108              	.LFB2:
 103:.\Generated_Source\PSoC5/isr_spark_drq.c **** 
 104:.\Generated_Source\PSoC5/isr_spark_drq.c **** 
 105:.\Generated_Source\PSoC5/isr_spark_drq.c **** /*******************************************************************************
 106:.\Generated_Source\PSoC5/isr_spark_drq.c **** * Function Name: isr_spark_drq_Stop
 107:.\Generated_Source\PSoC5/isr_spark_drq.c **** ********************************************************************************
 108:.\Generated_Source\PSoC5/isr_spark_drq.c **** *
 109:.\Generated_Source\PSoC5/isr_spark_drq.c **** * Summary:
 110:.\Generated_Source\PSoC5/isr_spark_drq.c **** *   Disables and removes the interrupt.
 111:.\Generated_Source\PSoC5/isr_spark_drq.c **** *
 112:.\Generated_Source\PSoC5/isr_spark_drq.c **** * Parameters:  
 113:.\Generated_Source\PSoC5/isr_spark_drq.c **** *
 114:.\Generated_Source\PSoC5/isr_spark_drq.c **** * Return:
 115:.\Generated_Source\PSoC5/isr_spark_drq.c **** *   None
 116:.\Generated_Source\PSoC5/isr_spark_drq.c **** *
ARM GAS  C:\Users\hoangp\AppData\Local\Temp\cchkzvFe.s 			page 5


 117:.\Generated_Source\PSoC5/isr_spark_drq.c **** *******************************************************************************/
 118:.\Generated_Source\PSoC5/isr_spark_drq.c **** void isr_spark_drq_Stop(void)
 119:.\Generated_Source\PSoC5/isr_spark_drq.c **** {
 109              		.loc 1 119 0
 110              		.cfi_startproc
 111              		@ args = 0, pretend = 0, frame = 0
 112              		@ frame_needed = 1, uses_anonymous_args = 0
 113 0000 80B5     		push	{r7, lr}
 114              	.LCFI5:
 115              		.cfi_def_cfa_offset 8
 116 0002 00AF     		add	r7, sp, #0
 117              		.cfi_offset 14, -4
 118              		.cfi_offset 7, -8
 119              	.LCFI6:
 120              		.cfi_def_cfa_register 7
 120:.\Generated_Source\PSoC5/isr_spark_drq.c ****     /* Disable this interrupt. */
 121:.\Generated_Source\PSoC5/isr_spark_drq.c ****     isr_spark_drq_Disable();
 121              		.loc 1 121 0
 122 0004 FFF7FEFF 		bl	isr_spark_drq_Disable
 122:.\Generated_Source\PSoC5/isr_spark_drq.c **** 
 123:.\Generated_Source\PSoC5/isr_spark_drq.c ****     /* Set the ISR to point to the passive one. */
 124:.\Generated_Source\PSoC5/isr_spark_drq.c ****     isr_spark_drq_SetVector(&IntDefaultHandler);
 123              		.loc 1 124 0
 124 0008 40F20000 		movw	r0, #:lower16:IntDefaultHandler
 125 000c C0F20000 		movt	r0, #:upper16:IntDefaultHandler
 126 0010 FFF7FEFF 		bl	isr_spark_drq_SetVector
 125:.\Generated_Source\PSoC5/isr_spark_drq.c **** }
 127              		.loc 1 125 0
 128 0014 80BD     		pop	{r7, pc}
 129              		.cfi_endproc
 130              	.LFE2:
 131              		.size	isr_spark_drq_Stop, .-isr_spark_drq_Stop
 132 0016 00BF     		.section	.text.isr_spark_drq_Interrupt,"ax",%progbits
 133              		.align	2
 134              		.global	isr_spark_drq_Interrupt
 135              		.thumb
 136              		.thumb_func
 137              		.type	isr_spark_drq_Interrupt, %function
 138              	isr_spark_drq_Interrupt:
 139              	.LFB3:
 126:.\Generated_Source\PSoC5/isr_spark_drq.c **** 
 127:.\Generated_Source\PSoC5/isr_spark_drq.c **** 
 128:.\Generated_Source\PSoC5/isr_spark_drq.c **** /*******************************************************************************
 129:.\Generated_Source\PSoC5/isr_spark_drq.c **** * Function Name: isr_spark_drq_Interrupt
 130:.\Generated_Source\PSoC5/isr_spark_drq.c **** ********************************************************************************
 131:.\Generated_Source\PSoC5/isr_spark_drq.c **** *
 132:.\Generated_Source\PSoC5/isr_spark_drq.c **** * Summary:
 133:.\Generated_Source\PSoC5/isr_spark_drq.c **** *   The default Interrupt Service Routine for isr_spark_drq.
 134:.\Generated_Source\PSoC5/isr_spark_drq.c **** *
 135:.\Generated_Source\PSoC5/isr_spark_drq.c **** *   Add custom code between the coments to keep the next version of this file
 136:.\Generated_Source\PSoC5/isr_spark_drq.c **** *   from over writting your code.
 137:.\Generated_Source\PSoC5/isr_spark_drq.c **** *
 138:.\Generated_Source\PSoC5/isr_spark_drq.c **** * Parameters:  
 139:.\Generated_Source\PSoC5/isr_spark_drq.c **** *
 140:.\Generated_Source\PSoC5/isr_spark_drq.c **** * Return:
 141:.\Generated_Source\PSoC5/isr_spark_drq.c **** *   None
 142:.\Generated_Source\PSoC5/isr_spark_drq.c **** *
ARM GAS  C:\Users\hoangp\AppData\Local\Temp\cchkzvFe.s 			page 6


 143:.\Generated_Source\PSoC5/isr_spark_drq.c **** *******************************************************************************/
 144:.\Generated_Source\PSoC5/isr_spark_drq.c **** CY_ISR(isr_spark_drq_Interrupt)
 145:.\Generated_Source\PSoC5/isr_spark_drq.c **** {
 140              		.loc 1 145 0
 141              		.cfi_startproc
 142              		@ args = 0, pretend = 0, frame = 8
 143              		@ frame_needed = 1, uses_anonymous_args = 0
 144 0000 80B5     		push	{r7, lr}
 145              	.LCFI7:
 146              		.cfi_def_cfa_offset 8
 147 0002 82B0     		sub	sp, sp, #8
 148              	.LCFI8:
 149              		.cfi_def_cfa_offset 16
 150 0004 00AF     		add	r7, sp, #0
 151              		.cfi_offset 14, -4
 152              		.cfi_offset 7, -8
 153              	.LCFI9:
 154              		.cfi_def_cfa_register 7
 146:.\Generated_Source\PSoC5/isr_spark_drq.c ****     /*  Place your Interrupt code here. */
 147:.\Generated_Source\PSoC5/isr_spark_drq.c ****     /* `#START isr_spark_drq_Interrupt` */
 148:.\Generated_Source\PSoC5/isr_spark_drq.c ****     int recbyte=UART_1_GetChar();
 155              		.loc 1 148 0
 156 0006 FFF7FEFF 		bl	UART_1_GetChar
 157 000a 0346     		mov	r3, r0
 158 000c 7B60     		str	r3, [r7, #4]
 149:.\Generated_Source\PSoC5/isr_spark_drq.c **** 
 150:.\Generated_Source\PSoC5/isr_spark_drq.c ****         
 151:.\Generated_Source\PSoC5/isr_spark_drq.c ****         if(recbyte=='V'){
 159              		.loc 1 151 0
 160 000e 7B68     		ldr	r3, [r7, #4]
 161 0010 562B     		cmp	r3, #86
 162 0012 12D1     		bne	.L8
 152:.\Generated_Source\PSoC5/isr_spark_drq.c ****             UART_1_PutChar((rmsvolt>>8));
 163              		.loc 1 152 0
 164 0014 40F20003 		movw	r3, #:lower16:rmsvolt
 165 0018 C0F20003 		movt	r3, #:upper16:rmsvolt
 166 001c 1B68     		ldr	r3, [r3, #0]
 167 001e 4FEA1323 		lsr	r3, r3, #8
 168 0022 1846     		mov	r0, r3
 169 0024 FFF7FEFF 		bl	UART_1_PutChar
 153:.\Generated_Source\PSoC5/isr_spark_drq.c ****             UART_1_PutChar(rmsvolt);
 170              		.loc 1 153 0
 171 0028 40F20003 		movw	r3, #:lower16:rmsvolt
 172 002c C0F20003 		movt	r3, #:upper16:rmsvolt
 173 0030 1B68     		ldr	r3, [r3, #0]
 174 0032 1846     		mov	r0, r3
 175 0034 FFF7FEFF 		bl	UART_1_PutChar
 176 0038 14E0     		b	.L10
 177              	.L8:
 154:.\Generated_Source\PSoC5/isr_spark_drq.c ****             
 155:.\Generated_Source\PSoC5/isr_spark_drq.c ****         }else if(recbyte=='I'){
 178              		.loc 1 155 0
 179 003a 7B68     		ldr	r3, [r7, #4]
 180 003c 492B     		cmp	r3, #73
 181 003e 11D1     		bne	.L10
 156:.\Generated_Source\PSoC5/isr_spark_drq.c ****             UART_1_PutChar((rmsamp>>8));
 182              		.loc 1 156 0
ARM GAS  C:\Users\hoangp\AppData\Local\Temp\cchkzvFe.s 			page 7


 183 0040 40F20003 		movw	r3, #:lower16:rmsamp
 184 0044 C0F20003 		movt	r3, #:upper16:rmsamp
 185 0048 1B68     		ldr	r3, [r3, #0]
 186 004a 4FEA1323 		lsr	r3, r3, #8
 187 004e 1846     		mov	r0, r3
 188 0050 FFF7FEFF 		bl	UART_1_PutChar
 157:.\Generated_Source\PSoC5/isr_spark_drq.c ****             UART_1_PutChar(rmsamp);
 189              		.loc 1 157 0
 190 0054 40F20003 		movw	r3, #:lower16:rmsamp
 191 0058 C0F20003 		movt	r3, #:upper16:rmsamp
 192 005c 1B68     		ldr	r3, [r3, #0]
 193 005e 1846     		mov	r0, r3
 194 0060 FFF7FEFF 		bl	UART_1_PutChar
 195              	.L10:
 158:.\Generated_Source\PSoC5/isr_spark_drq.c ****         
 159:.\Generated_Source\PSoC5/isr_spark_drq.c ****         }
 160:.\Generated_Source\PSoC5/isr_spark_drq.c ****     /* `#END` */
 161:.\Generated_Source\PSoC5/isr_spark_drq.c **** }
 196              		.loc 1 161 0
 197 0064 07F10807 		add	r7, r7, #8
 198 0068 BD46     		mov	sp, r7
 199 006a 80BD     		pop	{r7, pc}
 200              		.cfi_endproc
 201              	.LFE3:
 202              		.size	isr_spark_drq_Interrupt, .-isr_spark_drq_Interrupt
 203              		.section	.text.isr_spark_drq_SetVector,"ax",%progbits
 204              		.align	2
 205              		.global	isr_spark_drq_SetVector
 206              		.thumb
 207              		.thumb_func
 208              		.type	isr_spark_drq_SetVector, %function
 209              	isr_spark_drq_SetVector:
 210              	.LFB4:
 162:.\Generated_Source\PSoC5/isr_spark_drq.c **** 
 163:.\Generated_Source\PSoC5/isr_spark_drq.c **** 
 164:.\Generated_Source\PSoC5/isr_spark_drq.c **** /*******************************************************************************
 165:.\Generated_Source\PSoC5/isr_spark_drq.c **** * Function Name: isr_spark_drq_SetVector
 166:.\Generated_Source\PSoC5/isr_spark_drq.c **** ********************************************************************************
 167:.\Generated_Source\PSoC5/isr_spark_drq.c **** *
 168:.\Generated_Source\PSoC5/isr_spark_drq.c **** * Summary:
 169:.\Generated_Source\PSoC5/isr_spark_drq.c **** *   Change the ISR vector for the Interrupt. Note calling isr_spark_drq_Start
 170:.\Generated_Source\PSoC5/isr_spark_drq.c **** *   will override any effect this method would have had. To set the vector 
 171:.\Generated_Source\PSoC5/isr_spark_drq.c **** *   before the component has been started use isr_spark_drq_StartEx instead.
 172:.\Generated_Source\PSoC5/isr_spark_drq.c **** *
 173:.\Generated_Source\PSoC5/isr_spark_drq.c **** * Parameters:
 174:.\Generated_Source\PSoC5/isr_spark_drq.c **** *   address: Address of the ISR to set in the interrupt vector table.
 175:.\Generated_Source\PSoC5/isr_spark_drq.c **** *
 176:.\Generated_Source\PSoC5/isr_spark_drq.c **** * Return:
 177:.\Generated_Source\PSoC5/isr_spark_drq.c **** *   None
 178:.\Generated_Source\PSoC5/isr_spark_drq.c **** *
 179:.\Generated_Source\PSoC5/isr_spark_drq.c **** *******************************************************************************/
 180:.\Generated_Source\PSoC5/isr_spark_drq.c **** void isr_spark_drq_SetVector(cyisraddress address)
 181:.\Generated_Source\PSoC5/isr_spark_drq.c **** {
 211              		.loc 1 181 0
 212              		.cfi_startproc
 213              		@ args = 0, pretend = 0, frame = 16
 214              		@ frame_needed = 1, uses_anonymous_args = 0
ARM GAS  C:\Users\hoangp\AppData\Local\Temp\cchkzvFe.s 			page 8


 215              		@ link register save eliminated.
 216 0000 80B4     		push	{r7}
 217              	.LCFI10:
 218              		.cfi_def_cfa_offset 4
 219 0002 85B0     		sub	sp, sp, #20
 220              	.LCFI11:
 221              		.cfi_def_cfa_offset 24
 222 0004 00AF     		add	r7, sp, #0
 223              		.cfi_offset 7, -4
 224              	.LCFI12:
 225              		.cfi_def_cfa_register 7
 226 0006 7860     		str	r0, [r7, #4]
 182:.\Generated_Source\PSoC5/isr_spark_drq.c ****     cyisraddress * ramVectorTable;
 183:.\Generated_Source\PSoC5/isr_spark_drq.c **** 
 184:.\Generated_Source\PSoC5/isr_spark_drq.c ****     ramVectorTable = (cyisraddress *) *CYINT_VECT_TABLE;
 227              		.loc 1 184 0
 228 0008 4EF60853 		movw	r3, #:lower16:-536810232
 229 000c CEF20003 		movt	r3, #:upper16:-536810232
 230 0010 1B68     		ldr	r3, [r3, #0]
 231 0012 FB60     		str	r3, [r7, #12]
 185:.\Generated_Source\PSoC5/isr_spark_drq.c **** 
 186:.\Generated_Source\PSoC5/isr_spark_drq.c ****     ramVectorTable[CYINT_IRQ_BASE + (uint32)isr_spark_drq__INTC_NUMBER] = address;
 232              		.loc 1 186 0
 233 0014 FB68     		ldr	r3, [r7, #12]
 234 0016 03F14403 		add	r3, r3, #68
 235 001a 7A68     		ldr	r2, [r7, #4]
 236 001c 1A60     		str	r2, [r3, #0]
 187:.\Generated_Source\PSoC5/isr_spark_drq.c **** }
 237              		.loc 1 187 0
 238 001e 07F11407 		add	r7, r7, #20
 239 0022 BD46     		mov	sp, r7
 240 0024 80BC     		pop	{r7}
 241 0026 7047     		bx	lr
 242              		.cfi_endproc
 243              	.LFE4:
 244              		.size	isr_spark_drq_SetVector, .-isr_spark_drq_SetVector
 245              		.section	.text.isr_spark_drq_GetVector,"ax",%progbits
 246              		.align	2
 247              		.global	isr_spark_drq_GetVector
 248              		.thumb
 249              		.thumb_func
 250              		.type	isr_spark_drq_GetVector, %function
 251              	isr_spark_drq_GetVector:
 252              	.LFB5:
 188:.\Generated_Source\PSoC5/isr_spark_drq.c **** 
 189:.\Generated_Source\PSoC5/isr_spark_drq.c **** 
 190:.\Generated_Source\PSoC5/isr_spark_drq.c **** /*******************************************************************************
 191:.\Generated_Source\PSoC5/isr_spark_drq.c **** * Function Name: isr_spark_drq_GetVector
 192:.\Generated_Source\PSoC5/isr_spark_drq.c **** ********************************************************************************
 193:.\Generated_Source\PSoC5/isr_spark_drq.c **** *
 194:.\Generated_Source\PSoC5/isr_spark_drq.c **** * Summary:
 195:.\Generated_Source\PSoC5/isr_spark_drq.c **** *   Gets the "address" of the current ISR vector for the Interrupt.
 196:.\Generated_Source\PSoC5/isr_spark_drq.c **** *
 197:.\Generated_Source\PSoC5/isr_spark_drq.c **** * Parameters:
 198:.\Generated_Source\PSoC5/isr_spark_drq.c **** *   None
 199:.\Generated_Source\PSoC5/isr_spark_drq.c **** *
 200:.\Generated_Source\PSoC5/isr_spark_drq.c **** * Return:
ARM GAS  C:\Users\hoangp\AppData\Local\Temp\cchkzvFe.s 			page 9


 201:.\Generated_Source\PSoC5/isr_spark_drq.c **** *   Address of the ISR in the interrupt vector table.
 202:.\Generated_Source\PSoC5/isr_spark_drq.c **** *
 203:.\Generated_Source\PSoC5/isr_spark_drq.c **** *******************************************************************************/
 204:.\Generated_Source\PSoC5/isr_spark_drq.c **** cyisraddress isr_spark_drq_GetVector(void)
 205:.\Generated_Source\PSoC5/isr_spark_drq.c **** {
 253              		.loc 1 205 0
 254              		.cfi_startproc
 255              		@ args = 0, pretend = 0, frame = 8
 256              		@ frame_needed = 1, uses_anonymous_args = 0
 257              		@ link register save eliminated.
 258 0000 80B4     		push	{r7}
 259              	.LCFI13:
 260              		.cfi_def_cfa_offset 4
 261 0002 83B0     		sub	sp, sp, #12
 262              	.LCFI14:
 263              		.cfi_def_cfa_offset 16
 264 0004 00AF     		add	r7, sp, #0
 265              		.cfi_offset 7, -4
 266              	.LCFI15:
 267              		.cfi_def_cfa_register 7
 206:.\Generated_Source\PSoC5/isr_spark_drq.c ****     cyisraddress * ramVectorTable;
 207:.\Generated_Source\PSoC5/isr_spark_drq.c **** 
 208:.\Generated_Source\PSoC5/isr_spark_drq.c ****     ramVectorTable = (cyisraddress *) *CYINT_VECT_TABLE;
 268              		.loc 1 208 0
 269 0006 4EF60853 		movw	r3, #:lower16:-536810232
 270 000a CEF20003 		movt	r3, #:upper16:-536810232
 271 000e 1B68     		ldr	r3, [r3, #0]
 272 0010 7B60     		str	r3, [r7, #4]
 209:.\Generated_Source\PSoC5/isr_spark_drq.c **** 
 210:.\Generated_Source\PSoC5/isr_spark_drq.c ****     return ramVectorTable[CYINT_IRQ_BASE + (uint32)isr_spark_drq__INTC_NUMBER];
 273              		.loc 1 210 0
 274 0012 7B68     		ldr	r3, [r7, #4]
 275 0014 03F14403 		add	r3, r3, #68
 276 0018 1B68     		ldr	r3, [r3, #0]
 211:.\Generated_Source\PSoC5/isr_spark_drq.c **** }
 277              		.loc 1 211 0
 278 001a 1846     		mov	r0, r3
 279 001c 07F10C07 		add	r7, r7, #12
 280 0020 BD46     		mov	sp, r7
 281 0022 80BC     		pop	{r7}
 282 0024 7047     		bx	lr
 283              		.cfi_endproc
 284              	.LFE5:
 285              		.size	isr_spark_drq_GetVector, .-isr_spark_drq_GetVector
 286 0026 00BF     		.section	.text.isr_spark_drq_SetPriority,"ax",%progbits
 287              		.align	2
 288              		.global	isr_spark_drq_SetPriority
 289              		.thumb
 290              		.thumb_func
 291              		.type	isr_spark_drq_SetPriority, %function
 292              	isr_spark_drq_SetPriority:
 293              	.LFB6:
 212:.\Generated_Source\PSoC5/isr_spark_drq.c **** 
 213:.\Generated_Source\PSoC5/isr_spark_drq.c **** 
 214:.\Generated_Source\PSoC5/isr_spark_drq.c **** /*******************************************************************************
 215:.\Generated_Source\PSoC5/isr_spark_drq.c **** * Function Name: isr_spark_drq_SetPriority
 216:.\Generated_Source\PSoC5/isr_spark_drq.c **** ********************************************************************************
ARM GAS  C:\Users\hoangp\AppData\Local\Temp\cchkzvFe.s 			page 10


 217:.\Generated_Source\PSoC5/isr_spark_drq.c **** *
 218:.\Generated_Source\PSoC5/isr_spark_drq.c **** * Summary:
 219:.\Generated_Source\PSoC5/isr_spark_drq.c **** *   Sets the Priority of the Interrupt. Note calling isr_spark_drq_Start
 220:.\Generated_Source\PSoC5/isr_spark_drq.c **** *   or isr_spark_drq_StartEx will override any effect this method 
 221:.\Generated_Source\PSoC5/isr_spark_drq.c **** *   would have had. This method should only be called after 
 222:.\Generated_Source\PSoC5/isr_spark_drq.c **** *   isr_spark_drq_Start or isr_spark_drq_StartEx has been called. To set 
 223:.\Generated_Source\PSoC5/isr_spark_drq.c **** *   the initial priority for the component use the cydwr file in the tool.
 224:.\Generated_Source\PSoC5/isr_spark_drq.c **** *
 225:.\Generated_Source\PSoC5/isr_spark_drq.c **** * Parameters:
 226:.\Generated_Source\PSoC5/isr_spark_drq.c **** *   priority: Priority of the interrupt. 0 - 7, 0 being the highest.
 227:.\Generated_Source\PSoC5/isr_spark_drq.c **** *
 228:.\Generated_Source\PSoC5/isr_spark_drq.c **** * Return:
 229:.\Generated_Source\PSoC5/isr_spark_drq.c **** *   None
 230:.\Generated_Source\PSoC5/isr_spark_drq.c **** *
 231:.\Generated_Source\PSoC5/isr_spark_drq.c **** *******************************************************************************/
 232:.\Generated_Source\PSoC5/isr_spark_drq.c **** void isr_spark_drq_SetPriority(uint8 priority)
 233:.\Generated_Source\PSoC5/isr_spark_drq.c **** {
 294              		.loc 1 233 0
 295              		.cfi_startproc
 296              		@ args = 0, pretend = 0, frame = 8
 297              		@ frame_needed = 1, uses_anonymous_args = 0
 298              		@ link register save eliminated.
 299 0000 80B4     		push	{r7}
 300              	.LCFI16:
 301              		.cfi_def_cfa_offset 4
 302 0002 83B0     		sub	sp, sp, #12
 303              	.LCFI17:
 304              		.cfi_def_cfa_offset 16
 305 0004 00AF     		add	r7, sp, #0
 306              		.cfi_offset 7, -4
 307              	.LCFI18:
 308              		.cfi_def_cfa_register 7
 309 0006 0346     		mov	r3, r0
 310 0008 FB71     		strb	r3, [r7, #7]
 234:.\Generated_Source\PSoC5/isr_spark_drq.c ****     *isr_spark_drq_INTC_PRIOR = priority << 5;
 311              		.loc 1 234 0
 312 000a 4EF20143 		movw	r3, #:lower16:-536812543
 313 000e CEF20003 		movt	r3, #:upper16:-536812543
 314 0012 FA79     		ldrb	r2, [r7, #7]
 315 0014 4FEA4212 		lsl	r2, r2, #5
 316 0018 D2B2     		uxtb	r2, r2
 317 001a 1A70     		strb	r2, [r3, #0]
 235:.\Generated_Source\PSoC5/isr_spark_drq.c **** }
 318              		.loc 1 235 0
 319 001c 07F10C07 		add	r7, r7, #12
 320 0020 BD46     		mov	sp, r7
 321 0022 80BC     		pop	{r7}
 322 0024 7047     		bx	lr
 323              		.cfi_endproc
 324              	.LFE6:
 325              		.size	isr_spark_drq_SetPriority, .-isr_spark_drq_SetPriority
 326 0026 00BF     		.section	.text.isr_spark_drq_GetPriority,"ax",%progbits
 327              		.align	2
 328              		.global	isr_spark_drq_GetPriority
 329              		.thumb
 330              		.thumb_func
 331              		.type	isr_spark_drq_GetPriority, %function
ARM GAS  C:\Users\hoangp\AppData\Local\Temp\cchkzvFe.s 			page 11


 332              	isr_spark_drq_GetPriority:
 333              	.LFB7:
 236:.\Generated_Source\PSoC5/isr_spark_drq.c **** 
 237:.\Generated_Source\PSoC5/isr_spark_drq.c **** 
 238:.\Generated_Source\PSoC5/isr_spark_drq.c **** /*******************************************************************************
 239:.\Generated_Source\PSoC5/isr_spark_drq.c **** * Function Name: isr_spark_drq_GetPriority
 240:.\Generated_Source\PSoC5/isr_spark_drq.c **** ********************************************************************************
 241:.\Generated_Source\PSoC5/isr_spark_drq.c **** *
 242:.\Generated_Source\PSoC5/isr_spark_drq.c **** * Summary:
 243:.\Generated_Source\PSoC5/isr_spark_drq.c **** *   Gets the Priority of the Interrupt.
 244:.\Generated_Source\PSoC5/isr_spark_drq.c **** *
 245:.\Generated_Source\PSoC5/isr_spark_drq.c **** * Parameters:
 246:.\Generated_Source\PSoC5/isr_spark_drq.c **** *   None
 247:.\Generated_Source\PSoC5/isr_spark_drq.c **** *
 248:.\Generated_Source\PSoC5/isr_spark_drq.c **** * Return:
 249:.\Generated_Source\PSoC5/isr_spark_drq.c **** *   Priority of the interrupt. 0 - 7, 0 being the highest.
 250:.\Generated_Source\PSoC5/isr_spark_drq.c **** *
 251:.\Generated_Source\PSoC5/isr_spark_drq.c **** *******************************************************************************/
 252:.\Generated_Source\PSoC5/isr_spark_drq.c **** uint8 isr_spark_drq_GetPriority(void)
 253:.\Generated_Source\PSoC5/isr_spark_drq.c **** {
 334              		.loc 1 253 0
 335              		.cfi_startproc
 336              		@ args = 0, pretend = 0, frame = 8
 337              		@ frame_needed = 1, uses_anonymous_args = 0
 338              		@ link register save eliminated.
 339 0000 80B4     		push	{r7}
 340              	.LCFI19:
 341              		.cfi_def_cfa_offset 4
 342 0002 83B0     		sub	sp, sp, #12
 343              	.LCFI20:
 344              		.cfi_def_cfa_offset 16
 345 0004 00AF     		add	r7, sp, #0
 346              		.cfi_offset 7, -4
 347              	.LCFI21:
 348              		.cfi_def_cfa_register 7
 254:.\Generated_Source\PSoC5/isr_spark_drq.c ****     uint8 priority;
 255:.\Generated_Source\PSoC5/isr_spark_drq.c **** 
 256:.\Generated_Source\PSoC5/isr_spark_drq.c **** 
 257:.\Generated_Source\PSoC5/isr_spark_drq.c ****     priority = *isr_spark_drq_INTC_PRIOR >> 5;
 349              		.loc 1 257 0
 350 0006 4EF20143 		movw	r3, #:lower16:-536812543
 351 000a CEF20003 		movt	r3, #:upper16:-536812543
 352 000e 1B78     		ldrb	r3, [r3, #0]
 353 0010 DBB2     		uxtb	r3, r3
 354 0012 4FEA5313 		lsr	r3, r3, #5
 355 0016 FB71     		strb	r3, [r7, #7]
 258:.\Generated_Source\PSoC5/isr_spark_drq.c **** 
 259:.\Generated_Source\PSoC5/isr_spark_drq.c ****     return priority;
 356              		.loc 1 259 0
 357 0018 FB79     		ldrb	r3, [r7, #7]	@ zero_extendqisi2
 260:.\Generated_Source\PSoC5/isr_spark_drq.c **** }
 358              		.loc 1 260 0
 359 001a 1846     		mov	r0, r3
 360 001c 07F10C07 		add	r7, r7, #12
 361 0020 BD46     		mov	sp, r7
 362 0022 80BC     		pop	{r7}
 363 0024 7047     		bx	lr
ARM GAS  C:\Users\hoangp\AppData\Local\Temp\cchkzvFe.s 			page 12


 364              		.cfi_endproc
 365              	.LFE7:
 366              		.size	isr_spark_drq_GetPriority, .-isr_spark_drq_GetPriority
 367 0026 00BF     		.section	.text.isr_spark_drq_Enable,"ax",%progbits
 368              		.align	2
 369              		.global	isr_spark_drq_Enable
 370              		.thumb
 371              		.thumb_func
 372              		.type	isr_spark_drq_Enable, %function
 373              	isr_spark_drq_Enable:
 374              	.LFB8:
 261:.\Generated_Source\PSoC5/isr_spark_drq.c **** 
 262:.\Generated_Source\PSoC5/isr_spark_drq.c **** 
 263:.\Generated_Source\PSoC5/isr_spark_drq.c **** /*******************************************************************************
 264:.\Generated_Source\PSoC5/isr_spark_drq.c **** * Function Name: isr_spark_drq_Enable
 265:.\Generated_Source\PSoC5/isr_spark_drq.c **** ********************************************************************************
 266:.\Generated_Source\PSoC5/isr_spark_drq.c **** *
 267:.\Generated_Source\PSoC5/isr_spark_drq.c **** * Summary:
 268:.\Generated_Source\PSoC5/isr_spark_drq.c **** *   Enables the interrupt.
 269:.\Generated_Source\PSoC5/isr_spark_drq.c **** *
 270:.\Generated_Source\PSoC5/isr_spark_drq.c **** * Parameters:
 271:.\Generated_Source\PSoC5/isr_spark_drq.c **** *   None
 272:.\Generated_Source\PSoC5/isr_spark_drq.c **** *
 273:.\Generated_Source\PSoC5/isr_spark_drq.c **** * Return:
 274:.\Generated_Source\PSoC5/isr_spark_drq.c **** *   None
 275:.\Generated_Source\PSoC5/isr_spark_drq.c **** *
 276:.\Generated_Source\PSoC5/isr_spark_drq.c **** *******************************************************************************/
 277:.\Generated_Source\PSoC5/isr_spark_drq.c **** void isr_spark_drq_Enable(void)
 278:.\Generated_Source\PSoC5/isr_spark_drq.c **** {
 375              		.loc 1 278 0
 376              		.cfi_startproc
 377              		@ args = 0, pretend = 0, frame = 0
 378              		@ frame_needed = 1, uses_anonymous_args = 0
 379              		@ link register save eliminated.
 380 0000 80B4     		push	{r7}
 381              	.LCFI22:
 382              		.cfi_def_cfa_offset 4
 383 0002 00AF     		add	r7, sp, #0
 384              		.cfi_offset 7, -4
 385              	.LCFI23:
 386              		.cfi_def_cfa_register 7
 279:.\Generated_Source\PSoC5/isr_spark_drq.c ****     /* Enable the general interrupt. */
 280:.\Generated_Source\PSoC5/isr_spark_drq.c ****     *isr_spark_drq_INTC_SET_EN = isr_spark_drq__INTC_MASK;
 387              		.loc 1 280 0
 388 0004 4EF20013 		movw	r3, #:lower16:-536813312
 389 0008 CEF20003 		movt	r3, #:upper16:-536813312
 390 000c 4FF00202 		mov	r2, #2
 391 0010 1A60     		str	r2, [r3, #0]
 281:.\Generated_Source\PSoC5/isr_spark_drq.c **** }
 392              		.loc 1 281 0
 393 0012 BD46     		mov	sp, r7
 394 0014 80BC     		pop	{r7}
 395 0016 7047     		bx	lr
 396              		.cfi_endproc
 397              	.LFE8:
 398              		.size	isr_spark_drq_Enable, .-isr_spark_drq_Enable
 399              		.section	.text.isr_spark_drq_GetState,"ax",%progbits
ARM GAS  C:\Users\hoangp\AppData\Local\Temp\cchkzvFe.s 			page 13


 400              		.align	2
 401              		.global	isr_spark_drq_GetState
 402              		.thumb
 403              		.thumb_func
 404              		.type	isr_spark_drq_GetState, %function
 405              	isr_spark_drq_GetState:
 406              	.LFB9:
 282:.\Generated_Source\PSoC5/isr_spark_drq.c **** 
 283:.\Generated_Source\PSoC5/isr_spark_drq.c **** 
 284:.\Generated_Source\PSoC5/isr_spark_drq.c **** /*******************************************************************************
 285:.\Generated_Source\PSoC5/isr_spark_drq.c **** * Function Name: isr_spark_drq_GetState
 286:.\Generated_Source\PSoC5/isr_spark_drq.c **** ********************************************************************************
 287:.\Generated_Source\PSoC5/isr_spark_drq.c **** *
 288:.\Generated_Source\PSoC5/isr_spark_drq.c **** * Summary:
 289:.\Generated_Source\PSoC5/isr_spark_drq.c **** *   Gets the state (enabled, disabled) of the Interrupt.
 290:.\Generated_Source\PSoC5/isr_spark_drq.c **** *
 291:.\Generated_Source\PSoC5/isr_spark_drq.c **** * Parameters:
 292:.\Generated_Source\PSoC5/isr_spark_drq.c **** *   None
 293:.\Generated_Source\PSoC5/isr_spark_drq.c **** *
 294:.\Generated_Source\PSoC5/isr_spark_drq.c **** * Return:
 295:.\Generated_Source\PSoC5/isr_spark_drq.c **** *   1 if enabled, 0 if disabled.
 296:.\Generated_Source\PSoC5/isr_spark_drq.c **** *
 297:.\Generated_Source\PSoC5/isr_spark_drq.c **** *******************************************************************************/
 298:.\Generated_Source\PSoC5/isr_spark_drq.c **** uint8 isr_spark_drq_GetState(void)
 299:.\Generated_Source\PSoC5/isr_spark_drq.c **** {
 407              		.loc 1 299 0
 408              		.cfi_startproc
 409              		@ args = 0, pretend = 0, frame = 0
 410              		@ frame_needed = 1, uses_anonymous_args = 0
 411              		@ link register save eliminated.
 412 0000 80B4     		push	{r7}
 413              	.LCFI24:
 414              		.cfi_def_cfa_offset 4
 415 0002 00AF     		add	r7, sp, #0
 416              		.cfi_offset 7, -4
 417              	.LCFI25:
 418              		.cfi_def_cfa_register 7
 300:.\Generated_Source\PSoC5/isr_spark_drq.c ****     /* Get the state of the general interrupt. */
 301:.\Generated_Source\PSoC5/isr_spark_drq.c ****     return ((*isr_spark_drq_INTC_SET_EN & (uint32)isr_spark_drq__INTC_MASK) != 0u) ? 1u:0u;
 419              		.loc 1 301 0
 420 0004 4EF20013 		movw	r3, #:lower16:-536813312
 421 0008 CEF20003 		movt	r3, #:upper16:-536813312
 422 000c 1B68     		ldr	r3, [r3, #0]
 423 000e 03F00203 		and	r3, r3, #2
 424 0012 002B     		cmp	r3, #0
 425 0014 02D0     		beq	.L22
 426 0016 4FF00103 		mov	r3, #1
 427 001a 01E0     		b	.L23
 428              	.L22:
 429 001c 4FF00003 		mov	r3, #0
 430              	.L23:
 302:.\Generated_Source\PSoC5/isr_spark_drq.c **** }
 431              		.loc 1 302 0
 432 0020 1846     		mov	r0, r3
 433 0022 BD46     		mov	sp, r7
 434 0024 80BC     		pop	{r7}
 435 0026 7047     		bx	lr
ARM GAS  C:\Users\hoangp\AppData\Local\Temp\cchkzvFe.s 			page 14


 436              		.cfi_endproc
 437              	.LFE9:
 438              		.size	isr_spark_drq_GetState, .-isr_spark_drq_GetState
 439              		.section	.text.isr_spark_drq_Disable,"ax",%progbits
 440              		.align	2
 441              		.global	isr_spark_drq_Disable
 442              		.thumb
 443              		.thumb_func
 444              		.type	isr_spark_drq_Disable, %function
 445              	isr_spark_drq_Disable:
 446              	.LFB10:
 303:.\Generated_Source\PSoC5/isr_spark_drq.c **** 
 304:.\Generated_Source\PSoC5/isr_spark_drq.c **** 
 305:.\Generated_Source\PSoC5/isr_spark_drq.c **** /*******************************************************************************
 306:.\Generated_Source\PSoC5/isr_spark_drq.c **** * Function Name: isr_spark_drq_Disable
 307:.\Generated_Source\PSoC5/isr_spark_drq.c **** ********************************************************************************
 308:.\Generated_Source\PSoC5/isr_spark_drq.c **** *
 309:.\Generated_Source\PSoC5/isr_spark_drq.c **** * Summary:
 310:.\Generated_Source\PSoC5/isr_spark_drq.c **** *   Disables the Interrupt.
 311:.\Generated_Source\PSoC5/isr_spark_drq.c **** *
 312:.\Generated_Source\PSoC5/isr_spark_drq.c **** * Parameters:
 313:.\Generated_Source\PSoC5/isr_spark_drq.c **** *   None
 314:.\Generated_Source\PSoC5/isr_spark_drq.c **** *
 315:.\Generated_Source\PSoC5/isr_spark_drq.c **** * Return:
 316:.\Generated_Source\PSoC5/isr_spark_drq.c **** *   None
 317:.\Generated_Source\PSoC5/isr_spark_drq.c **** *
 318:.\Generated_Source\PSoC5/isr_spark_drq.c **** *******************************************************************************/
 319:.\Generated_Source\PSoC5/isr_spark_drq.c **** void isr_spark_drq_Disable(void)
 320:.\Generated_Source\PSoC5/isr_spark_drq.c **** {
 447              		.loc 1 320 0
 448              		.cfi_startproc
 449              		@ args = 0, pretend = 0, frame = 0
 450              		@ frame_needed = 1, uses_anonymous_args = 0
 451              		@ link register save eliminated.
 452 0000 80B4     		push	{r7}
 453              	.LCFI26:
 454              		.cfi_def_cfa_offset 4
 455 0002 00AF     		add	r7, sp, #0
 456              		.cfi_offset 7, -4
 457              	.LCFI27:
 458              		.cfi_def_cfa_register 7
 321:.\Generated_Source\PSoC5/isr_spark_drq.c ****     /* Disable the general interrupt. */
 322:.\Generated_Source\PSoC5/isr_spark_drq.c ****     *isr_spark_drq_INTC_CLR_EN = isr_spark_drq__INTC_MASK;
 459              		.loc 1 322 0
 460 0004 4EF28013 		movw	r3, #:lower16:-536813184
 461 0008 CEF20003 		movt	r3, #:upper16:-536813184
 462 000c 4FF00202 		mov	r2, #2
 463 0010 1A60     		str	r2, [r3, #0]
 323:.\Generated_Source\PSoC5/isr_spark_drq.c **** }
 464              		.loc 1 323 0
 465 0012 BD46     		mov	sp, r7
 466 0014 80BC     		pop	{r7}
 467 0016 7047     		bx	lr
 468              		.cfi_endproc
 469              	.LFE10:
 470              		.size	isr_spark_drq_Disable, .-isr_spark_drq_Disable
 471              		.section	.text.isr_spark_drq_SetPending,"ax",%progbits
ARM GAS  C:\Users\hoangp\AppData\Local\Temp\cchkzvFe.s 			page 15


 472              		.align	2
 473              		.global	isr_spark_drq_SetPending
 474              		.thumb
 475              		.thumb_func
 476              		.type	isr_spark_drq_SetPending, %function
 477              	isr_spark_drq_SetPending:
 478              	.LFB11:
 324:.\Generated_Source\PSoC5/isr_spark_drq.c **** 
 325:.\Generated_Source\PSoC5/isr_spark_drq.c **** 
 326:.\Generated_Source\PSoC5/isr_spark_drq.c **** /*******************************************************************************
 327:.\Generated_Source\PSoC5/isr_spark_drq.c **** * Function Name: isr_spark_drq_SetPending
 328:.\Generated_Source\PSoC5/isr_spark_drq.c **** ********************************************************************************
 329:.\Generated_Source\PSoC5/isr_spark_drq.c **** *
 330:.\Generated_Source\PSoC5/isr_spark_drq.c **** * Summary:
 331:.\Generated_Source\PSoC5/isr_spark_drq.c **** *   Causes the Interrupt to enter the pending state, a software method of
 332:.\Generated_Source\PSoC5/isr_spark_drq.c **** *   generating the interrupt.
 333:.\Generated_Source\PSoC5/isr_spark_drq.c **** *
 334:.\Generated_Source\PSoC5/isr_spark_drq.c **** * Parameters:
 335:.\Generated_Source\PSoC5/isr_spark_drq.c **** *   None
 336:.\Generated_Source\PSoC5/isr_spark_drq.c **** *
 337:.\Generated_Source\PSoC5/isr_spark_drq.c **** * Return:
 338:.\Generated_Source\PSoC5/isr_spark_drq.c **** *   None
 339:.\Generated_Source\PSoC5/isr_spark_drq.c **** *
 340:.\Generated_Source\PSoC5/isr_spark_drq.c **** *******************************************************************************/
 341:.\Generated_Source\PSoC5/isr_spark_drq.c **** void isr_spark_drq_SetPending(void)
 342:.\Generated_Source\PSoC5/isr_spark_drq.c **** {
 479              		.loc 1 342 0
 480              		.cfi_startproc
 481              		@ args = 0, pretend = 0, frame = 0
 482              		@ frame_needed = 1, uses_anonymous_args = 0
 483              		@ link register save eliminated.
 484 0000 80B4     		push	{r7}
 485              	.LCFI28:
 486              		.cfi_def_cfa_offset 4
 487 0002 00AF     		add	r7, sp, #0
 488              		.cfi_offset 7, -4
 489              	.LCFI29:
 490              		.cfi_def_cfa_register 7
 343:.\Generated_Source\PSoC5/isr_spark_drq.c ****     *isr_spark_drq_INTC_SET_PD = isr_spark_drq__INTC_MASK;
 491              		.loc 1 343 0
 492 0004 4EF20023 		movw	r3, #:lower16:-536813056
 493 0008 CEF20003 		movt	r3, #:upper16:-536813056
 494 000c 4FF00202 		mov	r2, #2
 495 0010 1A60     		str	r2, [r3, #0]
 344:.\Generated_Source\PSoC5/isr_spark_drq.c **** }
 496              		.loc 1 344 0
 497 0012 BD46     		mov	sp, r7
 498 0014 80BC     		pop	{r7}
 499 0016 7047     		bx	lr
 500              		.cfi_endproc
 501              	.LFE11:
 502              		.size	isr_spark_drq_SetPending, .-isr_spark_drq_SetPending
 503              		.section	.text.isr_spark_drq_ClearPending,"ax",%progbits
 504              		.align	2
 505              		.global	isr_spark_drq_ClearPending
 506              		.thumb
 507              		.thumb_func
ARM GAS  C:\Users\hoangp\AppData\Local\Temp\cchkzvFe.s 			page 16


 508              		.type	isr_spark_drq_ClearPending, %function
 509              	isr_spark_drq_ClearPending:
 510              	.LFB12:
 345:.\Generated_Source\PSoC5/isr_spark_drq.c **** 
 346:.\Generated_Source\PSoC5/isr_spark_drq.c **** 
 347:.\Generated_Source\PSoC5/isr_spark_drq.c **** /*******************************************************************************
 348:.\Generated_Source\PSoC5/isr_spark_drq.c **** * Function Name: isr_spark_drq_ClearPending
 349:.\Generated_Source\PSoC5/isr_spark_drq.c **** ********************************************************************************
 350:.\Generated_Source\PSoC5/isr_spark_drq.c **** *
 351:.\Generated_Source\PSoC5/isr_spark_drq.c **** * Summary:
 352:.\Generated_Source\PSoC5/isr_spark_drq.c **** *   Clears a pending interrupt.
 353:.\Generated_Source\PSoC5/isr_spark_drq.c **** *
 354:.\Generated_Source\PSoC5/isr_spark_drq.c **** * Parameters:
 355:.\Generated_Source\PSoC5/isr_spark_drq.c **** *   None
 356:.\Generated_Source\PSoC5/isr_spark_drq.c **** *
 357:.\Generated_Source\PSoC5/isr_spark_drq.c **** * Return:
 358:.\Generated_Source\PSoC5/isr_spark_drq.c **** *   None
 359:.\Generated_Source\PSoC5/isr_spark_drq.c **** *
 360:.\Generated_Source\PSoC5/isr_spark_drq.c **** *******************************************************************************/
 361:.\Generated_Source\PSoC5/isr_spark_drq.c **** void isr_spark_drq_ClearPending(void)
 362:.\Generated_Source\PSoC5/isr_spark_drq.c **** {
 511              		.loc 1 362 0
 512              		.cfi_startproc
 513              		@ args = 0, pretend = 0, frame = 0
 514              		@ frame_needed = 1, uses_anonymous_args = 0
 515              		@ link register save eliminated.
 516 0000 80B4     		push	{r7}
 517              	.LCFI30:
 518              		.cfi_def_cfa_offset 4
 519 0002 00AF     		add	r7, sp, #0
 520              		.cfi_offset 7, -4
 521              	.LCFI31:
 522              		.cfi_def_cfa_register 7
 363:.\Generated_Source\PSoC5/isr_spark_drq.c ****     *isr_spark_drq_INTC_CLR_PD = isr_spark_drq__INTC_MASK;
 523              		.loc 1 363 0
 524 0004 4EF28023 		movw	r3, #:lower16:-536812928
 525 0008 CEF20003 		movt	r3, #:upper16:-536812928
 526 000c 4FF00202 		mov	r2, #2
 527 0010 1A60     		str	r2, [r3, #0]
 364:.\Generated_Source\PSoC5/isr_spark_drq.c **** }
 528              		.loc 1 364 0
 529 0012 BD46     		mov	sp, r7
 530 0014 80BC     		pop	{r7}
 531 0016 7047     		bx	lr
 532              		.cfi_endproc
 533              	.LFE12:
 534              		.size	isr_spark_drq_ClearPending, .-isr_spark_drq_ClearPending
 535              		.text
 536              	.Letext0:
 537              		.section	.debug_loc,"",%progbits
 538              	.Ldebug_loc0:
 539              	.LLST0:
 540 0000 00000000 		.4byte	.LFB0
 541 0004 02000000 		.4byte	.LCFI0
 542 0008 0100     		.2byte	0x1
 543 000a 5D       		.byte	0x5d
 544 000b 02000000 		.4byte	.LCFI0
ARM GAS  C:\Users\hoangp\AppData\Local\Temp\cchkzvFe.s 			page 17


 545 000f 04000000 		.4byte	.LCFI1
 546 0013 0200     		.2byte	0x2
 547 0015 7D       		.byte	0x7d
 548 0016 08       		.sleb128 8
 549 0017 04000000 		.4byte	.LCFI1
 550 001b 22000000 		.4byte	.LFE0
 551 001f 0200     		.2byte	0x2
 552 0021 77       		.byte	0x77
 553 0022 08       		.sleb128 8
 554 0023 00000000 		.4byte	0x0
 555 0027 00000000 		.4byte	0x0
 556              	.LLST1:
 557 002b 00000000 		.4byte	.LFB1
 558 002f 02000000 		.4byte	.LCFI2
 559 0033 0100     		.2byte	0x1
 560 0035 5D       		.byte	0x5d
 561 0036 02000000 		.4byte	.LCFI2
 562 003a 04000000 		.4byte	.LCFI3
 563 003e 0200     		.2byte	0x2
 564 0040 7D       		.byte	0x7d
 565 0041 08       		.sleb128 8
 566 0042 04000000 		.4byte	.LCFI3
 567 0046 06000000 		.4byte	.LCFI4
 568 004a 0200     		.2byte	0x2
 569 004c 7D       		.byte	0x7d
 570 004d 10       		.sleb128 16
 571 004e 06000000 		.4byte	.LCFI4
 572 0052 26000000 		.4byte	.LFE1
 573 0056 0200     		.2byte	0x2
 574 0058 77       		.byte	0x77
 575 0059 10       		.sleb128 16
 576 005a 00000000 		.4byte	0x0
 577 005e 00000000 		.4byte	0x0
 578              	.LLST2:
 579 0062 00000000 		.4byte	.LFB2
 580 0066 02000000 		.4byte	.LCFI5
 581 006a 0100     		.2byte	0x1
 582 006c 5D       		.byte	0x5d
 583 006d 02000000 		.4byte	.LCFI5
 584 0071 04000000 		.4byte	.LCFI6
 585 0075 0200     		.2byte	0x2
 586 0077 7D       		.byte	0x7d
 587 0078 08       		.sleb128 8
 588 0079 04000000 		.4byte	.LCFI6
 589 007d 16000000 		.4byte	.LFE2
 590 0081 0200     		.2byte	0x2
 591 0083 77       		.byte	0x77
 592 0084 08       		.sleb128 8
 593 0085 00000000 		.4byte	0x0
 594 0089 00000000 		.4byte	0x0
 595              	.LLST3:
 596 008d 00000000 		.4byte	.LFB3
 597 0091 02000000 		.4byte	.LCFI7
 598 0095 0100     		.2byte	0x1
 599 0097 5D       		.byte	0x5d
 600 0098 02000000 		.4byte	.LCFI7
 601 009c 04000000 		.4byte	.LCFI8
ARM GAS  C:\Users\hoangp\AppData\Local\Temp\cchkzvFe.s 			page 18


 602 00a0 0200     		.2byte	0x2
 603 00a2 7D       		.byte	0x7d
 604 00a3 08       		.sleb128 8
 605 00a4 04000000 		.4byte	.LCFI8
 606 00a8 06000000 		.4byte	.LCFI9
 607 00ac 0200     		.2byte	0x2
 608 00ae 7D       		.byte	0x7d
 609 00af 10       		.sleb128 16
 610 00b0 06000000 		.4byte	.LCFI9
 611 00b4 6C000000 		.4byte	.LFE3
 612 00b8 0200     		.2byte	0x2
 613 00ba 77       		.byte	0x77
 614 00bb 10       		.sleb128 16
 615 00bc 00000000 		.4byte	0x0
 616 00c0 00000000 		.4byte	0x0
 617              	.LLST4:
 618 00c4 00000000 		.4byte	.LFB4
 619 00c8 02000000 		.4byte	.LCFI10
 620 00cc 0100     		.2byte	0x1
 621 00ce 5D       		.byte	0x5d
 622 00cf 02000000 		.4byte	.LCFI10
 623 00d3 04000000 		.4byte	.LCFI11
 624 00d7 0200     		.2byte	0x2
 625 00d9 7D       		.byte	0x7d
 626 00da 04       		.sleb128 4
 627 00db 04000000 		.4byte	.LCFI11
 628 00df 06000000 		.4byte	.LCFI12
 629 00e3 0200     		.2byte	0x2
 630 00e5 7D       		.byte	0x7d
 631 00e6 18       		.sleb128 24
 632 00e7 06000000 		.4byte	.LCFI12
 633 00eb 28000000 		.4byte	.LFE4
 634 00ef 0200     		.2byte	0x2
 635 00f1 77       		.byte	0x77
 636 00f2 18       		.sleb128 24
 637 00f3 00000000 		.4byte	0x0
 638 00f7 00000000 		.4byte	0x0
 639              	.LLST5:
 640 00fb 00000000 		.4byte	.LFB5
 641 00ff 02000000 		.4byte	.LCFI13
 642 0103 0100     		.2byte	0x1
 643 0105 5D       		.byte	0x5d
 644 0106 02000000 		.4byte	.LCFI13
 645 010a 04000000 		.4byte	.LCFI14
 646 010e 0200     		.2byte	0x2
 647 0110 7D       		.byte	0x7d
 648 0111 04       		.sleb128 4
 649 0112 04000000 		.4byte	.LCFI14
 650 0116 06000000 		.4byte	.LCFI15
 651 011a 0200     		.2byte	0x2
 652 011c 7D       		.byte	0x7d
 653 011d 10       		.sleb128 16
 654 011e 06000000 		.4byte	.LCFI15
 655 0122 26000000 		.4byte	.LFE5
 656 0126 0200     		.2byte	0x2
 657 0128 77       		.byte	0x77
 658 0129 10       		.sleb128 16
ARM GAS  C:\Users\hoangp\AppData\Local\Temp\cchkzvFe.s 			page 19


 659 012a 00000000 		.4byte	0x0
 660 012e 00000000 		.4byte	0x0
 661              	.LLST6:
 662 0132 00000000 		.4byte	.LFB6
 663 0136 02000000 		.4byte	.LCFI16
 664 013a 0100     		.2byte	0x1
 665 013c 5D       		.byte	0x5d
 666 013d 02000000 		.4byte	.LCFI16
 667 0141 04000000 		.4byte	.LCFI17
 668 0145 0200     		.2byte	0x2
 669 0147 7D       		.byte	0x7d
 670 0148 04       		.sleb128 4
 671 0149 04000000 		.4byte	.LCFI17
 672 014d 06000000 		.4byte	.LCFI18
 673 0151 0200     		.2byte	0x2
 674 0153 7D       		.byte	0x7d
 675 0154 10       		.sleb128 16
 676 0155 06000000 		.4byte	.LCFI18
 677 0159 26000000 		.4byte	.LFE6
 678 015d 0200     		.2byte	0x2
 679 015f 77       		.byte	0x77
 680 0160 10       		.sleb128 16
 681 0161 00000000 		.4byte	0x0
 682 0165 00000000 		.4byte	0x0
 683              	.LLST7:
 684 0169 00000000 		.4byte	.LFB7
 685 016d 02000000 		.4byte	.LCFI19
 686 0171 0100     		.2byte	0x1
 687 0173 5D       		.byte	0x5d
 688 0174 02000000 		.4byte	.LCFI19
 689 0178 04000000 		.4byte	.LCFI20
 690 017c 0200     		.2byte	0x2
 691 017e 7D       		.byte	0x7d
 692 017f 04       		.sleb128 4
 693 0180 04000000 		.4byte	.LCFI20
 694 0184 06000000 		.4byte	.LCFI21
 695 0188 0200     		.2byte	0x2
 696 018a 7D       		.byte	0x7d
 697 018b 10       		.sleb128 16
 698 018c 06000000 		.4byte	.LCFI21
 699 0190 26000000 		.4byte	.LFE7
 700 0194 0200     		.2byte	0x2
 701 0196 77       		.byte	0x77
 702 0197 10       		.sleb128 16
 703 0198 00000000 		.4byte	0x0
 704 019c 00000000 		.4byte	0x0
 705              	.LLST8:
 706 01a0 00000000 		.4byte	.LFB8
 707 01a4 02000000 		.4byte	.LCFI22
 708 01a8 0100     		.2byte	0x1
 709 01aa 5D       		.byte	0x5d
 710 01ab 02000000 		.4byte	.LCFI22
 711 01af 04000000 		.4byte	.LCFI23
 712 01b3 0200     		.2byte	0x2
 713 01b5 7D       		.byte	0x7d
 714 01b6 04       		.sleb128 4
 715 01b7 04000000 		.4byte	.LCFI23
ARM GAS  C:\Users\hoangp\AppData\Local\Temp\cchkzvFe.s 			page 20


 716 01bb 18000000 		.4byte	.LFE8
 717 01bf 0200     		.2byte	0x2
 718 01c1 77       		.byte	0x77
 719 01c2 04       		.sleb128 4
 720 01c3 00000000 		.4byte	0x0
 721 01c7 00000000 		.4byte	0x0
 722              	.LLST9:
 723 01cb 00000000 		.4byte	.LFB9
 724 01cf 02000000 		.4byte	.LCFI24
 725 01d3 0100     		.2byte	0x1
 726 01d5 5D       		.byte	0x5d
 727 01d6 02000000 		.4byte	.LCFI24
 728 01da 04000000 		.4byte	.LCFI25
 729 01de 0200     		.2byte	0x2
 730 01e0 7D       		.byte	0x7d
 731 01e1 04       		.sleb128 4
 732 01e2 04000000 		.4byte	.LCFI25
 733 01e6 28000000 		.4byte	.LFE9
 734 01ea 0200     		.2byte	0x2
 735 01ec 77       		.byte	0x77
 736 01ed 04       		.sleb128 4
 737 01ee 00000000 		.4byte	0x0
 738 01f2 00000000 		.4byte	0x0
 739              	.LLST10:
 740 01f6 00000000 		.4byte	.LFB10
 741 01fa 02000000 		.4byte	.LCFI26
 742 01fe 0100     		.2byte	0x1
 743 0200 5D       		.byte	0x5d
 744 0201 02000000 		.4byte	.LCFI26
 745 0205 04000000 		.4byte	.LCFI27
 746 0209 0200     		.2byte	0x2
 747 020b 7D       		.byte	0x7d
 748 020c 04       		.sleb128 4
 749 020d 04000000 		.4byte	.LCFI27
 750 0211 18000000 		.4byte	.LFE10
 751 0215 0200     		.2byte	0x2
 752 0217 77       		.byte	0x77
 753 0218 04       		.sleb128 4
 754 0219 00000000 		.4byte	0x0
 755 021d 00000000 		.4byte	0x0
 756              	.LLST11:
 757 0221 00000000 		.4byte	.LFB11
 758 0225 02000000 		.4byte	.LCFI28
 759 0229 0100     		.2byte	0x1
 760 022b 5D       		.byte	0x5d
 761 022c 02000000 		.4byte	.LCFI28
 762 0230 04000000 		.4byte	.LCFI29
 763 0234 0200     		.2byte	0x2
 764 0236 7D       		.byte	0x7d
 765 0237 04       		.sleb128 4
 766 0238 04000000 		.4byte	.LCFI29
 767 023c 18000000 		.4byte	.LFE11
 768 0240 0200     		.2byte	0x2
 769 0242 77       		.byte	0x77
 770 0243 04       		.sleb128 4
 771 0244 00000000 		.4byte	0x0
 772 0248 00000000 		.4byte	0x0
ARM GAS  C:\Users\hoangp\AppData\Local\Temp\cchkzvFe.s 			page 21


 773              	.LLST12:
 774 024c 00000000 		.4byte	.LFB12
 775 0250 02000000 		.4byte	.LCFI30
 776 0254 0100     		.2byte	0x1
 777 0256 5D       		.byte	0x5d
 778 0257 02000000 		.4byte	.LCFI30
 779 025b 04000000 		.4byte	.LCFI31
 780 025f 0200     		.2byte	0x2
 781 0261 7D       		.byte	0x7d
 782 0262 04       		.sleb128 4
 783 0263 04000000 		.4byte	.LCFI31
 784 0267 18000000 		.4byte	.LFE12
 785 026b 0200     		.2byte	0x2
 786 026d 77       		.byte	0x77
 787 026e 04       		.sleb128 4
 788 026f 00000000 		.4byte	0x0
 789 0273 00000000 		.4byte	0x0
 790              		.file 2 "./Generated_Source/PSoC5/cytypes.h"
 791              		.section	.debug_info
 792 0000 6F020000 		.4byte	0x26f
 793 0004 0200     		.2byte	0x2
 794 0006 00000000 		.4byte	.Ldebug_abbrev0
 795 000a 04       		.byte	0x4
 796 000b 01       		.uleb128 0x1
 797 000c C6010000 		.4byte	.LASF33
 798 0010 01       		.byte	0x1
 799 0011 D2010000 		.4byte	.LASF34
 800 0015 BD000000 		.4byte	.LASF35
 801 0019 00000000 		.4byte	0x0
 802 001d 00000000 		.4byte	0x0
 803 0021 00000000 		.4byte	.Ldebug_ranges0+0x0
 804 0025 00000000 		.4byte	.Ldebug_line0
 805 0029 02       		.uleb128 0x2
 806 002a 01       		.byte	0x1
 807 002b 06       		.byte	0x6
 808 002c 52020000 		.4byte	.LASF0
 809 0030 02       		.uleb128 0x2
 810 0031 01       		.byte	0x1
 811 0032 08       		.byte	0x8
 812 0033 9B000000 		.4byte	.LASF1
 813 0037 02       		.uleb128 0x2
 814 0038 02       		.byte	0x2
 815 0039 05       		.byte	0x5
 816 003a 0F020000 		.4byte	.LASF2
 817 003e 02       		.uleb128 0x2
 818 003f 02       		.byte	0x2
 819 0040 07       		.byte	0x7
 820 0041 30000000 		.4byte	.LASF3
 821 0045 03       		.uleb128 0x3
 822 0046 04       		.byte	0x4
 823 0047 05       		.byte	0x5
 824 0048 696E7400 		.ascii	"int\000"
 825 004c 02       		.uleb128 0x2
 826 004d 04       		.byte	0x4
 827 004e 07       		.byte	0x7
 828 004f 61010000 		.4byte	.LASF4
 829 0053 02       		.uleb128 0x2
ARM GAS  C:\Users\hoangp\AppData\Local\Temp\cchkzvFe.s 			page 22


 830 0054 08       		.byte	0x8
 831 0055 05       		.byte	0x5
 832 0056 00000000 		.4byte	.LASF5
 833 005a 02       		.uleb128 0x2
 834 005b 08       		.byte	0x8
 835 005c 07       		.byte	0x7
 836 005d 8D010000 		.4byte	.LASF6
 837 0061 02       		.uleb128 0x2
 838 0062 04       		.byte	0x4
 839 0063 05       		.byte	0x5
 840 0064 31020000 		.4byte	.LASF7
 841 0068 04       		.uleb128 0x4
 842 0069 04       		.byte	0x4
 843 006a 07       		.byte	0x7
 844 006b 02       		.uleb128 0x2
 845 006c 04       		.byte	0x4
 846 006d 07       		.byte	0x7
 847 006e 01010000 		.4byte	.LASF8
 848 0072 05       		.uleb128 0x5
 849 0073 01       		.byte	0x1
 850 0074 06       		.uleb128 0x6
 851 0075 04       		.byte	0x4
 852 0076 72000000 		.4byte	0x72
 853 007a 02       		.uleb128 0x2
 854 007b 01       		.byte	0x1
 855 007c 08       		.byte	0x8
 856 007d FB010000 		.4byte	.LASF9
 857 0081 07       		.uleb128 0x7
 858 0082 13010000 		.4byte	.LASF10
 859 0086 02       		.byte	0x2
 860 0087 4C       		.byte	0x4c
 861 0088 30000000 		.4byte	0x30
 862 008c 07       		.uleb128 0x7
 863 008d 47010000 		.4byte	.LASF11
 864 0091 02       		.byte	0x2
 865 0092 4E       		.byte	0x4e
 866 0093 6B000000 		.4byte	0x6b
 867 0097 02       		.uleb128 0x2
 868 0098 04       		.byte	0x4
 869 0099 04       		.byte	0x4
 870 009a 7B000000 		.4byte	.LASF12
 871 009e 02       		.uleb128 0x2
 872 009f 08       		.byte	0x8
 873 00a0 04       		.byte	0x4
 874 00a1 38010000 		.4byte	.LASF13
 875 00a5 07       		.uleb128 0x7
 876 00a6 A4010000 		.4byte	.LASF14
 877 00aa 02       		.byte	0x2
 878 00ab EB       		.byte	0xeb
 879 00ac 74000000 		.4byte	0x74
 880 00b0 08       		.uleb128 0x8
 881 00b1 01       		.byte	0x1
 882 00b2 A9000000 		.4byte	.LASF15
 883 00b6 01       		.byte	0x1
 884 00b7 3B       		.byte	0x3b
 885 00b8 01       		.byte	0x1
 886 00b9 00000000 		.4byte	.LFB0
ARM GAS  C:\Users\hoangp\AppData\Local\Temp\cchkzvFe.s 			page 23


 887 00bd 22000000 		.4byte	.LFE0
 888 00c1 00000000 		.4byte	.LLST0
 889 00c5 09       		.uleb128 0x9
 890 00c6 01       		.byte	0x1
 891 00c7 4B000000 		.4byte	.LASF17
 892 00cb 01       		.byte	0x1
 893 00cc 59       		.byte	0x59
 894 00cd 01       		.byte	0x1
 895 00ce 00000000 		.4byte	.LFB1
 896 00d2 26000000 		.4byte	.LFE1
 897 00d6 2B000000 		.4byte	.LLST1
 898 00da ED000000 		.4byte	0xed
 899 00de 0A       		.uleb128 0xa
 900 00df 85010000 		.4byte	.LASF20
 901 00e3 01       		.byte	0x1
 902 00e4 59       		.byte	0x59
 903 00e5 A5000000 		.4byte	0xa5
 904 00e9 02       		.byte	0x2
 905 00ea 91       		.byte	0x91
 906 00eb 74       		.sleb128 -12
 907 00ec 00       		.byte	0x0
 908 00ed 08       		.uleb128 0x8
 909 00ee 01       		.byte	0x1
 910 00ef 4E010000 		.4byte	.LASF16
 911 00f3 01       		.byte	0x1
 912 00f4 76       		.byte	0x76
 913 00f5 01       		.byte	0x1
 914 00f6 00000000 		.4byte	.LFB2
 915 00fa 16000000 		.4byte	.LFE2
 916 00fe 62000000 		.4byte	.LLST2
 917 0102 09       		.uleb128 0x9
 918 0103 01       		.byte	0x1
 919 0104 77020000 		.4byte	.LASF18
 920 0108 01       		.byte	0x1
 921 0109 90       		.byte	0x90
 922 010a 01       		.byte	0x1
 923 010b 00000000 		.4byte	.LFB3
 924 010f 6C000000 		.4byte	.LFE3
 925 0113 8D000000 		.4byte	.LLST3
 926 0117 2A010000 		.4byte	0x12a
 927 011b 0B       		.uleb128 0xb
 928 011c 3F010000 		.4byte	.LASF21
 929 0120 01       		.byte	0x1
 930 0121 94       		.byte	0x94
 931 0122 45000000 		.4byte	0x45
 932 0126 02       		.byte	0x2
 933 0127 91       		.byte	0x91
 934 0128 74       		.sleb128 -12
 935 0129 00       		.byte	0x0
 936 012a 09       		.uleb128 0x9
 937 012b 01       		.byte	0x1
 938 012c 3A020000 		.4byte	.LASF19
 939 0130 01       		.byte	0x1
 940 0131 B4       		.byte	0xb4
 941 0132 01       		.byte	0x1
 942 0133 00000000 		.4byte	.LFB4
 943 0137 28000000 		.4byte	.LFE4
ARM GAS  C:\Users\hoangp\AppData\Local\Temp\cchkzvFe.s 			page 24


 944 013b C4000000 		.4byte	.LLST4
 945 013f 60010000 		.4byte	0x160
 946 0143 0A       		.uleb128 0xa
 947 0144 85010000 		.4byte	.LASF20
 948 0148 01       		.byte	0x1
 949 0149 B4       		.byte	0xb4
 950 014a A5000000 		.4byte	0xa5
 951 014e 02       		.byte	0x2
 952 014f 91       		.byte	0x91
 953 0150 6C       		.sleb128 -20
 954 0151 0B       		.uleb128 0xb
 955 0152 00020000 		.4byte	.LASF22
 956 0156 01       		.byte	0x1
 957 0157 B6       		.byte	0xb6
 958 0158 60010000 		.4byte	0x160
 959 015c 02       		.byte	0x2
 960 015d 91       		.byte	0x91
 961 015e 74       		.sleb128 -12
 962 015f 00       		.byte	0x0
 963 0160 06       		.uleb128 0x6
 964 0161 04       		.byte	0x4
 965 0162 A5000000 		.4byte	0xa5
 966 0166 0C       		.uleb128 0xc
 967 0167 01       		.byte	0x1
 968 0168 19020000 		.4byte	.LASF25
 969 016c 01       		.byte	0x1
 970 016d CC       		.byte	0xcc
 971 016e 01       		.byte	0x1
 972 016f A5000000 		.4byte	0xa5
 973 0173 00000000 		.4byte	.LFB5
 974 0177 26000000 		.4byte	.LFE5
 975 017b FB000000 		.4byte	.LLST5
 976 017f 92010000 		.4byte	0x192
 977 0183 0B       		.uleb128 0xb
 978 0184 00020000 		.4byte	.LASF22
 979 0188 01       		.byte	0x1
 980 0189 CE       		.byte	0xce
 981 018a 60010000 		.4byte	0x160
 982 018e 02       		.byte	0x2
 983 018f 91       		.byte	0x91
 984 0190 74       		.sleb128 -12
 985 0191 00       		.byte	0x0
 986 0192 09       		.uleb128 0x9
 987 0193 01       		.byte	0x1
 988 0194 81000000 		.4byte	.LASF23
 989 0198 01       		.byte	0x1
 990 0199 E8       		.byte	0xe8
 991 019a 01       		.byte	0x1
 992 019b 00000000 		.4byte	.LFB6
 993 019f 26000000 		.4byte	.LFE6
 994 01a3 32010000 		.4byte	.LLST6
 995 01a7 BA010000 		.4byte	0x1ba
 996 01ab 0A       		.uleb128 0xa
 997 01ac 19010000 		.4byte	.LASF24
 998 01b0 01       		.byte	0x1
 999 01b1 E8       		.byte	0xe8
 1000 01b2 81000000 		.4byte	0x81
ARM GAS  C:\Users\hoangp\AppData\Local\Temp\cchkzvFe.s 			page 25


 1001 01b6 02       		.byte	0x2
 1002 01b7 91       		.byte	0x91
 1003 01b8 77       		.sleb128 -9
 1004 01b9 00       		.byte	0x0
 1005 01ba 0C       		.uleb128 0xc
 1006 01bb 01       		.byte	0x1
 1007 01bc 61000000 		.4byte	.LASF26
 1008 01c0 01       		.byte	0x1
 1009 01c1 FC       		.byte	0xfc
 1010 01c2 01       		.byte	0x1
 1011 01c3 81000000 		.4byte	0x81
 1012 01c7 00000000 		.4byte	.LFB7
 1013 01cb 26000000 		.4byte	.LFE7
 1014 01cf 69010000 		.4byte	.LLST7
 1015 01d3 E6010000 		.4byte	0x1e6
 1016 01d7 0B       		.uleb128 0xb
 1017 01d8 19010000 		.4byte	.LASF24
 1018 01dc 01       		.byte	0x1
 1019 01dd FE       		.byte	0xfe
 1020 01de 81000000 		.4byte	0x81
 1021 01e2 02       		.byte	0x2
 1022 01e3 91       		.byte	0x91
 1023 01e4 77       		.sleb128 -9
 1024 01e5 00       		.byte	0x0
 1025 01e6 0D       		.uleb128 0xd
 1026 01e7 01       		.byte	0x1
 1027 01e8 B1010000 		.4byte	.LASF27
 1028 01ec 01       		.byte	0x1
 1029 01ed 1501     		.2byte	0x115
 1030 01ef 01       		.byte	0x1
 1031 01f0 00000000 		.4byte	.LFB8
 1032 01f4 18000000 		.4byte	.LFE8
 1033 01f8 A0010000 		.4byte	.LLST8
 1034 01fc 0E       		.uleb128 0xe
 1035 01fd 01       		.byte	0x1
 1036 01fe 6E010000 		.4byte	.LASF36
 1037 0202 01       		.byte	0x1
 1038 0203 2A01     		.2byte	0x12a
 1039 0205 01       		.byte	0x1
 1040 0206 81000000 		.4byte	0x81
 1041 020a 00000000 		.4byte	.LFB9
 1042 020e 28000000 		.4byte	.LFE9
 1043 0212 CB010000 		.4byte	.LLST9
 1044 0216 0D       		.uleb128 0xd
 1045 0217 01       		.byte	0x1
 1046 0218 22010000 		.4byte	.LASF28
 1047 021c 01       		.byte	0x1
 1048 021d 3F01     		.2byte	0x13f
 1049 021f 01       		.byte	0x1
 1050 0220 00000000 		.4byte	.LFB10
 1051 0224 18000000 		.4byte	.LFE10
 1052 0228 F6010000 		.4byte	.LLST10
 1053 022c 0D       		.uleb128 0xd
 1054 022d 01       		.byte	0x1
 1055 022e 5E020000 		.4byte	.LASF29
 1056 0232 01       		.byte	0x1
 1057 0233 5501     		.2byte	0x155
ARM GAS  C:\Users\hoangp\AppData\Local\Temp\cchkzvFe.s 			page 26


 1058 0235 01       		.byte	0x1
 1059 0236 00000000 		.4byte	.LFB11
 1060 023a 18000000 		.4byte	.LFE11
 1061 023e 21020000 		.4byte	.LLST11
 1062 0242 0D       		.uleb128 0xd
 1063 0243 01       		.byte	0x1
 1064 0244 0E000000 		.4byte	.LASF30
 1065 0248 01       		.byte	0x1
 1066 0249 6901     		.2byte	0x169
 1067 024b 01       		.byte	0x1
 1068 024c 00000000 		.4byte	.LFB12
 1069 0250 18000000 		.4byte	.LFE12
 1070 0254 4C020000 		.4byte	.LLST12
 1071 0258 0F       		.uleb128 0xf
 1072 0259 43000000 		.4byte	.LASF31
 1073 025d 01       		.byte	0x1
 1074 025e 1E       		.byte	0x1e
 1075 025f 8C000000 		.4byte	0x8c
 1076 0263 01       		.byte	0x1
 1077 0264 01       		.byte	0x1
 1078 0265 0F       		.uleb128 0xf
 1079 0266 29000000 		.4byte	.LASF32
 1080 026a 01       		.byte	0x1
 1081 026b 1F       		.byte	0x1f
 1082 026c 8C000000 		.4byte	0x8c
 1083 0270 01       		.byte	0x1
 1084 0271 01       		.byte	0x1
 1085 0272 00       		.byte	0x0
 1086              		.section	.debug_abbrev
 1087 0000 01       		.uleb128 0x1
 1088 0001 11       		.uleb128 0x11
 1089 0002 01       		.byte	0x1
 1090 0003 25       		.uleb128 0x25
 1091 0004 0E       		.uleb128 0xe
 1092 0005 13       		.uleb128 0x13
 1093 0006 0B       		.uleb128 0xb
 1094 0007 03       		.uleb128 0x3
 1095 0008 0E       		.uleb128 0xe
 1096 0009 1B       		.uleb128 0x1b
 1097 000a 0E       		.uleb128 0xe
 1098 000b 11       		.uleb128 0x11
 1099 000c 01       		.uleb128 0x1
 1100 000d 52       		.uleb128 0x52
 1101 000e 01       		.uleb128 0x1
 1102 000f 55       		.uleb128 0x55
 1103 0010 06       		.uleb128 0x6
 1104 0011 10       		.uleb128 0x10
 1105 0012 06       		.uleb128 0x6
 1106 0013 00       		.byte	0x0
 1107 0014 00       		.byte	0x0
 1108 0015 02       		.uleb128 0x2
 1109 0016 24       		.uleb128 0x24
 1110 0017 00       		.byte	0x0
 1111 0018 0B       		.uleb128 0xb
 1112 0019 0B       		.uleb128 0xb
 1113 001a 3E       		.uleb128 0x3e
 1114 001b 0B       		.uleb128 0xb
ARM GAS  C:\Users\hoangp\AppData\Local\Temp\cchkzvFe.s 			page 27


 1115 001c 03       		.uleb128 0x3
 1116 001d 0E       		.uleb128 0xe
 1117 001e 00       		.byte	0x0
 1118 001f 00       		.byte	0x0
 1119 0020 03       		.uleb128 0x3
 1120 0021 24       		.uleb128 0x24
 1121 0022 00       		.byte	0x0
 1122 0023 0B       		.uleb128 0xb
 1123 0024 0B       		.uleb128 0xb
 1124 0025 3E       		.uleb128 0x3e
 1125 0026 0B       		.uleb128 0xb
 1126 0027 03       		.uleb128 0x3
 1127 0028 08       		.uleb128 0x8
 1128 0029 00       		.byte	0x0
 1129 002a 00       		.byte	0x0
 1130 002b 04       		.uleb128 0x4
 1131 002c 24       		.uleb128 0x24
 1132 002d 00       		.byte	0x0
 1133 002e 0B       		.uleb128 0xb
 1134 002f 0B       		.uleb128 0xb
 1135 0030 3E       		.uleb128 0x3e
 1136 0031 0B       		.uleb128 0xb
 1137 0032 00       		.byte	0x0
 1138 0033 00       		.byte	0x0
 1139 0034 05       		.uleb128 0x5
 1140 0035 15       		.uleb128 0x15
 1141 0036 00       		.byte	0x0
 1142 0037 27       		.uleb128 0x27
 1143 0038 0C       		.uleb128 0xc
 1144 0039 00       		.byte	0x0
 1145 003a 00       		.byte	0x0
 1146 003b 06       		.uleb128 0x6
 1147 003c 0F       		.uleb128 0xf
 1148 003d 00       		.byte	0x0
 1149 003e 0B       		.uleb128 0xb
 1150 003f 0B       		.uleb128 0xb
 1151 0040 49       		.uleb128 0x49
 1152 0041 13       		.uleb128 0x13
 1153 0042 00       		.byte	0x0
 1154 0043 00       		.byte	0x0
 1155 0044 07       		.uleb128 0x7
 1156 0045 16       		.uleb128 0x16
 1157 0046 00       		.byte	0x0
 1158 0047 03       		.uleb128 0x3
 1159 0048 0E       		.uleb128 0xe
 1160 0049 3A       		.uleb128 0x3a
 1161 004a 0B       		.uleb128 0xb
 1162 004b 3B       		.uleb128 0x3b
 1163 004c 0B       		.uleb128 0xb
 1164 004d 49       		.uleb128 0x49
 1165 004e 13       		.uleb128 0x13
 1166 004f 00       		.byte	0x0
 1167 0050 00       		.byte	0x0
 1168 0051 08       		.uleb128 0x8
 1169 0052 2E       		.uleb128 0x2e
 1170 0053 00       		.byte	0x0
 1171 0054 3F       		.uleb128 0x3f
ARM GAS  C:\Users\hoangp\AppData\Local\Temp\cchkzvFe.s 			page 28


 1172 0055 0C       		.uleb128 0xc
 1173 0056 03       		.uleb128 0x3
 1174 0057 0E       		.uleb128 0xe
 1175 0058 3A       		.uleb128 0x3a
 1176 0059 0B       		.uleb128 0xb
 1177 005a 3B       		.uleb128 0x3b
 1178 005b 0B       		.uleb128 0xb
 1179 005c 27       		.uleb128 0x27
 1180 005d 0C       		.uleb128 0xc
 1181 005e 11       		.uleb128 0x11
 1182 005f 01       		.uleb128 0x1
 1183 0060 12       		.uleb128 0x12
 1184 0061 01       		.uleb128 0x1
 1185 0062 40       		.uleb128 0x40
 1186 0063 06       		.uleb128 0x6
 1187 0064 00       		.byte	0x0
 1188 0065 00       		.byte	0x0
 1189 0066 09       		.uleb128 0x9
 1190 0067 2E       		.uleb128 0x2e
 1191 0068 01       		.byte	0x1
 1192 0069 3F       		.uleb128 0x3f
 1193 006a 0C       		.uleb128 0xc
 1194 006b 03       		.uleb128 0x3
 1195 006c 0E       		.uleb128 0xe
 1196 006d 3A       		.uleb128 0x3a
 1197 006e 0B       		.uleb128 0xb
 1198 006f 3B       		.uleb128 0x3b
 1199 0070 0B       		.uleb128 0xb
 1200 0071 27       		.uleb128 0x27
 1201 0072 0C       		.uleb128 0xc
 1202 0073 11       		.uleb128 0x11
 1203 0074 01       		.uleb128 0x1
 1204 0075 12       		.uleb128 0x12
 1205 0076 01       		.uleb128 0x1
 1206 0077 40       		.uleb128 0x40
 1207 0078 06       		.uleb128 0x6
 1208 0079 01       		.uleb128 0x1
 1209 007a 13       		.uleb128 0x13
 1210 007b 00       		.byte	0x0
 1211 007c 00       		.byte	0x0
 1212 007d 0A       		.uleb128 0xa
 1213 007e 05       		.uleb128 0x5
 1214 007f 00       		.byte	0x0
 1215 0080 03       		.uleb128 0x3
 1216 0081 0E       		.uleb128 0xe
 1217 0082 3A       		.uleb128 0x3a
 1218 0083 0B       		.uleb128 0xb
 1219 0084 3B       		.uleb128 0x3b
 1220 0085 0B       		.uleb128 0xb
 1221 0086 49       		.uleb128 0x49
 1222 0087 13       		.uleb128 0x13
 1223 0088 02       		.uleb128 0x2
 1224 0089 0A       		.uleb128 0xa
 1225 008a 00       		.byte	0x0
 1226 008b 00       		.byte	0x0
 1227 008c 0B       		.uleb128 0xb
 1228 008d 34       		.uleb128 0x34
ARM GAS  C:\Users\hoangp\AppData\Local\Temp\cchkzvFe.s 			page 29


 1229 008e 00       		.byte	0x0
 1230 008f 03       		.uleb128 0x3
 1231 0090 0E       		.uleb128 0xe
 1232 0091 3A       		.uleb128 0x3a
 1233 0092 0B       		.uleb128 0xb
 1234 0093 3B       		.uleb128 0x3b
 1235 0094 0B       		.uleb128 0xb
 1236 0095 49       		.uleb128 0x49
 1237 0096 13       		.uleb128 0x13
 1238 0097 02       		.uleb128 0x2
 1239 0098 0A       		.uleb128 0xa
 1240 0099 00       		.byte	0x0
 1241 009a 00       		.byte	0x0
 1242 009b 0C       		.uleb128 0xc
 1243 009c 2E       		.uleb128 0x2e
 1244 009d 01       		.byte	0x1
 1245 009e 3F       		.uleb128 0x3f
 1246 009f 0C       		.uleb128 0xc
 1247 00a0 03       		.uleb128 0x3
 1248 00a1 0E       		.uleb128 0xe
 1249 00a2 3A       		.uleb128 0x3a
 1250 00a3 0B       		.uleb128 0xb
 1251 00a4 3B       		.uleb128 0x3b
 1252 00a5 0B       		.uleb128 0xb
 1253 00a6 27       		.uleb128 0x27
 1254 00a7 0C       		.uleb128 0xc
 1255 00a8 49       		.uleb128 0x49
 1256 00a9 13       		.uleb128 0x13
 1257 00aa 11       		.uleb128 0x11
 1258 00ab 01       		.uleb128 0x1
 1259 00ac 12       		.uleb128 0x12
 1260 00ad 01       		.uleb128 0x1
 1261 00ae 40       		.uleb128 0x40
 1262 00af 06       		.uleb128 0x6
 1263 00b0 01       		.uleb128 0x1
 1264 00b1 13       		.uleb128 0x13
 1265 00b2 00       		.byte	0x0
 1266 00b3 00       		.byte	0x0
 1267 00b4 0D       		.uleb128 0xd
 1268 00b5 2E       		.uleb128 0x2e
 1269 00b6 00       		.byte	0x0
 1270 00b7 3F       		.uleb128 0x3f
 1271 00b8 0C       		.uleb128 0xc
 1272 00b9 03       		.uleb128 0x3
 1273 00ba 0E       		.uleb128 0xe
 1274 00bb 3A       		.uleb128 0x3a
 1275 00bc 0B       		.uleb128 0xb
 1276 00bd 3B       		.uleb128 0x3b
 1277 00be 05       		.uleb128 0x5
 1278 00bf 27       		.uleb128 0x27
 1279 00c0 0C       		.uleb128 0xc
 1280 00c1 11       		.uleb128 0x11
 1281 00c2 01       		.uleb128 0x1
 1282 00c3 12       		.uleb128 0x12
 1283 00c4 01       		.uleb128 0x1
 1284 00c5 40       		.uleb128 0x40
 1285 00c6 06       		.uleb128 0x6
ARM GAS  C:\Users\hoangp\AppData\Local\Temp\cchkzvFe.s 			page 30


 1286 00c7 00       		.byte	0x0
 1287 00c8 00       		.byte	0x0
 1288 00c9 0E       		.uleb128 0xe
 1289 00ca 2E       		.uleb128 0x2e
 1290 00cb 00       		.byte	0x0
 1291 00cc 3F       		.uleb128 0x3f
 1292 00cd 0C       		.uleb128 0xc
 1293 00ce 03       		.uleb128 0x3
 1294 00cf 0E       		.uleb128 0xe
 1295 00d0 3A       		.uleb128 0x3a
 1296 00d1 0B       		.uleb128 0xb
 1297 00d2 3B       		.uleb128 0x3b
 1298 00d3 05       		.uleb128 0x5
 1299 00d4 27       		.uleb128 0x27
 1300 00d5 0C       		.uleb128 0xc
 1301 00d6 49       		.uleb128 0x49
 1302 00d7 13       		.uleb128 0x13
 1303 00d8 11       		.uleb128 0x11
 1304 00d9 01       		.uleb128 0x1
 1305 00da 12       		.uleb128 0x12
 1306 00db 01       		.uleb128 0x1
 1307 00dc 40       		.uleb128 0x40
 1308 00dd 06       		.uleb128 0x6
 1309 00de 00       		.byte	0x0
 1310 00df 00       		.byte	0x0
 1311 00e0 0F       		.uleb128 0xf
 1312 00e1 34       		.uleb128 0x34
 1313 00e2 00       		.byte	0x0
 1314 00e3 03       		.uleb128 0x3
 1315 00e4 0E       		.uleb128 0xe
 1316 00e5 3A       		.uleb128 0x3a
 1317 00e6 0B       		.uleb128 0xb
 1318 00e7 3B       		.uleb128 0x3b
 1319 00e8 0B       		.uleb128 0xb
 1320 00e9 49       		.uleb128 0x49
 1321 00ea 13       		.uleb128 0x13
 1322 00eb 3F       		.uleb128 0x3f
 1323 00ec 0C       		.uleb128 0xc
 1324 00ed 3C       		.uleb128 0x3c
 1325 00ee 0C       		.uleb128 0xc
 1326 00ef 00       		.byte	0x0
 1327 00f0 00       		.byte	0x0
 1328 00f1 00       		.byte	0x0
 1329              		.section	.debug_pubnames,"",%progbits
 1330 0000 71010000 		.4byte	0x171
 1331 0004 0200     		.2byte	0x2
 1332 0006 00000000 		.4byte	.Ldebug_info0
 1333 000a 73020000 		.4byte	0x273
 1334 000e B0000000 		.4byte	0xb0
 1335 0012 6973725F 		.ascii	"isr_spark_drq_Start\000"
 1335      73706172 
 1335      6B5F6472 
 1335      715F5374 
 1335      61727400 
 1336 0026 C5000000 		.4byte	0xc5
 1337 002a 6973725F 		.ascii	"isr_spark_drq_StartEx\000"
 1337      73706172 
ARM GAS  C:\Users\hoangp\AppData\Local\Temp\cchkzvFe.s 			page 31


 1337      6B5F6472 
 1337      715F5374 
 1337      61727445 
 1338 0040 ED000000 		.4byte	0xed
 1339 0044 6973725F 		.ascii	"isr_spark_drq_Stop\000"
 1339      73706172 
 1339      6B5F6472 
 1339      715F5374 
 1339      6F7000
 1340 0057 02010000 		.4byte	0x102
 1341 005b 6973725F 		.ascii	"isr_spark_drq_Interrupt\000"
 1341      73706172 
 1341      6B5F6472 
 1341      715F496E 
 1341      74657272 
 1342 0073 2A010000 		.4byte	0x12a
 1343 0077 6973725F 		.ascii	"isr_spark_drq_SetVector\000"
 1343      73706172 
 1343      6B5F6472 
 1343      715F5365 
 1343      74566563 
 1344 008f 66010000 		.4byte	0x166
 1345 0093 6973725F 		.ascii	"isr_spark_drq_GetVector\000"
 1345      73706172 
 1345      6B5F6472 
 1345      715F4765 
 1345      74566563 
 1346 00ab 92010000 		.4byte	0x192
 1347 00af 6973725F 		.ascii	"isr_spark_drq_SetPriority\000"
 1347      73706172 
 1347      6B5F6472 
 1347      715F5365 
 1347      74507269 
 1348 00c9 BA010000 		.4byte	0x1ba
 1349 00cd 6973725F 		.ascii	"isr_spark_drq_GetPriority\000"
 1349      73706172 
 1349      6B5F6472 
 1349      715F4765 
 1349      74507269 
 1350 00e7 E6010000 		.4byte	0x1e6
 1351 00eb 6973725F 		.ascii	"isr_spark_drq_Enable\000"
 1351      73706172 
 1351      6B5F6472 
 1351      715F456E 
 1351      61626C65 
 1352 0100 FC010000 		.4byte	0x1fc
 1353 0104 6973725F 		.ascii	"isr_spark_drq_GetState\000"
 1353      73706172 
 1353      6B5F6472 
 1353      715F4765 
 1353      74537461 
 1354 011b 16020000 		.4byte	0x216
 1355 011f 6973725F 		.ascii	"isr_spark_drq_Disable\000"
 1355      73706172 
 1355      6B5F6472 
 1355      715F4469 
 1355      7361626C 
ARM GAS  C:\Users\hoangp\AppData\Local\Temp\cchkzvFe.s 			page 32


 1356 0135 2C020000 		.4byte	0x22c
 1357 0139 6973725F 		.ascii	"isr_spark_drq_SetPending\000"
 1357      73706172 
 1357      6B5F6472 
 1357      715F5365 
 1357      7450656E 
 1358 0152 42020000 		.4byte	0x242
 1359 0156 6973725F 		.ascii	"isr_spark_drq_ClearPending\000"
 1359      73706172 
 1359      6B5F6472 
 1359      715F436C 
 1359      65617250 
 1360 0171 00000000 		.4byte	0x0
 1361              		.section	.debug_aranges,"",%progbits
 1362 0000 7C000000 		.4byte	0x7c
 1363 0004 0200     		.2byte	0x2
 1364 0006 00000000 		.4byte	.Ldebug_info0
 1365 000a 04       		.byte	0x4
 1366 000b 00       		.byte	0x0
 1367 000c 0000     		.2byte	0x0
 1368 000e 0000     		.2byte	0x0
 1369 0010 00000000 		.4byte	.LFB0
 1370 0014 22000000 		.4byte	.LFE0-.LFB0
 1371 0018 00000000 		.4byte	.LFB1
 1372 001c 26000000 		.4byte	.LFE1-.LFB1
 1373 0020 00000000 		.4byte	.LFB2
 1374 0024 16000000 		.4byte	.LFE2-.LFB2
 1375 0028 00000000 		.4byte	.LFB3
 1376 002c 6C000000 		.4byte	.LFE3-.LFB3
 1377 0030 00000000 		.4byte	.LFB4
 1378 0034 28000000 		.4byte	.LFE4-.LFB4
 1379 0038 00000000 		.4byte	.LFB5
 1380 003c 26000000 		.4byte	.LFE5-.LFB5
 1381 0040 00000000 		.4byte	.LFB6
 1382 0044 26000000 		.4byte	.LFE6-.LFB6
 1383 0048 00000000 		.4byte	.LFB7
 1384 004c 26000000 		.4byte	.LFE7-.LFB7
 1385 0050 00000000 		.4byte	.LFB8
 1386 0054 18000000 		.4byte	.LFE8-.LFB8
 1387 0058 00000000 		.4byte	.LFB9
 1388 005c 28000000 		.4byte	.LFE9-.LFB9
 1389 0060 00000000 		.4byte	.LFB10
 1390 0064 18000000 		.4byte	.LFE10-.LFB10
 1391 0068 00000000 		.4byte	.LFB11
 1392 006c 18000000 		.4byte	.LFE11-.LFB11
 1393 0070 00000000 		.4byte	.LFB12
 1394 0074 18000000 		.4byte	.LFE12-.LFB12
 1395 0078 00000000 		.4byte	0x0
 1396 007c 00000000 		.4byte	0x0
 1397              		.section	.debug_ranges,"",%progbits
 1398              	.Ldebug_ranges0:
 1399 0000 00000000 		.4byte	.Ltext0
 1400 0004 00000000 		.4byte	.Letext0
 1401 0008 00000000 		.4byte	.LFB0
 1402 000c 22000000 		.4byte	.LFE0
 1403 0010 00000000 		.4byte	.LFB1
 1404 0014 26000000 		.4byte	.LFE1
ARM GAS  C:\Users\hoangp\AppData\Local\Temp\cchkzvFe.s 			page 33


 1405 0018 00000000 		.4byte	.LFB2
 1406 001c 16000000 		.4byte	.LFE2
 1407 0020 00000000 		.4byte	.LFB3
 1408 0024 6C000000 		.4byte	.LFE3
 1409 0028 00000000 		.4byte	.LFB4
 1410 002c 28000000 		.4byte	.LFE4
 1411 0030 00000000 		.4byte	.LFB5
 1412 0034 26000000 		.4byte	.LFE5
 1413 0038 00000000 		.4byte	.LFB6
 1414 003c 26000000 		.4byte	.LFE6
 1415 0040 00000000 		.4byte	.LFB7
 1416 0044 26000000 		.4byte	.LFE7
 1417 0048 00000000 		.4byte	.LFB8
 1418 004c 18000000 		.4byte	.LFE8
 1419 0050 00000000 		.4byte	.LFB9
 1420 0054 28000000 		.4byte	.LFE9
 1421 0058 00000000 		.4byte	.LFB10
 1422 005c 18000000 		.4byte	.LFE10
 1423 0060 00000000 		.4byte	.LFB11
 1424 0064 18000000 		.4byte	.LFE11
 1425 0068 00000000 		.4byte	.LFB12
 1426 006c 18000000 		.4byte	.LFE12
 1427 0070 00000000 		.4byte	0x0
 1428 0074 00000000 		.4byte	0x0
 1429              		.section	.debug_str,"MS",%progbits,1
 1430              	.LASF5:
 1431 0000 6C6F6E67 		.ascii	"long long int\000"
 1431      206C6F6E 
 1431      6720696E 
 1431      7400
 1432              	.LASF30:
 1433 000e 6973725F 		.ascii	"isr_spark_drq_ClearPending\000"
 1433      73706172 
 1433      6B5F6472 
 1433      715F436C 
 1433      65617250 
 1434              	.LASF32:
 1435 0029 726D7361 		.ascii	"rmsamp\000"
 1435      6D7000
 1436              	.LASF3:
 1437 0030 73686F72 		.ascii	"short unsigned int\000"
 1437      7420756E 
 1437      7369676E 
 1437      65642069 
 1437      6E7400
 1438              	.LASF31:
 1439 0043 726D7376 		.ascii	"rmsvolt\000"
 1439      6F6C7400 
 1440              	.LASF17:
 1441 004b 6973725F 		.ascii	"isr_spark_drq_StartEx\000"
 1441      73706172 
 1441      6B5F6472 
 1441      715F5374 
 1441      61727445 
 1442              	.LASF26:
 1443 0061 6973725F 		.ascii	"isr_spark_drq_GetPriority\000"
 1443      73706172 
ARM GAS  C:\Users\hoangp\AppData\Local\Temp\cchkzvFe.s 			page 34


 1443      6B5F6472 
 1443      715F4765 
 1443      74507269 
 1444              	.LASF12:
 1445 007b 666C6F61 		.ascii	"float\000"
 1445      7400
 1446              	.LASF23:
 1447 0081 6973725F 		.ascii	"isr_spark_drq_SetPriority\000"
 1447      73706172 
 1447      6B5F6472 
 1447      715F5365 
 1447      74507269 
 1448              	.LASF1:
 1449 009b 756E7369 		.ascii	"unsigned char\000"
 1449      676E6564 
 1449      20636861 
 1449      7200
 1450              	.LASF15:
 1451 00a9 6973725F 		.ascii	"isr_spark_drq_Start\000"
 1451      73706172 
 1451      6B5F6472 
 1451      715F5374 
 1451      61727400 
 1452              	.LASF35:
 1453 00bd 433A5C55 		.ascii	"C:\\Users\\hoangp\\Documents\\GitHub\\EE542\\firmwa"
 1453      73657273 
 1453      5C686F61 
 1453      6E67705C 
 1453      446F6375 
 1454 00ea 72655C69 		.ascii	"re\\invert\\invert.cydsn\000"
 1454      6E766572 
 1454      745C696E 
 1454      76657274 
 1454      2E637964 
 1455              	.LASF8:
 1456 0101 6C6F6E67 		.ascii	"long unsigned int\000"
 1456      20756E73 
 1456      69676E65 
 1456      6420696E 
 1456      7400
 1457              	.LASF10:
 1458 0113 75696E74 		.ascii	"uint8\000"
 1458      3800
 1459              	.LASF24:
 1460 0119 7072696F 		.ascii	"priority\000"
 1460      72697479 
 1460      00
 1461              	.LASF28:
 1462 0122 6973725F 		.ascii	"isr_spark_drq_Disable\000"
 1462      73706172 
 1462      6B5F6472 
 1462      715F4469 
 1462      7361626C 
 1463              	.LASF13:
 1464 0138 646F7562 		.ascii	"double\000"
 1464      6C6500
 1465              	.LASF21:
ARM GAS  C:\Users\hoangp\AppData\Local\Temp\cchkzvFe.s 			page 35


 1466 013f 72656362 		.ascii	"recbyte\000"
 1466      79746500 
 1467              	.LASF11:
 1468 0147 75696E74 		.ascii	"uint32\000"
 1468      333200
 1469              	.LASF16:
 1470 014e 6973725F 		.ascii	"isr_spark_drq_Stop\000"
 1470      73706172 
 1470      6B5F6472 
 1470      715F5374 
 1470      6F7000
 1471              	.LASF4:
 1472 0161 756E7369 		.ascii	"unsigned int\000"
 1472      676E6564 
 1472      20696E74 
 1472      00
 1473              	.LASF36:
 1474 016e 6973725F 		.ascii	"isr_spark_drq_GetState\000"
 1474      73706172 
 1474      6B5F6472 
 1474      715F4765 
 1474      74537461 
 1475              	.LASF20:
 1476 0185 61646472 		.ascii	"address\000"
 1476      65737300 
 1477              	.LASF6:
 1478 018d 6C6F6E67 		.ascii	"long long unsigned int\000"
 1478      206C6F6E 
 1478      6720756E 
 1478      7369676E 
 1478      65642069 
 1479              	.LASF14:
 1480 01a4 63796973 		.ascii	"cyisraddress\000"
 1480      72616464 
 1480      72657373 
 1480      00
 1481              	.LASF27:
 1482 01b1 6973725F 		.ascii	"isr_spark_drq_Enable\000"
 1482      73706172 
 1482      6B5F6472 
 1482      715F456E 
 1482      61626C65 
 1483              	.LASF33:
 1484 01c6 474E5520 		.ascii	"GNU C 4.4.1\000"
 1484      4320342E 
 1484      342E3100 
 1485              	.LASF34:
 1486 01d2 2E5C4765 		.ascii	".\\Generated_Source\\PSoC5\\isr_spark_drq.c\000"
 1486      6E657261 
 1486      7465645F 
 1486      536F7572 
 1486      63655C50 
 1487              	.LASF9:
 1488 01fb 63686172 		.ascii	"char\000"
 1488      00
 1489              	.LASF22:
 1490 0200 72616D56 		.ascii	"ramVectorTable\000"
ARM GAS  C:\Users\hoangp\AppData\Local\Temp\cchkzvFe.s 			page 36


 1490      6563746F 
 1490      72546162 
 1490      6C6500
 1491              	.LASF2:
 1492 020f 73686F72 		.ascii	"short int\000"
 1492      7420696E 
 1492      7400
 1493              	.LASF25:
 1494 0219 6973725F 		.ascii	"isr_spark_drq_GetVector\000"
 1494      73706172 
 1494      6B5F6472 
 1494      715F4765 
 1494      74566563 
 1495              	.LASF7:
 1496 0231 6C6F6E67 		.ascii	"long int\000"
 1496      20696E74 
 1496      00
 1497              	.LASF19:
 1498 023a 6973725F 		.ascii	"isr_spark_drq_SetVector\000"
 1498      73706172 
 1498      6B5F6472 
 1498      715F5365 
 1498      74566563 
 1499              	.LASF0:
 1500 0252 7369676E 		.ascii	"signed char\000"
 1500      65642063 
 1500      68617200 
 1501              	.LASF29:
 1502 025e 6973725F 		.ascii	"isr_spark_drq_SetPending\000"
 1502      73706172 
 1502      6B5F6472 
 1502      715F5365 
 1502      7450656E 
 1503              	.LASF18:
 1504 0277 6973725F 		.ascii	"isr_spark_drq_Interrupt\000"
 1504      73706172 
 1504      6B5F6472 
 1504      715F496E 
 1504      74657272 
 1505              		.ident	"GCC: (Sourcery G++ Lite 2010q1-188) 4.4.1"
